#
# A fatal error has been detected by the Java Runtime Environment:
#
#  EXCEPTION_ACCESS_VIOLATION (0xc0000005) at pc=0x00007ffa435c4f5a, pid=2716, tid=8836
#
# JRE version: Java(TM) SE Runtime Environment (25.0.2+10) (build 25.0.2+10-LTS-69)
# Java VM: Java HotSpot(TM) 64-Bit Server VM (25.0.2+10-LTS-69, mixed mode, sharing, tiered, compressed oops, compressed class ptrs, g1 gc, windows-amd64)
# Problematic frame:
# V  [jvm.dll+0x3f4f5a]
#
# No core dump will be written. Minidumps are not enabled by default on client versions of Windows
#
# If you would like to submit a bug report, please visit:
#   https://bugreport.java.com/bugreport/crash.jsp
#

---------------  S U M M A R Y ------------

Command Line: -javaagent:C:\Program Files\JetBrains\IntelliJ IDEA Community Edition 2025.1.1.1\lib\idea_rt.jar=49386 -Dfile.encoding=UTF-8 -Dsun.stdout.encoding=UTF-8 -Dsun.stderr.encoding=UTF-8 com.duoc.bff_cajeros.BffCajerosApplication

Host: Intel(R) Core(TM) i5-10600K CPU @ 4.10GHz, 12 cores, 15G,  Windows 10 , 64 bit Build 19041 (10.0.19041.5915)
Time: Sun Sep 20 10:50:27 2026 Hora verano Sudamérica Pacífico elapsed time: 2.899534 seconds (0d 0h 0m 2s)

---------------  T H R E A D  ---------------

Current thread (0x000001cb3e263040):  WorkerThread "GC Thread#0"    [id=8836, stack(0x0000000817000000,0x0000000817100000) (1024K)]

Stack: [0x0000000817000000,0x0000000817100000],  sp=0x00000008170ff600,  free space=1021k
Native frames: (J=compiled Java code, j=interpreted, Vv=VM code, C=native code)
V  [jvm.dll+0x3f4f5a]  (no source info available)
V  [jvm.dll+0x3f7bdc]  (no source info available)
V  [jvm.dll+0x40c839]  (no source info available)
V  [jvm.dll+0x40cc7a]  (no source info available)
V  [jvm.dll+0x40cd67]  (no source info available)
V  [jvm.dll+0x40de67]  (no source info available)
V  [jvm.dll+0x9998c1]  (no source info available)
V  [jvm.dll+0x906fcd]  (no source info available)
V  [jvm.dll+0x7a56d5]  (no source info available)
C  [ucrtbase.dll+0x21bb2]  (no source info available)
C  [KERNEL32.DLL+0x17374]  (no source info available)
C  [ntdll.dll+0x4cc91]  (no source info available)


siginfo: EXCEPTION_ACCESS_VIOLATION (0xc0000005), reading address 0x0000000000000048


Registers:
RAX=0x000001cb3e256fe5, RBX=0x000000070300c3b0, RCX=0x0000000000000000, RDX=0x0000000000000048
RSP=0x00000008170ff600, RBP=0x00000008170ff710, RSI=0x000001cb3e1e21a0, RDI=0x000001cb66577640
R8 =0x000001cb3e209a70, R9 =0x0000000000000000, R10=0x0000000000000000, R11=0x0000000000000001
R12=0x0000000000000003, R13=0x000001cb66577640, R14=0x000001cb64cd1ec0, R15=0x000001cb66577640
RIP=0x00007ffa435c4f5a, EFLAGS=0x0000000000010246

XMM[0]=0x00000000001baf00 0x0000000000000009
XMM[1]=0xfff82a2dfff82a2d 0xffed428fe055163e
XMM[2]=0xffef441bffef434b 0xffef42beffef4250
XMM[3]=0x0000000000000000 0x3f50fca785eb66ec
XMM[4]=0xffef655bffef6620 0xffef6513e032ed90
XMM[5]=0x00000000e055172b 0x0000000000000000
XMM[6]=0x00000002c1ff4ed0 0x0000000001b9b9bd
XMM[7]=0x0000000000000000 0x0000000000000000
XMM[8]=0x0000000000000000 0x0000000000000000
XMM[9]=0x0000000000000000 0x0000000000000000
XMM[10]=0x0000000000000000 0x0000000000000000
XMM[11]=0x0000000000000000 0x0000000000000000
XMM[12]=0x0000000000000000 0x0000000000000000
XMM[13]=0x0000000000000000 0x0000000000000000
XMM[14]=0x0000000000000000 0x0000000000000000
XMM[15]=0x0000000000000000 0x0000000000000000
  MXCSR=0x00001fa0


Register to memory mapping:

RAX=0x000001cb3e256fe5 points into unknown readable memory: 00 00 00
RBX=0x000000070300c3b0 is an oop: [Z 
{0x000000070300c3b0} - klass: {type array bool} - flags: is_cloneable_fast 

 - length: 1
 -   0: false
RCX=0x0 is null
RDX=0x0000000000000048 is an unknown value
RSP=0x00000008170ff600 points into unknown readable memory: 0x000001cb66577640 | 40 76 57 66 cb 01 00 00
RBP=0x00000008170ff710 points into unknown readable memory: 0x000001cb66577640 | 40 76 57 66 cb 01 00 00
RSI=0x000001cb3e1e21a0 points into unknown readable memory: 0x00007ffa43cb07f0 | f0 07 cb 43 fa 7f 00 00
RDI=0x000001cb66577640 points into unknown readable memory: 0x00007ffa43cb99f8 | f8 99 cb 43 fa 7f 00 00
R8 =0x000001cb3e209a70 points into unknown readable memory: 0x00007ffa43cb05f8 | f8 05 cb 43 fa 7f 00 00
R9 =0x0 is null
R10=0x0 is null
R11=0x0000000000000001 is an unknown value
R12=0x0000000000000003 is an unknown value
R13=0x000001cb66577640 points into unknown readable memory: 0x00007ffa43cb99f8 | f8 99 cb 43 fa 7f 00 00
R14=0x000001cb64cd1ec0 points into unknown readable memory: 0x000000000000000a | 0a 00 00 00 00 00 00 00
R15=0x000001cb66577640 points into unknown readable memory: 0x00007ffa43cb99f8 | f8 99 cb 43 fa 7f 00 00

Top of Stack: (sp=0x00000008170ff600)
0x00000008170ff600:   000001cb66577640 000001cb64cd1ec0   @vWf.......d....
0x00000008170ff610:   000001cb66577640 0000000000000003   @vWf............
0x00000008170ff620:   000001cb66577640 00007ffa435c7bdc   @vWf.....{\C....
0x00000008170ff630:   0000000703400000 000000070300c3b1   ..@.............
0x00000008170ff640:   000001cb3e1e21a0 00007ffa4359197b   .!.>....{.YC....
0x00000008170ff650:   0000031d00000095 00007ffa43ae3547   ........G5.C....
0x00000008170ff660:   0000000000000014 00007ffa435b32ac   .........2[C....
0x00000008170ff670:   000000070300c3b1 00000008176ff050   ........P.o.....
0x00000008170ff680:   0000000000000000 0000000000000000   ................
0x00000008170ff690:   00000008170ff780 00007ffa435dc839   ........9.]C....
0x00000008170ff6a0:   0000000000000012 00007ffa43cb5818   .........X.C....
0x00000008170ff6b0:   00000008170ff710 00000008170ff780   ................
0x00000008170ff6c0:   0000000001b9b9bc 00000002c1ff4d5e   ........^M......
0x00000008170ff6d0:   0000000000000000 0000000000000000   ................
0x00000008170ff6e0:   0000000817000000 00007ffa43cb57c0   .........W.C....
0x00000008170ff6f0:   00000008170ff791 0000000000000012   ................
0x00000008170ff700:   0000000001b9b9bd 00000002c1ff4ed0   .........N......
0x00000008170ff710:   000001cb66577640 000001cb64cd1ec0   @vWf.......d....
0x00000008170ff720:   00000000000003d8 000001cb3e208460   ........`. >....
0x00000008170ff730:   0000000000000000 00007ffa435dcc7a   ........z.]C....
0x00000008170ff740:   000001cb66577640 0000000000000014   @vWf............
0x00000008170ff750:   00000008176ff050 000001cb3e1c2810   P.o......(.>....
0x00000008170ff760:   0000000000000000 0000000000000000   ................
0x00000008170ff770:   0000000001b9b9bd 00000002c1ff4ed0   .........N......
0x00000008170ff780:   00007ffa43cbbe68 0000000000000000   h..C............
0x00000008170ff790:   0000000000000000 0000000000000000   ................
0x00000008170ff7a0:   000001cb3e209a70 000001cb66577640   p. >....@vWf....
0x00000008170ff7b0:   000001cb3e1e21a0 00000008176ff080   .!.>......o.....
0x00000008170ff7c0:   000001cb00000014 00000000000003d8   ................
0x00000008170ff7d0:   0000000000000000 0000000000000000   ................
0x00000008170ff7e0:   000001cb3e208088 00007ffa435dcd67   .. >....g.]C....
0x00000008170ff7f0:   00000008176ff050 000001cb3e208070   P.o.....p. >....

Instructions: (pc=0x00007ffa435c4f5a)
  0x00007ffa435c4e5a:   8b 74 24 30 48 8b 5c 24 48 48 83 c4 20 5f e9 33
  0x00007ffa435c4e6a:   28 00 00 8b 0d 9d 68 95 00 49 8b c1 48 33 c3 48
  0x00007ffa435c4e7a:   d3 e8 48 85 c0 74 60 0f b6 42 02 4c 8b c3 48 8d
  0x00007ffa435c4e8a:   54 24 40 88 44 24 42 48 8b cf 66 89 74 24 40 e8
  0x00007ffa435c4e9a:   72 03 00 00 83 7f 20 01 74 3d 40 84 f6 74 38 48
  0x00007ffa435c4eaa:   8b 7f 18 8b 0d cd 8d 94 00 48 d3 eb 48 8b 47 58
  0x00007ffa435c4eba:   48 03 58 30 48 8b 50 28 48 2b da 48 39 9f b0 01
  0x00007ffa435c4eca:   00 00 74 13 48 03 d3 48 8d 4f 18 e8 76 72 00 00
  0x00007ffa435c4eda:   48 89 9f b0 01 00 00 48 8b 74 24 30 48 8b 5c 24
  0x00007ffa435c4eea:   48 48 83 c4 20 5f c3 cc cc cc cc cc cc cc cc cc
  0x00007ffa435c4efa:   cc cc cc cc cc cc 48 89 5c 24 10 57 48 83 ec 20
  0x00007ffa435c4f0a:   48 8b f9 48 8b da 8b 0d b2 cf 94 00 8b 12 48 d3
  0x00007ffa435c4f1a:   e2 4c 8b 47 08 48 03 15 9a cf 94 00 48 8b c2 41
  0x00007ffa435c4f2a:   8b 88 80 06 00 00 48 d3 e8 48 8d 0c 40 49 8b 80
  0x00007ffa435c4f3a:   70 06 00 00 44 0f b7 0c 01 44 0f b6 54 01 02 66
  0x00007ffa435c4f4a:   44 89 4c 24 30 80 7c 24 31 00 0f 8c 36 01 00 00
=>0x00007ffa435c4f5a:   4c 8b 02 41 0f b6 c0 24 07 3c 03 72 13 41 0f b6
  0x00007ffa435c4f6a:   c0 49 83 e0 fc c0 e8 02 a8 01 4c 0f 45 c2 eb 21
  0x00007ffa435c4f7a:   66 44 89 4c 24 30 48 8b cf 4d 8b c8 44 88 54 24
  0x00007ffa435c4f8a:   32 4c 8b c2 48 8d 54 24 30 e8 08 1b 00 00 4c 8b
  0x00007ffa435c4f9a:   c0 8b 0d 27 cf 94 00 49 8b d0 48 2b 15 15 cf 94
  0x00007ffa435c4faa:   00 48 d3 ea 89 13 49 8b d0 8b 0d 57 67 95 00 48
  0x00007ffa435c4fba:   33 d3 48 d3 ea 48 85 d2 0f 84 c8 00 00 00 48 8b
  0x00007ffa435c4fca:   47 08 48 8b d3 8b 88 80 06 00 00 4c 8b 88 70 06
  0x00007ffa435c4fda:   00 00 48 d3 ea 49 8d 04 51 0f b7 04 02 66 89 44
  0x00007ffa435c4fea:   24 30 80 7c 24 31 fe 0f 84 99 00 00 00 49 d3 e8
  0x00007ffa435c4ffa:   4b 8d 0c 41 42 0f b7 04 01 66 89 44 24 30 80 7c
  0x00007ffa435c500a:   24 31 00 7c 46 48 8b 47 58 8b 0d 67 8c 94 00 48
  0x00007ffa435c501a:   d3 eb 48 03 58 30 48 8b 50 28 48 2b da 48 39 9f
  0x00007ffa435c502a:   b0 01 00 00 74 60 48 03 d3 48 8d 4f 18 e8 14 71
  0x00007ffa435c503a:   00 00 48 ff 87 88 02 00 00 48 89 9f b0 01 00 00
  0x00007ffa435c504a:   48 8b 5c 24 38 48 83 c4 20 5f c3 42 80 3c 01 00


Stack slot to memory mapping:

stack at sp + 0 slots: 0x000001cb66577640 points into unknown readable memory: 0x00007ffa43cb99f8 | f8 99 cb 43 fa 7f 00 00
stack at sp + 1 slots: 0x000001cb64cd1ec0 points into unknown readable memory: 0x000000000000000a | 0a 00 00 00 00 00 00 00
stack at sp + 2 slots: 0x000001cb66577640 points into unknown readable memory: 0x00007ffa43cb99f8 | f8 99 cb 43 fa 7f 00 00
stack at sp + 3 slots: 0x0000000000000003 is an unknown value
stack at sp + 4 slots: 0x000001cb66577640 points into unknown readable memory: 0x00007ffa43cb99f8 | f8 99 cb 43 fa 7f 00 00
stack at sp + 5 slots: 0x00007ffa435c7bdc jvm.dll
stack at sp + 6 slots: 0x0000000703400000 is an oop: [I 
{0x0000000703400000} - klass: {type array int} - flags: is_cloneable_fast 

 - length: 0
stack at sp + 7 slots: 
[error occurred during error reporting (inspecting top of stack), id 0xc0000005, EXCEPTION_ACCESS_VIOLATION (0xc0000005) at pc=0x00007ffa4357f380]


---------------  P R O C E S S  ---------------

Threads class SMR info:
_java_thread_list=0x000001cb6814ba50, length=18, elements={
0x000001cb3e1ee350, 0x000001cb5fad3b10, 0x000001cb5fad4570, 0x000001cb5fad73e0,
0x000001cb5fad9450, 0x000001cb5fae2020, 0x000001cb5fae2be0, 0x000001cb3e2000e0,
0x000001cb3e2008f0, 0x000001cb641b0a30, 0x000001cb3e205180, 0x000001cb6459ea20,
0x000001cb645d39d0, 0x000001cb3e202120, 0x000001cb64e3fad0, 0x000001cb64e45890,
0x000001cb6651e730, 0x000001cb6651ef00
}

Java Threads: ( => current thread )
  0x000001cb3e1ee350 JavaThread "main"                              [_thread_blocked, id=7164, stack(0x0000000816f00000,0x0000000817000000) (1024K)]
  0x000001cb5fad3b10 JavaThread "Reference Handler"          daemon [_thread_blocked, id=5732, stack(0x0000000817700000,0x0000000817800000) (1024K)]
  0x000001cb5fad4570 JavaThread "Finalizer"                  daemon [_thread_blocked, id=21336, stack(0x0000000817800000,0x0000000817900000) (1024K)]
  0x000001cb5fad73e0 JavaThread "Signal Dispatcher"          daemon [_thread_blocked, id=9788, stack(0x0000000817900000,0x0000000817a00000) (1024K)]
  0x000001cb5fad9450 JavaThread "Attach Listener"            daemon [_thread_blocked, id=17644, stack(0x0000000817a00000,0x0000000817b00000) (1024K)]
  0x000001cb5fae2020 JavaThread "Service Thread"             daemon [_thread_blocked, id=20984, stack(0x0000000817b00000,0x0000000817c00000) (1024K)]
  0x000001cb5fae2be0 JavaThread "Monitor Deflation Thread"   daemon [_thread_blocked, id=15448, stack(0x0000000817c00000,0x0000000817d00000) (1024K)]
  0x000001cb3e2000e0 JavaThread "C2 CompilerThread0"         daemon [_thread_blocked, id=4692, stack(0x0000000817d00000,0x0000000817e00000) (1024K)]
  0x000001cb3e2008f0 JavaThread "C1 CompilerThread0"         daemon [_thread_blocked, id=19296, stack(0x0000000817e00000,0x0000000817f00000) (1024K)]
  0x000001cb641b0a30 JavaThread "Common-Cleaner"             daemon [_thread_blocked, id=4472, stack(0x0000000817f00000,0x0000000818000000) (1024K)]
  0x000001cb3e205180 JavaThread "C2 CompilerThread1"         daemon [_thread_blocked, id=12584, stack(0x0000000818000000,0x0000000818100000) (1024K)]
  0x000001cb6459ea20 JavaThread "Monitor Ctrl-Break"         daemon [_thread_in_native, id=9336, stack(0x0000000818100000,0x0000000818200000) (1024K)]
  0x000001cb645d39d0 JavaThread "Notification Thread"        daemon [_thread_blocked, id=8012, stack(0x0000000818200000,0x0000000818300000) (1024K)]
  0x000001cb3e202120 JavaThread "C2 CompilerThread2"         daemon [_thread_blocked, id=15844, stack(0x0000000818300000,0x0000000818400000) (1024K)]
  0x000001cb64e3fad0 JavaThread "Catalina-utility-1"                [_thread_blocked, id=3708, stack(0x0000000818f00000,0x0000000819000000) (1024K)]
  0x000001cb64e45890 JavaThread "Catalina-utility-2"                [_thread_blocked, id=19084, stack(0x0000000819000000,0x0000000819100000) (1024K)]
  0x000001cb6651e730 JavaThread "container-0"                       [_thread_blocked, id=1352, stack(0x0000000819100000,0x0000000819200000) (1024K)]
  0x000001cb6651ef00 JavaThread "HttpClient-1-SelectorManager" daemon [_thread_in_native, id=10832, stack(0x0000000819200000,0x0000000819300000) (1024K)]
Total: 18

Other Threads:
  0x000001cb5fac2870 VMThread "VM Thread"                           [id=1052, stack(0x0000000817600000,0x0000000817700000) (1024K)]
  0x000001cb5fab5910 WatcherThread "VM Periodic Task Thread"        [id=21664, stack(0x0000000817500000,0x0000000817600000) (1024K)]
=>0x000001cb3e263040 WorkerThread "GC Thread#0"                     [id=8836, stack(0x0000000817000000,0x0000000817100000) (1024K)]
  0x000001cb64c6b260 WorkerThread "GC Thread#1"                     [id=2732, stack(0x0000000818400000,0x0000000818500000) (1024K)]
  0x000001cb64c6baa0 WorkerThread "GC Thread#2"                     [id=2840, stack(0x0000000818500000,0x0000000818600000) (1024K)]
  0x000001cb64c6c2e0 WorkerThread "GC Thread#3"                     [id=21440, stack(0x0000000818600000,0x0000000818700000) (1024K)]
  0x000001cb64c6c710 WorkerThread "GC Thread#4"                     [id=11180, stack(0x0000000818700000,0x0000000818800000) (1024K)]
  0x000001cb64c6cb40 WorkerThread "GC Thread#5"                     [id=8060, stack(0x0000000818800000,0x0000000818900000) (1024K)]
  0x000001cb65979b30 WorkerThread "GC Thread#6"                     [id=21032, stack(0x0000000818900000,0x0000000818a00000) (1024K)]
  0x000001cb65979290 WorkerThread "GC Thread#7"                     [id=21876, stack(0x0000000818a00000,0x0000000818b00000) (1024K)]
  0x000001cb659778b0 WorkerThread "GC Thread#8"                     [id=16700, stack(0x0000000818b00000,0x0000000818c00000) (1024K)]
  0x000001cb65977d00 WorkerThread "GC Thread#9"                     [id=12068, stack(0x0000000818c00000,0x0000000818d00000) (1024K)]
  0x000001cb3e27c0d0 ConcurrentGCThread "G1 Main Marker"            [id=6620, stack(0x0000000817100000,0x0000000817200000) (1024K)]
  0x000001cb3e27cc70 WorkerThread "G1 Conc#0"                       [id=21304, stack(0x0000000817200000,0x0000000817300000) (1024K)]
  0x000001cb65979f80 WorkerThread "G1 Conc#1"                       [id=4816, stack(0x0000000818d00000,0x0000000818e00000) (1024K)]
  0x000001cb65976770 WorkerThread "G1 Conc#2"                       [id=21652, stack(0x0000000818e00000,0x0000000818f00000) (1024K)]
  0x000001cb3e2ae860 ConcurrentGCThread "G1 Refine#0"               [id=20252, stack(0x0000000817300000,0x0000000817400000) (1024K)]
  0x000001cb5f98a350 ConcurrentGCThread "G1 Service"                [id=11404, stack(0x0000000817400000,0x0000000817500000) (1024K)]
Total: 18

Threads with active compile tasks:
C2 CompilerThread1  2964 5400       4       sun.net.util.URLUtil::urlNoFragString (143 bytes)
Total: 1

VM state: at safepoint (normal execution)

VM Mutex/Monitor currently owned by a thread:  ([mutex/lock_event])
[0x00007ffa43f495e8] Threads_lock - owner thread: 0x000001cb5fac2870
[0x00007ffa43f49768] Heap_lock - owner thread: 0x000001cb3e1ee350

Heap address: 0x0000000701200000, size: 4078 MB, Compressed Oops mode: Zero based, Oop shift amount: 3

CDS archive(s) mapped at: [0x0000000013000000-0x0000000013dd0000-0x0000000013dd0000), size 14483456, SharedBaseAddress: 0x0000000013000000, ArchiveRelocationMode: 1.
Compressed class space mapped at: 0x0000000014000000-0x0000000054000000, reserved size: 1073741824
UseCompressedClassPointers 1, UseCompactObjectHeaders 0
Narrow klass pointer bits 32, Max shift 3
Narrow klass base: 0x0000000013000000, Narrow klass shift: 0
Encoding Range: [0x0000000013000000 - 0x0000000113000000), (4294967296 bytes)
Klass Range:    [0x0000000013010000 - 0x0000000054000000), (1090453504 bytes)
Klass ID Range:  [65536 - 1090519033) (1090453497)
Protection zone: [0x0000000013000000 - 0x0000000013010000), (65536 bytes)

GC Precious Log:
 CardTable entry size: 512
 Card Set container configuration: InlinePtr #cards 4 size 8 Array Of Cards #cards 16 size 48 Howl #buckets 8 coarsen threshold 3686 Howl Bitmap #cards 512 size 80 coarsen threshold 460 Card regions per heap region 1 cards per card region 4096
 CPUs: 12 total, 12 available
 Memory: 16310M
 Large Page Support: Disabled
 NUMA Support: Disabled
 Compressed Oops: Enabled (Zero based)
 Heap Region Size: 2M
 Heap Min Capacity: 8M
 Heap Initial Capacity: 256M
 Heap Max Capacity: 4078M
 Pre-touch: Disabled
 Parallel Workers: 10
 Concurrent Workers: 3
 Concurrent Refinement Workers: 10
 Periodic GC: Disabled

Heap:
 garbage-first heap   total reserved 4175872K, committed 77824K, used 54128K [0x0000000701200000, 0x0000000800000000)
  region size 2048K, 19 young (38912K), 3 survivors (6144K)

Heap Regions: E=young(eden), S=young(survivor), O=old, HS=humongous(starts), HC=humongous(continues), CS=collection set, F=free, TAMS=top-at-mark-start, PB=parsable bottom
|   0|0x0000000701200000, 0x0000000701400000, 0x0000000701400000|100%| O|  |TAMS 0x0000000701400000| PB 0x0000000701200000| Untracked |  0
|   1|0x0000000701400000, 0x0000000701596820, 0x0000000701600000| 79%| O|  |TAMS 0x0000000701596820| PB 0x0000000701400000| Untracked |  0
|   2|0x0000000701600000, 0x0000000701800000, 0x0000000701800000|100%| O|  |TAMS 0x0000000701800000| PB 0x0000000701600000| Untracked |  0
|   3|0x0000000701800000, 0x0000000701a00000, 0x0000000701a00000|100%| O|  |TAMS 0x0000000701a00000| PB 0x0000000701800000| Untracked |  0
|   4|0x0000000701a00000, 0x0000000701c00000, 0x0000000701c00000|100%| O|  |TAMS 0x0000000701c00000| PB 0x0000000701a00000| Untracked |  0
|   5|0x0000000701c00000, 0x0000000701cc9ec0, 0x0000000701e00000| 39%| O|  |TAMS 0x0000000701cc9ec0| PB 0x0000000701c00000| Untracked |  0
|   6|0x0000000701e00000, 0x0000000701e00000, 0x0000000702000000|  0%| F|  |TAMS 0x0000000701e00000| PB 0x0000000701e00000| Untracked |  0
|   7|0x0000000702000000, 0x0000000702000000, 0x0000000702200000|  0%| F|  |TAMS 0x0000000702000000| PB 0x0000000702000000| Untracked |  0
|   8|0x0000000702200000, 0x0000000702200000, 0x0000000702400000|  0%| F|  |TAMS 0x0000000702200000| PB 0x0000000702200000| Untracked |  0
|   9|0x0000000702400000, 0x0000000702400000, 0x0000000702600000|  0%| F|  |TAMS 0x0000000702400000| PB 0x0000000702400000| Untracked |  0
|  10|0x0000000702600000, 0x0000000702600000, 0x0000000702800000|  0%| F|  |TAMS 0x0000000702600000| PB 0x0000000702600000| Untracked |  0
|  11|0x0000000702800000, 0x000000070287ba68, 0x0000000702a00000| 24%| E|CS|TAMS 0x0000000702800000| PB 0x0000000702800000| Complete |  0
|  12|0x0000000702a00000, 0x0000000702c00000, 0x0000000702c00000|100%| E|CS|TAMS 0x0000000702a00000| PB 0x0000000702a00000| Complete |  0
|  13|0x0000000702c00000, 0x0000000702c00000, 0x0000000702e00000|  0%| F|  |TAMS 0x0000000702c00000| PB 0x0000000702c00000| Untracked |  0
|  14|0x0000000702e00000, 0x0000000702e00000, 0x0000000703000000|  0%| F|  |TAMS 0x0000000702e00000| PB 0x0000000702e00000| Untracked |  0
|  15|0x0000000703000000, 0x00000007030ba228, 0x0000000703200000| 36%| S|  |TAMS 0x0000000703000000| PB 0x0000000703000000| Complete |  0
|  16|0x0000000703200000, 0x0000000703400000, 0x0000000703400000|100%| S|  |TAMS 0x0000000703200000| PB 0x0000000703200000| Complete |  0
|  17|0x0000000703400000, 0x0000000703600000, 0x0000000703600000|100%| S|  |TAMS 0x0000000703400000| PB 0x0000000703400000| Complete |  0
|  18|0x0000000703600000, 0x0000000703800000, 0x0000000703800000|100%| E|CS|TAMS 0x0000000703600000| PB 0x0000000703600000| Complete |  0
|  19|0x0000000703800000, 0x0000000703a00000, 0x0000000703a00000|100%| E|CS|TAMS 0x0000000703800000| PB 0x0000000703800000| Complete |  0
|  20|0x0000000703a00000, 0x0000000703c00000, 0x0000000703c00000|100%| E|CS|TAMS 0x0000000703a00000| PB 0x0000000703a00000| Complete |  0
|  21|0x0000000703c00000, 0x0000000703e00000, 0x0000000703e00000|100%| E|CS|TAMS 0x0000000703c00000| PB 0x0000000703c00000| Complete |  0
|  22|0x0000000703e00000, 0x0000000704000000, 0x0000000704000000|100%| E|CS|TAMS 0x0000000703e00000| PB 0x0000000703e00000| Complete |  0
|  23|0x0000000704000000, 0x0000000704200000, 0x0000000704200000|100%| E|CS|TAMS 0x0000000704000000| PB 0x0000000704000000| Complete |  0
|  24|0x0000000704200000, 0x0000000704400000, 0x0000000704400000|100%| E|CS|TAMS 0x0000000704200000| PB 0x0000000704200000| Complete |  0
|  25|0x0000000704400000, 0x0000000704600000, 0x0000000704600000|100%| E|CS|TAMS 0x0000000704400000| PB 0x0000000704400000| Complete |  0
|  90|0x000000070c600000, 0x000000070c800000, 0x000000070c800000|100%| E|CS|TAMS 0x000000070c600000| PB 0x000000070c600000| Complete |  0
|  91|0x000000070c800000, 0x000000070ca00000, 0x000000070ca00000|100%| E|CS|TAMS 0x000000070c800000| PB 0x000000070c800000| Complete |  0
|  92|0x000000070ca00000, 0x000000070cc00000, 0x000000070cc00000|100%| E|CS|TAMS 0x000000070ca00000| PB 0x000000070ca00000| Complete |  0
|  93|0x000000070cc00000, 0x000000070ce00000, 0x000000070ce00000|100%| E|CS|TAMS 0x000000070cc00000| PB 0x000000070cc00000| Complete |  0
|  94|0x000000070ce00000, 0x000000070d000000, 0x000000070d000000|100%| E|CS|TAMS 0x000000070ce00000| PB 0x000000070ce00000| Complete |  0
|  95|0x000000070d000000, 0x000000070d200000, 0x000000070d200000|100%| E|CS|TAMS 0x000000070d000000| PB 0x000000070d000000| Complete |  0
| 127|0x0000000711000000, 0x0000000711200000, 0x0000000711200000|100%| E|CS|TAMS 0x0000000711000000| PB 0x0000000711000000| Complete |  0
|2034|0x00000007ff600000, 0x00000007ff800000, 0x00000007ff800000|100%| O|  |TAMS 0x00000007ff800000| PB 0x00000007ff600000| Untracked |  0
|2035|0x00000007ff800000, 0x00000007ffa00000, 0x00000007ffa00000|100%| O|  |TAMS 0x00000007ffa00000| PB 0x00000007ff800000| Untracked |  0
|2036|0x00000007ffa00000, 0x00000007ffc00000, 0x00000007ffc00000|100%| O|  |TAMS 0x00000007ffc00000| PB 0x00000007ffa00000| Untracked |  0
|2037|0x00000007ffc00000, 0x00000007ffe00000, 0x00000007ffe00000|100%| O|  |TAMS 0x00000007ffe00000| PB 0x00000007ffc00000| Untracked |  0
|2038|0x00000007ffe00000, 0x0000000800000000, 0x0000000800000000|100%| E|CS|TAMS 0x00000007ffe00000| PB 0x00000007ffe00000| Complete |  0

Card table byte_map: [0x000001cb58990000,0x000001cb59190000] _byte_map_base: 0x000001cb55187000

Marking Bits: (CMBitMap*) 0x000001cb3e2637d0
 Bits: [0x000001cb59190000, 0x000001cb5d148000)

Polling page: 0x000001cb3e030000

Metaspace:
Metaspace        used 35755K, committed 36096K, reserved 1114112K
 class space     used 4489K, committed 4672K, reserved 1048576K

Usage:
  Non-class:     30.53 MB used.
      Class:      4.38 MB used.
       Both:     34.92 MB used.

Virtual space:
  Non-class space:       64.00 MB reserved,      30.69 MB ( 48%) committed,  1 nodes.
      Class space:        1.00 GB reserved,       4.56 MB ( <1%) committed,  1 nodes.
             Both:        1.06 GB reserved,      35.25 MB (  3%) committed. 

Chunk freelists:
   Non-Class:  768.00 KB
       Class:  11.47 MB
        Both:  12.22 MB

MaxMetaspaceSize: unlimited
CompressedClassSpaceSize: 1.00 GB
Initial GC threshold: 21.00 MB
Current GC threshold: 35.25 MB
CDS: on
 - commit_granule_bytes: 65536.
 - commit_granule_words: 8192.
 - virtual_space_node_default_size: 8388608.
 - enlarge_chunks_in_place: 1.
UseCompressedClassPointers 1, UseCompactObjectHeaders 0
Narrow klass pointer bits 32, Max shift 3
Narrow klass base: 0x0000000013000000, Narrow klass shift: 0
Encoding Range: [0x0000000013000000 - 0x0000000113000000), (4294967296 bytes)
Klass Range:    [0x0000000013010000 - 0x0000000054000000), (1090453504 bytes)
Klass ID Range:  [65536 - 1090519033) (1090453497)
Protection zone: [0x0000000013000000 - 0x0000000013010000), (65536 bytes)


Internal statistics:

num_allocs_failed_limit: 6.
num_arena_births: 402.
num_arena_deaths: 0.
num_vsnodes_births: 2.
num_vsnodes_deaths: 0.
num_space_committed: 564.
num_space_uncommitted: 0.
num_chunks_returned_to_freelist: 6.
num_chunks_taken_from_freelist: 1544.
num_chunk_merges: 6.
num_chunk_splits: 1072.
num_chunks_enlarged: 834.
num_inconsistent_stats: 0.

CodeHeap 'non-profiled nmethods': size=120064Kb used=2363Kb max_used=2363Kb free=117700Kb
 bounds [0x000001cb4ff90000, 0x000001cb50200000, 0x000001cb574d0000]
CodeHeap 'profiled nmethods': size=120000Kb used=9103Kb max_used=9103Kb free=110896Kb
 bounds [0x000001cb484d0000, 0x000001cb48dc0000, 0x000001cb4fa00000]
CodeHeap 'non-nmethods': size=5696Kb used=1503Kb max_used=1544Kb free=4193Kb
 bounds [0x000001cb4fa00000, 0x000001cb4fc70000, 0x000001cb4ff90000]
CodeCache: size=245760Kb, used=12969Kb, max_used=13010Kb, free=232789Kb
 total_blobs=6028, nmethods=5400, adapters=530, full_count=0
Compilation: enabled, stopped_count=0, restarted_count=0

Compilation events (20 events):
Event: 2.880 Thread 0x000001cb3e2008f0 5395       3       jdk.internal.misc.Unsafe::copyMemory (33 bytes)
Event: 2.880 Thread 0x000001cb3e2008f0 nmethod 5395 0x000001cb48db0908 code [0x000001cb48db0a00, 0x000001cb48db17b0]
Event: 2.880 Thread 0x000001cb3e2008f0 5396       3       jdk.internal.misc.Unsafe::copyMemoryChecks (21 bytes)
Event: 2.881 Thread 0x000001cb3e2008f0 nmethod 5396 0x000001cb48db1808 code [0x000001cb48db1900, 0x000001cb48db26b8]
Event: 2.884 Thread 0x000001cb3e2000e0 5397       4       java.util.zip.ZipFile::getZipEntry (249 bytes)
Event: 2.886 Thread 0x000001cb3e2008f0 5398       1       java.lang.invoke.MethodHandle::isVarargsCollector (2 bytes)
Event: 2.886 Thread 0x000001cb3e2008f0 nmethod 5398 0x000001cb501dd488 code [0x000001cb501dd580, 0x000001cb501dd648]
Event: 2.886 Thread 0x000001cb3e202120 nmethod 5394% 0x000001cb501dd788 code [0x000001cb501dd880, 0x000001cb501de110]
Event: 2.887 Thread 0x000001cb3e2008f0 5399       3       java.lang.CharacterDataLatin1::equalsIgnoreCase (63 bytes)
Event: 2.888 Thread 0x000001cb3e2008f0 nmethod 5399 0x000001cb48db2708 code [0x000001cb48db2800, 0x000001cb48db2aa8]
Event: 2.888 Thread 0x000001cb3e2008f0 5401       3       java.net.URL::getDefaultPort (8 bytes)
Event: 2.888 Thread 0x000001cb3e205180 5400       4       sun.net.util.URLUtil::urlNoFragString (143 bytes)
Event: 2.888 Thread 0x000001cb3e2008f0 nmethod 5401 0x000001cb48db2b08 code [0x000001cb48db2c00, 0x000001cb48db2dd0]
Event: 2.889 Thread 0x000001cb3e2008f0 5402       3       java.lang.String::regionMatches (150 bytes)
Event: 2.889 Thread 0x000001cb3e2008f0 nmethod 5402 0x000001cb48db2e08 code [0x000001cb48db2f00, 0x000001cb48db3a08]
Event: 2.889 Thread 0x000001cb3e2000e0 nmethod 5397 0x000001cb501de188 code [0x000001cb501de280, 0x000001cb501de8f8]
Event: 2.890 Thread 0x000001cb3e2008f0 5403       3       java.lang.StringLatin1::regionMatchesCI (45 bytes)
Event: 2.890 Thread 0x000001cb3e2008f0 nmethod 5403 0x000001cb48db3a88 code [0x000001cb48db3b80, 0x000001cb48db3e28]
Event: 2.890 Thread 0x000001cb3e202120 5404   !   4       java.io.WinNTFileSystem::isInvalid (90 bytes)
Event: 2.892 Thread 0x000001cb3e202120 nmethod 5404 0x000001cb501de988 code [0x000001cb501dea80, 0x000001cb501deda0]

GC Heap Usage History (9 events):
Event: 0.815 {heap Before GC invocations=0 (full 0):
 garbage-first heap   total reserved 4175872K, committed 264192K, used 48277K [0x0000000701200000, 0x0000000800000000)
  region size 2048K, 24 young (49152K), 0 survivors (0K)
}
Event: 0.819 {heap After GC invocations=1 (full 0):
 garbage-first heap   total reserved 4175872K, committed 264192K, used 10991K [0x0000000701200000, 0x0000000800000000)
  region size 2048K, 3 young (6144K), 3 survivors (6144K)
}
Event: 1.502 {heap Before GC invocations=1 (full 0):
 garbage-first heap   total reserved 4175872K, committed 264192K, used 68335K [0x0000000701200000, 0x0000000800000000)
  region size 2048K, 32 young (65536K), 3 survivors (6144K)
}
Event: 1.508 {heap After GC invocations=2 (full 0):
 garbage-first heap   total reserved 4175872K, committed 264192K, used 16567K [0x0000000701200000, 0x0000000800000000)
  region size 2048K, 6 young (12288K), 6 survivors (12288K)
}
Event: 2.153 {heap Before GC invocations=3 (full 0):
 garbage-first heap   total reserved 4175872K, committed 61440K, used 59575K [0x0000000701200000, 0x0000000800000000)
  region size 2048K, 27 young (55296K), 6 survivors (12288K)
}
Event: 2.164 {heap After GC invocations=4 (full 0):
 garbage-first heap   total reserved 4175872K, committed 77824K, used 19165K [0x0000000701200000, 0x0000000800000000)
  region size 2048K, 4 young (8192K), 4 survivors (8192K)
}
Event: 2.484 {heap Before GC invocations=4 (full 0):
 garbage-first heap   total reserved 4175872K, committed 77824K, used 51933K [0x0000000701200000, 0x0000000800000000)
  region size 2048K, 20 young (40960K), 4 survivors (8192K)
}
Event: 2.494 {heap After GC invocations=5 (full 0):
 garbage-first heap   total reserved 4175872K, committed 77824K, used 21360K [0x0000000701200000, 0x0000000800000000)
  region size 2048K, 2 young (4096K), 2 survivors (4096K)
}
Event: 2.893 {heap Before GC invocations=5 (full 0):
 garbage-first heap   total reserved 4175872K, committed 77824K, used 50032K [0x0000000701200000, 0x0000000800000000)
  region size 2048K, 18 young (36864K), 2 survivors (4096K)
}

Metaspace Usage History (9 events):
Event: 0.815 {metaspace Before GC invocations=0 (full 0):
 Metaspace       used 9543K, committed 9792K, reserved 1114112K
  class space    used 1119K, committed 1216K, reserved 1048576K
}
Event: 0.819 {metaspace After GC invocations=1 (full 0):
 Metaspace       used 9543K, committed 9792K, reserved 1114112K
  class space    used 1119K, committed 1216K, reserved 1048576K
}
Event: 1.502 {metaspace Before GC invocations=1 (full 0):
 Metaspace       used 21274K, committed 21504K, reserved 1114112K
  class space    used 2660K, committed 2752K, reserved 1048576K
}
Event: 1.508 {metaspace After GC invocations=2 (full 0):
 Metaspace       used 21274K, committed 21504K, reserved 1114112K
  class space    used 2660K, committed 2752K, reserved 1048576K
}
Event: 2.153 {metaspace Before GC invocations=3 (full 0):
 Metaspace       used 27896K, committed 28224K, reserved 1114112K
  class space    used 3503K, committed 3648K, reserved 1048576K
}
Event: 2.164 {metaspace After GC invocations=4 (full 0):
 Metaspace       used 27896K, committed 28224K, reserved 1114112K
  class space    used 3503K, committed 3648K, reserved 1048576K
}
Event: 2.484 {metaspace Before GC invocations=4 (full 0):
 Metaspace       used 29712K, committed 30080K, reserved 1114112K
  class space    used 3786K, committed 3968K, reserved 1048576K
}
Event: 2.494 {metaspace After GC invocations=5 (full 0):
 Metaspace       used 29712K, committed 30080K, reserved 1114112K
  class space    used 3786K, committed 3968K, reserved 1048576K
}
Event: 2.893 {metaspace Before GC invocations=5 (full 0):
 Metaspace       used 35755K, committed 36096K, reserved 1114112K
  class space    used 4489K, committed 4672K, reserved 1048576K
}

Dll operation events (11 events):
Event: 0.008 Loaded shared library C:\Program Files\Java\jdk-25.0.2\bin\java.dll
Event: 0.112 Loaded shared library C:\Program Files\Java\jdk-25.0.2\bin\zip.dll
Event: 0.114 Loaded shared library C:\Program Files\Java\jdk-25.0.2\bin\instrument.dll
Event: 0.119 Loaded shared library C:\Program Files\Java\jdk-25.0.2\bin\net.dll
Event: 0.121 Loaded shared library C:\Program Files\Java\jdk-25.0.2\bin\nio.dll
Event: 0.124 Loaded shared library C:\Program Files\Java\jdk-25.0.2\bin\zip.dll
Event: 0.221 Loaded shared library C:\Program Files\Java\jdk-25.0.2\bin\extnet.dll
Event: 0.234 Loaded shared library C:\Program Files\Java\jdk-25.0.2\bin\jimage.dll
Event: 1.235 Loaded shared library C:\Program Files\Java\jdk-25.0.2\bin\sunmscapi.dll
Event: 2.632 Loaded shared library C:\Program Files\Java\jdk-25.0.2\bin\management.dll
Event: 2.633 Loaded shared library C:\Program Files\Java\jdk-25.0.2\bin\management_ext.dll

Deoptimization events (20 events):
Event: 2.852 Thread 0x000001cb3e1ee350 Uncommon trap: trap_request=0xffffffc6 fr.pc=0x000001cb50176368 relative=0x00000000000004e8
Event: 2.852 Thread 0x000001cb3e1ee350 Uncommon trap: reason=bimorphic_or_optimized_type_check action=maybe_recompile pc=0x000001cb50176368 method=java.util.Collections$SynchronizedMap.get(Ljava/lang/Object;)Ljava/lang/Object; @ 12 c2
Event: 2.852 Thread 0x000001cb3e1ee350 DEOPT PACKING pc=0x000001cb50176368 sp=0x0000000816ffb8c0
Event: 2.852 Thread 0x000001cb3e1ee350 DEOPT UNPACKING pc=0x000001cb4fb1fc02 sp=0x0000000816ffb878 mode 2
Event: 2.852 Thread 0x000001cb3e1ee350 Uncommon trap: trap_request=0xffffffc6 fr.pc=0x000001cb50176368 relative=0x00000000000004e8
Event: 2.852 Thread 0x000001cb3e1ee350 Uncommon trap: reason=bimorphic_or_optimized_type_check action=maybe_recompile pc=0x000001cb50176368 method=java.util.Collections$SynchronizedMap.get(Ljava/lang/Object;)Ljava/lang/Object; @ 12 c2
Event: 2.852 Thread 0x000001cb3e1ee350 DEOPT PACKING pc=0x000001cb50176368 sp=0x0000000816ffb8c0
Event: 2.852 Thread 0x000001cb3e1ee350 DEOPT UNPACKING pc=0x000001cb4fb1fc02 sp=0x0000000816ffb878 mode 2
Event: 2.852 Thread 0x000001cb3e1ee350 Uncommon trap: trap_request=0xffffffc6 fr.pc=0x000001cb50176368 relative=0x00000000000004e8
Event: 2.852 Thread 0x000001cb3e1ee350 Uncommon trap: reason=bimorphic_or_optimized_type_check action=maybe_recompile pc=0x000001cb50176368 method=java.util.Collections$SynchronizedMap.get(Ljava/lang/Object;)Ljava/lang/Object; @ 12 c2
Event: 2.852 Thread 0x000001cb3e1ee350 DEOPT PACKING pc=0x000001cb50176368 sp=0x0000000816ffb8c0
Event: 2.852 Thread 0x000001cb3e1ee350 DEOPT UNPACKING pc=0x000001cb4fb1fc02 sp=0x0000000816ffb878 mode 2
Event: 2.852 Thread 0x000001cb3e1ee350 Uncommon trap: trap_request=0xffffffc6 fr.pc=0x000001cb50176368 relative=0x00000000000004e8
Event: 2.852 Thread 0x000001cb3e1ee350 Uncommon trap: reason=bimorphic_or_optimized_type_check action=maybe_recompile pc=0x000001cb50176368 method=java.util.Collections$SynchronizedMap.get(Ljava/lang/Object;)Ljava/lang/Object; @ 12 c2
Event: 2.852 Thread 0x000001cb3e1ee350 DEOPT PACKING pc=0x000001cb50176368 sp=0x0000000816ffb8c0
Event: 2.852 Thread 0x000001cb3e1ee350 DEOPT UNPACKING pc=0x000001cb4fb1fc02 sp=0x0000000816ffb878 mode 2
Event: 2.864 Thread 0x000001cb3e1ee350 Uncommon trap: trap_request=0xffffff45 fr.pc=0x000001cb4ffde3d4 relative=0x0000000000000254
Event: 2.864 Thread 0x000001cb3e1ee350 Uncommon trap: reason=unstable_if action=reinterpret pc=0x000001cb4ffde3d4 method=java.util.HashMap.putVal(ILjava/lang/Object;Ljava/lang/Object;ZZ)Ljava/lang/Object; @ 162 c2
Event: 2.864 Thread 0x000001cb3e1ee350 DEOPT PACKING pc=0x000001cb4ffde3d4 sp=0x0000000816ffa8d0
Event: 2.864 Thread 0x000001cb3e1ee350 DEOPT UNPACKING pc=0x000001cb4fb1fc02 sp=0x0000000816ffa7d8 mode 2

Classes loaded (20 events):
Event: 2.876 Loading class sun/nio/ch/UnixDomainSockets
Event: 2.876 Loading class sun/nio/ch/UnixDomainSockets done
Event: 2.876 Loading class sun/nio/ch/UnixDomainSocketsUtil
Event: 2.876 Loading class sun/nio/ch/UnixDomainSocketsUtil done
Event: 2.878 Loading class java/nio/channels/ServerSocketChannel
Event: 2.878 Loading class java/nio/channels/ServerSocketChannel done
Event: 2.878 Loading class sun/nio/ch/ServerSocketChannelImpl
Event: 2.878 Loading class sun/nio/ch/ServerSocketChannelImpl done
Event: 2.879 Loading class jdk/internal/event/SocketWriteEvent
Event: 2.880 Loading class jdk/internal/event/SocketWriteEvent done
Event: 2.880 Loading class java/nio/BufferMismatch
Event: 2.880 Loading class java/nio/BufferMismatch done
Event: 2.880 Loading class sun/nio/ch/SourceChannelImpl
Event: 2.880 Loading class java/nio/channels/Pipe$SourceChannel
Event: 2.880 Loading class java/nio/channels/Pipe$SourceChannel done
Event: 2.880 Loading class sun/nio/ch/SourceChannelImpl done
Event: 2.880 Loading class sun/nio/ch/SinkChannelImpl
Event: 2.880 Loading class java/nio/channels/Pipe$SinkChannel
Event: 2.880 Loading class java/nio/channels/Pipe$SinkChannel done
Event: 2.880 Loading class sun/nio/ch/SinkChannelImpl done

Classes unloaded (0 events):
No events

Classes redefined (0 events):
No events

Internal exceptions (20 events):
Event: 2.371 Thread 0x000001cb3e1ee350 Exception <a 'java/lang/IncompatibleClassChangeError'{0x0000000703897fa8}: Found class java.lang.Object, but interface was expected> (0x0000000703897fa8) 
thrown [s\open\src\hotspot\share\interpreter\linkResolver.cpp, line 871]
Event: 2.371 Thread 0x000001cb3e1ee350 Exception <a 'java/lang/IncompatibleClassChangeError'{0x00000007038a8218}: Found class java.lang.Object, but interface was expected> (0x00000007038a8218) 
thrown [s\open\src\hotspot\share\interpreter\linkResolver.cpp, line 871]
Event: 2.372 Thread 0x000001cb3e1ee350 Exception <a 'java/lang/IncompatibleClassChangeError'{0x00000007038c05f0}: Found class java.lang.Object, but interface was expected> (0x00000007038c05f0) 
thrown [s\open\src\hotspot\share\interpreter\linkResolver.cpp, line 871]
Event: 2.377 Thread 0x000001cb3e1ee350 Exception <a 'java/lang/NoSuchMethodError'{0x000000070393e2f0}: 'void java.lang.invoke.DirectMethodHandle$Holder.invokeStatic(java.lang.Object, java.lang.Object, java.lang.Object, int, java.lang.Object)'> (0x000000070393e2f0) 
thrown [s\open\src\hotspot\share\interpreter\linkResolver.cpp, line 804]
Event: 2.384 Thread 0x000001cb3e1ee350 Exception <a 'java/lang/NoSuchMethodError'{0x0000000703626ab8}: 'void java.lang.invoke.DirectMethodHandle$Holder.invokeStatic(java.lang.Object, int, java.lang.Object)'> (0x0000000703626ab8) 
thrown [s\open\src\hotspot\share\interpreter\linkResolver.cpp, line 804]
Event: 2.448 Thread 0x000001cb3e1ee350 Exception <a 'java/lang/NoSuchMethodError'{0x000000070316b008}: 'java.lang.Object java.lang.invoke.DirectMethodHandle$Holder.invokeVirtual(java.lang.Object, java.lang.Object, java.lang.Object, java.lang.Object, java.lang.Object)'> (0x000000070316b008) 
thrown [s\open\src\hotspot\share\interpreter\linkResolver.cpp, line 804]
Event: 2.540 Thread 0x000001cb3e1ee350 Exception <a 'java/lang/NoSuchMethodError'{0x00000007111c7370}: 'java.lang.Object java.lang.invoke.DirectMethodHandle$Holder.invokeStaticInit(java.lang.Object, java.lang.Object, int, int, int, int)'> (0x00000007111c7370) 
thrown [s\open\src\hotspot\share\interpreter\linkResolver.cpp, line 804]
Event: 2.615 Thread 0x000001cb3e1ee350 Exception <a 'java/lang/NoSuchMethodError'{0x000000070cfbea58}: 'int java.lang.invoke.DirectMethodHandle$Holder.invokeVirtual(java.lang.Object, java.lang.Object, java.lang.Object, java.lang.Object)'> (0x000000070cfbea58) 
thrown [s\open\src\hotspot\share\interpreter\linkResolver.cpp, line 804]
Event: 2.641 Thread 0x000001cb3e1ee350 Exception <a 'java/io/FileNotFoundException'{0x000000070cce5450}> (0x000000070cce5450) 
thrown [s\open\src\hotspot\share\prims\jni.cpp, line 516]
Event: 2.659 Thread 0x000001cb3e1ee350 Exception <a 'java/io/IOException'{0x000000070cb534b8}> (0x000000070cb534b8) 
thrown [s\open\src\hotspot\share\prims\jni.cpp, line 516]
Event: 2.659 Thread 0x000001cb3e1ee350 Exception <a 'java/io/IOException'{0x000000070cb53be0}> (0x000000070cb53be0) 
thrown [s\open\src\hotspot\share\prims\jni.cpp, line 516]
Event: 2.660 Thread 0x000001cb3e1ee350 Exception <a 'java/io/IOException'{0x000000070cb542f8}> (0x000000070cb542f8) 
thrown [s\open\src\hotspot\share\prims\jni.cpp, line 516]
Event: 2.670 Thread 0x000001cb3e1ee350 Exception <a 'java/io/IOException'{0x000000070cbb5188}> (0x000000070cbb5188) 
thrown [s\open\src\hotspot\share\prims\jni.cpp, line 516]
Event: 2.671 Thread 0x000001cb3e1ee350 Exception <a 'java/io/IOException'{0x000000070cbb8c40}> (0x000000070cbb8c40) 
thrown [s\open\src\hotspot\share\prims\jni.cpp, line 516]
Event: 2.671 Thread 0x000001cb3e1ee350 Exception <a 'java/io/IOException'{0x000000070cbb9720}> (0x000000070cbb9720) 
thrown [s\open\src\hotspot\share\prims\jni.cpp, line 516]
Event: 2.681 Thread 0x000001cb3e1ee350 Exception <a 'java/lang/NoSuchMethodError'{0x000000070c84e690}: 'int java.lang.invoke.DirectMethodHandle$Holder.invokeInterface(java.lang.Object, java.lang.Object, java.lang.Object, java.lang.Object)'> (0x000000070c84e690) 
thrown [s\open\src\hotspot\share\interpreter\linkResolver.cpp, line 804]
Event: 2.730 Thread 0x000001cb3e1ee350 Exception <a 'java/lang/NoSuchMethodError'{0x00000007044e87c8}: 'long java.lang.invoke.DirectMethodHandle$Holder.invokeVirtual(java.lang.Object, java.lang.Object)'> (0x00000007044e87c8) 
thrown [s\open\src\hotspot\share\interpreter\linkResolver.cpp, line 804]
Event: 2.758 Thread 0x000001cb3e1ee350 Exception <a 'java/lang/NoSuchMethodError'{0x0000000704000be0}: 'void java.lang.invoke.DirectMethodHandle$Holder.invokeVirtual(java.lang.Object, java.lang.Object, long)'> (0x0000000704000be0) 
thrown [s\open\src\hotspot\share\interpreter\linkResolver.cpp, line 804]
Event: 2.782 Thread 0x000001cb3e1ee350 Exception <a 'java/lang/NoSuchMethodError'{0x0000000703ede490}: 'void java.lang.invoke.Invokers$Holder.invokeExact_MT(java.lang.Object, java.lang.Object, java.lang.Object, java.lang.Object)'> (0x0000000703ede490) 
thrown [s\open\src\hotspot\share\interpreter\linkResolver.cpp, line 804]
Event: 2.808 Thread 0x000001cb3e1ee350 Exception <a 'sun/nio/fs/WindowsException'{0x0000000703c4f448}> (0x0000000703c4f448) 
thrown [s\open\src\hotspot\share\prims\jni.cpp, line 516]

VM Operations (20 events):
Event: 2.609 Executing non-safepoint VM operation: HandshakeAllThreads (Deoptimize) done
Event: 2.636 Executing non-safepoint VM operation: HandshakeAllThreads (Deoptimize)
Event: 2.636 Executing non-safepoint VM operation: HandshakeAllThreads (Deoptimize) done
Event: 2.666 Executing non-safepoint VM operation: HandshakeAllThreads (Deoptimize)
Event: 2.666 Executing non-safepoint VM operation: HandshakeAllThreads (Deoptimize) done
Event: 2.713 Executing non-safepoint VM operation: HandshakeAllThreads (Deoptimize)
Event: 2.713 Executing non-safepoint VM operation: HandshakeAllThreads (Deoptimize) done
Event: 2.735 Executing non-safepoint VM operation: HandshakeAllThreads (Deoptimize)
Event: 2.735 Executing non-safepoint VM operation: HandshakeAllThreads (Deoptimize) done
Event: 2.809 Executing non-safepoint VM operation: HandshakeAllThreads (Deoptimize)
Event: 2.809 Executing non-safepoint VM operation: HandshakeAllThreads (Deoptimize) done
Event: 2.812 Executing non-safepoint VM operation: HandshakeAllThreads (Deoptimize)
Event: 2.812 Executing non-safepoint VM operation: HandshakeAllThreads (Deoptimize) done
Event: 2.832 Executing non-safepoint VM operation: HandshakeAllThreads (Deoptimize)
Event: 2.832 Executing non-safepoint VM operation: HandshakeAllThreads (Deoptimize) done
Event: 2.865 Executing non-safepoint VM operation: HandshakeAllThreads (Deoptimize)
Event: 2.865 Executing non-safepoint VM operation: HandshakeAllThreads (Deoptimize) done
Event: 2.872 Executing non-safepoint VM operation: HandshakeAllThreads (Deoptimize)
Event: 2.872 Executing non-safepoint VM operation: HandshakeAllThreads (Deoptimize) done
Event: 2.893 Executing safepoint VM operation: CollectForMetadataAllocation (Metadata GC Threshold)

Memory protections (0 events):
No events

Nmethod flushes (0 events):
No events

Events (20 events):
Event: 0.031 Thread 0x000001cb3e1ee350 Thread added: 0x000001cb5fad9450
Event: 0.031 Thread 0x000001cb3e1ee350 Thread added: 0x000001cb5fae2020
Event: 0.031 Thread 0x000001cb3e1ee350 Thread added: 0x000001cb5fae2be0
Event: 0.031 Thread 0x000001cb3e1ee350 Thread added: 0x000001cb3e2000e0
Event: 0.031 Thread 0x000001cb3e1ee350 Thread added: 0x000001cb3e2008f0
Event: 0.118 Thread 0x000001cb3e1ee350 Thread added: 0x000001cb641b0a30
Event: 0.131 Thread 0x000001cb3e2008f0 Thread added: 0x000001cb3e205180
Event: 0.208 Thread 0x000001cb3e1ee350 Thread added: 0x000001cb6459ea20
Event: 0.208 Thread 0x000001cb3e1ee350 Thread added: 0x000001cb645d39d0
Event: 0.477 Thread 0x000001cb3e2008f0 Thread added: 0x000001cb3e202120
Event: 0.935 Thread 0x000001cb3e1ee350 Thread added: 0x000001cb64e04350
Event: 0.943 Thread 0x000001cb64e04350 Thread exited: 0x000001cb64e04350
Event: 1.026 Thread 0x000001cb3e1ee350 Thread added: 0x000001cb652083d0
Event: 1.259 Thread 0x000001cb652083d0 Thread exited: 0x000001cb652083d0
Event: 1.315 Thread 0x000001cb3e1ee350 Thread added: 0x000001cb65bc7800
Event: 1.332 Thread 0x000001cb65bc7800 Thread exited: 0x000001cb65bc7800
Event: 2.738 Thread 0x000001cb3e1ee350 Thread added: 0x000001cb64e3fad0
Event: 2.739 Thread 0x000001cb64e3fad0 Thread added: 0x000001cb64e45890
Event: 2.741 Thread 0x000001cb3e1ee350 Thread added: 0x000001cb6651e730
Event: 2.881 Thread 0x000001cb3e1ee350 Thread added: 0x000001cb6651ef00


Dynamic libraries:
0x00007ff697a50000 - 0x00007ff697a60000 	C:\Program Files\Java\jdk-25.0.2\bin\java.exe
0x00007ffa8dfd0000 - 0x00007ffa8e1c8000 	C:\WINDOWS\SYSTEM32\ntdll.dll
0x00007ffa8bff0000 - 0x00007ffa8c0b2000 	C:\WINDOWS\System32\KERNEL32.DLL
0x00007ffa8b7e0000 - 0x00007ffa8bad6000 	C:\WINDOWS\System32\KERNELBASE.dll
0x00007ffa8b660000 - 0x00007ffa8b760000 	C:\WINDOWS\System32\ucrtbase.dll
0x00007ffa86490000 - 0x00007ffa864a7000 	C:\Program Files\Java\jdk-25.0.2\bin\jli.dll
0x00007ffa828c0000 - 0x00007ffa828de000 	C:\Program Files\Java\jdk-25.0.2\bin\VCRUNTIME140.dll
0x00007ffa8cd30000 - 0x00007ffa8ced1000 	C:\WINDOWS\System32\USER32.dll
0x00007ffa8bb70000 - 0x00007ffa8bb92000 	C:\WINDOWS\System32\win32u.dll
0x00007ffa8aa00000 - 0x00007ffa8ac9b000 	C:\WINDOWS\WinSxS\amd64_microsoft.windows.common-controls_6595b64144ccf1df_6.0.19041.6456_none_60b8a6cb71f64256\COMCTL32.dll
0x00007ffa8c4e0000 - 0x00007ffa8c50b000 	C:\WINDOWS\System32\GDI32.dll
0x00007ffa8d1e0000 - 0x00007ffa8d27e000 	C:\WINDOWS\System32\msvcrt.dll
0x00007ffa8be30000 - 0x00007ffa8bf49000 	C:\WINDOWS\System32\gdi32full.dll
0x00007ffa8bf50000 - 0x00007ffa8bfed000 	C:\WINDOWS\System32\msvcp_win.dll
0x00007ffa8cbd0000 - 0x00007ffa8cbff000 	C:\WINDOWS\System32\IMM32.DLL
0x00007ffa88880000 - 0x00007ffa8888c000 	C:\Program Files\Java\jdk-25.0.2\bin\vcruntime140_1.dll
0x00007ffa68ec0000 - 0x00007ffa68f4d000 	C:\Program Files\Java\jdk-25.0.2\bin\msvcp140.dll
0x00007ffa431d0000 - 0x00007ffa4402f000 	C:\Program Files\Java\jdk-25.0.2\bin\server\jvm.dll
0x00007ffa8c380000 - 0x00007ffa8c431000 	C:\WINDOWS\System32\ADVAPI32.dll
0x00007ffa8c440000 - 0x00007ffa8c4df000 	C:\WINDOWS\System32\sechost.dll
0x00007ffa8c120000 - 0x00007ffa8c240000 	C:\WINDOWS\System32\RPCRT4.dll
0x00007ffa8bbf0000 - 0x00007ffa8bc17000 	C:\WINDOWS\System32\bcrypt.dll
0x00007ffa8cfb0000 - 0x00007ffa8d01b000 	C:\WINDOWS\System32\WS2_32.dll
0x00007ffa8b1d0000 - 0x00007ffa8b21b000 	C:\WINDOWS\SYSTEM32\POWRPROF.dll
0x00007ffa7f0a0000 - 0x00007ffa7f0c7000 	C:\WINDOWS\SYSTEM32\WINMM.dll
0x00007ffa886f0000 - 0x00007ffa886fa000 	C:\WINDOWS\SYSTEM32\VERSION.dll
0x00007ffa8ad90000 - 0x00007ffa8ada2000 	C:\WINDOWS\SYSTEM32\UMPDC.dll
0x00007ffa89660000 - 0x00007ffa89672000 	C:\WINDOWS\SYSTEM32\kernel.appcore.dll
0x00007ffa86fd0000 - 0x00007ffa86fda000 	C:\Program Files\Java\jdk-25.0.2\bin\jimage.dll
0x00007ffa8afc0000 - 0x00007ffa8b1c1000 	C:\WINDOWS\SYSTEM32\DBGHELP.DLL
0x00007ffa8af80000 - 0x00007ffa8afb4000 	C:\WINDOWS\SYSTEM32\dbgcore.DLL
0x00007ffa8bae0000 - 0x00007ffa8bb62000 	C:\WINDOWS\System32\bcryptPrimitives.dll
0x00007ffa86480000 - 0x00007ffa86490000 	C:\Program Files\Java\jdk-25.0.2\bin\instrument.dll
0x00007ffa717c0000 - 0x00007ffa717df000 	C:\Program Files\Java\jdk-25.0.2\bin\java.dll
0x00007ffa8c630000 - 0x00007ffa8c75b000 	C:\WINDOWS\System32\ole32.dll
0x00007ffa8dc30000 - 0x00007ffa8df84000 	C:\WINDOWS\System32\combase.dll
0x00007ffa8d2b0000 - 0x00007ffa8da20000 	C:\WINDOWS\System32\SHELL32.dll
0x00007ffa888c0000 - 0x00007ffa89065000 	C:\WINDOWS\SYSTEM32\windows.storage.dll
0x00007ffa8a880000 - 0x00007ffa8a8ab000 	C:\WINDOWS\SYSTEM32\Wldp.dll
0x00007ffa8cee0000 - 0x00007ffa8cfad000 	C:\WINDOWS\System32\OLEAUT32.dll
0x00007ffa8c580000 - 0x00007ffa8c62d000 	C:\WINDOWS\System32\SHCORE.dll
0x00007ffa8da20000 - 0x00007ffa8da7b000 	C:\WINDOWS\System32\shlwapi.dll
0x00007ffa8b590000 - 0x00007ffa8b5b4000 	C:\WINDOWS\SYSTEM32\profapi.dll
0x00007ffa71640000 - 0x00007ffa71657000 	C:\Program Files\Java\jdk-25.0.2\bin\zip.dll
0x00007ffa717a0000 - 0x00007ffa717b2000 	C:\Program Files\Java\jdk-25.0.2\bin\net.dll
0x00007ffa8a660000 - 0x00007ffa8a6ca000 	C:\WINDOWS\system32\mswsock.dll
0x00007ffa71660000 - 0x00007ffa71676000 	C:\Program Files\Java\jdk-25.0.2\bin\nio.dll
0x00007ffa86390000 - 0x00007ffa86399000 	C:\Program Files\Java\jdk-25.0.2\bin\extnet.dll
0x00007ffa8a360000 - 0x00007ffa8a39b000 	C:\WINDOWS\SYSTEM32\IPHLPAPI.DLL
0x00007ffa8c570000 - 0x00007ffa8c578000 	C:\WINDOWS\System32\NSI.dll
0x00007ffa8a3a0000 - 0x00007ffa8a46a000 	C:\WINDOWS\SYSTEM32\DNSAPI.dll
0x0000000000e20000 - 0x0000000000e46000 	C:\Program Files\Bonjour\mdnsNSP.dll
0x00007ffa84ee0000 - 0x00007ffa84eea000 	C:\Windows\System32\rasadhlp.dll
0x00007ffa7fc50000 - 0x00007ffa7fcd0000 	C:\WINDOWS\System32\fwpuclnt.dll
0x00007ffa71c30000 - 0x00007ffa71c3e000 	C:\Program Files\Java\jdk-25.0.2\bin\sunmscapi.dll
0x00007ffa8bcd0000 - 0x00007ffa8be2d000 	C:\WINDOWS\System32\CRYPT32.dll
0x00007ffa8a9d0000 - 0x00007ffa8a9f7000 	C:\WINDOWS\SYSTEM32\ncrypt.dll
0x00007ffa8a990000 - 0x00007ffa8a9cb000 	C:\WINDOWS\SYSTEM32\NTASN1.dll
0x00007ffa8b3d0000 - 0x00007ffa8b3e8000 	C:\WINDOWS\SYSTEM32\CRYPTSP.dll
0x00007ffa8a000000 - 0x00007ffa8a038000 	C:\WINDOWS\system32\rsaenh.dll
0x00007ffa8b550000 - 0x00007ffa8b57e000 	C:\WINDOWS\SYSTEM32\USERENV.dll
0x00007ffa8a7f0000 - 0x00007ffa8a7fc000 	C:\WINDOWS\SYSTEM32\CRYPTBASE.dll
0x00007ffa70620000 - 0x00007ffa7062a000 	C:\Program Files\Java\jdk-25.0.2\bin\management.dll
0x00007ffa704e0000 - 0x00007ffa704ec000 	C:\Program Files\Java\jdk-25.0.2\bin\management_ext.dll
0x00007ffa8d280000 - 0x00007ffa8d288000 	C:\WINDOWS\System32\PSAPI.DLL
0x00007ffa82720000 - 0x00007ffa82727000 	C:\WINDOWS\system32\wshunix.dll

JVMTI agents:
C:\Program Files\JetBrains\IntelliJ IDEA Community Edition 2025.1.1.1\lib\idea_rt.jar path:C:\Program Files\Java\jdk-25.0.2\bin\instrument.dll, loaded, initialized, instrumentlib options:49386

dbghelp: loaded successfully - version: 4.0.5 - missing functions: none
symbol engine: initialized successfully - sym options: 0x614 - pdb path: .;C:\Program Files\Java\jdk-25.0.2\bin;C:\WINDOWS\SYSTEM32;C:\WINDOWS\WinSxS\amd64_microsoft.windows.common-controls_6595b64144ccf1df_6.0.19041.6456_none_60b8a6cb71f64256;C:\Program Files\Java\jdk-25.0.2\bin\server;C:\Program Files\Bonjour

VM Arguments:
jvm_args: -javaagent:C:\Program Files\JetBrains\IntelliJ IDEA Community Edition 2025.1.1.1\lib\idea_rt.jar=49386 -Dfile.encoding=UTF-8 -Dsun.stdout.encoding=UTF-8 -Dsun.stderr.encoding=UTF-8 
java_command: com.duoc.bff_cajeros.BffCajerosApplication
java_class_path (initial): C:\Users\jorge\OneDrive\Desktop\Backend III\Semana 6\bff-cajeros\target\classes;C:\Users\jorge\.m2\repository\org\springframework\boot\spring-boot-starter-web\4.1.1\spring-boot-starter-web-4.1.1.jar;C:\Users\jorge\.m2\repository\org\springframework\boot\spring-boot-starter-jackson\4.1.1\spring-boot-starter-jackson-4.1.1.jar;C:\Users\jorge\.m2\repository\org\springframework\boot\spring-boot-jackson\4.1.1\spring-boot-jackson-4.1.1.jar;C:\Users\jorge\.m2\repository\tools\jackson\core\jackson-databind\3.1.5\jackson-databind-3.1.5.jar;C:\Users\jorge\.m2\repository\tools\jackson\core\jackson-core\3.1.5\jackson-core-3.1.5.jar;C:\Users\jorge\.m2\repository\org\springframework\boot\spring-boot-starter-tomcat\4.1.1\spring-boot-starter-tomcat-4.1.1.jar;C:\Users\jorge\.m2\repository\org\springframework\boot\spring-boot-starter-tomcat-runtime\4.1.1\spring-boot-starter-tomcat-runtime-4.1.1.jar;C:\Users\jorge\.m2\repository\org\springframework\boot\spring-boot-web-server\4.1.1\spring-boot-web-server-4.1.1.jar;C:\Users\jorge\.m2\repository\org\apache\tomcat\embed\tomcat-embed-core\11.0.24\tomcat-embed-core-11.0.24.jar;C:\Users\jorge\.m2\repository\org\apache\tomcat\embed\tomcat-embed-el\11.0.24\tomcat-embed-el-11.0.24.jar;C:\Users\jorge\.m2\repository\org\apache\tomcat\embed\tomcat-embed-websocket\11.0.24\tomcat-embed-websocket-11.0.24.jar;C:\Users\jorge\.m2\repository\org\springframework\boot\spring-boot-tomcat\4.1.1\spring-boot-tomcat-4.1.1.jar;C:\Users\jorge\.m2\repository\org\springframework\boot\spring-boot-http-converter\4.1.1\spring-boot-http-converter-4.1.1.jar;C:\Users\jorge\.m2\repository\org\springframework\boot\spring-boot\4.1.1\spring-boot-4.1.1.jar;C:\Users\jorge\.m2\repository\org\springframework\spring-context\7.0.9\spring-context-7.0.9.jar;C:\Users\jorge\.m2\repository\org\springframework\spring-web\7.0.9\spring-web-7.0.9.jar;C:\Users\jorge\.m2\repository\org\springframework\boot\spring-boot-webmvc\4.1.1\spring-boot-webmvc-4.1.1.jar;C:\Users\jorge\.m2\repository\org\springframework\boot\spring-boot-servlet\4.1.1\spring-boot-servlet-4.1.1.jar;C:\Users\jorge\.m2\repository\org\springframework\spring-webmvc\7.0.9\spring-webmvc-7.0.9.jar;C:\Users\jorge\.m2\repository\org\springframework\spring-expression\7.0.9\spring-expression-7.0.9.jar;C:\Users\jorge\.m2\repository\org\projectlombok\lombok\1.18.46\lombok-1.18.46.jar;C:\Users\jorge\.m2\repository\org\springframework\boot\spring-boot-starter\4.1.1\spring-boot-starter-4.1.1.jar;C:\Users\jorge\.m2\repository\org\springframework\boot\spring-boot-starter-logging\4.1.1\spring-boot-starter-logging-4.1.1.jar;C:\Users\jorge\.m2\repository\ch\qos\logback\logback-classic\1.5.38\logback-classic-1.5.38.jar;C:\Users\jorge\.m2\repository\ch\qos\logback\logback-core\1.5.38\logback-core-1.5.38.jar;C:\Users\jorge\.m2\repository\org\apache\logging\log4j\log4j-to-slf4j\2.25.5\log4j-to-slf4j-2.25.5.jar;C:\Users\jorge\.m2\repository\org\apache\logging\log4j\log4j-api\2.25.5\log4j-api-2.25.5.jar;C:\Users\jorge\.m2\repository\org\slf4j\jul-to-slf4j\2.0.18\jul-to-slf4j-2.0.18.jar;C:\Users\jorge\.m2\repository\org\springframework\boot\spring-boot-autoconfigure\4.1.1\spring-boot-autoconfigure-4.1.1.jar;C:\Users\jorge\.m2\repository\jakarta\annotation\jakarta.annotation-api\3.0.0\jakarta.annotation-api-3.0.0.jar;C:\Users\jorge\.m2\repository\org\yaml\snakeyaml\2.6\snakeyaml-2.6.jar;C:\Users\jorge\.m2\repository\org\slf4j\slf4j-api\2.0.18\slf4j-api-2.0.18.jar;C:\Users\jorge\.m2\repository\org\springframework\spring-core\7.0.9\spring-core-7.0.9.jar;C:\Users\jorge\.m2\repository\commons-logging\commons-logging\1.3.6\commons-logging-1.3.6.jar;C:\Users\jorge\.m2\repository\org\jspecify\jspecify\1.0.1\jspecify-1.0.1.jar;C:\Users\jorge\.m2\repository\org\springframework\cloud\spring-cloud-starter-circuitbreaker-resilience4j\5.0.2\spring-cloud-starter-circuitbreaker-resilience4j-5.0.2.jar;C:\Users\jorge\.m2\repository\org\springframework\cloud\spring-cloud-starter\5.0.2\spring-cloud-starter-5.0.2.jar;C:\Users\jorge\.m2\repository\org\springframework\cloud\spring-cloud-context\5.0.2\spring-cloud-context-5.0.2.jar;C:\Users\jorge\.m2\repository\org\springframework\security\spring-security-crypto\7.1.1\spring-security-crypto-7.1.1.jar;C:\Users\jorge\.m2\repository\org\springframework\cloud\spring-cloud-commons\5.0.2\spring-cloud-commons-5.0.2.jar;C:\Users\jorge\.m2\repository\org\bouncycastle\bcprov-jdk18on\1.81.1\bcprov-jdk18on-1.81.1.jar;C:\Users\jorge\.m2\repository\org\springframework\cloud\spring-cloud-circuitbreaker-resilience4j\5.0.2\spring-cloud-circuitbreaker-resilience4j-5.0.2.jar;C:\Users\jorge\.m2\repository\com\fasterxml\jackson\core\jackson-core\2.21.5\jackson-core-2.21.5.jar;C:\Users\jorge\.m2\repository\com\fasterxml\jackson\core\jackson-databind\2.21.5\jackson-databind-2.21.5.jar;C:\Users\jorge\.m2\repository\com\fasterxml\jackson\core\jackson-annotations\2.21\jackson-annotations-2.21.jar;C:\Users\jorge\.m2\repository\io\micrometer\micrometer-observation\1.17.1\micrometer-observation-1.17.1.jar;C:\Users\jorge\.m2\repository\io\micrometer\micrometer-commons\1.17.1\micrometer-commons-1.17.1.jar;C:\Users\jorge\.m2\repository\io\github\resilience4j\resilience4j-spring-boot3\2.3.0\resilience4j-spring-boot3-2.3.0.jar;C:\Users\jorge\.m2\repository\io\github\resilience4j\resilience4j-spring6\2.3.0\resilience4j-spring6-2.3.0.jar;C:\Users\jorge\.m2\repository\io\github\resilience4j\resilience4j-annotations\2.3.0\resilience4j-annotations-2.3.0.jar;C:\Users\jorge\.m2\repository\io\github\resilience4j\resilience4j-consumer\2.3.0\resilience4j-consumer-2.3.0.jar;C:\Users\jorge\.m2\repository\io\github\resilience4j\resilience4j-circularbuffer\2.3.0\resilience4j-circularbuffer-2.3.0.jar;C:\Users\jorge\.m2\repository\io\github\resilience4j\resilience4j-framework-common\2.3.0\resilience4j-framework-common-2.3.0.jar;C:\Users\jorge\.m2\repository\io\github\resilience4j\resilience4j-micrometer\2.3.0\resilience4j-micrometer-2.3.0.jar;C:\Users\jorge\.m2\repository\io\micrometer\micrometer-core\1.17.1\micrometer-core-1.17.1.jar;C:\Users\jorge\.m2\repository\org\hdrhistogram\HdrHistogram\2.2.2\HdrHistogram-2.2.2.jar;C:\Users\jorge\.m2\repository\io\github\resilience4j\resilience4j-retry\2.3.0\resilience4j-retry-2.3.0.jar;C:\Users\jorge\.m2\repository\io\github\resilience4j\resilience4j-ratelimiter\2.3.0\resilience4j-ratelimiter-2.3.0.jar;C:\Users\jorge\.m2\repository\org\springframework\boot\spring-boot-configuration-processor\4.1.1\spring-boot-configuration-processor-4.1.1.jar;C:\Users\jorge\.m2\repository\io\github\resilience4j\resilience4j-circuitbreaker\2.3.0\resilience4j-circuitbreaker-2.3.0.jar;C:\Users\jorge\.m2\repository\io\github\resilience4j\resilience4j-core\2.3.0\resilience4j-core-2.3.0.jar;C:\Users\jorge\.m2\repository\org\jetbrains\kotlin\kotlin-stdlib-jdk8\2.3.21\kotlin-stdlib-jdk8-2.3.21.jar;C:\Users\jorge\.m2\repository\org\jetbrains\kotlin\kotlin-stdlib\2.3.21\kotlin-stdlib-2.3.21.jar;C:\Users\jorge\.m2\repository\org\jetbrains\annotations\13.0\annotations-13.0.jar;C:\Users\jorge\.m2\repository\org\jetbrains\kotlin\kotlin-stdlib-jdk7\2.3.21\kotlin-stdlib-jdk7-2.3.21.jar;C:\Users\jorge\.m2\repository\io\github\resilience4j\resilience4j-timelimiter\2.3.0\resilience4j-timelimiter-2.3.0.jar;C:\Users\jorge\.m2\repository\org\springframework\spring-aop\7.0.9\spring-aop-7.0.9.jar;C:\Users\jorge\.m2\repository\org\springframework\spring-beans\7.0.9\spring-beans-7.0.9.jar;C:\Users\jorge\.m2\repository\org\aspectj\aspectjweaver\1.9.25.1\aspectjweaver-1.9.25.1.jar
Launcher Type: SUN_STANDARD

[Global flags]
     intx CICompilerCount                          = 4                                         {product} {ergonomic}
     uint ConcGCThreads                            = 3                                         {product} {ergonomic}
     uint G1ConcRefinementThreads                  = 10                                        {product} {ergonomic}
   size_t G1HeapRegionSize                         = 2097152                                   {product} {ergonomic}
   size_t InitialHeapSize                          = 268435456                                 {product} {ergonomic}
   size_t MarkStackSize                            = 4194304                                   {product} {ergonomic}
   size_t MarkStackSizeMax                         = 536870912                                 {product} {ergonomic}
   size_t MaxHeapSize                              = 4276092928                                {product} {ergonomic}
   size_t MaxNewSize                               = 2564816896                                {product} {ergonomic}
   size_t MinHeapDeltaBytes                        = 2097152                                   {product} {ergonomic}
   size_t MinHeapSize                              = 8388608                                   {product} {ergonomic}
    uintx NonNMethodCodeHeapSize                   = 5832704                                {pd product} {ergonomic}
    uintx NonProfiledCodeHeapSize                  = 122945536                              {pd product} {ergonomic}
    uintx ProfiledCodeHeapSize                     = 122880000                              {pd product} {ergonomic}
    uintx ReservedCodeCacheSize                    = 251658240                              {pd product} {ergonomic}
     bool SegmentedCodeCache                       = true                                      {product} {ergonomic}
   size_t SoftMaxHeapSize                          = 4276092928                             {manageable} {ergonomic}
     bool UseCompressedOops                        = true                           {product lp64_product} {ergonomic}
     bool UseG1GC                                  = true                                      {product} {ergonomic}
     bool UseLargePagesIndividualAllocation        = false                                  {pd product} {ergonomic}

Logging:
Log output configuration:
 #0: stdout all=warning uptime,level,tags foldmultilines=false
 #1: stderr all=off uptime,level,tags foldmultilines=false

Release file:
IMPLEMENTOR="Oracle Corporation" 
JAVA_RUNTIME_VERSION="25.0.2+10-LTS-69" 
JAVA_VERSION="25.0.2" 
JAVA_VERSION_DATE="2026-01-20" 
LIBC="default" 
MODULES="java.base java.compiler java.datatransfer java.xml java.prefs java.desktop java.instrument java.logging java.management java.security.sasl java.naming java.rmi java.management.rmi java.net.http java.scripting java.security.jgss java.transaction.xa java.sql java.sql.rowset java.xml.crypto java.se java.smartcardio jdk.accessibility jdk.internal.jvmstat jdk.attach jdk.charsets jdk.internal.opt jdk.zipfs jdk.compiler jdk.crypto.cryptoki jdk.crypto.ec jdk.crypto.mscapi jdk.dynalink jdk.internal.ed jdk.editpad jdk.internal.vm.ci jdk.graal.compiler jdk.graal.compiler.management jdk.hotspot.agent jdk.httpserver jdk.incubator.vector jdk.internal.le jdk.internal.md jdk.jartool jdk.javadoc jdk.jcmd jdk.management jdk.management.agent jdk.jconsole jdk.jdeps jdk.jdwp.agent jdk.jdi jdk.jfr jdk.jlink jdk.jpackage jdk.jshell jdk.jsobject jdk.jstatd jdk.localedata jdk.management.jfr jdk.naming.dns jdk.naming.rmi jdk.net jdk.nio.mapmode jdk.sctp jdk.security.auth jdk.security.jgss jdk.unsupported jdk.unsupported.desktop jdk.xml.dom" 
OS_ARCH="x86_64" 
OS_NAME="Windows" 
SOURCE=".:git:b75efb40c93a open:git:405a5699ebd0" 

Environment Variables:
JAVA_HOME=C:\Program Files\Microsoft\jdk-21.0.10.7-hotspot\
PATH=C:\Program Files\Microsoft\jdk-21.0.10.7-hotspot\bin;C:\Program Files\Common Files\Oracle\Java\javapath;C:\app\jorge\product\21c\dbhomeXE\bin;C:\WINDOWS\system32;C:\WINDOWS;C:\WINDOWS\System32\Wbem;C:\WINDOWS\System32\WindowsPowerShell\v1.0\;C:\WINDOWS\System32\OpenSSH\;C:\Program Files\NVIDIA Corporation\NVIDIA App\NvDLISR;C:\Program Files (x86)\NVIDIA Corporation\PhysX\Common;C:\Program Files\nodejs\;C:\Program Files\Docker\Docker\resources\bin;C:\Program Files\Git\cmd;C:\Program Files\dotnet\;C:\Program Files\Amazon\AWSCLIV2\;C:\Program Files\Amazon\AWSSAMCLI\bin\;C:\Users\jorge\scoop\apps\maven\current\bin;C:\Users\jorge\scoop\shims;C:\Program Files\MySQL\MySQL Shell 8.0\bin\;C:\Users\jorge\AppData\Local\Programs\Python\Launcher\;C:\Users\jorge\AppData\Local\Microsoft\WindowsApps;C:\Users\jorge\AppData\Local\Programs\Microsoft VS Code\bin;C:\Program Files\JetBrains\PyCharm Community Edition 2025.1.1.1\bin;;C:\Users\jorge\AppData\Roaming\npm;C:\Users\jorge\.dotnet\tools;C:\Program Files\PostgreSQL\17\bin;C:\terraform;
USERNAME=jorge
OS=Windows_NT
PROCESSOR_IDENTIFIER=Intel64 Family 6 Model 165 Stepping 5, GenuineIntel
TMP=C:\Users\jorge\AppData\Local\Temp
TEMP=C:\Users\jorge\AppData\Local\Temp




Compilation memory statistics disabled.

Periodic native trim disabled

---------------  S Y S T E M  ---------------

OS:
 Windows 10 , 64 bit Build 19041 (10.0.19041.5915)
OS uptime: 0 days 21:39 hours
Hyper-V role detected

CPU: total 12 (initial active 12) (6 cores per cpu, 2 threads per core) family 6 model 165 stepping 5 microcode 0xca, cx8, cmov, fxsr, ht, mmx, 3dnowpref, sse, sse2, sse3, ssse3, sse4.1, sse4.2, popcnt, lzcnt, tsc, tscinvbit, avx, avx2, aes, erms, clmul, bmi1, bmi2, adx, fma, vzeroupper, clflush, clflushopt, hv, rdtscp, f16c
Processor Information for the first 12 processors :
  Max Mhz: 4104, Current Mhz: 3803, Mhz Limit: 4104

Memory: 4k page, system-wide physical 16310M (3451M free)
TotalPageFile size 29110M (AvailPageFile size 5823M)
current process WorkingSet (physical memory assigned to process): 219M, peak: 230M
current process commit charge ("private bytes"): 263M, peak: 420M

vm_info: Java HotSpot(TM) 64-Bit Server VM (25.0.2+10-LTS-69) for windows-amd64 JRE (25.0.2+10-LTS-69), built on 2025-12-18T11:36:35Z with MS VC++ 17.13 (VS2022)

END.
