#
# A fatal error has been detected by the Java Runtime Environment:
#
#  EXCEPTION_ACCESS_VIOLATION (0xc0000005) at pc=0x00007ffa3f951f3b, pid=7976, tid=14396
#
# JRE version: Java(TM) SE Runtime Environment (25.0.2+10) (build 25.0.2+10-LTS-69)
# Java VM: Java HotSpot(TM) 64-Bit Server VM (25.0.2+10-LTS-69, mixed mode, sharing, tiered, compressed oops, compressed class ptrs, g1 gc, windows-amd64)
# Problematic frame:
# V  [jvm.dll+0x271f3b]
#
# No core dump will be written. Minidumps are not enabled by default on client versions of Windows
#
# If you would like to submit a bug report, please visit:
#   https://bugreport.java.com/bugreport/crash.jsp
#

---------------  S U M M A R Y ------------

Command Line: -javaagent:C:\Program Files\JetBrains\IntelliJ IDEA Community Edition 2025.1.1.1\lib\idea_rt.jar=49902 -Dfile.encoding=UTF-8 -Dsun.stdout.encoding=UTF-8 -Dsun.stderr.encoding=UTF-8 com.duoc.bff_cajeros.BffCajerosApplication

Host: Intel(R) Core(TM) i5-10600K CPU @ 4.10GHz, 12 cores, 15G,  Windows 10 , 64 bit Build 19041 (10.0.19041.5915)
Time: Sun Sep 20 11:12:00 2026 Hora verano Sudamérica Pacífico elapsed time: 1.080798 seconds (0d 0h 0m 1s)

---------------  T H R E A D  ---------------

Current thread (0x0000021e5e397db0):  JavaThread "C2 CompilerThread0" daemon [_thread_in_vm, id=14396, stack(0x0000006deaa00000,0x0000006deab00000) (1024K)]


Current CompileTask:
C2:1080 2381       4       java.util.HashSet::add (20 bytes)

Stack: [0x0000006deaa00000,0x0000006deab00000],  sp=0x0000006deaafeef0,  free space=1019k
Native frames: (J=compiled Java code, j=interpreted, Vv=VM code, C=native code)
V  [jvm.dll+0x271f3b]  (no source info available)
V  [jvm.dll+0x25a6a9]  (no source info available)
V  [jvm.dll+0x2cfebb]  (no source info available)
V  [jvm.dll+0x2cdf05]  (no source info available)
V  [jvm.dll+0x48e9d1]  (no source info available)
V  [jvm.dll+0x906fcd]  (no source info available)
V  [jvm.dll+0x7a56d5]  (no source info available)
C  [ucrtbase.dll+0x21bb2]  (no source info available)
C  [KERNEL32.DLL+0x17374]  (no source info available)
C  [ntdll.dll+0x4cc91]  (no source info available)


siginfo: EXCEPTION_ACCESS_VIOLATION (0xc0000005), reading address 0x00000216633916b8


Registers:
RAX=0x0000021e640d2cc8, RBX=0x0000000000000060, RCX=0x00000216633916a8, RDX=0x000000000000ffff
RSP=0x0000006deaafeef0, RBP=0x0000000000000048, RSI=0x0000021e5e5afaf8, RDI=0x0000000000000300
R8 =0x00000000ffffff83, R9 =0x000000007ffe9000, R10=0x0000000000000001, R11=0x0000005b202efbf3
R12=0x0000000000000000, R13=0x0000021e5e36b0d0, R14=0x0000000000000020, R15=0x0000000000000000
RIP=0x00007ffa3f951f3b, EFLAGS=0x0000000000010297

XMM[0]=0x0000000000a2a031 0x000000000001a14d
XMM[1]=0x0000000000000000 0x00007ffa40177300
XMM[2]=0x6465737520746f6e 0x203a746e6172746e
XMM[3]=0x0000000000001025 0xffffffff00000000
XMM[4]=0x00000c2000000001 0x000000000000101c
XMM[5]=0x00000dac00000001 0x000000000000100d
XMM[6]=0x0000000000000000 0x0000000000000000
XMM[7]=0x0000000000000000 0x0000000000000000
XMM[8]=0x0000000000000000 0x0000000000000000
XMM[9]=0x0000000000000000 0x0000000000000000
XMM[10]=0x0000000000000000 0x0000000000000000
XMM[11]=0x0000000000000000 0x0000000000000000
XMM[12]=0x0000000000000000 0x0000000000000000
XMM[13]=0x0000000000000000 0x0000000000000000
XMM[14]=0x0000000000000000 0x0000000000000000
XMM[15]=0x0000000000000000 0x0000000000000000
  MXCSR=0x00001fa0


Register to memory mapping:

RAX=0x0000021e640d2cc8 points into unknown readable memory: 0x0000021e6465a5f0 | f0 a5 65 64 1e 02 00 00
RBX=0x0000000000000060 is an unknown value
RCX=0x00000216633916a8 is an unknown value
RDX=0x000000000000ffff is an unknown value
RSP=0x0000006deaafeef0 is pointing into the stack for thread: 0x0000021e5e397db0
RBP=0x0000000000000048 is an unknown value
RSI=0x0000021e5e5afaf8 points into unknown readable memory: 0x0000006deaaff208 | 08 f2 af ea 6d 00 00 00
RDI=0x0000000000000300 is an unknown value
R8 =0x00000000ffffff83 is an unknown value
R9 =0x000000007ffe9000 points into unknown readable memory: 0x0000000000000001 | 01 00 00 00 00 00 00 00
R10=0x0000000000000001 is an unknown value
R11=0x0000005b202efbf3 is an unknown value
R12=0x0 is null
R13=0x0000021e5e36b0d0 points into unknown readable memory: 0x0000000000000000 | 00 00 00 00 00 00 00 00
R14=0x0000000000000020 is an unknown value
R15=0x0 is null

Top of Stack: (sp=0x0000006deaafeef0)
0x0000006deaafeef0:   0000000000a4411d 0000000104ab3385   .A.......3......
0x0000006deaafef00:   0000006deaaff128 00007ffa3fff3a59   (...m...Y:.?....
0x0000006deaafef10:   0000006deaaff200 00007ffa3f93a6a9   ....m......?....
0x0000006deaafef20:   0000021e5e397db0 0000021e5e397db0   .}9^.....}9^....
0x0000006deaafef30:   000000000001a14d 0000000000a2a031   M.......1.......
0x0000006deaafef40:   0000000000000000 0000021e5e397db0   .........}9^....
0x0000006deaafef50:   0000006deaaff060 00007ffa3f9afebb   `...m......?....
0x0000006deaafef60:   0000021e3e8214f0 0000021e5e22a770   ...>....p."^....
0x0000006deaafef70:   0000021e3e8214f0 0000021e5e3985e0   ...>......9^....
0x0000006deaafef80:   0000021e5e398501 0000021e5e36b0d0   ..9^......6^....
0x0000006deaafef90:   0000000000000000 0000000000000000   ................
0x0000006deaafefa0:   0000000000000000 0000000000000000   ................
0x0000006deaafefb0:   ffffffff00000000 000000005e381600   ..........8^....
0x0000006deaafefc0:   0000021e6465a610 0000000000000000   ..ed............
0x0000006deaafefd0:   0000021e5e36b0d0 0000000000000004   ..6^............
0x0000006deaafefe0:   0000021e3e8214f0 00000000000003d8   ...>............
0x0000006deaafeff0:   0000000000000000 0000021e5e381780   ..........8^....
0x0000006deaaff000:   0000021e5e3985d8 0000000000000000   ..9^............
0x0000006deaaff010:   000000008d237860 0000021e5e397db0   `x#......}9^....
0x0000006deaaff020:   0000000000000000 0000000000000000   ................
0x0000006deaaff030:   000000000000094d 000000008d1ab118   M...............
0x0000006deaaff040:   0000021e5e397db0 000000000001a14d   .}9^....M.......
0x0000006deaaff050:   0000000000000000 0000000000000000   ................
0x0000006deaaff060:   0000021e5e3985c0 00000000000003d8   ..9^............
0x0000006deaaff070:   0000021e5e3985d8 0000021e5e3989b0   ..9^......9^....
0x0000006deaaff080:   0000000000000000 0000000000000000   ................
0x0000006deaaff090:   0000000000000000 0000000000000000   ................
0x0000006deaaff0a0:   0000006deaafdee0 0000021e5e3e7618   ....m....v>^....
0x0000006deaaff0b0:   0000021e5e3e7690 0000021e5e3e76a8   .v>^.....v>^....
0x0000006deaaff0c0:   0000000200000000 0000021e5e398648   ........H.9^....
0x0000006deaaff0d0:   0000000000000000 0000000200000000   ................
0x0000006deaaff0e0:   0000021e5e398658 0000000000000000   X.9^............

Instructions: (pc=0x00007ffa3f951f3b)
  0x00007ffa3f951e3b:   7e 37 48 89 7c 24 30 8b fb 0f 1f 40 00 0f 1f 84
  0x00007ffa3f951e4b:   00 00 00 00 00 48 8b 46 10 49 8b ce 48 8b 14 38
  0x00007ffa3f951e5b:   49 8b 06 48 8b 52 10 ff 10 ff c3 48 8d 7f 08 3b
  0x00007ffa3f951e6b:   5e 08 7c e1 48 8b 7c 24 30 48 8b 5c 24 38 48 8b
  0x00007ffa3f951e7b:   74 24 40 48 83 c4 20 41 5e c3 cc cc cc cc cc cc
  0x00007ffa3f951e8b:   cc cc cc cc cc 40 57 48 83 ec 20 80 3d 0a a1 ad
  0x00007ffa3f951e9b:   00 00 48 8b fa 74 5f 65 48 8b 04 25 58 00 00 00
  0x00007ffa3f951eab:   8b 0d 4b 5a b3 00 48 89 5c 24 30 48 8b 1c c8 b8
  0x00007ffa3f951ebb:   48 00 00 00 80 3c 18 00 75 05 e8 8e 5b 77 00 b8
  0x00007ffa3f951ecb:   20 00 00 00 48 8b 04 18 48 8b 5c 24 30 48 8b 90
  0x00007ffa3f951edb:   b8 07 00 00 48 8b 4a 70 48 85 c9 74 19 48 8b 89
  0x00007ffa3f951eeb:   98 00 00 00 48 85 c9 74 0d 4c 8b c7 48 83 c4 20
  0x00007ffa3f951efb:   5f e9 6f 4b 6a 00 48 83 c4 20 5f c3 cc cc cc cc
  0x00007ffa3f951f0b:   cc cc cc cc cc 48 89 5c 24 10 56 48 83 ec 20 33
  0x00007ffa3f951f1b:   db 48 8b f1 39 99 80 00 00 00 7e 30 48 89 7c 24
  0x00007ffa3f951f2b:   30 8b fb 66 90 48 8b 86 88 00 00 00 48 8b 0c 38
=>0x00007ffa3f951f3b:   48 8b 49 10 e8 5c 59 65 00 ff c3 48 8d 7f 08 3b
  0x00007ffa3f951f4b:   9e 80 00 00 00 7c de 48 8b 7c 24 30 48 8b 5c 24
  0x00007ffa3f951f5b:   38 48 83 c4 20 5e c3 cc cc cc cc cc cc cc cc cc
  0x00007ffa3f951f6b:   cc cc cc cc cc 48 8d 05 29 9c 84 00 c3 cc cc cc
  0x00007ffa3f951f7b:   cc cc cc cc cc 48 8d 05 99 98 84 00 c3 cc cc cc
  0x00007ffa3f951f8b:   cc cc cc cc cc 48 8d 05 69 9b 84 00 c3 cc cc cc
  0x00007ffa3f951f9b:   cc cc cc cc cc 48 8d 05 91 9c 84 00 c3 cc cc cc
  0x00007ffa3f951fab:   cc cc cc cc cc 48 8d 05 21 9d 84 00 c3 cc cc cc
  0x00007ffa3f951fbb:   cc cc cc cc cc 48 63 c1 48 8d 0d 06 c3 ac 00 48
  0x00007ffa3f951fcb:   8b 04 c1 c3 cc 48 89 5c 24 08 48 89 6c 24 10 48
  0x00007ffa3f951fdb:   89 74 24 18 57 48 83 ec 20 48 8b f2 48 8b f9 33
  0x00007ffa3f951feb:   ed ba 08 00 00 00 48 89 69 10 49 8b d8 b9 02 00
  0x00007ffa3f951ffb:   00 00 e8 3e 7f 1c 00 89 6f 20 0f 57 c0 c7 47 24
  0x00007ffa3f95200b:   02 00 00 00 ba 08 00 00 00 48 89 47 28 b9 02 00
  0x00007ffa3f95201b:   00 00 0f 11 00 48 89 6f 30 e8 17 7f 1c 00 89 6f
  0x00007ffa3f95202b:   38 0f 57 c0 c7 47 3c 02 00 00 00 ba 08 00 00 00


Stack slot to memory mapping:

stack at sp + 0 slots: 0x0000000000a4411d is an unknown value
stack at sp + 1 slots: 0x0000000104ab3385 is an unknown value
stack at sp + 2 slots: 0x0000006deaaff128 is pointing into the stack for thread: 0x0000021e5e397db0
stack at sp + 3 slots: 0x00007ffa3fff3a59 jvm.dll
stack at sp + 4 slots: 0x0000006deaaff200 is pointing into the stack for thread: 0x0000021e5e397db0
stack at sp + 5 slots: 0x00007ffa3f93a6a9 jvm.dll
stack at sp + 6 slots: 0x0000021e5e397db0 is a thread
stack at sp + 7 slots: 0x0000021e5e397db0 is a thread

Lock stack of current Java thread (top to bottom):


---------------  P R O C E S S  ---------------

Threads class SMR info:
_java_thread_list=0x0000021e638608f0, length=15, elements={
0x0000021e3e81da80, 0x0000021e5e382ce0, 0x0000021e5e383740, 0x0000021e5e386b10,
0x0000021e5e388cf0, 0x0000021e5e389ec0, 0x0000021e5e38ae90, 0x0000021e5e397db0,
0x0000021e5e39c290, 0x0000021e5e57ac30, 0x0000021e5e5a2660, 0x0000021e5e64cdf0,
0x0000021e5e80d440, 0x0000021e6398c8b0, 0x0000021e63d41440
}

Java Threads: ( => current thread )
  0x0000021e3e81da80 JavaThread "main"                              [_thread_blocked, id=15404, stack(0x0000006de9c00000,0x0000006de9d00000) (1024K)]
  0x0000021e5e382ce0 JavaThread "Reference Handler"          daemon [_thread_blocked, id=11732, stack(0x0000006dea400000,0x0000006dea500000) (1024K)]
  0x0000021e5e383740 JavaThread "Finalizer"                  daemon [_thread_blocked, id=11444, stack(0x0000006dea500000,0x0000006dea600000) (1024K)]
  0x0000021e5e386b10 JavaThread "Signal Dispatcher"          daemon [_thread_blocked, id=18512, stack(0x0000006dea600000,0x0000006dea700000) (1024K)]
  0x0000021e5e388cf0 JavaThread "Attach Listener"            daemon [_thread_blocked, id=13100, stack(0x0000006dea700000,0x0000006dea800000) (1024K)]
  0x0000021e5e389ec0 JavaThread "Service Thread"             daemon [_thread_blocked, id=7336, stack(0x0000006dea800000,0x0000006dea900000) (1024K)]
  0x0000021e5e38ae90 JavaThread "Monitor Deflation Thread"   daemon [_thread_blocked, id=20104, stack(0x0000006dea900000,0x0000006deaa00000) (1024K)]
=>0x0000021e5e397db0 JavaThread "C2 CompilerThread0"         daemon [_thread_in_vm, id=14396, stack(0x0000006deaa00000,0x0000006deab00000) (1024K)]
  0x0000021e5e39c290 JavaThread "C1 CompilerThread0"         daemon [_thread_in_vm, id=15656, stack(0x0000006deab00000,0x0000006deac00000) (1024K)]
  0x0000021e5e57ac30 JavaThread "Common-Cleaner"             daemon [_thread_blocked, id=18824, stack(0x0000006deac00000,0x0000006dead00000) (1024K)]
  0x0000021e5e5a2660 JavaThread "C2 CompilerThread1"         daemon [_thread_blocked, id=17384, stack(0x0000006dead00000,0x0000006deae00000) (1024K)]
  0x0000021e5e64cdf0 JavaThread "Monitor Ctrl-Break"         daemon [_thread_in_native, id=14612, stack(0x0000006deae00000,0x0000006deaf00000) (1024K)]
  0x0000021e5e80d440 JavaThread "Notification Thread"        daemon [_thread_blocked, id=20176, stack(0x0000006deaf00000,0x0000006deb000000) (1024K)]
  0x0000021e6398c8b0 JavaThread "C2 CompilerThread2"         daemon [_thread_blocked, id=20904, stack(0x0000006deb000000,0x0000006deb100000) (1024K)]
  0x0000021e63d41440 JavaThread "background-preinit"                [_thread_in_Java, id=7956, stack(0x0000006deb600000,0x0000006deb700000) (1024K)]
Total: 15

Other Threads:
  0x0000021e5e239070 VMThread "VM Thread"                           [id=11768, stack(0x0000006dea300000,0x0000006dea400000) (1024K)]
  0x0000021e5e361ce0 WatcherThread "VM Periodic Task Thread"        [id=21276, stack(0x0000006dea200000,0x0000006dea300000) (1024K)]
  0x0000021e3e887900 WorkerThread "GC Thread#0"                     [id=15712, stack(0x0000006de9d00000,0x0000006de9e00000) (1024K)]
  0x0000021e5e2394c0 WorkerThread "GC Thread#1"                     [id=19472, stack(0x0000006deb100000,0x0000006deb200000) (1024K)]
  0x0000021e5e23a600 WorkerThread "GC Thread#2"                     [id=21320, stack(0x0000006deb200000,0x0000006deb300000) (1024K)]
  0x0000021e5e23b2f0 WorkerThread "GC Thread#3"                     [id=7524, stack(0x0000006deb300000,0x0000006deb400000) (1024K)]
  0x0000021e5e238c20 WorkerThread "GC Thread#4"                     [id=2720, stack(0x0000006deb400000,0x0000006deb500000) (1024K)]
  0x0000021e5e23aa50 WorkerThread "GC Thread#5"                     [id=15788, stack(0x0000006deb500000,0x0000006deb600000) (1024K)]
  0x0000021e3e8a0990 ConcurrentGCThread "G1 Main Marker"            [id=21044, stack(0x0000006de9e00000,0x0000006de9f00000) (1024K)]
  0x0000021e3e8a1cd0 WorkerThread "G1 Conc#0"                       [id=16912, stack(0x0000006de9f00000,0x0000006dea000000) (1024K)]
  0x0000021e5e22bd90 ConcurrentGCThread "G1 Refine#0"               [id=17464, stack(0x0000006dea000000,0x0000006dea100000) (1024K)]
  0x0000021e5e22c8a0 ConcurrentGCThread "G1 Service"                [id=22512, stack(0x0000006dea100000,0x0000006dea200000) (1024K)]
Total: 12

Threads with active compile tasks:
C2 CompilerThread0  1140 2381       4       java.util.HashSet::add (20 bytes)
Total: 1

VM state: not at safepoint (normal execution)

VM Mutex/Monitor currently owned by a thread: None

Heap address: 0x0000000701200000, size: 4078 MB, Compressed Oops mode: Zero based, Oop shift amount: 3

CDS archive(s) mapped at: [0x000000008d000000-0x000000008ddd0000-0x000000008ddd0000), size 14483456, SharedBaseAddress: 0x000000008d000000, ArchiveRelocationMode: 1.
Compressed class space mapped at: 0x000000008e000000-0x00000000ce000000, reserved size: 1073741824
UseCompressedClassPointers 1, UseCompactObjectHeaders 0
Narrow klass pointer bits 32, Max shift 3
Narrow klass base: 0x000000008d000000, Narrow klass shift: 0
Encoding Range: [0x000000008d000000 - 0x000000018d000000), (4294967296 bytes)
Klass Range:    [0x000000008d010000 - 0x00000000ce000000), (1090453504 bytes)
Klass ID Range:  [65536 - 1090519033) (1090453497)
Protection zone: [0x000000008d000000 - 0x000000008d010000), (65536 bytes)

GC Precious Log:
 CardTable entry size: 512
 Card Set container configuration: InlinePtr #cards 4 size 8 Array Of Cards #cards 16 size 48 Howl #buckets 8 coarsen threshold 3686 Howl Bitmap #cards 512 size 80 coarsen threshold 460 Card regions per heap region 1 cards per card region 4096
 CPUs: 12 total, 12 available
 Memory: 16310M
 Large Page Support: Disabled
 NUMA Support: Disabled
 Compressed Oops: Enabled (Zero based)
 Heap Region Size: 2M
 Heap Min Capacity: 8M
 Heap Initial Capacity: 256M
 Heap Max Capacity: 4078M
 Pre-touch: Disabled
 Parallel Workers: 10
 Concurrent Workers: 3
 Concurrent Refinement Workers: 10
 Periodic GC: Disabled

Heap:
 garbage-first heap   total reserved 4175872K, committed 264192K, used 43573K [0x0000000701200000, 0x0000000800000000)
  region size 2048K, 20 young (40960K), 3 survivors (6144K)

Heap Regions: E=young(eden), S=young(survivor), O=old, HS=humongous(starts), HC=humongous(continues), CS=collection set, F=free, TAMS=top-at-mark-start, PB=parsable bottom
|   0|0x0000000701200000, 0x0000000701400000, 0x0000000701400000|100%| O|  |TAMS 0x0000000701200000| PB 0x0000000701200000| Untracked |  0
|   1|0x0000000701400000, 0x0000000701567dc0, 0x0000000701600000| 70%| O|  |TAMS 0x0000000701400000| PB 0x0000000701400000| Untracked |  0
|   2|0x0000000701600000, 0x0000000701600000, 0x0000000701800000|  0%| F|  |TAMS 0x0000000701600000| PB 0x0000000701600000| Untracked |  0
|   3|0x0000000701800000, 0x0000000701800000, 0x0000000701a00000|  0%| F|  |TAMS 0x0000000701800000| PB 0x0000000701800000| Untracked |  0
|   4|0x0000000701a00000, 0x0000000701a00000, 0x0000000701c00000|  0%| F|  |TAMS 0x0000000701a00000| PB 0x0000000701a00000| Untracked |  0
|   5|0x0000000701c00000, 0x0000000701c00000, 0x0000000701e00000|  0%| F|  |TAMS 0x0000000701c00000| PB 0x0000000701c00000| Untracked |  0
|   6|0x0000000701e00000, 0x0000000701e00000, 0x0000000702000000|  0%| F|  |TAMS 0x0000000701e00000| PB 0x0000000701e00000| Untracked |  0
|   7|0x0000000702000000, 0x0000000702000000, 0x0000000702200000|  0%| F|  |TAMS 0x0000000702000000| PB 0x0000000702000000| Untracked |  0
|   8|0x0000000702200000, 0x0000000702200000, 0x0000000702400000|  0%| F|  |TAMS 0x0000000702200000| PB 0x0000000702200000| Untracked |  0
|   9|0x0000000702400000, 0x0000000702400000, 0x0000000702600000|  0%| F|  |TAMS 0x0000000702400000| PB 0x0000000702400000| Untracked |  0
|  10|0x0000000702600000, 0x0000000702600000, 0x0000000702800000|  0%| F|  |TAMS 0x0000000702600000| PB 0x0000000702600000| Untracked |  0
|  11|0x0000000702800000, 0x0000000702800000, 0x0000000702a00000|  0%| F|  |TAMS 0x0000000702800000| PB 0x0000000702800000| Untracked |  0
|  12|0x0000000702a00000, 0x0000000702a00000, 0x0000000702c00000|  0%| F|  |TAMS 0x0000000702a00000| PB 0x0000000702a00000| Untracked |  0
|  13|0x0000000702c00000, 0x0000000702c00000, 0x0000000702e00000|  0%| F|  |TAMS 0x0000000702c00000| PB 0x0000000702c00000| Untracked |  0
|  14|0x0000000702e00000, 0x0000000702e00000, 0x0000000703000000|  0%| F|  |TAMS 0x0000000702e00000| PB 0x0000000702e00000| Untracked |  0
|  15|0x0000000703000000, 0x0000000703000000, 0x0000000703200000|  0%| F|  |TAMS 0x0000000703000000| PB 0x0000000703000000| Untracked |  0
|  16|0x0000000703200000, 0x0000000703200000, 0x0000000703400000|  0%| F|  |TAMS 0x0000000703200000| PB 0x0000000703200000| Untracked |  0
|  17|0x0000000703400000, 0x0000000703400000, 0x0000000703600000|  0%| F|  |TAMS 0x0000000703400000| PB 0x0000000703400000| Untracked |  0
|  18|0x0000000703600000, 0x0000000703600000, 0x0000000703800000|  0%| F|  |TAMS 0x0000000703600000| PB 0x0000000703600000| Untracked |  0
|  19|0x0000000703800000, 0x0000000703800000, 0x0000000703a00000|  0%| F|  |TAMS 0x0000000703800000| PB 0x0000000703800000| Untracked |  0
|  20|0x0000000703a00000, 0x0000000703a00000, 0x0000000703c00000|  0%| F|  |TAMS 0x0000000703a00000| PB 0x0000000703a00000| Untracked |  0
|  21|0x0000000703c00000, 0x0000000703c00000, 0x0000000703e00000|  0%| F|  |TAMS 0x0000000703c00000| PB 0x0000000703c00000| Untracked |  0
|  22|0x0000000703e00000, 0x0000000703e00000, 0x0000000704000000|  0%| F|  |TAMS 0x0000000703e00000| PB 0x0000000703e00000| Untracked |  0
|  23|0x0000000704000000, 0x0000000704000000, 0x0000000704200000|  0%| F|  |TAMS 0x0000000704000000| PB 0x0000000704000000| Untracked |  0
|  24|0x0000000704200000, 0x0000000704200000, 0x0000000704400000|  0%| F|  |TAMS 0x0000000704200000| PB 0x0000000704200000| Untracked |  0
|  25|0x0000000704400000, 0x0000000704400000, 0x0000000704600000|  0%| F|  |TAMS 0x0000000704400000| PB 0x0000000704400000| Untracked |  0
|  26|0x0000000704600000, 0x0000000704600000, 0x0000000704800000|  0%| F|  |TAMS 0x0000000704600000| PB 0x0000000704600000| Untracked |  0
|  27|0x0000000704800000, 0x0000000704800000, 0x0000000704a00000|  0%| F|  |TAMS 0x0000000704800000| PB 0x0000000704800000| Untracked |  0
|  28|0x0000000704a00000, 0x0000000704a00000, 0x0000000704c00000|  0%| F|  |TAMS 0x0000000704a00000| PB 0x0000000704a00000| Untracked |  0
|  29|0x0000000704c00000, 0x0000000704c00000, 0x0000000704e00000|  0%| F|  |TAMS 0x0000000704c00000| PB 0x0000000704c00000| Untracked |  0
|  30|0x0000000704e00000, 0x0000000704e00000, 0x0000000705000000|  0%| F|  |TAMS 0x0000000704e00000| PB 0x0000000704e00000| Untracked |  0
|  31|0x0000000705000000, 0x0000000705000000, 0x0000000705200000|  0%| F|  |TAMS 0x0000000705000000| PB 0x0000000705000000| Untracked |  0
|  32|0x0000000705200000, 0x0000000705200000, 0x0000000705400000|  0%| F|  |TAMS 0x0000000705200000| PB 0x0000000705200000| Untracked |  0
|  33|0x0000000705400000, 0x0000000705400000, 0x0000000705600000|  0%| F|  |TAMS 0x0000000705400000| PB 0x0000000705400000| Untracked |  0
|  34|0x0000000705600000, 0x0000000705600000, 0x0000000705800000|  0%| F|  |TAMS 0x0000000705600000| PB 0x0000000705600000| Untracked |  0
|  35|0x0000000705800000, 0x0000000705800000, 0x0000000705a00000|  0%| F|  |TAMS 0x0000000705800000| PB 0x0000000705800000| Untracked |  0
|  36|0x0000000705a00000, 0x0000000705a00000, 0x0000000705c00000|  0%| F|  |TAMS 0x0000000705a00000| PB 0x0000000705a00000| Untracked |  0
|  37|0x0000000705c00000, 0x0000000705c00000, 0x0000000705e00000|  0%| F|  |TAMS 0x0000000705c00000| PB 0x0000000705c00000| Untracked |  0
|  38|0x0000000705e00000, 0x0000000705e00000, 0x0000000706000000|  0%| F|  |TAMS 0x0000000705e00000| PB 0x0000000705e00000| Untracked |  0
|  39|0x0000000706000000, 0x0000000706000000, 0x0000000706200000|  0%| F|  |TAMS 0x0000000706000000| PB 0x0000000706000000| Untracked |  0
|  40|0x0000000706200000, 0x0000000706200000, 0x0000000706400000|  0%| F|  |TAMS 0x0000000706200000| PB 0x0000000706200000| Untracked |  0
|  41|0x0000000706400000, 0x0000000706400000, 0x0000000706600000|  0%| F|  |TAMS 0x0000000706400000| PB 0x0000000706400000| Untracked |  0
|  42|0x0000000706600000, 0x0000000706600000, 0x0000000706800000|  0%| F|  |TAMS 0x0000000706600000| PB 0x0000000706600000| Untracked |  0
|  43|0x0000000706800000, 0x0000000706800000, 0x0000000706a00000|  0%| F|  |TAMS 0x0000000706800000| PB 0x0000000706800000| Untracked |  0
|  44|0x0000000706a00000, 0x0000000706a00000, 0x0000000706c00000|  0%| F|  |TAMS 0x0000000706a00000| PB 0x0000000706a00000| Untracked |  0
|  45|0x0000000706c00000, 0x0000000706c00000, 0x0000000706e00000|  0%| F|  |TAMS 0x0000000706c00000| PB 0x0000000706c00000| Untracked |  0
|  46|0x0000000706e00000, 0x0000000706e00000, 0x0000000707000000|  0%| F|  |TAMS 0x0000000706e00000| PB 0x0000000706e00000| Untracked |  0
|  47|0x0000000707000000, 0x0000000707000000, 0x0000000707200000|  0%| F|  |TAMS 0x0000000707000000| PB 0x0000000707000000| Untracked |  0
|  48|0x0000000707200000, 0x0000000707200000, 0x0000000707400000|  0%| F|  |TAMS 0x0000000707200000| PB 0x0000000707200000| Untracked |  0
|  49|0x0000000707400000, 0x0000000707400000, 0x0000000707600000|  0%| F|  |TAMS 0x0000000707400000| PB 0x0000000707400000| Untracked |  0
|  50|0x0000000707600000, 0x0000000707600000, 0x0000000707800000|  0%| F|  |TAMS 0x0000000707600000| PB 0x0000000707600000| Untracked |  0
|  51|0x0000000707800000, 0x0000000707800000, 0x0000000707a00000|  0%| F|  |TAMS 0x0000000707800000| PB 0x0000000707800000| Untracked |  0
|  52|0x0000000707a00000, 0x0000000707a00000, 0x0000000707c00000|  0%| F|  |TAMS 0x0000000707a00000| PB 0x0000000707a00000| Untracked |  0
|  53|0x0000000707c00000, 0x0000000707c00000, 0x0000000707e00000|  0%| F|  |TAMS 0x0000000707c00000| PB 0x0000000707c00000| Untracked |  0
|  54|0x0000000707e00000, 0x0000000707e00000, 0x0000000708000000|  0%| F|  |TAMS 0x0000000707e00000| PB 0x0000000707e00000| Untracked |  0
|  55|0x0000000708000000, 0x0000000708000000, 0x0000000708200000|  0%| F|  |TAMS 0x0000000708000000| PB 0x0000000708000000| Untracked |  0
|  56|0x0000000708200000, 0x0000000708200000, 0x0000000708400000|  0%| F|  |TAMS 0x0000000708200000| PB 0x0000000708200000| Untracked |  0
|  57|0x0000000708400000, 0x0000000708400000, 0x0000000708600000|  0%| F|  |TAMS 0x0000000708400000| PB 0x0000000708400000| Untracked |  0
|  58|0x0000000708600000, 0x0000000708600000, 0x0000000708800000|  0%| F|  |TAMS 0x0000000708600000| PB 0x0000000708600000| Untracked |  0
|  59|0x0000000708800000, 0x0000000708800000, 0x0000000708a00000|  0%| F|  |TAMS 0x0000000708800000| PB 0x0000000708800000| Untracked |  0
|  60|0x0000000708a00000, 0x0000000708a00000, 0x0000000708c00000|  0%| F|  |TAMS 0x0000000708a00000| PB 0x0000000708a00000| Untracked |  0
|  61|0x0000000708c00000, 0x0000000708c00000, 0x0000000708e00000|  0%| F|  |TAMS 0x0000000708c00000| PB 0x0000000708c00000| Untracked |  0
|  62|0x0000000708e00000, 0x0000000708e00000, 0x0000000709000000|  0%| F|  |TAMS 0x0000000708e00000| PB 0x0000000708e00000| Untracked |  0
|  63|0x0000000709000000, 0x0000000709000000, 0x0000000709200000|  0%| F|  |TAMS 0x0000000709000000| PB 0x0000000709000000| Untracked |  0
|  64|0x0000000709200000, 0x0000000709200000, 0x0000000709400000|  0%| F|  |TAMS 0x0000000709200000| PB 0x0000000709200000| Untracked |  0
|  65|0x0000000709400000, 0x0000000709400000, 0x0000000709600000|  0%| F|  |TAMS 0x0000000709400000| PB 0x0000000709400000| Untracked |  0
|  66|0x0000000709600000, 0x0000000709600000, 0x0000000709800000|  0%| F|  |TAMS 0x0000000709600000| PB 0x0000000709600000| Untracked |  0
|  67|0x0000000709800000, 0x0000000709800000, 0x0000000709a00000|  0%| F|  |TAMS 0x0000000709800000| PB 0x0000000709800000| Untracked |  0
|  68|0x0000000709a00000, 0x0000000709a00000, 0x0000000709c00000|  0%| F|  |TAMS 0x0000000709a00000| PB 0x0000000709a00000| Untracked |  0
|  69|0x0000000709c00000, 0x0000000709c00000, 0x0000000709e00000|  0%| F|  |TAMS 0x0000000709c00000| PB 0x0000000709c00000| Untracked |  0
|  70|0x0000000709e00000, 0x0000000709e00000, 0x000000070a000000|  0%| F|  |TAMS 0x0000000709e00000| PB 0x0000000709e00000| Untracked |  0
|  71|0x000000070a000000, 0x000000070a000000, 0x000000070a200000|  0%| F|  |TAMS 0x000000070a000000| PB 0x000000070a000000| Untracked |  0
|  72|0x000000070a200000, 0x000000070a200000, 0x000000070a400000|  0%| F|  |TAMS 0x000000070a200000| PB 0x000000070a200000| Untracked |  0
|  73|0x000000070a400000, 0x000000070a400000, 0x000000070a600000|  0%| F|  |TAMS 0x000000070a400000| PB 0x000000070a400000| Untracked |  0
|  74|0x000000070a600000, 0x000000070a600000, 0x000000070a800000|  0%| F|  |TAMS 0x000000070a600000| PB 0x000000070a600000| Untracked |  0
|  75|0x000000070a800000, 0x000000070a800000, 0x000000070aa00000|  0%| F|  |TAMS 0x000000070a800000| PB 0x000000070a800000| Untracked |  0
|  76|0x000000070aa00000, 0x000000070aa00000, 0x000000070ac00000|  0%| F|  |TAMS 0x000000070aa00000| PB 0x000000070aa00000| Untracked |  0
|  77|0x000000070ac00000, 0x000000070ac00000, 0x000000070ae00000|  0%| F|  |TAMS 0x000000070ac00000| PB 0x000000070ac00000| Untracked |  0
|  78|0x000000070ae00000, 0x000000070ae00000, 0x000000070b000000|  0%| F|  |TAMS 0x000000070ae00000| PB 0x000000070ae00000| Untracked |  0
|  79|0x000000070b000000, 0x000000070b000000, 0x000000070b200000|  0%| F|  |TAMS 0x000000070b000000| PB 0x000000070b000000| Untracked |  0
|  80|0x000000070b200000, 0x000000070b200000, 0x000000070b400000|  0%| F|  |TAMS 0x000000070b200000| PB 0x000000070b200000| Untracked |  0
|  81|0x000000070b400000, 0x000000070b400000, 0x000000070b600000|  0%| F|  |TAMS 0x000000070b400000| PB 0x000000070b400000| Untracked |  0
|  82|0x000000070b600000, 0x000000070b600000, 0x000000070b800000|  0%| F|  |TAMS 0x000000070b600000| PB 0x000000070b600000| Untracked |  0
|  83|0x000000070b800000, 0x000000070b800000, 0x000000070ba00000|  0%| F|  |TAMS 0x000000070b800000| PB 0x000000070b800000| Untracked |  0
|  84|0x000000070ba00000, 0x000000070ba00000, 0x000000070bc00000|  0%| F|  |TAMS 0x000000070ba00000| PB 0x000000070ba00000| Untracked |  0
|  85|0x000000070bc00000, 0x000000070bc00000, 0x000000070be00000|  0%| F|  |TAMS 0x000000070bc00000| PB 0x000000070bc00000| Untracked |  0
|  86|0x000000070be00000, 0x000000070be00000, 0x000000070c000000|  0%| F|  |TAMS 0x000000070be00000| PB 0x000000070be00000| Untracked |  0
|  87|0x000000070c000000, 0x000000070c000000, 0x000000070c200000|  0%| F|  |TAMS 0x000000070c000000| PB 0x000000070c000000| Untracked |  0
|  88|0x000000070c200000, 0x000000070c200000, 0x000000070c400000|  0%| F|  |TAMS 0x000000070c200000| PB 0x000000070c200000| Untracked |  0
|  89|0x000000070c400000, 0x000000070c400000, 0x000000070c600000|  0%| F|  |TAMS 0x000000070c400000| PB 0x000000070c400000| Untracked |  0
|  90|0x000000070c600000, 0x000000070c600000, 0x000000070c800000|  0%| F|  |TAMS 0x000000070c600000| PB 0x000000070c600000| Untracked |  0
|  91|0x000000070c800000, 0x000000070c800000, 0x000000070ca00000|  0%| F|  |TAMS 0x000000070c800000| PB 0x000000070c800000| Untracked |  0
|  92|0x000000070ca00000, 0x000000070ca00000, 0x000000070cc00000|  0%| F|  |TAMS 0x000000070ca00000| PB 0x000000070ca00000| Untracked |  0
|  93|0x000000070cc00000, 0x000000070cc00000, 0x000000070ce00000|  0%| F|  |TAMS 0x000000070cc00000| PB 0x000000070cc00000| Untracked |  0
|  94|0x000000070ce00000, 0x000000070ce00000, 0x000000070d000000|  0%| F|  |TAMS 0x000000070ce00000| PB 0x000000070ce00000| Untracked |  0
|  95|0x000000070d000000, 0x000000070d000000, 0x000000070d200000|  0%| F|  |TAMS 0x000000070d000000| PB 0x000000070d000000| Untracked |  0
|  96|0x000000070d200000, 0x000000070d200000, 0x000000070d400000|  0%| F|  |TAMS 0x000000070d200000| PB 0x000000070d200000| Untracked |  0
|  97|0x000000070d400000, 0x000000070d400000, 0x000000070d600000|  0%| F|  |TAMS 0x000000070d400000| PB 0x000000070d400000| Untracked |  0
|  98|0x000000070d600000, 0x000000070d600000, 0x000000070d800000|  0%| F|  |TAMS 0x000000070d600000| PB 0x000000070d600000| Untracked |  0
|  99|0x000000070d800000, 0x000000070d800000, 0x000000070da00000|  0%| F|  |TAMS 0x000000070d800000| PB 0x000000070d800000| Untracked |  0
| 100|0x000000070da00000, 0x000000070da00000, 0x000000070dc00000|  0%| F|  |TAMS 0x000000070da00000| PB 0x000000070da00000| Untracked |  0
| 101|0x000000070dc00000, 0x000000070de00000, 0x000000070de00000|100%| S|CS|TAMS 0x000000070dc00000| PB 0x000000070dc00000| Complete |  0
| 102|0x000000070de00000, 0x000000070e000000, 0x000000070e000000|100%| S|CS|TAMS 0x000000070de00000| PB 0x000000070de00000| Complete |  0
| 103|0x000000070e000000, 0x000000070e200000, 0x000000070e200000|100%| S|CS|TAMS 0x000000070e000000| PB 0x000000070e000000| Complete |  0
| 104|0x000000070e200000, 0x000000070e200000, 0x000000070e400000|  0%| F|  |TAMS 0x000000070e200000| PB 0x000000070e200000| Untracked |  0
| 105|0x000000070e400000, 0x000000070e400000, 0x000000070e600000|  0%| F|  |TAMS 0x000000070e400000| PB 0x000000070e400000| Untracked |  0
| 106|0x000000070e600000, 0x000000070e600000, 0x000000070e800000|  0%| F|  |TAMS 0x000000070e600000| PB 0x000000070e600000| Untracked |  0
| 107|0x000000070e800000, 0x000000070e800000, 0x000000070ea00000|  0%| F|  |TAMS 0x000000070e800000| PB 0x000000070e800000| Untracked |  0
| 108|0x000000070ea00000, 0x000000070ea00000, 0x000000070ec00000|  0%| F|  |TAMS 0x000000070ea00000| PB 0x000000070ea00000| Untracked |  0
| 109|0x000000070ec00000, 0x000000070ec00000, 0x000000070ee00000|  0%| F|  |TAMS 0x000000070ec00000| PB 0x000000070ec00000| Untracked |  0
| 110|0x000000070ee00000, 0x000000070ee00000, 0x000000070f000000|  0%| F|  |TAMS 0x000000070ee00000| PB 0x000000070ee00000| Untracked |  0
| 111|0x000000070f000000, 0x000000070f0bc400, 0x000000070f200000| 36%| E|  |TAMS 0x000000070f000000| PB 0x000000070f000000| Complete |  0
| 112|0x000000070f200000, 0x000000070f400000, 0x000000070f400000|100%| E|CS|TAMS 0x000000070f200000| PB 0x000000070f200000| Complete |  0
| 113|0x000000070f400000, 0x000000070f600000, 0x000000070f600000|100%| E|CS|TAMS 0x000000070f400000| PB 0x000000070f400000| Complete |  0
| 114|0x000000070f600000, 0x000000070f800000, 0x000000070f800000|100%| E|CS|TAMS 0x000000070f600000| PB 0x000000070f600000| Complete |  0
| 115|0x000000070f800000, 0x000000070fa00000, 0x000000070fa00000|100%| E|CS|TAMS 0x000000070f800000| PB 0x000000070f800000| Complete |  0
| 116|0x000000070fa00000, 0x000000070fc00000, 0x000000070fc00000|100%| E|CS|TAMS 0x000000070fa00000| PB 0x000000070fa00000| Complete |  0
| 117|0x000000070fc00000, 0x000000070fe00000, 0x000000070fe00000|100%| E|CS|TAMS 0x000000070fc00000| PB 0x000000070fc00000| Complete |  0
| 118|0x000000070fe00000, 0x0000000710000000, 0x0000000710000000|100%| E|CS|TAMS 0x000000070fe00000| PB 0x000000070fe00000| Complete |  0
| 119|0x0000000710000000, 0x0000000710200000, 0x0000000710200000|100%| E|CS|TAMS 0x0000000710000000| PB 0x0000000710000000| Complete |  0
| 120|0x0000000710200000, 0x0000000710400000, 0x0000000710400000|100%| E|CS|TAMS 0x0000000710200000| PB 0x0000000710200000| Complete |  0
| 121|0x0000000710400000, 0x0000000710600000, 0x0000000710600000|100%| E|CS|TAMS 0x0000000710400000| PB 0x0000000710400000| Complete |  0
| 122|0x0000000710600000, 0x0000000710800000, 0x0000000710800000|100%| E|CS|TAMS 0x0000000710600000| PB 0x0000000710600000| Complete |  0
| 123|0x0000000710800000, 0x0000000710a00000, 0x0000000710a00000|100%| E|CS|TAMS 0x0000000710800000| PB 0x0000000710800000| Complete |  0
| 124|0x0000000710a00000, 0x0000000710c00000, 0x0000000710c00000|100%| E|CS|TAMS 0x0000000710a00000| PB 0x0000000710a00000| Complete |  0
| 125|0x0000000710c00000, 0x0000000710e00000, 0x0000000710e00000|100%| E|CS|TAMS 0x0000000710c00000| PB 0x0000000710c00000| Complete |  0
| 126|0x0000000710e00000, 0x0000000711000000, 0x0000000711000000|100%| E|CS|TAMS 0x0000000710e00000| PB 0x0000000710e00000| Complete |  0
| 127|0x0000000711000000, 0x0000000711200000, 0x0000000711200000|100%| E|CS|TAMS 0x0000000711000000| PB 0x0000000711000000| Complete |  0
|2038|0x00000007ffe00000, 0x00000007fff257b8, 0x0000000800000000| 57%| O|  |TAMS 0x00000007ffe00000| PB 0x00000007ffe00000| Untracked |  0

Card table byte_map: [0x0000021e56f20000,0x0000021e57720000] _byte_map_base: 0x0000021e53717000

Marking Bits: (CMBitMap*) 0x0000021e3e888090
 Bits: [0x0000021e57720000, 0x0000021e5b6d8000)

Polling page: 0x0000021e3dff0000

Metaspace:
Metaspace        used 17269K, committed 17536K, reserved 1114112K
 class space     used 2172K, committed 2304K, reserved 1048576K

Usage:
  Non-class:     14.74 MB used.
      Class:      2.12 MB used.
       Both:     16.87 MB used.

Virtual space:
  Non-class space:       64.00 MB reserved,      14.88 MB ( 23%) committed,  1 nodes.
      Class space:        1.00 GB reserved,       2.25 MB ( <1%) committed,  1 nodes.
             Both:        1.06 GB reserved,      17.12 MB (  2%) committed. 

Chunk freelists:
   Non-Class:  784.00 KB
       Class:  13.73 MB
        Both:  14.50 MB

MaxMetaspaceSize: unlimited
CompressedClassSpaceSize: 1.00 GB
Initial GC threshold: 21.00 MB
Current GC threshold: 21.00 MB
CDS: on
 - commit_granule_bytes: 65536.
 - commit_granule_words: 8192.
 - virtual_space_node_default_size: 8388608.
 - enlarge_chunks_in_place: 1.
UseCompressedClassPointers 1, UseCompactObjectHeaders 0
Narrow klass pointer bits 32, Max shift 3
Narrow klass base: 0x000000008d000000, Narrow klass shift: 0
Encoding Range: [0x000000008d000000 - 0x000000018d000000), (4294967296 bytes)
Klass Range:    [0x000000008d010000 - 0x00000000ce000000), (1090453504 bytes)
Klass ID Range:  [65536 - 1090519033) (1090453497)
Protection zone: [0x000000008d000000 - 0x000000008d010000), (65536 bytes)


Internal statistics:

num_allocs_failed_limit: 0.
num_arena_births: 220.
num_arena_deaths: 0.
num_vsnodes_births: 2.
num_vsnodes_deaths: 0.
num_space_committed: 274.
num_space_uncommitted: 0.
num_chunks_returned_to_freelist: 0.
num_chunks_taken_from_freelist: 737.
num_chunk_merges: 0.
num_chunk_splits: 504.
num_chunks_enlarged: 386.
num_inconsistent_stats: 0.

CodeHeap 'non-profiled nmethods': size=120064Kb used=875Kb max_used=875Kb free=119188Kb
 bounds [0x0000021e4eb70000, 0x0000021e4ede0000, 0x0000021e560b0000]
CodeHeap 'profiled nmethods': size=120000Kb used=3761Kb max_used=3761Kb free=116238Kb
 bounds [0x0000021e470b0000, 0x0000021e47460000, 0x0000021e4e5e0000]
CodeHeap 'non-nmethods': size=5696Kb used=1418Kb max_used=1443Kb free=4278Kb
 bounds [0x0000021e4e5e0000, 0x0000021e4e850000, 0x0000021e4eb70000]
CodeCache: size=245760Kb, used=6054Kb, max_used=6079Kb, free=239704Kb
 total_blobs=3065, nmethods=2519, adapters=449, full_count=0
Compilation: enabled, stopped_count=0, restarted_count=0

Compilation events (20 events):
Event: 1.068 Thread 0x0000021e5e5a2660 nmethod 2364 0x0000021e4ec3e408 code [0x0000021e4ec3e520, 0x0000021e4ec3f210]
Event: 1.069 Thread 0x0000021e5e39c290 2382       3       java.lang.invoke.VarHandleReferences$FieldInstanceReadWrite::compareAndSet (48 bytes)
Event: 1.069 Thread 0x0000021e5e39c290 nmethod 2382 0x0000021e4740bc88 code [0x0000021e4740bd80, 0x0000021e4740ca48]
Event: 1.070 Thread 0x0000021e5e39c290 2386       3       jdk.internal.classfile.impl.Util::entryList (53 bytes)
Event: 1.070 Thread 0x0000021e5e39c290 nmethod 2386 0x0000021e4740ca88 code [0x0000021e4740cb80, 0x0000021e4740d360]
Event: 1.070 Thread 0x0000021e5e39c290 2384       3       java.lang.invoke.InnerClassLambdaMetafactory$1::accept (244 bytes)
Event: 1.071 Thread 0x0000021e5e39c290 nmethod 2384 0x0000021e4740d388 code [0x0000021e4740d480, 0x0000021e4740f620]
Event: 1.071 Thread 0x0000021e5e39c290 2389       3       java.lang.Math::abs (13 bytes)
Event: 1.071 Thread 0x0000021e5e39c290 nmethod 2389 0x0000021e4740f688 code [0x0000021e4740f780, 0x0000021e4740f8e0]
Event: 1.071 Thread 0x0000021e5e39c290 2383       3       java.lang.invoke.InnerClassLambdaMetafactory$1::accept (9 bytes)
Event: 1.072 Thread 0x0000021e5e39c290 nmethod 2383 0x0000021e4740f988 code [0x0000021e4740fa80, 0x0000021e4740fcb8]
Event: 1.072 Thread 0x0000021e5e39c290 2385       3       java.lang.classfile.ClassBuilder::withInterfaceSymbols (11 bytes)
Event: 1.072 Thread 0x0000021e5e39c290 nmethod 2385 0x0000021e4740fd08 code [0x0000021e4740fe00, 0x0000021e47410560]
Event: 1.072 Thread 0x0000021e5e39c290 2387       3       java.util.ImmutableCollections$Access$1::listFromTrustedArray (5 bytes)
Event: 1.072 Thread 0x0000021e5e39c290 nmethod 2387 0x0000021e47410588 code [0x0000021e47410680, 0x0000021e474107b0]
Event: 1.072 Thread 0x0000021e5e39c290 2388       3       java.lang.invoke.InnerClassLambdaMetafactory::generateConstructor (24 bytes)
Event: 1.072 Thread 0x0000021e5e39c290 nmethod 2388 0x0000021e47410888 code [0x0000021e47410980, 0x0000021e47410d98]
Event: 1.073 Thread 0x0000021e5e5a2660 2390       4       java.util.zip.Inflater::ensureOpen (47 bytes)
Event: 1.074 Thread 0x0000021e5e5a2660 nmethod 2390 0x0000021e4ec3f288 code [0x0000021e4ec3f380, 0x0000021e4ec3f440]
Event: 1.076 Thread 0x0000021e5e397db0 nmethod 2381 0x0000021e4ec3f588 code [0x0000021e4ec3f680, 0x0000021e4ec41270]

GC Heap Usage History (2 events):
Event: 0.777 {heap Before GC invocations=0 (full 0):
 garbage-first heap   total reserved 4175872K, committed 264192K, used 48277K [0x0000000701200000, 0x0000000800000000)
  region size 2048K, 24 young (49152K), 0 survivors (0K)
}
Event: 0.782 {heap After GC invocations=1 (full 0):
 garbage-first heap   total reserved 4175872K, committed 264192K, used 10805K [0x0000000701200000, 0x0000000800000000)
  region size 2048K, 3 young (6144K), 3 survivors (6144K)
}

Metaspace Usage History (2 events):
Event: 0.777 {metaspace Before GC invocations=0 (full 0):
 Metaspace       used 9484K, committed 9728K, reserved 1114112K
  class space    used 1114K, committed 1216K, reserved 1048576K
}
Event: 0.782 {metaspace After GC invocations=1 (full 0):
 Metaspace       used 9484K, committed 9728K, reserved 1114112K
  class space    used 1114K, committed 1216K, reserved 1048576K
}

Dll operation events (8 events):
Event: 0.010 Loaded shared library C:\Program Files\Java\jdk-25.0.2\bin\java.dll
Event: 0.112 Loaded shared library C:\Program Files\Java\jdk-25.0.2\bin\zip.dll
Event: 0.114 Loaded shared library C:\Program Files\Java\jdk-25.0.2\bin\instrument.dll
Event: 0.118 Loaded shared library C:\Program Files\Java\jdk-25.0.2\bin\net.dll
Event: 0.119 Loaded shared library C:\Program Files\Java\jdk-25.0.2\bin\nio.dll
Event: 0.123 Loaded shared library C:\Program Files\Java\jdk-25.0.2\bin\zip.dll
Event: 0.207 Loaded shared library C:\Program Files\Java\jdk-25.0.2\bin\extnet.dll
Event: 0.223 Loaded shared library C:\Program Files\Java\jdk-25.0.2\bin\jimage.dll

Deoptimization events (20 events):
Event: 1.019 Thread 0x0000021e63d41440 Uncommon trap: trap_request=0xffffff45 fr.pc=0x0000021e4ec0b018 relative=0x0000000000000c98
Event: 1.019 Thread 0x0000021e63d41440 Uncommon trap: reason=unstable_if action=reinterpret pc=0x0000021e4ec0b018 method=java.util.concurrent.ConcurrentHashMap.transfer([Ljava/util/concurrent/ConcurrentHashMap$Node;[Ljava/util/concurrent/ConcurrentHashMap$Node;)V @ 26 c2
Event: 1.019 Thread 0x0000021e63d41440 DEOPT PACKING pc=0x0000021e4ec0b018 sp=0x0000006deb6fa750
Event: 1.019 Thread 0x0000021e63d41440 DEOPT UNPACKING pc=0x0000021e4e6ffc02 sp=0x0000006deb6fa6b0 mode 2
Event: 1.051 Thread 0x0000021e63d41440 Uncommon trap: trap_request=0xffffff45 fr.pc=0x0000021e4ebdd534 relative=0x00000000000001b4
Event: 1.051 Thread 0x0000021e63d41440 Uncommon trap: reason=unstable_if action=reinterpret pc=0x0000021e4ebdd534 method=java.lang.AbstractStringBuilder.needsNewBuffer([BBIB)Z @ 8 c2
Event: 1.051 Thread 0x0000021e63d41440 DEOPT PACKING pc=0x0000021e4ebdd534 sp=0x0000006deb6fdcf0
Event: 1.051 Thread 0x0000021e63d41440 DEOPT UNPACKING pc=0x0000021e4e6ffc02 sp=0x0000006deb6fdb98 mode 2
Event: 1.051 Thread 0x0000021e63d41440 Uncommon trap: trap_request=0xffffff45 fr.pc=0x0000021e4ebca040 relative=0x0000000000000040
Event: 1.051 Thread 0x0000021e63d41440 Uncommon trap: reason=unstable_if action=reinterpret pc=0x0000021e4ebca040 method=java.lang.AbstractStringBuilder.isLatin1(B)Z @ 7 c2
Event: 1.051 Thread 0x0000021e63d41440 DEOPT PACKING pc=0x0000021e4ebca040 sp=0x0000006deb6fdc30
Event: 1.051 Thread 0x0000021e63d41440 DEOPT UNPACKING pc=0x0000021e4e6ffc02 sp=0x0000006deb6fdbc0 mode 2
Event: 1.051 Thread 0x0000021e63d41440 Uncommon trap: trap_request=0xffffff45 fr.pc=0x0000021e4ebf42e0 relative=0x00000000000001e0
Event: 1.051 Thread 0x0000021e63d41440 Uncommon trap: reason=unstable_if action=reinterpret pc=0x0000021e4ebf42e0 method=java.lang.AbstractStringBuilder.isLatin1(B)Z @ 7 c2
Event: 1.051 Thread 0x0000021e63d41440 DEOPT PACKING pc=0x0000021e4ebf42e0 sp=0x0000006deb6fdcf0
Event: 1.051 Thread 0x0000021e63d41440 DEOPT UNPACKING pc=0x0000021e4e6ffc02 sp=0x0000006deb6fdc30 mode 2
Event: 1.052 Thread 0x0000021e63d41440 Uncommon trap: trap_request=0xffffff45 fr.pc=0x0000021e4ebce450 relative=0x0000000000000050
Event: 1.052 Thread 0x0000021e63d41440 Uncommon trap: reason=unstable_if action=reinterpret pc=0x0000021e4ebce450 method=java.lang.CharacterData.of(I)Ljava/lang/CharacterData; @ 4 c2
Event: 1.052 Thread 0x0000021e63d41440 DEOPT PACKING pc=0x0000021e4ebce450 sp=0x0000006deb6fd8e0
Event: 1.052 Thread 0x0000021e63d41440 DEOPT UNPACKING pc=0x0000021e4e6ffc02 sp=0x0000006deb6fd878 mode 2

Classes loaded (20 events):
Event: 1.068 Loading class java/time/temporal/TemporalAdjusters
Event: 1.068 Loading class java/time/temporal/TemporalAdjusters done
Event: 1.069 Loading class java/time/ZonedDateTime$1
Event: 1.069 Loading class java/time/ZonedDateTime$1 done
Event: 1.069 Loading class java/io/CharArrayReader
Event: 1.069 Loading class java/io/CharArrayReader done
Event: 1.069 Loading class java/io/StringReader
Event: 1.069 Loading class java/io/StringReader done
Event: 1.073 Loading class org/xml/sax/ErrorHandler
Event: 1.073 Loading class org/xml/sax/ErrorHandler done
Event: 1.073 Loading class org/xml/sax/SAXParseException
Event: 1.073 Loading class org/xml/sax/SAXException
Event: 1.073 Loading class org/xml/sax/SAXException done
Event: 1.073 Loading class org/xml/sax/SAXParseException done
Event: 1.073 Loading class javax/xml/parsers/ParserConfigurationException
Event: 1.073 Loading class javax/xml/parsers/ParserConfigurationException done
Event: 1.073 Loading class org/xml/sax/EntityResolver
Event: 1.073 Loading class org/xml/sax/EntityResolver done
Event: 1.076 Loading class java/io/CharConversionException
Event: 1.076 Loading class java/io/CharConversionException done

Classes unloaded (0 events):
No events

Classes redefined (0 events):
No events

Internal exceptions (20 events):
Event: 0.772 Thread 0x0000021e3e81da80 Exception <a 'java/lang/NoSuchMethodError'{0x000000070e39a988}: 'java.lang.Object java.lang.invoke.DirectMethodHandle$Holder.newInvokeSpecial(java.lang.Object, java.lang.Object, java.lang.Object, java.lang.Object, java.lang.Object, java.lang.Object, java.lang.Object, int)'> (0x000000070e39a988) 
thrown [s\open\src\hotspot\share\interpreter\linkResolver.cpp, line 804]
Event: 0.774 Thread 0x0000021e3e81da80 Exception <a 'java/lang/NoSuchMethodError'{0x000000070e3c68e0}: 'java.lang.Object java.lang.invoke.DirectMethodHandle$Holder.newInvokeSpecial(java.lang.Object, java.lang.Object, java.lang.Object, java.lang.Object, java.lang.Object, int)'> (0x000000070e3c68e0) 
thrown [s\open\src\hotspot\share\interpreter\linkResolver.cpp, line 804]
Event: 0.774 Thread 0x0000021e3e81da80 Exception <a 'java/lang/NoSuchMethodError'{0x000000070e3cf3d0}: 'java.lang.Object java.lang.invoke.DirectMethodHandle$Holder.invokeSpecial(java.lang.Object, java.lang.Object, java.lang.Object, java.lang.Object, java.lang.Object, java.lang.Object, int)'> (0x000000070e3cf3d0) 
thrown [s\open\src\hotspot\share\interpreter\linkResolver.cpp, line 804]
Event: 0.776 Thread 0x0000021e3e81da80 Exception <a 'java/lang/NoSuchMethodError'{0x000000070e3e9550}: 'void java.lang.invoke.DirectMethodHandle$Holder.invokeStaticInit(java.lang.Object, java.lang.Object)'> (0x000000070e3e9550) 
thrown [s\open\src\hotspot\share\interpreter\linkResolver.cpp, line 804]
Event: 0.785 Thread 0x0000021e3e81da80 Exception <a 'java/lang/NoSuchMethodError'{0x0000000711015f30}: 'void java.lang.invoke.DirectMethodHandle$Holder.invokeInterface(java.lang.Object, java.lang.Object)'> (0x0000000711015f30) 
thrown [s\open\src\hotspot\share\interpreter\linkResolver.cpp, line 804]
Event: 0.797 Thread 0x0000021e3e81da80 Exception <a 'java/lang/NoSuchMethodError'{0x00000007110e7130}: 'java.lang.Object java.lang.invoke.DirectMethodHandle$Holder.newInvokeSpecial(java.lang.Object, java.lang.Object, java.lang.Object, java.lang.Object, java.lang.Object, java.lang.Object, int)'> (0x00000007110e7130) 
thrown [s\open\src\hotspot\share\interpreter\linkResolver.cpp, line 804]
Event: 0.798 Thread 0x0000021e3e81da80 Exception <a 'java/lang/NoSuchMethodError'{0x00000007110efc78}: 'java.lang.Object java.lang.invoke.Invokers$Holder.linkToTargetMethod(java.lang.Object, java.lang.Object, java.lang.Object, java.lang.Object, java.lang.Object, int, java.lang.Object)'> (0x00000007110efc78) 
thrown [s\open\src\hotspot\share\interpreter\linkResolver.cpp, line 804]
Event: 0.821 Thread 0x0000021e3e81da80 Exception <a 'java/lang/NoSuchMethodError'{0x0000000710e19bf0}: 'int java.lang.invoke.DirectMethodHandle$Holder.invokeInterface(java.lang.Object, java.lang.Object)'> (0x0000000710e19bf0) 
thrown [s\open\src\hotspot\share\interpreter\linkResolver.cpp, line 804]
Event: 0.824 Thread 0x0000021e3e81da80 Exception <a 'java/lang/NoSuchMethodError'{0x0000000710e582f0}: 'void java.lang.invoke.DirectMethodHandle$Holder.invokeSpecial(java.lang.Object, java.lang.Object, java.lang.Object, java.lang.Object, java.lang.Object)'> (0x0000000710e582f0) 
thrown [s\open\src\hotspot\share\interpreter\linkResolver.cpp, line 804]
Event: 0.829 Thread 0x0000021e3e81da80 Exception <a 'java/lang/NoSuchMethodError'{0x0000000710ea3da0}: 'int java.lang.invoke.DirectMethodHandle$Holder.invokeVirtual(java.lang.Object, java.lang.Object)'> (0x0000000710ea3da0) 
thrown [s\open\src\hotspot\share\interpreter\linkResolver.cpp, line 804]
Event: 0.849 Thread 0x0000021e3e81da80 Exception <a 'java/lang/NoSuchMethodError'{0x0000000710fb7ee8}: 'java.lang.Object java.lang.invoke.DirectMethodHandle$Holder.newInvokeSpecial(java.lang.Object, java.lang.Object, java.lang.Object, int, java.lang.Object)'> (0x0000000710fb7ee8) 
thrown [s\open\src\hotspot\share\interpreter\linkResolver.cpp, line 804]
Event: 0.849 Thread 0x0000021e3e81da80 Exception <a 'java/lang/NoSuchMethodError'{0x0000000710fc0a00}: 'java.lang.Object java.lang.invoke.DirectMethodHandle$Holder.invokeSpecial(java.lang.Object, java.lang.Object, java.lang.Object, java.lang.Object, int, java.lang.Object)'> (0x0000000710fc0a00) 
thrown [s\open\src\hotspot\share\interpreter\linkResolver.cpp, line 804]
Event: 0.850 Thread 0x0000021e3e81da80 Exception <a 'java/lang/NoSuchMethodError'{0x0000000710fc8b70}: 'java.lang.Object java.lang.invoke.Invokers$Holder.linkToTargetMethod(java.lang.Object, java.lang.Object, int, java.lang.Object, java.lang.Object)'> (0x0000000710fc8b70) 
thrown [s\open\src\hotspot\share\interpreter\linkResolver.cpp, line 804]
Event: 0.851 Thread 0x0000021e3e81da80 Exception <a 'java/lang/NoSuchMethodError'{0x0000000710fe40f8}: 'java.lang.Object java.lang.invoke.DirectMethodHandle$Holder.newInvokeSpecial(java.lang.Object, int, java.lang.Object)'> (0x0000000710fe40f8) 
thrown [s\open\src\hotspot\share\interpreter\linkResolver.cpp, line 804]
Event: 0.851 Thread 0x0000021e3e81da80 Exception <a 'java/lang/NoSuchMethodError'{0x0000000710fed6e8}: 'int java.lang.invoke.DirectMethodHandle$Holder.invokeSpecialIFC(java.lang.Object, java.lang.Object, java.lang.Object, java.lang.Object)'> (0x0000000710fed6e8) 
thrown [s\open\src\hotspot\share\interpreter\linkResolver.cpp, line 804]
Event: 0.870 Thread 0x0000021e3e81da80 Exception <a 'java/lang/NoSuchMethodError'{0x0000000710cd2e00}: 'void java.lang.invoke.DirectMethodHandle$Holder.invokeInterface(java.lang.Object, java.lang.Object, java.lang.Object)'> (0x0000000710cd2e00) 
thrown [s\open\src\hotspot\share\interpreter\linkResolver.cpp, line 804]
Event: 0.918 Thread 0x0000021e3e81da80 Exception <a 'java/lang/NoSuchMethodError'{0x0000000710a9e700}: 'java.lang.Object java.lang.invoke.DirectMethodHandle$Holder.invokeVirtual(java.lang.Object, java.lang.Object, java.lang.Object)'> (0x0000000710a9e700) 
thrown [s\open\src\hotspot\share\interpreter\linkResolver.cpp, line 804]
Event: 0.934 Thread 0x0000021e3e81da80 Exception <a 'java/lang/NoSuchMethodError'{0x0000000710829f60}: 'void java.lang.invoke.DirectMethodHandle$Holder.invokeVirtual(java.lang.Object, java.lang.Object, java.lang.Object, java.lang.Object)'> (0x0000000710829f60) 
thrown [s\open\src\hotspot\share\interpreter\linkResolver.cpp, line 804]
Event: 0.988 Thread 0x0000021e3e81da80 Exception <a 'java/lang/IncompatibleClassChangeError'{0x00000007104c9730}: Found class java.lang.Object, but interface was expected> (0x00000007104c9730) 
thrown [s\open\src\hotspot\share\interpreter\linkResolver.cpp, line 871]
Event: 1.016 Thread 0x0000021e63d41440 Exception <a 'java/lang/NoSuchMethodError'{0x000000071007c298}: 'java.lang.Object java.lang.invoke.Invokers$Holder.linkToTargetMethod(java.lang.Object, int, java.lang.Object, java.lang.Object)'> (0x000000071007c298) 
thrown [s\open\src\hotspot\share\interpreter\linkResolver.cpp, line 804]

VM Operations (20 events):
Event: 0.473 Executing non-safepoint VM operation: HandshakeAllThreads (Deoptimize)
Event: 0.473 Executing non-safepoint VM operation: HandshakeAllThreads (Deoptimize) done
Event: 0.489 Executing non-safepoint VM operation: HandshakeAllThreads (Deoptimize)
Event: 0.489 Executing non-safepoint VM operation: HandshakeAllThreads (Deoptimize) done
Event: 0.569 Executing non-safepoint VM operation: HandshakeAllThreads (Deoptimize)
Event: 0.569 Executing non-safepoint VM operation: HandshakeAllThreads (Deoptimize) done
Event: 0.677 Executing non-safepoint VM operation: HandshakeAllThreads (Deoptimize)
Event: 0.677 Executing non-safepoint VM operation: HandshakeAllThreads (Deoptimize) done
Event: 0.777 Executing safepoint VM operation: G1CollectForAllocation (G1 Evacuation Pause)
Event: 0.782 Executing safepoint VM operation: G1CollectForAllocation (G1 Evacuation Pause) done
Event: 0.921 Executing non-safepoint VM operation: HandshakeAllThreads (Deoptimize)
Event: 0.921 Executing non-safepoint VM operation: HandshakeAllThreads (Deoptimize) done
Event: 0.976 Executing non-safepoint VM operation: HandshakeAllThreads (Deoptimize)
Event: 0.976 Executing non-safepoint VM operation: HandshakeAllThreads (Deoptimize) done
Event: 0.978 Executing non-safepoint VM operation: HandshakeAllThreads (Deoptimize)
Event: 0.978 Executing non-safepoint VM operation: HandshakeAllThreads (Deoptimize) done
Event: 0.979 Executing non-safepoint VM operation: HandshakeAllThreads (Deoptimize)
Event: 0.979 Executing non-safepoint VM operation: HandshakeAllThreads (Deoptimize) done
Event: 1.052 Executing non-safepoint VM operation: HandshakeAllThreads (Deoptimize)
Event: 1.052 Executing non-safepoint VM operation: HandshakeAllThreads (Deoptimize) done

Memory protections (0 events):
No events

Nmethod flushes (0 events):
No events

Events (17 events):
Event: 0.024 Thread 0x0000021e3e81da80 Thread added: 0x0000021e3e81da80
Event: 0.035 Thread 0x0000021e3e81da80 Thread added: 0x0000021e5e382ce0
Event: 0.035 Thread 0x0000021e3e81da80 Thread added: 0x0000021e5e383740
Event: 0.036 Thread 0x0000021e3e81da80 Thread added: 0x0000021e5e386b10
Event: 0.036 Thread 0x0000021e3e81da80 Thread added: 0x0000021e5e388cf0
Event: 0.036 Thread 0x0000021e3e81da80 Thread added: 0x0000021e5e389ec0
Event: 0.036 Thread 0x0000021e3e81da80 Thread added: 0x0000021e5e38ae90
Event: 0.036 Thread 0x0000021e3e81da80 Thread added: 0x0000021e5e397db0
Event: 0.036 Thread 0x0000021e3e81da80 Thread added: 0x0000021e5e39c290
Event: 0.117 Thread 0x0000021e3e81da80 Thread added: 0x0000021e5e57ac30
Event: 0.127 Thread 0x0000021e5e39c290 Thread added: 0x0000021e5e5a2660
Event: 0.195 Thread 0x0000021e3e81da80 Thread added: 0x0000021e5e64cdf0
Event: 0.195 Thread 0x0000021e3e81da80 Thread added: 0x0000021e5e80d440
Event: 0.457 Thread 0x0000021e5e39c290 Thread added: 0x0000021e6398c8b0
Event: 0.898 Thread 0x0000021e3e81da80 Thread added: 0x0000021e63ccb510
Event: 0.906 Thread 0x0000021e63ccb510 Thread exited: 0x0000021e63ccb510
Event: 0.984 Thread 0x0000021e3e81da80 Thread added: 0x0000021e63d41440


Dynamic libraries:
0x00007ff697a50000 - 0x00007ff697a60000 	C:\Program Files\Java\jdk-25.0.2\bin\java.exe
0x00007ffa8dfd0000 - 0x00007ffa8e1c8000 	C:\WINDOWS\SYSTEM32\ntdll.dll
0x00007ffa8bff0000 - 0x00007ffa8c0b2000 	C:\WINDOWS\System32\KERNEL32.DLL
0x00007ffa8b7e0000 - 0x00007ffa8bad6000 	C:\WINDOWS\System32\KERNELBASE.dll
0x00007ffa8b660000 - 0x00007ffa8b760000 	C:\WINDOWS\System32\ucrtbase.dll
0x00007ffa86480000 - 0x00007ffa8649e000 	C:\Program Files\Java\jdk-25.0.2\bin\VCRUNTIME140.dll
0x00007ffa864a0000 - 0x00007ffa864b7000 	C:\Program Files\Java\jdk-25.0.2\bin\jli.dll
0x00007ffa8cd30000 - 0x00007ffa8ced1000 	C:\WINDOWS\System32\USER32.dll
0x00007ffa8bb70000 - 0x00007ffa8bb92000 	C:\WINDOWS\System32\win32u.dll
0x00007ffa8aa00000 - 0x00007ffa8ac9b000 	C:\WINDOWS\WinSxS\amd64_microsoft.windows.common-controls_6595b64144ccf1df_6.0.19041.6456_none_60b8a6cb71f64256\COMCTL32.dll
0x00007ffa8c4e0000 - 0x00007ffa8c50b000 	C:\WINDOWS\System32\GDI32.dll
0x00007ffa8d1e0000 - 0x00007ffa8d27e000 	C:\WINDOWS\System32\msvcrt.dll
0x00007ffa8be30000 - 0x00007ffa8bf49000 	C:\WINDOWS\System32\gdi32full.dll
0x00007ffa8bf50000 - 0x00007ffa8bfed000 	C:\WINDOWS\System32\msvcp_win.dll
0x00007ffa8cbd0000 - 0x00007ffa8cbff000 	C:\WINDOWS\System32\IMM32.DLL
0x00007ffa82730000 - 0x00007ffa8273c000 	C:\Program Files\Java\jdk-25.0.2\bin\vcruntime140_1.dll
0x00007ffa68e50000 - 0x00007ffa68edd000 	C:\Program Files\Java\jdk-25.0.2\bin\msvcp140.dll
0x00007ffa3f6e0000 - 0x00007ffa4053f000 	C:\Program Files\Java\jdk-25.0.2\bin\server\jvm.dll
0x00007ffa8c380000 - 0x00007ffa8c431000 	C:\WINDOWS\System32\ADVAPI32.dll
0x00007ffa8c440000 - 0x00007ffa8c4df000 	C:\WINDOWS\System32\sechost.dll
0x00007ffa8c120000 - 0x00007ffa8c240000 	C:\WINDOWS\System32\RPCRT4.dll
0x00007ffa8bbf0000 - 0x00007ffa8bc17000 	C:\WINDOWS\System32\bcrypt.dll
0x00007ffa8cfb0000 - 0x00007ffa8d01b000 	C:\WINDOWS\System32\WS2_32.dll
0x00007ffa8b1d0000 - 0x00007ffa8b21b000 	C:\WINDOWS\SYSTEM32\POWRPROF.dll
0x00007ffa886f0000 - 0x00007ffa886fa000 	C:\WINDOWS\SYSTEM32\VERSION.dll
0x00007ffa7f0a0000 - 0x00007ffa7f0c7000 	C:\WINDOWS\SYSTEM32\WINMM.dll
0x00007ffa8ad90000 - 0x00007ffa8ada2000 	C:\WINDOWS\SYSTEM32\UMPDC.dll
0x00007ffa89660000 - 0x00007ffa89672000 	C:\WINDOWS\SYSTEM32\kernel.appcore.dll
0x00007ffa739c0000 - 0x00007ffa739ca000 	C:\Program Files\Java\jdk-25.0.2\bin\jimage.dll
0x00007ffa8afc0000 - 0x00007ffa8b1c1000 	C:\WINDOWS\SYSTEM32\DBGHELP.DLL
0x00007ffa8af80000 - 0x00007ffa8afb4000 	C:\WINDOWS\SYSTEM32\dbgcore.DLL
0x00007ffa8bae0000 - 0x00007ffa8bb62000 	C:\WINDOWS\System32\bcryptPrimitives.dll
0x00007ffa739b0000 - 0x00007ffa739c0000 	C:\Program Files\Java\jdk-25.0.2\bin\instrument.dll
0x00007ffa72720000 - 0x00007ffa7273f000 	C:\Program Files\Java\jdk-25.0.2\bin\java.dll
0x00007ffa8c630000 - 0x00007ffa8c75b000 	C:\WINDOWS\System32\ole32.dll
0x00007ffa8dc30000 - 0x00007ffa8df84000 	C:\WINDOWS\System32\combase.dll
0x00007ffa8d2b0000 - 0x00007ffa8da20000 	C:\WINDOWS\System32\SHELL32.dll
0x00007ffa888c0000 - 0x00007ffa89065000 	C:\WINDOWS\SYSTEM32\windows.storage.dll
0x00007ffa8a880000 - 0x00007ffa8a8ab000 	C:\WINDOWS\SYSTEM32\Wldp.dll
0x00007ffa8cee0000 - 0x00007ffa8cfad000 	C:\WINDOWS\System32\OLEAUT32.dll
0x00007ffa8c580000 - 0x00007ffa8c62d000 	C:\WINDOWS\System32\SHCORE.dll
0x00007ffa8da20000 - 0x00007ffa8da7b000 	C:\WINDOWS\System32\shlwapi.dll
0x00007ffa8b590000 - 0x00007ffa8b5b4000 	C:\WINDOWS\SYSTEM32\profapi.dll
0x00007ffa704b0000 - 0x00007ffa704c7000 	C:\Program Files\Java\jdk-25.0.2\bin\zip.dll
0x00007ffa70650000 - 0x00007ffa70662000 	C:\Program Files\Java\jdk-25.0.2\bin\net.dll
0x00007ffa8a660000 - 0x00007ffa8a6ca000 	C:\WINDOWS\system32\mswsock.dll
0x00007ffa704d0000 - 0x00007ffa704e6000 	C:\Program Files\Java\jdk-25.0.2\bin\nio.dll
0x00007ffa72680000 - 0x00007ffa72689000 	C:\Program Files\Java\jdk-25.0.2\bin\extnet.dll
0x00007ffa8a360000 - 0x00007ffa8a39b000 	C:\WINDOWS\SYSTEM32\IPHLPAPI.DLL
0x00007ffa8c570000 - 0x00007ffa8c578000 	C:\WINDOWS\System32\NSI.dll
0x00007ffa8a3a0000 - 0x00007ffa8a46a000 	C:\WINDOWS\SYSTEM32\DNSAPI.dll
0x00000000521b0000 - 0x00000000521d6000 	C:\Program Files\Bonjour\mdnsNSP.dll
0x00007ffa84ee0000 - 0x00007ffa84eea000 	C:\Windows\System32\rasadhlp.dll
0x00007ffa7fc50000 - 0x00007ffa7fcd0000 	C:\WINDOWS\System32\fwpuclnt.dll

JVMTI agents:
C:\Program Files\JetBrains\IntelliJ IDEA Community Edition 2025.1.1.1\lib\idea_rt.jar path:C:\Program Files\Java\jdk-25.0.2\bin\instrument.dll, loaded, initialized, instrumentlib options:49902

dbghelp: loaded successfully - version: 4.0.5 - missing functions: none
symbol engine: initialized successfully - sym options: 0x614 - pdb path: .;C:\Program Files\Java\jdk-25.0.2\bin;C:\WINDOWS\SYSTEM32;C:\WINDOWS\WinSxS\amd64_microsoft.windows.common-controls_6595b64144ccf1df_6.0.19041.6456_none_60b8a6cb71f64256;C:\Program Files\Java\jdk-25.0.2\bin\server;C:\Program Files\Bonjour

VM Arguments:
jvm_args: -javaagent:C:\Program Files\JetBrains\IntelliJ IDEA Community Edition 2025.1.1.1\lib\idea_rt.jar=49902 -Dfile.encoding=UTF-8 -Dsun.stdout.encoding=UTF-8 -Dsun.stderr.encoding=UTF-8 
java_command: com.duoc.bff_cajeros.BffCajerosApplication
java_class_path (initial): C:\Users\jorge\OneDrive\Desktop\Backend III\Semana 6\bff-cajeros\target\classes;C:\Users\jorge\.m2\repository\org\springframework\boot\spring-boot-starter-web\4.1.1\spring-boot-starter-web-4.1.1.jar;C:\Users\jorge\.m2\repository\org\springframework\boot\spring-boot-starter-jackson\4.1.1\spring-boot-starter-jackson-4.1.1.jar;C:\Users\jorge\.m2\repository\org\springframework\boot\spring-boot-jackson\4.1.1\spring-boot-jackson-4.1.1.jar;C:\Users\jorge\.m2\repository\tools\jackson\core\jackson-databind\3.1.5\jackson-databind-3.1.5.jar;C:\Users\jorge\.m2\repository\tools\jackson\core\jackson-core\3.1.5\jackson-core-3.1.5.jar;C:\Users\jorge\.m2\repository\org\springframework\boot\spring-boot-starter-tomcat\4.1.1\spring-boot-starter-tomcat-4.1.1.jar;C:\Users\jorge\.m2\repository\org\springframework\boot\spring-boot-starter-tomcat-runtime\4.1.1\spring-boot-starter-tomcat-runtime-4.1.1.jar;C:\Users\jorge\.m2\repository\org\springframework\boot\spring-boot-web-server\4.1.1\spring-boot-web-server-4.1.1.jar;C:\Users\jorge\.m2\repository\org\apache\tomcat\embed\tomcat-embed-core\11.0.24\tomcat-embed-core-11.0.24.jar;C:\Users\jorge\.m2\repository\org\apache\tomcat\embed\tomcat-embed-el\11.0.24\tomcat-embed-el-11.0.24.jar;C:\Users\jorge\.m2\repository\org\apache\tomcat\embed\tomcat-embed-websocket\11.0.24\tomcat-embed-websocket-11.0.24.jar;C:\Users\jorge\.m2\repository\org\springframework\boot\spring-boot-tomcat\4.1.1\spring-boot-tomcat-4.1.1.jar;C:\Users\jorge\.m2\repository\org\springframework\boot\spring-boot-http-converter\4.1.1\spring-boot-http-converter-4.1.1.jar;C:\Users\jorge\.m2\repository\org\springframework\boot\spring-boot\4.1.1\spring-boot-4.1.1.jar;C:\Users\jorge\.m2\repository\org\springframework\spring-context\7.0.9\spring-context-7.0.9.jar;C:\Users\jorge\.m2\repository\org\springframework\spring-web\7.0.9\spring-web-7.0.9.jar;C:\Users\jorge\.m2\repository\org\springframework\boot\spring-boot-webmvc\4.1.1\spring-boot-webmvc-4.1.1.jar;C:\Users\jorge\.m2\repository\org\springframework\boot\spring-boot-servlet\4.1.1\spring-boot-servlet-4.1.1.jar;C:\Users\jorge\.m2\repository\org\springframework\spring-webmvc\7.0.9\spring-webmvc-7.0.9.jar;C:\Users\jorge\.m2\repository\org\springframework\spring-expression\7.0.9\spring-expression-7.0.9.jar;C:\Users\jorge\.m2\repository\org\projectlombok\lombok\1.18.46\lombok-1.18.46.jar;C:\Users\jorge\.m2\repository\org\springframework\boot\spring-boot-starter\4.1.1\spring-boot-starter-4.1.1.jar;C:\Users\jorge\.m2\repository\org\springframework\boot\spring-boot-starter-logging\4.1.1\spring-boot-starter-logging-4.1.1.jar;C:\Users\jorge\.m2\repository\ch\qos\logback\logback-classic\1.5.38\logback-classic-1.5.38.jar;C:\Users\jorge\.m2\repository\ch\qos\logback\logback-core\1.5.38\logback-core-1.5.38.jar;C:\Users\jorge\.m2\repository\org\apache\logging\log4j\log4j-to-slf4j\2.25.5\log4j-to-slf4j-2.25.5.jar;C:\Users\jorge\.m2\repository\org\apache\logging\log4j\log4j-api\2.25.5\log4j-api-2.25.5.jar;C:\Users\jorge\.m2\repository\org\slf4j\jul-to-slf4j\2.0.18\jul-to-slf4j-2.0.18.jar;C:\Users\jorge\.m2\repository\org\springframework\boot\spring-boot-autoconfigure\4.1.1\spring-boot-autoconfigure-4.1.1.jar;C:\Users\jorge\.m2\repository\jakarta\annotation\jakarta.annotation-api\3.0.0\jakarta.annotation-api-3.0.0.jar;C:\Users\jorge\.m2\repository\org\yaml\snakeyaml\2.6\snakeyaml-2.6.jar;C:\Users\jorge\.m2\repository\org\slf4j\slf4j-api\2.0.18\slf4j-api-2.0.18.jar;C:\Users\jorge\.m2\repository\org\springframework\spring-core\7.0.9\spring-core-7.0.9.jar;C:\Users\jorge\.m2\repository\commons-logging\commons-logging\1.3.6\commons-logging-1.3.6.jar;C:\Users\jorge\.m2\repository\org\jspecify\jspecify\1.0.1\jspecify-1.0.1.jar;C:\Users\jorge\.m2\repository\org\springframework\cloud\spring-cloud-starter-circuitbreaker-resilience4j\5.0.2\spring-cloud-starter-circuitbreaker-resilience4j-5.0.2.jar;C:\Users\jorge\.m2\repository\org\springframework\cloud\spring-cloud-starter\5.0.2\spring-cloud-starter-5.0.2.jar;C:\Users\jorge\.m2\repository\org\springframework\cloud\spring-cloud-context\5.0.2\spring-cloud-context-5.0.2.jar;C:\Users\jorge\.m2\repository\org\springframework\security\spring-security-crypto\7.1.1\spring-security-crypto-7.1.1.jar;C:\Users\jorge\.m2\repository\org\springframework\cloud\spring-cloud-commons\5.0.2\spring-cloud-commons-5.0.2.jar;C:\Users\jorge\.m2\repository\org\bouncycastle\bcprov-jdk18on\1.81.1\bcprov-jdk18on-1.81.1.jar;C:\Users\jorge\.m2\repository\org\springframework\cloud\spring-cloud-circuitbreaker-resilience4j\5.0.2\spring-cloud-circuitbreaker-resilience4j-5.0.2.jar;C:\Users\jorge\.m2\repository\com\fasterxml\jackson\core\jackson-core\2.21.5\jackson-core-2.21.5.jar;C:\Users\jorge\.m2\repository\com\fasterxml\jackson\core\jackson-databind\2.21.5\jackson-databind-2.21.5.jar;C:\Users\jorge\.m2\repository\com\fasterxml\jackson\core\jackson-annotations\2.21\jackson-annotations-2.21.jar;C:\Users\jorge\.m2\repository\io\micrometer\micrometer-observation\1.17.1\micrometer-observation-1.17.1.jar;C:\Users\jorge\.m2\repository\io\micrometer\micrometer-commons\1.17.1\micrometer-commons-1.17.1.jar;C:\Users\jorge\.m2\repository\io\github\resilience4j\resilience4j-spring-boot3\2.3.0\resilience4j-spring-boot3-2.3.0.jar;C:\Users\jorge\.m2\repository\io\github\resilience4j\resilience4j-spring6\2.3.0\resilience4j-spring6-2.3.0.jar;C:\Users\jorge\.m2\repository\io\github\resilience4j\resilience4j-annotations\2.3.0\resilience4j-annotations-2.3.0.jar;C:\Users\jorge\.m2\repository\io\github\resilience4j\resilience4j-consumer\2.3.0\resilience4j-consumer-2.3.0.jar;C:\Users\jorge\.m2\repository\io\github\resilience4j\resilience4j-circularbuffer\2.3.0\resilience4j-circularbuffer-2.3.0.jar;C:\Users\jorge\.m2\repository\io\github\resilience4j\resilience4j-framework-common\2.3.0\resilience4j-framework-common-2.3.0.jar;C:\Users\jorge\.m2\repository\io\github\resilience4j\resilience4j-micrometer\2.3.0\resilience4j-micrometer-2.3.0.jar;C:\Users\jorge\.m2\repository\io\micrometer\micrometer-core\1.17.1\micrometer-core-1.17.1.jar;C:\Users\jorge\.m2\repository\org\hdrhistogram\HdrHistogram\2.2.2\HdrHistogram-2.2.2.jar;C:\Users\jorge\.m2\repository\io\github\resilience4j\resilience4j-retry\2.3.0\resilience4j-retry-2.3.0.jar;C:\Users\jorge\.m2\repository\io\github\resilience4j\resilience4j-ratelimiter\2.3.0\resilience4j-ratelimiter-2.3.0.jar;C:\Users\jorge\.m2\repository\org\springframework\boot\spring-boot-configuration-processor\4.1.1\spring-boot-configuration-processor-4.1.1.jar;C:\Users\jorge\.m2\repository\io\github\resilience4j\resilience4j-circuitbreaker\2.3.0\resilience4j-circuitbreaker-2.3.0.jar;C:\Users\jorge\.m2\repository\io\github\resilience4j\resilience4j-core\2.3.0\resilience4j-core-2.3.0.jar;C:\Users\jorge\.m2\repository\org\jetbrains\kotlin\kotlin-stdlib-jdk8\2.3.21\kotlin-stdlib-jdk8-2.3.21.jar;C:\Users\jorge\.m2\repository\org\jetbrains\kotlin\kotlin-stdlib\2.3.21\kotlin-stdlib-2.3.21.jar;C:\Users\jorge\.m2\repository\org\jetbrains\annotations\13.0\annotations-13.0.jar;C:\Users\jorge\.m2\repository\org\jetbrains\kotlin\kotlin-stdlib-jdk7\2.3.21\kotlin-stdlib-jdk7-2.3.21.jar;C:\Users\jorge\.m2\repository\io\github\resilience4j\resilience4j-timelimiter\2.3.0\resilience4j-timelimiter-2.3.0.jar;C:\Users\jorge\.m2\repository\org\springframework\spring-aop\7.0.9\spring-aop-7.0.9.jar;C:\Users\jorge\.m2\repository\org\springframework\spring-beans\7.0.9\spring-beans-7.0.9.jar;C:\Users\jorge\.m2\repository\org\aspectj\aspectjweaver\1.9.25.1\aspectjweaver-1.9.25.1.jar
Launcher Type: SUN_STANDARD

[Global flags]
     intx CICompilerCount                          = 4                                         {product} {ergonomic}
     uint ConcGCThreads                            = 3                                         {product} {ergonomic}
     uint G1ConcRefinementThreads                  = 10                                        {product} {ergonomic}
   size_t G1HeapRegionSize                         = 2097152                                   {product} {ergonomic}
   size_t InitialHeapSize                          = 268435456                                 {product} {ergonomic}
   size_t MarkStackSize                            = 4194304                                   {product} {ergonomic}
   size_t MarkStackSizeMax                         = 536870912                                 {product} {ergonomic}
   size_t MaxHeapSize                              = 4276092928                                {product} {ergonomic}
   size_t MaxNewSize                               = 2564816896                                {product} {ergonomic}
   size_t MinHeapDeltaBytes                        = 2097152                                   {product} {ergonomic}
   size_t MinHeapSize                              = 8388608                                   {product} {ergonomic}
    uintx NonNMethodCodeHeapSize                   = 5832704                                {pd product} {ergonomic}
    uintx NonProfiledCodeHeapSize                  = 122945536                              {pd product} {ergonomic}
    uintx ProfiledCodeHeapSize                     = 122880000                              {pd product} {ergonomic}
    uintx ReservedCodeCacheSize                    = 251658240                              {pd product} {ergonomic}
     bool SegmentedCodeCache                       = true                                      {product} {ergonomic}
   size_t SoftMaxHeapSize                          = 4276092928                             {manageable} {ergonomic}
     bool UseCompressedOops                        = true                           {product lp64_product} {ergonomic}
     bool UseG1GC                                  = true                                      {product} {ergonomic}
     bool UseLargePagesIndividualAllocation        = false                                  {pd product} {ergonomic}

Logging:
Log output configuration:
 #0: stdout all=warning uptime,level,tags foldmultilines=false
 #1: stderr all=off uptime,level,tags foldmultilines=false

Release file:
IMPLEMENTOR="Oracle Corporation" 
JAVA_RUNTIME_VERSION="25.0.2+10-LTS-69" 
JAVA_VERSION="25.0.2" 
JAVA_VERSION_DATE="2026-01-20" 
LIBC="default" 
MODULES="java.base java.compiler java.datatransfer java.xml java.prefs java.desktop java.instrument java.logging java.management java.security.sasl java.naming java.rmi java.management.rmi java.net.http java.scripting java.security.jgss java.transaction.xa java.sql java.sql.rowset java.xml.crypto java.se java.smartcardio jdk.accessibility jdk.internal.jvmstat jdk.attach jdk.charsets jdk.internal.opt jdk.zipfs jdk.compiler jdk.crypto.cryptoki jdk.crypto.ec jdk.crypto.mscapi jdk.dynalink jdk.internal.ed jdk.editpad jdk.internal.vm.ci jdk.graal.compiler jdk.graal.compiler.management jdk.hotspot.agent jdk.httpserver jdk.incubator.vector jdk.internal.le jdk.internal.md jdk.jartool jdk.javadoc jdk.jcmd jdk.management jdk.management.agent jdk.jconsole jdk.jdeps jdk.jdwp.agent jdk.jdi jdk.jfr jdk.jlink jdk.jpackage jdk.jshell jdk.jsobject jdk.jstatd jdk.localedata jdk.management.jfr jdk.naming.dns jdk.naming.rmi jdk.net jdk.nio.mapmode jdk.sctp jdk.security.auth jdk.security.jgss jdk.unsupported jdk.unsupported.desktop jdk.xml.dom" 
OS_ARCH="x86_64" 
OS_NAME="Windows" 
SOURCE=".:git:b75efb40c93a open:git:405a5699ebd0" 

Environment Variables:
JAVA_HOME=C:\Program Files\Microsoft\jdk-21.0.10.7-hotspot\
PATH=C:\Program Files\Microsoft\jdk-21.0.10.7-hotspot\bin;C:\Program Files\Common Files\Oracle\Java\javapath;C:\app\jorge\product\21c\dbhomeXE\bin;C:\WINDOWS\system32;C:\WINDOWS;C:\WINDOWS\System32\Wbem;C:\WINDOWS\System32\WindowsPowerShell\v1.0\;C:\WINDOWS\System32\OpenSSH\;C:\Program Files\NVIDIA Corporation\NVIDIA App\NvDLISR;C:\Program Files (x86)\NVIDIA Corporation\PhysX\Common;C:\Program Files\nodejs\;C:\Program Files\Docker\Docker\resources\bin;C:\Program Files\Git\cmd;C:\Program Files\dotnet\;C:\Program Files\Amazon\AWSCLIV2\;C:\Program Files\Amazon\AWSSAMCLI\bin\;C:\Users\jorge\scoop\apps\maven\current\bin;C:\Users\jorge\scoop\shims;C:\Program Files\MySQL\MySQL Shell 8.0\bin\;C:\Users\jorge\AppData\Local\Programs\Python\Launcher\;C:\Users\jorge\AppData\Local\Microsoft\WindowsApps;C:\Users\jorge\AppData\Local\Programs\Microsoft VS Code\bin;C:\Program Files\JetBrains\PyCharm Community Edition 2025.1.1.1\bin;;C:\Users\jorge\AppData\Roaming\npm;C:\Users\jorge\.dotnet\tools;C:\Program Files\PostgreSQL\17\bin;C:\terraform;
USERNAME=jorge
OS=Windows_NT
PROCESSOR_IDENTIFIER=Intel64 Family 6 Model 165 Stepping 5, GenuineIntel
TMP=C:\Users\jorge\AppData\Local\Temp
TEMP=C:\Users\jorge\AppData\Local\Temp




Compilation memory statistics disabled.

Periodic native trim disabled

---------------  S Y S T E M  ---------------

OS:
 Windows 10 , 64 bit Build 19041 (10.0.19041.5915)
OS uptime: 0 days 22:01 hours
Hyper-V role detected

CPU: total 12 (initial active 12) (6 cores per cpu, 2 threads per core) family 6 model 165 stepping 5 microcode 0xca, cx8, cmov, fxsr, ht, mmx, 3dnowpref, sse, sse2, sse3, ssse3, sse4.1, sse4.2, popcnt, lzcnt, tsc, tscinvbit, avx, avx2, aes, erms, clmul, bmi1, bmi2, adx, fma, vzeroupper, clflush, clflushopt, hv, rdtscp, f16c
Processor Information for the first 12 processors :
  Max Mhz: 4104, Current Mhz: 3803, Mhz Limit: 4104

Memory: 4k page, system-wide physical 16310M (3314M free)
TotalPageFile size 29110M (AvailPageFile size 5108M)
current process WorkingSet (physical memory assigned to process): 144M, peak: 144M
current process commit charge ("private bytes"): 392M, peak: 394M

vm_info: Java HotSpot(TM) 64-Bit Server VM (25.0.2+10-LTS-69) for windows-amd64 JRE (25.0.2+10-LTS-69), built on 2025-12-18T11:36:35Z with MS VC++ 17.13 (VS2022)

END.
