#
# A fatal error has been detected by the Java Runtime Environment:
#
#  EXCEPTION_ACCESS_VIOLATION (0xc0000005) at pc=0x00007ffa3fa8f380, pid=14616, tid=10732
#
# JRE version: Java(TM) SE Runtime Environment (25.0.2+10) (build 25.0.2+10-LTS-69)
# Java VM: Java HotSpot(TM) 64-Bit Server VM (25.0.2+10-LTS-69, mixed mode, sharing, tiered, compressed oops, compressed class ptrs, g1 gc, windows-amd64)
# Problematic frame:
# V  [jvm.dll+0x3af380]
#
# No core dump will be written. Minidumps are not enabled by default on client versions of Windows
#
# If you would like to submit a bug report, please visit:
#   https://bugreport.java.com/bugreport/crash.jsp
#

---------------  S U M M A R Y ------------

Command Line: -javaagent:C:\Program Files\JetBrains\IntelliJ IDEA Community Edition 2025.1.1.1\lib\idea_rt.jar=49906 -Dfile.encoding=UTF-8 -Dsun.stdout.encoding=UTF-8 -Dsun.stderr.encoding=UTF-8 com.duoc.bff_cajeros.BffCajerosApplication

Host: Intel(R) Core(TM) i5-10600K CPU @ 4.10GHz, 12 cores, 15G,  Windows 10 , 64 bit Build 19041 (10.0.19041.5915)
Time: Sun Sep 20 11:12:05 2026 Hora verano Sudamérica Pacífico elapsed time: 1.433547 seconds (0d 0h 0m 1s)

---------------  T H R E A D  ---------------

Current thread (0x00000244c8ac8380):  WorkerThread "GC Thread#1"    [id=10732, stack(0x000000b400f00000,0x000000b401000000) (1024K)]

Stack: [0x000000b400f00000,0x000000b401000000],  sp=0x000000b400fff9e8,  free space=1022k
Native frames: (J=compiled Java code, j=interpreted, Vv=VM code, C=native code)
V  [jvm.dll+0x3af380]  (no source info available)


siginfo: EXCEPTION_ACCESS_VIOLATION (0xc0000005), reading address 0x0000000030000008


Registers:
RAX=0x0000000000000000, RBX=0xea0fab2d00249368, RCX=0x000000070e037470, RDX=0x0000000030000000
RSP=0x000000b400fff9e8, RBP=0x000000b400fffa70, RSI=0x00000244a1747f10, RDI=0x0000000030000000
R8 =0x000000070e037470, R9 =0xea0fab2d00249368, R10=0x0000000000000000, R11=0x0000000000000001
R12=0x000000b400fffad0, R13=0x00000244c94df590, R14=0x0000000000000000, R15=0x000000070e037470
RIP=0x00007ffa3fa8f380, EFLAGS=0x0000000000010206

XMM[0]=0x0000000000000000 0x0000000000000000
XMM[1]=0x0000000000000000 0x416312d000000000
XMM[2]=0x0000000000000000 0x0000000000000000
XMM[3]=0x0000000000000000 0x0000000000000000
XMM[4]=0x0000000000000000 0x0000000000000000
XMM[5]=0x00000000e1bb85f2 0x0000000000000000
XMM[6]=0x0000000000000000 0x3ff6de3c60d95eac
XMM[7]=0x0000000000000000 0x0000000000000000
XMM[8]=0x0000000000000000 0x0000000000000000
XMM[9]=0x0000000000000000 0x0000000000000000
XMM[10]=0x0000000000000000 0x0000000000000000
XMM[11]=0x0000000000000000 0x0000000000000000
XMM[12]=0x0000000000000000 0x0000000000000000
XMM[13]=0x0000000000000000 0x0000000000000000
XMM[14]=0x0000000000000000 0x0000000000000000
XMM[15]=0x0000000000000000 0x0000000000000000
  MXCSR=0x00001fa0


Register to memory mapping:

RAX=0x0 is null
RBX=0xea0fab2d00249368 is an unknown value
RCX=
[error occurred during error reporting (printing register info), id 0xc0000005, EXCEPTION_ACCESS_VIOLATION (0xc0000005) at pc=0x00007ffa3fa8f380]
RDX=0x0000000030000000 points into nKlass protection zone
RSP=0x000000b400fff9e8 points into unknown readable memory: 0x00007ffa3fad6b0e | 0e 6b ad 3f fa 7f 00 00
RBP=0x000000b400fffa70 points into unknown readable memory: 0x0000000000000001 | 01 00 00 00 00 00 00 00
RSI=0x00000244a1747f10 points into unknown readable memory: 0x00007ffa401c07f0 | f0 07 1c 40 fa 7f 00 00
RDI=0x0000000030000000 points into nKlass protection zone
R8 =
[error occurred during error reporting (printing register info, attempt 2), id 0xc0000005, EXCEPTION_ACCESS_VIOLATION (0xc0000005) at pc=0x00007ffa3fa8f380]
R9 =0xea0fab2d00249368 is an unknown value
R10=0x0 is null
R11=0x0000000000000001 is an unknown value
R12=0x000000b400fffad0 points into unknown readable memory: 0x000000070c000001 | 01 00 00 0c 07 00 00 00
R13=0x00000244c94df590 points into unknown readable memory: 0x00007ffa401c99f8 | f8 99 1c 40 fa 7f 00 00
R14=0x0 is null
R15=
[error occurred during error reporting (printing register info, attempt 3), id 0xc0000005, EXCEPTION_ACCESS_VIOLATION (0xc0000005) at pc=0x00007ffa3fa8f380]
Top of Stack: (sp=0x000000b400fff9e8)
0x000000b400fff9e8:   00007ffa3fad6b0e 000000b400fffa90   .k.?............
0x000000b400fff9f8:   00007ffa3fad4f98 00000244a3add4b0   .O.?........D...
0x000000b400fffa08:   000000b4013ff900 0000000000000048   ..?.....H.......
0x000000b400fffa18:   000000070c936064 000000070c936065   d`......e`......
0x000000b400fffa28:   00007ffa3fad7ffb 0000000000000001   ...?............
0x000000b400fffa38:   00000244c94df590 0000000000000002   ..M.D...........
0x000000b400fffa48:   0000000000000002 000000b4001fecd8   ................
0x000000b400fffa58:   0000000000000000 000000b4001fede0   ................
0x000000b400fffa68:   0000000000000010 0000000000000001   ................
0x000000b400fffa78:   00000244c94df590 0000000000000003   ..M.D...........
0x000000b400fffa88:   00000244c94df590 000000b400fffbb0   ..M.D...........
0x000000b400fffa98:   00007ffa3fad4f98 0000000000000001   .O.?............
0x000000b400fffaa8:   0000000000000000 00000244c94df590   ..........M.D...
0x000000b400fffab8:   000000070c63d2ac 00000244c94df590   ..c.......M.D...
0x000000b400fffac8:   00007ffa3fad7bdc 000000070c000001   .{.?............
0x000000b400fffad8:   000000070c63d2ad 00000244a1747f10   ..c.......t.D...
0x000000b400fffae8:   00000244c8ac8380 0000000000000000   ....D...........
0x000000b400fffaf8:   000000b400fffc20 0000000000000016    ...............
0x000000b400fffb08:   00007ffa3fac32ac 000000070c63d2ad   .2.?......c.....
0x000000b400fffb18:   000000b400fffc20 0000000000000000    ...............
0x000000b400fffb28:   0000000000000003 000000b400fffc20   ........ .......
0x000000b400fffb38:   00007ffa3faec839 000000b8a0d58b49   9..?....I.......
0x000000b400fffb48:   00007ffa401c5868 000000b400fffbb0   hX.@............
0x000000b400fffb58:   000000b400fffc20 0000000000d9dddf    ...............
0x000000b400fffb68:   000000015b140cba 0000000000000000   ...[............
0x000000b400fffb78:   0000000000000000 000000b400000000   ................
0x000000b400fffb88:   00007ffa401c57c0 000000b400fffc31   .W.@....1.......
0x000000b400fffb98:   0000000000000012 0000000000d9dde2   ................
0x000000b400fffba8:   000000015b14111a 00000244c94df590   ...[......M.D...
0x000000b400fffbb8:   00000244c8ac8000 00000000000003d8   ....D...........
0x000000b400fffbc8:   00000244c36d9350 0000000000000003   P.m.D...........
0x000000b400fffbd8:   00007ffa3faecc7a 00000244c94df590   z..?......M.D...

Instructions: (pc=0x00007ffa3fa8f380)
  0x00007ffa3fa8f280:   c1 eb 03 48 3b da 73 98 eb 1d 41 b1 01 4c 8b c3
  0x00007ffa3fa8f290:   48 8b d6 48 8b cf e8 25 76 03 00 4c 8d 04 dd 00
  0x00007ffa3fa8f2a0:   00 00 00 48 89 77 20 48 8b 74 24 38 48 8b 4f 10
  0x00007ffa3fa8f2b0:   48 8b 5f 08 48 2b d9 49 03 d8 49 8b 0e 48 8b d7
  0x00007ffa3fa8f2c0:   4c 8b 41 10 49 8b ce 41 ff d0 48 8b 7c 24 48 48
  0x00007ffa3fa8f2d0:   8b c3 48 8b 5c 24 40 48 83 c4 20 41 5e c3 cc cc
  0x00007ffa3fa8f2e0:   40 53 48 83 ec 20 4c 8b 42 10 4c 8d 4c 24 30 4c
  0x00007ffa3fa8f2f0:   2b 41 28 48 8b d9 0f b6 41 38 4c 2b 02 48 8b 0d
  0x00007ffa3fa8f300:   84 ba 99 00 c6 44 24 30 00 88 44 24 31 c6 44 24
  0x00007ffa3fa8f310:   32 00 e8 99 3c 01 00 48 c7 43 28 00 00 00 00 48
  0x00007ffa3fa8f320:   83 c4 20 5b c3 cc cc cc cc cc cc cc cc cc cc cc
  0x00007ffa3fa8f330:   4c 8b 42 10 4c 2b 02 48 8b 0d 4a ba 99 00 e9 fd
  0x00007ffa3fa8f340:   3c 01 00 cc cc cc cc cc cc cc cc cc cc cc cc cc
  0x00007ffa3fa8f350:   48 8b 42 10 48 2b 02 ff 41 10 48 89 41 28 48 89
  0x00007ffa3fa8f360:   51 08 c3 cc cc cc cc cc cc cc cc cc cc cc cc cc
  0x00007ffa3fa8f370:   48 89 0d 11 ba 99 00 48 89 15 02 ba 99 00 c3 cc
=>0x00007ffa3fa8f380:   44 8b 4a 08 4c 8b c2 45 85 c9 7e 0e 41 f6 c1 01
  0x00007ffa3fa8f390:   75 46 41 c1 f9 03 49 63 c1 c3 79 3c 8b 05 c6 61
  0x00007ffa3fa8f3a0:   93 00 ff c8 4c 63 c0 48 63 05 2a ad 9c 00 48 63
  0x00007ffa3fa8f3b0:   14 08 41 8b c9 48 d3 e2 41 8b c1 48 c1 f8 10 0f
  0x00007ffa3fa8f3c0:   b6 c0 49 8d 0c 10 49 f7 d0 48 03 c1 49 c1 e8 03
  0x00007ffa3fa8f3d0:   48 c1 e8 03 49 23 c0 c3 48 8b 02 48 8b d1 49 8b
  0x00007ffa3fa8f3e0:   c8 48 ff a0 00 01 00 00 cc cc cc cc cc cc cc cc
  0x00007ffa3fa8f3f0:   48 8b 51 08 33 c0 48 3b 15 83 b9 99 00 48 0f 44
  0x00007ffa3fa8f400:   d0 48 85 d2 74 07 48 8b 42 10 48 2b 02 48 8b 51
  0x00007ffa3fa8f410:   30 48 85 d2 74 0a 48 8b 4a 10 48 2b 0a 48 03 c1
  0x00007ffa3fa8f420:   c3 cc cc cc cc cc cc cc cc cc cc cc cc cc cc cc
  0x00007ffa3fa8f430:   48 89 4c 24 08 48 89 54 24 10 4c 89 44 24 18 4c
  0x00007ffa3fa8f440:   89 4c 24 20 48 83 ec 28 4c 8b c1 4c 8d 4c 24 38
  0x00007ffa3fa8f450:   48 8d 0d a9 b9 99 00 ba 01 00 00 00 e8 ef 6b 2f
  0x00007ffa3fa8f460:   00 48 83 c4 28 c3 cc cc cc cc cc cc cc cc cc cc
  0x00007ffa3fa8f470:   48 89 4c 24 08 48 89 54 24 10 4c 89 44 24 18 4c


Stack slot to memory mapping:

stack at sp + 0 slots: 0x00007ffa3fad6b0e jvm.dll
stack at sp + 1 slots: 0x000000b400fffa90 points into unknown readable memory: 0x000000b400fffbb0 | b0 fb ff 00 b4 00 00 00
stack at sp + 2 slots: 0x00007ffa3fad4f98 jvm.dll
stack at sp + 3 slots: 0x00000244a3add4b0 points into unknown readable memory: 0x0000000000000000 | 00 00 00 00 00 00 00 00
stack at sp + 4 slots: 0x000000b4013ff900 points into unknown readable memory: 0x0000000030188630 | 30 86 18 30 00 00 00 00
stack at sp + 5 slots: 0x0000000000000048 is an unknown value
stack at sp + 6 slots: 
[error occurred during error reporting (inspecting top of stack), id 0xc0000005, EXCEPTION_ACCESS_VIOLATION (0xc0000005) at pc=0x00007ffa3fa8f380]
stack at sp + 7 slots: 
[error occurred during error reporting (inspecting top of stack, attempt 2), id 0xc0000005, EXCEPTION_ACCESS_VIOLATION (0xc0000005) at pc=0x00007ffa3fa8f380]


---------------  P R O C E S S  ---------------

Threads class SMR info:
_java_thread_list=0x00000244c9407ca0, length=14, elements={
0x00000244a3ac2850, 0x00000244c0baf900, 0x00000244c0bb0360, 0x00000244c0bb3120,
0x00000244c0bb48f0, 0x00000244c0bb50b0, 0x00000244c0bb5870, 0x00000244c0bb8370,
0x00000244c0bde840, 0x00000244c3891800, 0x00000244c38c6480, 0x00000244c8202f00,
0x00000244c8175970, 0x00000244c87fe350
}

Java Threads: ( => current thread )
  0x00000244a3ac2850 JavaThread "main"                              [_thread_blocked, id=5488, stack(0x000000b47f900000,0x000000b47fa00000) (1024K)]
  0x00000244c0baf900 JavaThread "Reference Handler"          daemon [_thread_blocked, id=16516, stack(0x000000b400200000,0x000000b400300000) (1024K)]
  0x00000244c0bb0360 JavaThread "Finalizer"                  daemon [_thread_blocked, id=19600, stack(0x000000b400300000,0x000000b400400000) (1024K)]
  0x00000244c0bb3120 JavaThread "Signal Dispatcher"          daemon [_thread_blocked, id=16988, stack(0x000000b400400000,0x000000b400500000) (1024K)]
  0x00000244c0bb48f0 JavaThread "Attach Listener"            daemon [_thread_blocked, id=1548, stack(0x000000b400500000,0x000000b400600000) (1024K)]
  0x00000244c0bb50b0 JavaThread "Service Thread"             daemon [_thread_blocked, id=6800, stack(0x000000b400600000,0x000000b400700000) (1024K)]
  0x00000244c0bb5870 JavaThread "Monitor Deflation Thread"   daemon [_thread_blocked, id=2076, stack(0x000000b400700000,0x000000b400800000) (1024K)]
  0x00000244c0bb8370 JavaThread "C2 CompilerThread0"         daemon [_thread_blocked, id=15176, stack(0x000000b400800000,0x000000b400900000) (1024K)]
  0x00000244c0bde840 JavaThread "C1 CompilerThread0"         daemon [_thread_blocked, id=8156, stack(0x000000b400900000,0x000000b400a00000) (1024K)]
  0x00000244c3891800 JavaThread "Common-Cleaner"             daemon [_thread_blocked, id=640, stack(0x000000b400a00000,0x000000b400b00000) (1024K)]
  0x00000244c38c6480 JavaThread "C2 CompilerThread1"         daemon [_thread_blocked, id=20212, stack(0x000000b400b00000,0x000000b400c00000) (1024K)]
  0x00000244c8202f00 JavaThread "Monitor Ctrl-Break"         daemon [_thread_in_native, id=8956, stack(0x000000b400c00000,0x000000b400d00000) (1024K)]
  0x00000244c8175970 JavaThread "Notification Thread"        daemon [_thread_blocked, id=6628, stack(0x000000b400d00000,0x000000b400e00000) (1024K)]
  0x00000244c87fe350 JavaThread "C2 CompilerThread2"         daemon [_thread_blocked, id=14988, stack(0x000000b400e00000,0x000000b400f00000) (1024K)]
Total: 14

Other Threads:
  0x00000244c0b9a180 VMThread "VM Thread"                           [id=11748, stack(0x000000b400100000,0x000000b400200000) (1024K)]
  0x00000244c0b8cd20 WatcherThread "VM Periodic Task Thread"        [id=3544, stack(0x000000b400000000,0x000000b400100000) (1024K)]
  0x00000244a3b292b0 WorkerThread "GC Thread#0"                     [id=18916, stack(0x000000b47fa00000,0x000000b47fb00000) (1024K)]
=>0x00000244c8ac8380 WorkerThread "GC Thread#1"                     [id=10732, stack(0x000000b400f00000,0x000000b401000000) (1024K)]
  0x00000244c8ac87b0 WorkerThread "GC Thread#2"                     [id=5668, stack(0x000000b401000000,0x000000b401100000) (1024K)]
  0x00000244c8a6e540 WorkerThread "GC Thread#3"                     [id=17864, stack(0x000000b401100000,0x000000b401200000) (1024K)]
  0x00000244c8a6e970 WorkerThread "GC Thread#4"                     [id=15900, stack(0x000000b401200000,0x000000b401300000) (1024K)]
  0x00000244c8a6f1a0 WorkerThread "GC Thread#5"                     [id=688, stack(0x000000b401300000,0x000000b401400000) (1024K)]
  0x00000244a174eae0 ConcurrentGCThread "G1 Main Marker"            [id=10524, stack(0x000000b47fb00000,0x000000b47fc00000) (1024K)]
  0x00000244c0a42560 WorkerThread "G1 Conc#0"                       [id=19548, stack(0x000000b47fc00000,0x000000b47fd00000) (1024K)]
  0x00000244c0a5b470 ConcurrentGCThread "G1 Refine#0"               [id=19180, stack(0x000000b47fd00000,0x000000b47fe00000) (1024K)]
  0x00000244c0a5fa90 ConcurrentGCThread "G1 Service"                [id=2476, stack(0x000000b47fe00000,0x000000b47ff00000) (1024K)]
Total: 12

Threads with active compile tasks:
C2 CompilerThread0  1485 3297   !   4       java.util.zip.InflaterInputStream::read (129 bytes)
C1 CompilerThread0  1485 3313       3       sun.reflect.annotation.AnnotationParser::parseArray (234 bytes)
C2 CompilerThread1  1486 3314       4       org.springframework.core.annotation.MergedAnnotationsCollection$AnnotationsSpliterator::getNextSuitableMapping (45 bytes)
Total: 3

VM state: at safepoint (normal execution)

VM Mutex/Monitor currently owned by a thread:  ([mutex/lock_event])
[0x00007ffa404595e8] Threads_lock - owner thread: 0x00000244c0b9a180
[0x00007ffa40459768] Heap_lock - owner thread: 0x00000244c0bde840

Heap address: 0x0000000701200000, size: 4078 MB, Compressed Oops mode: Zero based, Oop shift amount: 3

CDS archive(s) mapped at: [0x0000000030000000-0x0000000030dd0000-0x0000000030dd0000), size 14483456, SharedBaseAddress: 0x0000000030000000, ArchiveRelocationMode: 1.
Compressed class space mapped at: 0x0000000031000000-0x0000000071000000, reserved size: 1073741824
UseCompressedClassPointers 1, UseCompactObjectHeaders 0
Narrow klass pointer bits 32, Max shift 3
Narrow klass base: 0x0000000030000000, Narrow klass shift: 0
Encoding Range: [0x0000000030000000 - 0x0000000130000000), (4294967296 bytes)
Klass Range:    [0x0000000030010000 - 0x0000000071000000), (1090453504 bytes)
Klass ID Range:  [65536 - 1090519033) (1090453497)
Protection zone: [0x0000000030000000 - 0x0000000030010000), (65536 bytes)

GC Precious Log:
 CardTable entry size: 512
 Card Set container configuration: InlinePtr #cards 4 size 8 Array Of Cards #cards 16 size 48 Howl #buckets 8 coarsen threshold 3686 Howl Bitmap #cards 512 size 80 coarsen threshold 460 Card regions per heap region 1 cards per card region 4096
 CPUs: 12 total, 12 available
 Memory: 16310M
 Large Page Support: Disabled
 NUMA Support: Disabled
 Compressed Oops: Enabled (Zero based)
 Heap Region Size: 2M
 Heap Min Capacity: 8M
 Heap Initial Capacity: 256M
 Heap Max Capacity: 4078M
 Pre-touch: Disabled
 Parallel Workers: 10
 Concurrent Workers: 3
 Concurrent Refinement Workers: 10
 Periodic GC: Disabled

Heap:
 garbage-first heap   total reserved 4175872K, committed 264192K, used 70282K [0x0000000701200000, 0x0000000800000000)
  region size 2048K, 35 young (71680K), 6 survivors (12288K)

Heap Regions: E=young(eden), S=young(survivor), O=old, HS=humongous(starts), HC=humongous(continues), CS=collection set, F=free, TAMS=top-at-mark-start, PB=parsable bottom
|   0|0x0000000701200000, 0x0000000701400000, 0x0000000701400000|100%| O|  |TAMS 0x0000000701400000| PB 0x0000000701200000| Untracked |  0
|   1|0x0000000701400000, 0x00000007015d9260, 0x0000000701600000| 92%| O|  |TAMS 0x00000007015d9260| PB 0x0000000701400000| Untracked |  0
|   2|0x0000000701600000, 0x0000000701600000, 0x0000000701800000|  0%| F|  |TAMS 0x0000000701600000| PB 0x0000000701600000| Untracked |  0
|   3|0x0000000701800000, 0x0000000701800000, 0x0000000701a00000|  0%| F|  |TAMS 0x0000000701800000| PB 0x0000000701800000| Untracked |  0
|   4|0x0000000701a00000, 0x0000000701a00000, 0x0000000701c00000|  0%| F|  |TAMS 0x0000000701a00000| PB 0x0000000701a00000| Untracked |  0
|   5|0x0000000701c00000, 0x0000000701c00000, 0x0000000701e00000|  0%| F|  |TAMS 0x0000000701c00000| PB 0x0000000701c00000| Untracked |  0
|   6|0x0000000701e00000, 0x0000000701e00000, 0x0000000702000000|  0%| F|  |TAMS 0x0000000701e00000| PB 0x0000000701e00000| Untracked |  0
|   7|0x0000000702000000, 0x0000000702000000, 0x0000000702200000|  0%| F|  |TAMS 0x0000000702000000| PB 0x0000000702000000| Untracked |  0
|   8|0x0000000702200000, 0x0000000702200000, 0x0000000702400000|  0%| F|  |TAMS 0x0000000702200000| PB 0x0000000702200000| Untracked |  0
|   9|0x0000000702400000, 0x0000000702400000, 0x0000000702600000|  0%| F|  |TAMS 0x0000000702400000| PB 0x0000000702400000| Untracked |  0
|  10|0x0000000702600000, 0x0000000702600000, 0x0000000702800000|  0%| F|  |TAMS 0x0000000702600000| PB 0x0000000702600000| Untracked |  0
|  11|0x0000000702800000, 0x0000000702800000, 0x0000000702a00000|  0%| F|  |TAMS 0x0000000702800000| PB 0x0000000702800000| Untracked |  0
|  12|0x0000000702a00000, 0x0000000702a00000, 0x0000000702c00000|  0%| F|  |TAMS 0x0000000702a00000| PB 0x0000000702a00000| Untracked |  0
|  13|0x0000000702c00000, 0x0000000702c00000, 0x0000000702e00000|  0%| F|  |TAMS 0x0000000702c00000| PB 0x0000000702c00000| Untracked |  0
|  14|0x0000000702e00000, 0x0000000702e00000, 0x0000000703000000|  0%| F|  |TAMS 0x0000000702e00000| PB 0x0000000702e00000| Untracked |  0
|  15|0x0000000703000000, 0x0000000703000000, 0x0000000703200000|  0%| F|  |TAMS 0x0000000703000000| PB 0x0000000703000000| Untracked |  0
|  16|0x0000000703200000, 0x0000000703200000, 0x0000000703400000|  0%| F|  |TAMS 0x0000000703200000| PB 0x0000000703200000| Untracked |  0
|  17|0x0000000703400000, 0x0000000703400000, 0x0000000703600000|  0%| F|  |TAMS 0x0000000703400000| PB 0x0000000703400000| Untracked |  0
|  18|0x0000000703600000, 0x0000000703600000, 0x0000000703800000|  0%| F|  |TAMS 0x0000000703600000| PB 0x0000000703600000| Untracked |  0
|  19|0x0000000703800000, 0x0000000703800000, 0x0000000703a00000|  0%| F|  |TAMS 0x0000000703800000| PB 0x0000000703800000| Untracked |  0
|  20|0x0000000703a00000, 0x0000000703a00000, 0x0000000703c00000|  0%| F|  |TAMS 0x0000000703a00000| PB 0x0000000703a00000| Untracked |  0
|  21|0x0000000703c00000, 0x0000000703c00000, 0x0000000703e00000|  0%| F|  |TAMS 0x0000000703c00000| PB 0x0000000703c00000| Untracked |  0
|  22|0x0000000703e00000, 0x0000000703e00000, 0x0000000704000000|  0%| F|  |TAMS 0x0000000703e00000| PB 0x0000000703e00000| Untracked |  0
|  23|0x0000000704000000, 0x0000000704000000, 0x0000000704200000|  0%| F|  |TAMS 0x0000000704000000| PB 0x0000000704000000| Untracked |  0
|  24|0x0000000704200000, 0x0000000704200000, 0x0000000704400000|  0%| F|  |TAMS 0x0000000704200000| PB 0x0000000704200000| Untracked |  0
|  25|0x0000000704400000, 0x0000000704400000, 0x0000000704600000|  0%| F|  |TAMS 0x0000000704400000| PB 0x0000000704400000| Untracked |  0
|  26|0x0000000704600000, 0x0000000704600000, 0x0000000704800000|  0%| F|  |TAMS 0x0000000704600000| PB 0x0000000704600000| Untracked |  0
|  27|0x0000000704800000, 0x0000000704800000, 0x0000000704a00000|  0%| F|  |TAMS 0x0000000704800000| PB 0x0000000704800000| Untracked |  0
|  28|0x0000000704a00000, 0x0000000704a00000, 0x0000000704c00000|  0%| F|  |TAMS 0x0000000704a00000| PB 0x0000000704a00000| Untracked |  0
|  29|0x0000000704c00000, 0x0000000704c00000, 0x0000000704e00000|  0%| F|  |TAMS 0x0000000704c00000| PB 0x0000000704c00000| Untracked |  0
|  30|0x0000000704e00000, 0x0000000704e00000, 0x0000000705000000|  0%| F|  |TAMS 0x0000000704e00000| PB 0x0000000704e00000| Untracked |  0
|  31|0x0000000705000000, 0x0000000705000000, 0x0000000705200000|  0%| F|  |TAMS 0x0000000705000000| PB 0x0000000705000000| Untracked |  0
|  32|0x0000000705200000, 0x0000000705200000, 0x0000000705400000|  0%| F|  |TAMS 0x0000000705200000| PB 0x0000000705200000| Untracked |  0
|  33|0x0000000705400000, 0x0000000705400000, 0x0000000705600000|  0%| F|  |TAMS 0x0000000705400000| PB 0x0000000705400000| Untracked |  0
|  34|0x0000000705600000, 0x0000000705600000, 0x0000000705800000|  0%| F|  |TAMS 0x0000000705600000| PB 0x0000000705600000| Untracked |  0
|  35|0x0000000705800000, 0x0000000705800000, 0x0000000705a00000|  0%| F|  |TAMS 0x0000000705800000| PB 0x0000000705800000| Untracked |  0
|  36|0x0000000705a00000, 0x0000000705a00000, 0x0000000705c00000|  0%| F|  |TAMS 0x0000000705a00000| PB 0x0000000705a00000| Untracked |  0
|  37|0x0000000705c00000, 0x0000000705c00000, 0x0000000705e00000|  0%| F|  |TAMS 0x0000000705c00000| PB 0x0000000705c00000| Untracked |  0
|  38|0x0000000705e00000, 0x0000000705e00000, 0x0000000706000000|  0%| F|  |TAMS 0x0000000705e00000| PB 0x0000000705e00000| Untracked |  0
|  39|0x0000000706000000, 0x0000000706000000, 0x0000000706200000|  0%| F|  |TAMS 0x0000000706000000| PB 0x0000000706000000| Untracked |  0
|  40|0x0000000706200000, 0x0000000706200000, 0x0000000706400000|  0%| F|  |TAMS 0x0000000706200000| PB 0x0000000706200000| Untracked |  0
|  41|0x0000000706400000, 0x0000000706400000, 0x0000000706600000|  0%| F|  |TAMS 0x0000000706400000| PB 0x0000000706400000| Untracked |  0
|  42|0x0000000706600000, 0x0000000706600000, 0x0000000706800000|  0%| F|  |TAMS 0x0000000706600000| PB 0x0000000706600000| Untracked |  0
|  43|0x0000000706800000, 0x0000000706800000, 0x0000000706a00000|  0%| F|  |TAMS 0x0000000706800000| PB 0x0000000706800000| Untracked |  0
|  44|0x0000000706a00000, 0x0000000706a00000, 0x0000000706c00000|  0%| F|  |TAMS 0x0000000706a00000| PB 0x0000000706a00000| Untracked |  0
|  45|0x0000000706c00000, 0x0000000706c00000, 0x0000000706e00000|  0%| F|  |TAMS 0x0000000706c00000| PB 0x0000000706c00000| Untracked |  0
|  46|0x0000000706e00000, 0x0000000706e00000, 0x0000000707000000|  0%| F|  |TAMS 0x0000000706e00000| PB 0x0000000706e00000| Untracked |  0
|  47|0x0000000707000000, 0x0000000707000000, 0x0000000707200000|  0%| F|  |TAMS 0x0000000707000000| PB 0x0000000707000000| Untracked |  0
|  48|0x0000000707200000, 0x0000000707200000, 0x0000000707400000|  0%| F|  |TAMS 0x0000000707200000| PB 0x0000000707200000| Untracked |  0
|  49|0x0000000707400000, 0x0000000707400000, 0x0000000707600000|  0%| F|  |TAMS 0x0000000707400000| PB 0x0000000707400000| Untracked |  0
|  50|0x0000000707600000, 0x0000000707600000, 0x0000000707800000|  0%| F|  |TAMS 0x0000000707600000| PB 0x0000000707600000| Untracked |  0
|  51|0x0000000707800000, 0x0000000707800000, 0x0000000707a00000|  0%| F|  |TAMS 0x0000000707800000| PB 0x0000000707800000| Untracked |  0
|  52|0x0000000707a00000, 0x0000000707a00000, 0x0000000707c00000|  0%| F|  |TAMS 0x0000000707a00000| PB 0x0000000707a00000| Untracked |  0
|  53|0x0000000707c00000, 0x0000000707c00000, 0x0000000707e00000|  0%| F|  |TAMS 0x0000000707c00000| PB 0x0000000707c00000| Untracked |  0
|  54|0x0000000707e00000, 0x0000000707e00000, 0x0000000708000000|  0%| F|  |TAMS 0x0000000707e00000| PB 0x0000000707e00000| Untracked |  0
|  55|0x0000000708000000, 0x0000000708000000, 0x0000000708200000|  0%| F|  |TAMS 0x0000000708000000| PB 0x0000000708000000| Untracked |  0
|  56|0x0000000708200000, 0x0000000708200000, 0x0000000708400000|  0%| F|  |TAMS 0x0000000708200000| PB 0x0000000708200000| Untracked |  0
|  57|0x0000000708400000, 0x0000000708400000, 0x0000000708600000|  0%| F|  |TAMS 0x0000000708400000| PB 0x0000000708400000| Untracked |  0
|  58|0x0000000708600000, 0x0000000708600000, 0x0000000708800000|  0%| F|  |TAMS 0x0000000708600000| PB 0x0000000708600000| Untracked |  0
|  59|0x0000000708800000, 0x0000000708800000, 0x0000000708a00000|  0%| F|  |TAMS 0x0000000708800000| PB 0x0000000708800000| Untracked |  0
|  60|0x0000000708a00000, 0x0000000708a00000, 0x0000000708c00000|  0%| F|  |TAMS 0x0000000708a00000| PB 0x0000000708a00000| Untracked |  0
|  61|0x0000000708c00000, 0x0000000708c00000, 0x0000000708e00000|  0%| F|  |TAMS 0x0000000708c00000| PB 0x0000000708c00000| Untracked |  0
|  62|0x0000000708e00000, 0x0000000708e00000, 0x0000000709000000|  0%| F|  |TAMS 0x0000000708e00000| PB 0x0000000708e00000| Untracked |  0
|  63|0x0000000709000000, 0x0000000709000000, 0x0000000709200000|  0%| F|  |TAMS 0x0000000709000000| PB 0x0000000709000000| Untracked |  0
|  64|0x0000000709200000, 0x0000000709200000, 0x0000000709400000|  0%| F|  |TAMS 0x0000000709200000| PB 0x0000000709200000| Untracked |  0
|  65|0x0000000709400000, 0x0000000709400000, 0x0000000709600000|  0%| F|  |TAMS 0x0000000709400000| PB 0x0000000709400000| Untracked |  0
|  66|0x0000000709600000, 0x0000000709600000, 0x0000000709800000|  0%| F|  |TAMS 0x0000000709600000| PB 0x0000000709600000| Untracked |  0
|  67|0x0000000709800000, 0x0000000709800000, 0x0000000709a00000|  0%| F|  |TAMS 0x0000000709800000| PB 0x0000000709800000| Untracked |  0
|  68|0x0000000709a00000, 0x0000000709a00000, 0x0000000709c00000|  0%| F|  |TAMS 0x0000000709a00000| PB 0x0000000709a00000| Untracked |  0
|  69|0x0000000709c00000, 0x0000000709c00000, 0x0000000709e00000|  0%| F|  |TAMS 0x0000000709c00000| PB 0x0000000709c00000| Untracked |  0
|  70|0x0000000709e00000, 0x0000000709e00000, 0x000000070a000000|  0%| F|  |TAMS 0x0000000709e00000| PB 0x0000000709e00000| Untracked |  0
|  71|0x000000070a000000, 0x000000070a000000, 0x000000070a200000|  0%| F|  |TAMS 0x000000070a000000| PB 0x000000070a000000| Untracked |  0
|  72|0x000000070a200000, 0x000000070a200000, 0x000000070a400000|  0%| F|  |TAMS 0x000000070a200000| PB 0x000000070a200000| Untracked |  0
|  73|0x000000070a400000, 0x000000070a400000, 0x000000070a600000|  0%| F|  |TAMS 0x000000070a400000| PB 0x000000070a400000| Untracked |  0
|  74|0x000000070a600000, 0x000000070a600000, 0x000000070a800000|  0%| F|  |TAMS 0x000000070a600000| PB 0x000000070a600000| Untracked |  0
|  75|0x000000070a800000, 0x000000070a800000, 0x000000070aa00000|  0%| F|  |TAMS 0x000000070a800000| PB 0x000000070a800000| Untracked |  0
|  76|0x000000070aa00000, 0x000000070aa00000, 0x000000070ac00000|  0%| F|  |TAMS 0x000000070aa00000| PB 0x000000070aa00000| Untracked |  0
|  77|0x000000070ac00000, 0x000000070ac00000, 0x000000070ae00000|  0%| F|  |TAMS 0x000000070ac00000| PB 0x000000070ac00000| Untracked |  0
|  78|0x000000070ae00000, 0x000000070ae00000, 0x000000070b000000|  0%| F|  |TAMS 0x000000070ae00000| PB 0x000000070ae00000| Untracked |  0
|  79|0x000000070b000000, 0x000000070b000000, 0x000000070b200000|  0%| F|  |TAMS 0x000000070b000000| PB 0x000000070b000000| Untracked |  0
|  80|0x000000070b200000, 0x000000070b200000, 0x000000070b400000|  0%| F|  |TAMS 0x000000070b200000| PB 0x000000070b200000| Untracked |  0
|  81|0x000000070b400000, 0x000000070b400000, 0x000000070b600000|  0%| F|  |TAMS 0x000000070b400000| PB 0x000000070b400000| Untracked |  0
|  82|0x000000070b600000, 0x000000070b600000, 0x000000070b800000|  0%| F|  |TAMS 0x000000070b600000| PB 0x000000070b600000| Untracked |  0
|  83|0x000000070b800000, 0x000000070b800000, 0x000000070ba00000|  0%| F|  |TAMS 0x000000070b800000| PB 0x000000070b800000| Untracked |  0
|  84|0x000000070ba00000, 0x000000070ba00000, 0x000000070bc00000|  0%| F|  |TAMS 0x000000070ba00000| PB 0x000000070ba00000| Untracked |  0
|  85|0x000000070bc00000, 0x000000070bc00000, 0x000000070be00000|  0%| F|  |TAMS 0x000000070bc00000| PB 0x000000070bc00000| Untracked |  0
|  86|0x000000070be00000, 0x000000070be00000, 0x000000070c000000|  0%| F|  |TAMS 0x000000070be00000| PB 0x000000070be00000| Untracked |  0
|  87|0x000000070c000000, 0x000000070c000000, 0x000000070c200000|  0%| F|  |TAMS 0x000000070c000000| PB 0x000000070c000000| Untracked |  0
|  88|0x000000070c200000, 0x000000070c200000, 0x000000070c400000|  0%| F|  |TAMS 0x000000070c200000| PB 0x000000070c200000| Untracked |  0
|  89|0x000000070c400000, 0x000000070c400000, 0x000000070c600000|  0%| F|  |TAMS 0x000000070c400000| PB 0x000000070c400000| Untracked |  0
|  90|0x000000070c600000, 0x000000070c69ce70, 0x000000070c800000| 30%| S|  |TAMS 0x000000070c600000| PB 0x000000070c600000| Complete |  0
|  91|0x000000070c800000, 0x000000070ca00000, 0x000000070ca00000|100%| S|  |TAMS 0x000000070c800000| PB 0x000000070c800000| Complete |  0
|  92|0x000000070ca00000, 0x000000070cc00000, 0x000000070cc00000|100%| S|  |TAMS 0x000000070ca00000| PB 0x000000070ca00000| Complete |  0
|  93|0x000000070cc00000, 0x000000070ce00000, 0x000000070ce00000|100%| S|  |TAMS 0x000000070cc00000| PB 0x000000070cc00000| Complete |  0
|  94|0x000000070ce00000, 0x000000070d000000, 0x000000070d000000|100%| S|  |TAMS 0x000000070ce00000| PB 0x000000070ce00000| Complete |  0
|  95|0x000000070d000000, 0x000000070d200000, 0x000000070d200000|100%| S|  |TAMS 0x000000070d000000| PB 0x000000070d000000| Complete |  0
|  96|0x000000070d200000, 0x000000070d3a3e70, 0x000000070d400000| 82%| E|CS|TAMS 0x000000070d200000| PB 0x000000070d200000| Complete |  0
|  97|0x000000070d400000, 0x000000070d600000, 0x000000070d600000|100%| E|CS|TAMS 0x000000070d400000| PB 0x000000070d400000| Complete |  0
|  98|0x000000070d600000, 0x000000070d800000, 0x000000070d800000|100%| E|CS|TAMS 0x000000070d600000| PB 0x000000070d600000| Complete |  0
|  99|0x000000070d800000, 0x000000070da00000, 0x000000070da00000|100%| E|CS|TAMS 0x000000070d800000| PB 0x000000070d800000| Complete |  0
| 100|0x000000070da00000, 0x000000070dc00000, 0x000000070dc00000|100%| E|CS|TAMS 0x000000070da00000| PB 0x000000070da00000| Complete |  0
| 101|0x000000070dc00000, 0x000000070de00000, 0x000000070de00000|100%| E|CS|TAMS 0x000000070dc00000| PB 0x000000070dc00000| Complete |  0
| 102|0x000000070de00000, 0x000000070e000000, 0x000000070e000000|100%| E|CS|TAMS 0x000000070de00000| PB 0x000000070de00000| Complete |  0
| 103|0x000000070e000000, 0x000000070e200000, 0x000000070e200000|100%| E|CS|TAMS 0x000000070e000000| PB 0x000000070e000000| Complete |  0
| 104|0x000000070e200000, 0x000000070e400000, 0x000000070e400000|100%| E|CS|TAMS 0x000000070e200000| PB 0x000000070e200000| Complete |  0
| 105|0x000000070e400000, 0x000000070e600000, 0x000000070e600000|100%| E|CS|TAMS 0x000000070e400000| PB 0x000000070e400000| Complete |  0
| 106|0x000000070e600000, 0x000000070e800000, 0x000000070e800000|100%| E|CS|TAMS 0x000000070e600000| PB 0x000000070e600000| Complete |  0
| 107|0x000000070e800000, 0x000000070ea00000, 0x000000070ea00000|100%| E|CS|TAMS 0x000000070e800000| PB 0x000000070e800000| Complete |  0
| 108|0x000000070ea00000, 0x000000070ec00000, 0x000000070ec00000|100%| E|CS|TAMS 0x000000070ea00000| PB 0x000000070ea00000| Complete |  0
| 109|0x000000070ec00000, 0x000000070ee00000, 0x000000070ee00000|100%| E|CS|TAMS 0x000000070ec00000| PB 0x000000070ec00000| Complete |  0
| 110|0x000000070ee00000, 0x000000070f000000, 0x000000070f000000|100%| E|CS|TAMS 0x000000070ee00000| PB 0x000000070ee00000| Complete |  0
| 111|0x000000070f000000, 0x000000070f200000, 0x000000070f200000|100%| E|CS|TAMS 0x000000070f000000| PB 0x000000070f000000| Complete |  0
| 112|0x000000070f200000, 0x000000070f400000, 0x000000070f400000|100%| E|CS|TAMS 0x000000070f200000| PB 0x000000070f200000| Complete |  0
| 113|0x000000070f400000, 0x000000070f600000, 0x000000070f600000|100%| E|CS|TAMS 0x000000070f400000| PB 0x000000070f400000| Complete |  0
| 114|0x000000070f600000, 0x000000070f800000, 0x000000070f800000|100%| E|CS|TAMS 0x000000070f600000| PB 0x000000070f600000| Complete |  0
| 115|0x000000070f800000, 0x000000070fa00000, 0x000000070fa00000|100%| E|CS|TAMS 0x000000070f800000| PB 0x000000070f800000| Complete |  0
| 116|0x000000070fa00000, 0x000000070fc00000, 0x000000070fc00000|100%| E|CS|TAMS 0x000000070fa00000| PB 0x000000070fa00000| Complete |  0
| 117|0x000000070fc00000, 0x000000070fe00000, 0x000000070fe00000|100%| E|CS|TAMS 0x000000070fc00000| PB 0x000000070fc00000| Complete |  0
| 118|0x000000070fe00000, 0x0000000710000000, 0x0000000710000000|100%| E|CS|TAMS 0x000000070fe00000| PB 0x000000070fe00000| Complete |  0
| 119|0x0000000710000000, 0x0000000710200000, 0x0000000710200000|100%| E|CS|TAMS 0x0000000710000000| PB 0x0000000710000000| Complete |  0
| 120|0x0000000710200000, 0x0000000710400000, 0x0000000710400000|100%| E|CS|TAMS 0x0000000710200000| PB 0x0000000710200000| Complete |  0
| 121|0x0000000710400000, 0x0000000710600000, 0x0000000710600000|100%| E|CS|TAMS 0x0000000710400000| PB 0x0000000710400000| Complete |  0
| 122|0x0000000710600000, 0x0000000710800000, 0x0000000710800000|100%| E|CS|TAMS 0x0000000710600000| PB 0x0000000710600000| Complete |  0
| 123|0x0000000710800000, 0x0000000710a00000, 0x0000000710a00000|100%| E|CS|TAMS 0x0000000710800000| PB 0x0000000710800000| Complete |  0
| 124|0x0000000710a00000, 0x0000000710c00000, 0x0000000710c00000|100%| E|CS|TAMS 0x0000000710a00000| PB 0x0000000710a00000| Complete |  0
| 125|0x0000000710c00000, 0x0000000710e00000, 0x0000000710e00000|100%| E|CS|TAMS 0x0000000710c00000| PB 0x0000000710c00000| Complete |  0
| 126|0x0000000710e00000, 0x0000000711000000, 0x0000000711000000|100%| E|CS|TAMS 0x0000000710e00000| PB 0x0000000710e00000| Complete |  0
| 127|0x0000000711000000, 0x0000000711200000, 0x0000000711200000|100%| E|CS|TAMS 0x0000000711000000| PB 0x0000000711000000| Complete |  0
|2038|0x00000007ffe00000, 0x00000007fff257b8, 0x0000000800000000| 57%| O|  |TAMS 0x00000007fff257b8| PB 0x00000007ffe00000| Untracked |  0

Card table byte_map: [0x00000244bc1b0000,0x00000244bc9b0000] _byte_map_base: 0x00000244b89a7000

Marking Bits: (CMBitMap*) 0x00000244a174e020
 Bits: [0x00000244bc9b0000, 0x00000244c0968000)

Polling page: 0x00000244a1920000

Metaspace:
Metaspace        used 21251K, committed 21504K, reserved 1114112K
 class space     used 2670K, committed 2816K, reserved 1048576K

Usage:
  Non-class:     18.15 MB used.
      Class:      2.61 MB used.
       Both:     20.75 MB used.

Virtual space:
  Non-class space:       64.00 MB reserved,      18.25 MB ( 29%) committed,  1 nodes.
      Class space:        1.00 GB reserved,       2.75 MB ( <1%) committed,  1 nodes.
             Both:        1.06 GB reserved,      21.00 MB (  2%) committed. 

Chunk freelists:
   Non-Class:  13.76 MB
       Class:  13.29 MB
        Both:  27.06 MB

MaxMetaspaceSize: unlimited
CompressedClassSpaceSize: 1.00 GB
Initial GC threshold: 21.00 MB
Current GC threshold: 21.00 MB
CDS: on
 - commit_granule_bytes: 65536.
 - commit_granule_words: 8192.
 - virtual_space_node_default_size: 8388608.
 - enlarge_chunks_in_place: 1.
UseCompressedClassPointers 1, UseCompactObjectHeaders 0
Narrow klass pointer bits 32, Max shift 3
Narrow klass base: 0x0000000030000000, Narrow klass shift: 0
Encoding Range: [0x0000000030000000 - 0x0000000130000000), (4294967296 bytes)
Klass Range:    [0x0000000030010000 - 0x0000000071000000), (1090453504 bytes)
Klass ID Range:  [65536 - 1090519033) (1090453497)
Protection zone: [0x0000000030000000 - 0x0000000030010000), (65536 bytes)


Internal statistics:

num_allocs_failed_limit: 3.
num_arena_births: 236.
num_arena_deaths: 0.
num_vsnodes_births: 2.
num_vsnodes_deaths: 0.
num_space_committed: 336.
num_space_uncommitted: 0.
num_chunks_returned_to_freelist: 3.
num_chunks_taken_from_freelist: 872.
num_chunk_merges: 0.
num_chunk_splits: 606.
num_chunks_enlarged: 476.
num_inconsistent_stats: 0.

CodeHeap 'non-profiled nmethods': size=120064Kb used=1211Kb max_used=1211Kb free=118852Kb
 bounds [0x00000244b3e10000, 0x00000244b4080000, 0x00000244bb350000]
CodeHeap 'profiled nmethods': size=120000Kb used=5260Kb max_used=5260Kb free=114739Kb
 bounds [0x00000244ac350000, 0x00000244ac880000, 0x00000244b3880000]
CodeHeap 'non-nmethods': size=5696Kb used=1434Kb max_used=1481Kb free=4261Kb
 bounds [0x00000244b3880000, 0x00000244b3af0000, 0x00000244b3e10000]
CodeCache: size=245760Kb, used=7905Kb, max_used=7952Kb, free=237852Kb
 total_blobs=3871, nmethods=3311, adapters=463, full_count=0
Compilation: enabled, stopped_count=0, restarted_count=0

Compilation events (20 events):
Event: 1.420 Thread 0x00000244c0bde840 nmethod 3304 0x00000244ac86c888 code [0x00000244ac86c980, 0x00000244ac86cdd8]
Event: 1.420 Thread 0x00000244c0bde840 3305       3       java.util.stream.Collectors$$Lambda/0x00000000310f5838::accept (11 bytes)
Event: 1.420 Thread 0x00000244c0bde840 nmethod 3305 0x00000244ac86ce08 code [0x00000244ac86cf00, 0x00000244ac86d1b8]
Event: 1.420 Thread 0x00000244c0bde840 3306       3       java.lang.System$1::join (11 bytes)
Event: 1.421 Thread 0x00000244c0bde840 nmethod 3306 0x00000244ac86d208 code [0x00000244ac86d300, 0x00000244ac86f560]
Event: 1.421 Thread 0x00000244c0bde840 3307   !   3       org.springframework.context.annotation.ConfigurationClassParser$SourceClass::getRelated (100 bytes)
Event: 1.421 Thread 0x00000244c0bde840 nmethod 3307 0x00000244ac86f588 code [0x00000244ac86f680, 0x00000244ac870058]
Event: 1.421 Thread 0x00000244c0bde840 3308       3       org.springframework.core.type.classreading.ClassFileAnnotationDelegate::parseArrayValue (87 bytes)
Event: 1.421 Thread 0x00000244c0bde840 nmethod 3308 0x00000244ac870088 code [0x00000244ac870180, 0x00000244ac870930]
Event: 1.422 Thread 0x00000244c0bde840 3309       3       org.springframework.core.annotation.MergedAnnotationsCollection::<init> (114 bytes)
Event: 1.423 Thread 0x00000244c38c6480 nmethod 3302 0x00000244b3f3e408 code [0x00000244b3f3e520, 0x00000244b3f3ef28]
Event: 1.423 Thread 0x00000244c0bde840 nmethod 3309 0x00000244ac870988 code [0x00000244ac870a80, 0x00000244ac8720f0]
Event: 1.423 Thread 0x00000244c0bde840 3310       3       org.springframework.core.annotation.TypeMappedAnnotations::isPresent (39 bytes)
Event: 1.423 Thread 0x00000244c0bde840 nmethod 3310 0x00000244ac872188 code [0x00000244ac872280, 0x00000244ac8728f8]
Event: 1.423 Thread 0x00000244c0bde840 3311       3       org.springframework.beans.factory.support.AbstractAutowireCapableBeanFactory::getObjectForBeanInstance (37 bytes)
Event: 1.423 Thread 0x00000244c38c6480 3314       4       org.springframework.core.annotation.MergedAnnotationsCollection$AnnotationsSpliterator::getNextSuitableMapping (45 bytes)
Event: 1.423 Thread 0x00000244c0bde840 nmethod 3311 0x00000244ac872988 code [0x00000244ac872a80, 0x00000244ac872ef8]
Event: 1.423 Thread 0x00000244c0bde840 3312       3       java.lang.Long::bitCount (61 bytes)
Event: 1.423 Thread 0x00000244c0bde840 nmethod 3312 0x00000244ac872f08 code [0x00000244ac873000, 0x00000244ac873170]
Event: 1.423 Thread 0x00000244c0bde840 3313       3       sun.reflect.annotation.AnnotationParser::parseArray (234 bytes)

GC Heap Usage History (3 events):
Event: 0.744 {heap Before GC invocations=0 (full 0):
 garbage-first heap   total reserved 4175872K, committed 264192K, used 48277K [0x0000000701200000, 0x0000000800000000)
  region size 2048K, 24 young (49152K), 0 survivors (0K)
}
Event: 0.749 {heap After GC invocations=1 (full 0):
 garbage-first heap   total reserved 4175872K, committed 264192K, used 11258K [0x0000000701200000, 0x0000000800000000)
  region size 2048K, 3 young (6144K), 3 survivors (6144K)
}
Event: 1.424 {heap Before GC invocations=1 (full 0):
 garbage-first heap   total reserved 4175872K, committed 264192K, used 68602K [0x0000000701200000, 0x0000000800000000)
  region size 2048K, 32 young (65536K), 3 survivors (6144K)
}

Metaspace Usage History (3 events):
Event: 0.744 {metaspace Before GC invocations=0 (full 0):
 Metaspace       used 9490K, committed 9728K, reserved 1114112K
  class space    used 1114K, committed 1216K, reserved 1048576K
}
Event: 0.749 {metaspace After GC invocations=1 (full 0):
 Metaspace       used 9490K, committed 9728K, reserved 1114112K
  class space    used 1114K, committed 1216K, reserved 1048576K
}
Event: 1.424 {metaspace Before GC invocations=1 (full 0):
 Metaspace       used 21251K, committed 21504K, reserved 1114112K
  class space    used 2670K, committed 2816K, reserved 1048576K
}

Dll operation events (9 events):
Event: 0.008 Loaded shared library C:\Program Files\Java\jdk-25.0.2\bin\java.dll
Event: 0.114 Loaded shared library C:\Program Files\Java\jdk-25.0.2\bin\zip.dll
Event: 0.115 Loaded shared library C:\Program Files\Java\jdk-25.0.2\bin\instrument.dll
Event: 0.119 Loaded shared library C:\Program Files\Java\jdk-25.0.2\bin\net.dll
Event: 0.120 Loaded shared library C:\Program Files\Java\jdk-25.0.2\bin\nio.dll
Event: 0.123 Loaded shared library C:\Program Files\Java\jdk-25.0.2\bin\zip.dll
Event: 0.198 Loaded shared library C:\Program Files\Java\jdk-25.0.2\bin\extnet.dll
Event: 0.210 Loaded shared library C:\Program Files\Java\jdk-25.0.2\bin\jimage.dll
Event: 1.154 Loaded shared library C:\Program Files\Java\jdk-25.0.2\bin\sunmscapi.dll

Deoptimization events (20 events):
Event: 1.354 Thread 0x00000244a3ac2850 Uncommon trap: trap_request=0xffffff45 fr.pc=0x00000244b3f258b0 relative=0x0000000000001630
Event: 1.354 Thread 0x00000244a3ac2850 Uncommon trap: reason=unstable_if action=reinterpret pc=0x00000244b3f258b0 method=jdk.internal.jimage.ImageStringsReader.stringFromByteBufferMatches(Ljava/nio/ByteBuffer;ILjava/lang/String;I)I @ 48 c2
Event: 1.354 Thread 0x00000244a3ac2850 DEOPT PACKING pc=0x00000244b3f258b0 sp=0x000000b47f9fdb80
Event: 1.354 Thread 0x00000244a3ac2850 DEOPT UNPACKING pc=0x00000244b399fc02 sp=0x000000b47f9fd758 mode 2
Event: 1.370 Thread 0x00000244a3ac2850 Uncommon trap: trap_request=0xffffffd6 fr.pc=0x00000244b3f36630 relative=0x00000000000009b0
Event: 1.370 Thread 0x00000244a3ac2850 Uncommon trap: reason=array_check action=maybe_recompile pc=0x00000244b3f36630 method=jdk.internal.classfile.impl.ClassReaderImpl.entryByIndex(ILjava/lang/Class;)Ljava/lang/classfile/constantpool/PoolEntry; @ 801 c2
Event: 1.370 Thread 0x00000244a3ac2850 DEOPT PACKING pc=0x00000244b3f36630 sp=0x000000b47f9fdb80
Event: 1.370 Thread 0x00000244a3ac2850 DEOPT UNPACKING pc=0x00000244b399fc02 sp=0x000000b47f9fdb28 mode 2
Event: 1.370 Thread 0x00000244a3ac2850 Uncommon trap: trap_request=0xffffffd6 fr.pc=0x00000244b3f36630 relative=0x00000000000009b0
Event: 1.370 Thread 0x00000244a3ac2850 Uncommon trap: reason=array_check action=maybe_recompile pc=0x00000244b3f36630 method=jdk.internal.classfile.impl.ClassReaderImpl.entryByIndex(ILjava/lang/Class;)Ljava/lang/classfile/constantpool/PoolEntry; @ 801 c2
Event: 1.370 Thread 0x00000244a3ac2850 DEOPT PACKING pc=0x00000244b3f36630 sp=0x000000b47f9fdb80
Event: 1.370 Thread 0x00000244a3ac2850 DEOPT UNPACKING pc=0x00000244b399fc02 sp=0x000000b47f9fdb28 mode 2
Event: 1.370 Thread 0x00000244a3ac2850 Uncommon trap: trap_request=0xffffffd6 fr.pc=0x00000244b3f36630 relative=0x00000000000009b0
Event: 1.370 Thread 0x00000244a3ac2850 Uncommon trap: reason=array_check action=maybe_recompile pc=0x00000244b3f36630 method=jdk.internal.classfile.impl.ClassReaderImpl.entryByIndex(ILjava/lang/Class;)Ljava/lang/classfile/constantpool/PoolEntry; @ 801 c2
Event: 1.370 Thread 0x00000244a3ac2850 DEOPT PACKING pc=0x00000244b3f36630 sp=0x000000b47f9fd870
Event: 1.370 Thread 0x00000244a3ac2850 DEOPT UNPACKING pc=0x00000244b399fc02 sp=0x000000b47f9fd818 mode 2
Event: 1.370 Thread 0x00000244a3ac2850 Uncommon trap: trap_request=0xffffffd6 fr.pc=0x00000244b3f36630 relative=0x00000000000009b0
Event: 1.370 Thread 0x00000244a3ac2850 Uncommon trap: reason=array_check action=maybe_recompile pc=0x00000244b3f36630 method=jdk.internal.classfile.impl.ClassReaderImpl.entryByIndex(ILjava/lang/Class;)Ljava/lang/classfile/constantpool/PoolEntry; @ 801 c2
Event: 1.370 Thread 0x00000244a3ac2850 DEOPT PACKING pc=0x00000244b3f36630 sp=0x000000b47f9fdb80
Event: 1.370 Thread 0x00000244a3ac2850 DEOPT UNPACKING pc=0x00000244b399fc02 sp=0x000000b47f9fdb28 mode 2

Classes loaded (20 events):
Event: 1.283 Loading class jdk/internal/classfile/impl/BoundAttribute$BoundRuntimeVisibleTypeAnnotationsAttribute
Event: 1.283 Loading class java/lang/classfile/attribute/RuntimeVisibleTypeAnnotationsAttribute
Event: 1.283 Loading class java/lang/classfile/attribute/RuntimeVisibleTypeAnnotationsAttribute done
Event: 1.283 Loading class jdk/internal/classfile/impl/BoundAttribute$BoundRuntimeVisibleTypeAnnotationsAttribute done
Event: 1.288 Loading class jdk/internal/classfile/impl/AnnotationImpl$OfIntImpl
Event: 1.288 Loading class jdk/internal/classfile/impl/AnnotationImpl$OfIntImpl done
Event: 1.290 Loading class java/lang/invoke/TypeConvertingMethodAdapter$BoxHolder
Event: 1.290 Loading class java/lang/invoke/TypeConvertingMethodAdapter$BoxHolder done
Event: 1.303 Loading class jdk/internal/classfile/impl/AbstractAttributeMapper$NestHostMapper
Event: 1.303 Loading class jdk/internal/classfile/impl/AbstractAttributeMapper$NestHostMapper done
Event: 1.303 Loading class jdk/internal/classfile/impl/BoundAttribute$BoundNestHostAttribute
Event: 1.303 Loading class jdk/internal/classfile/impl/BoundAttribute$BoundNestHostAttribute done
Event: 1.321 Loading class jdk/internal/classfile/impl/BoundAttribute$BoundExceptionsAttribute
Event: 1.321 Loading class jdk/internal/classfile/impl/BoundAttribute$BoundExceptionsAttribute done
Event: 1.333 Loading class java/util/stream/Streams$ConcatSpliterator$OfRef
Event: 1.333 Loading class java/util/stream/Streams$ConcatSpliterator
Event: 1.333 Loading class java/util/stream/Streams$ConcatSpliterator done
Event: 1.333 Loading class java/util/stream/Streams$ConcatSpliterator$OfRef done
Event: 1.333 Loading class java/util/stream/Streams$2
Event: 1.333 Loading class java/util/stream/Streams$2 done

Classes unloaded (0 events):
No events

Classes redefined (0 events):
No events

Internal exceptions (20 events):
Event: 0.820 Thread 0x00000244a3ac2850 Exception <a 'java/lang/NoSuchMethodError'{0x0000000710fc09f0}: 'java.lang.Object java.lang.invoke.DirectMethodHandle$Holder.invokeSpecial(java.lang.Object, java.lang.Object, java.lang.Object, java.lang.Object, int, java.lang.Object)'> (0x0000000710fc09f0) 
thrown [s\open\src\hotspot\share\interpreter\linkResolver.cpp, line 804]
Event: 0.821 Thread 0x00000244a3ac2850 Exception <a 'java/lang/NoSuchMethodError'{0x0000000710fc8b60}: 'java.lang.Object java.lang.invoke.Invokers$Holder.linkToTargetMethod(java.lang.Object, java.lang.Object, int, java.lang.Object, java.lang.Object)'> (0x0000000710fc8b60) 
thrown [s\open\src\hotspot\share\interpreter\linkResolver.cpp, line 804]
Event: 0.822 Thread 0x00000244a3ac2850 Exception <a 'java/lang/NoSuchMethodError'{0x0000000710fe40e8}: 'java.lang.Object java.lang.invoke.DirectMethodHandle$Holder.newInvokeSpecial(java.lang.Object, int, java.lang.Object)'> (0x0000000710fe40e8) 
thrown [s\open\src\hotspot\share\interpreter\linkResolver.cpp, line 804]
Event: 0.822 Thread 0x00000244a3ac2850 Exception <a 'java/lang/NoSuchMethodError'{0x0000000710fed6d8}: 'int java.lang.invoke.DirectMethodHandle$Holder.invokeSpecialIFC(java.lang.Object, java.lang.Object, java.lang.Object, java.lang.Object)'> (0x0000000710fed6d8) 
thrown [s\open\src\hotspot\share\interpreter\linkResolver.cpp, line 804]
Event: 0.840 Thread 0x00000244a3ac2850 Exception <a 'java/lang/NoSuchMethodError'{0x0000000710cd2e00}: 'void java.lang.invoke.DirectMethodHandle$Holder.invokeInterface(java.lang.Object, java.lang.Object, java.lang.Object)'> (0x0000000710cd2e00) 
thrown [s\open\src\hotspot\share\interpreter\linkResolver.cpp, line 804]
Event: 0.895 Thread 0x00000244a3ac2850 Exception <a 'java/lang/NoSuchMethodError'{0x0000000710a9e700}: 'java.lang.Object java.lang.invoke.DirectMethodHandle$Holder.invokeVirtual(java.lang.Object, java.lang.Object, java.lang.Object)'> (0x0000000710a9e700) 
thrown [s\open\src\hotspot\share\interpreter\linkResolver.cpp, line 804]
Event: 0.908 Thread 0x00000244a3ac2850 Exception <a 'java/lang/NoSuchMethodError'{0x0000000710829f60}: 'void java.lang.invoke.DirectMethodHandle$Holder.invokeVirtual(java.lang.Object, java.lang.Object, java.lang.Object, java.lang.Object)'> (0x0000000710829f60) 
thrown [s\open\src\hotspot\share\interpreter\linkResolver.cpp, line 804]
Event: 0.964 Thread 0x00000244a3ac2850 Exception <a 'java/lang/IncompatibleClassChangeError'{0x00000007104c96a0}: Found class java.lang.Object, but interface was expected> (0x00000007104c96a0) 
thrown [s\open\src\hotspot\share\interpreter\linkResolver.cpp, line 871]
Event: 0.994 Thread 0x00000244c8dc2b50 Exception <a 'java/lang/NoSuchMethodError'{0x000000071007c5f8}: 'java.lang.Object java.lang.invoke.Invokers$Holder.linkToTargetMethod(java.lang.Object, int, java.lang.Object, java.lang.Object)'> (0x000000071007c5f8) 
thrown [s\open\src\hotspot\share\interpreter\linkResolver.cpp, line 804]
Event: 1.067 Thread 0x00000244a3ac2850 Implicit null exception at 0x00000244b3e29ba0 to 0x00000244b3e29c1d
Event: 1.098 Thread 0x00000244c8dc2b50 Exception <a 'java/lang/NoSuchMethodError'{0x000000070f27eff8}: 'long java.lang.invoke.DirectMethodHandle$Holder.invokeSpecial(java.lang.Object, java.lang.Object)'> (0x000000070f27eff8) 
thrown [s\open\src\hotspot\share\interpreter\linkResolver.cpp, line 804]
Event: 1.100 Thread 0x00000244c8dc2b50 Exception <a 'java/lang/NoSuchMethodError'{0x000000070f29cea8}: 'long java.lang.invoke.DirectMethodHandle$Holder.invokeStatic(java.lang.Object, java.lang.Object)'> (0x000000070f29cea8) 
thrown [s\open\src\hotspot\share\interpreter\linkResolver.cpp, line 804]
Event: 1.100 Thread 0x00000244c8dc2b50 Exception <a 'java/lang/NoSuchMethodError'{0x000000070f2a4c50}: 'long java.lang.invoke.DirectMethodHandle$Holder.invokeStaticInit(java.lang.Object, java.lang.Object)'> (0x000000070f2a4c50) 
thrown [s\open\src\hotspot\share\interpreter\linkResolver.cpp, line 804]
Event: 1.101 Thread 0x00000244c8dc2b50 Exception <a 'java/lang/NoSuchMethodError'{0x000000070f2ca0f8}: 'long java.lang.invoke.DirectMethodHandle$Holder.invokeInterface(java.lang.Object, java.lang.Object)'> (0x000000070f2ca0f8) 
thrown [s\open\src\hotspot\share\interpreter\linkResolver.cpp, line 804]
Event: 1.101 Thread 0x00000244c8dc2b50 Exception <a 'java/lang/IncompatibleClassChangeError'{0x000000070f3a22b0}: Found class java.lang.Object, but interface was expected> (0x000000070f3a22b0) 
thrown [s\open\src\hotspot\share\interpreter\linkResolver.cpp, line 871]
Event: 1.129 Thread 0x00000244c8dc2b50 Exception <a 'java/lang/NoSuchMethodError'{0x000000070ef22d08}: 'java.lang.Object java.lang.invoke.DirectMethodHandle$Holder.newInvokeSpecial(java.lang.Object, java.lang.Object, java.lang.Object, int)'> (0x000000070ef22d08) 
thrown [s\open\src\hotspot\share\interpreter\linkResolver.cpp, line 804]
Event: 1.129 Thread 0x00000244c8dc2b50 Exception <a 'java/lang/NoSuchMethodError'{0x000000070ef2b820}: 'java.lang.Object java.lang.invoke.Invokers$Holder.linkToTargetMethod(java.lang.Object, java.lang.Object, int, java.lang.Object)'> (0x000000070ef2b820) 
thrown [s\open\src\hotspot\share\interpreter\linkResolver.cpp, line 804]
Event: 1.145 Thread 0x00000244a3ac2850 Exception <a 'java/lang/NoSuchMethodError'{0x000000070ed208c8}: 'int java.lang.invoke.DirectMethodHandle$Holder.invokeSpecial(java.lang.Object, java.lang.Object, java.lang.Object, java.lang.Object, java.lang.Object)'> (0x000000070ed208c8) 
thrown [s\open\src\hotspot\share\interpreter\linkResolver.cpp, line 804]
Event: 1.257 Thread 0x00000244a3ac2850 Exception <a 'java/lang/IncompatibleClassChangeError'{0x000000070e538a70}: Found class java.lang.Object, but interface was expected> (0x000000070e538a70) 
thrown [s\open\src\hotspot\share\interpreter\linkResolver.cpp, line 871]
Event: 1.321 Thread 0x00000244a3ac2850 Implicit null exception at 0x00000244b3ef1f2e to 0x00000244b3ef1f6c

VM Operations (20 events):
Event: 0.898 Executing non-safepoint VM operation: HandshakeAllThreads (Deoptimize) done
Event: 0.950 Executing non-safepoint VM operation: HandshakeAllThreads (Deoptimize)
Event: 0.950 Executing non-safepoint VM operation: HandshakeAllThreads (Deoptimize) done
Event: 0.952 Executing non-safepoint VM operation: HandshakeAllThreads (Deoptimize)
Event: 0.952 Executing non-safepoint VM operation: HandshakeAllThreads (Deoptimize) done
Event: 0.953 Executing non-safepoint VM operation: HandshakeAllThreads (Deoptimize)
Event: 0.953 Executing non-safepoint VM operation: HandshakeAllThreads (Deoptimize) done
Event: 1.029 Executing non-safepoint VM operation: HandshakeAllThreads (Deoptimize)
Event: 1.029 Executing non-safepoint VM operation: HandshakeAllThreads (Deoptimize) done
Event: 1.134 Executing non-safepoint VM operation: HandshakeAllThreads (Deoptimize)
Event: 1.134 Executing non-safepoint VM operation: HandshakeAllThreads (Deoptimize) done
Event: 1.156 Executing non-safepoint VM operation: HandshakeAllThreads (Deoptimize)
Event: 1.156 Executing non-safepoint VM operation: HandshakeAllThreads (Deoptimize) done
Event: 1.160 Executing non-safepoint VM operation: HandshakeAllThreads (Deoptimize)
Event: 1.160 Executing non-safepoint VM operation: HandshakeAllThreads (Deoptimize) done
Event: 1.262 Executing non-safepoint VM operation: HandshakeAllThreads (Deoptimize)
Event: 1.262 Executing non-safepoint VM operation: HandshakeAllThreads (Deoptimize) done
Event: 1.410 Executing non-safepoint VM operation: HandshakeAllThreads (Deoptimize)
Event: 1.410 Executing non-safepoint VM operation: HandshakeAllThreads (Deoptimize) done
Event: 1.424 Executing safepoint VM operation: CollectForMetadataAllocation (Metadata GC Threshold)

Memory protections (0 events):
No events

Nmethod flushes (0 events):
No events

Events (20 events):
Event: 0.022 Thread 0x00000244a3ac2850 Thread added: 0x00000244a3ac2850
Event: 0.034 Thread 0x00000244a3ac2850 Thread added: 0x00000244c0baf900
Event: 0.034 Thread 0x00000244a3ac2850 Thread added: 0x00000244c0bb0360
Event: 0.034 Thread 0x00000244a3ac2850 Thread added: 0x00000244c0bb3120
Event: 0.034 Thread 0x00000244a3ac2850 Thread added: 0x00000244c0bb48f0
Event: 0.034 Thread 0x00000244a3ac2850 Thread added: 0x00000244c0bb50b0
Event: 0.034 Thread 0x00000244a3ac2850 Thread added: 0x00000244c0bb5870
Event: 0.034 Thread 0x00000244a3ac2850 Thread added: 0x00000244c0bb8370
Event: 0.034 Thread 0x00000244a3ac2850 Thread added: 0x00000244c0bde840
Event: 0.118 Thread 0x00000244a3ac2850 Thread added: 0x00000244c3891800
Event: 0.131 Thread 0x00000244c0bb8370 Thread added: 0x00000244c38c6480
Event: 0.189 Thread 0x00000244a3ac2850 Thread added: 0x00000244c8202f00
Event: 0.189 Thread 0x00000244a3ac2850 Thread added: 0x00000244c8175970
Event: 0.439 Thread 0x00000244c0bde840 Thread added: 0x00000244c87fe350
Event: 0.871 Thread 0x00000244a3ac2850 Thread added: 0x00000244c8ccb960
Event: 0.882 Thread 0x00000244c8ccb960 Thread exited: 0x00000244c8ccb960
Event: 0.959 Thread 0x00000244a3ac2850 Thread added: 0x00000244c8dc2b50
Event: 1.182 Thread 0x00000244c8dc2b50 Thread exited: 0x00000244c8dc2b50
Event: 1.237 Thread 0x00000244a3ac2850 Thread added: 0x00000244c9ddcf20
Event: 1.252 Thread 0x00000244c9ddcf20 Thread exited: 0x00000244c9ddcf20


Dynamic libraries:
0x00007ff697a50000 - 0x00007ff697a60000 	C:\Program Files\Java\jdk-25.0.2\bin\java.exe
0x00007ffa8dfd0000 - 0x00007ffa8e1c8000 	C:\WINDOWS\SYSTEM32\ntdll.dll
0x00007ffa8bff0000 - 0x00007ffa8c0b2000 	C:\WINDOWS\System32\KERNEL32.DLL
0x00007ffa8b7e0000 - 0x00007ffa8bad6000 	C:\WINDOWS\System32\KERNELBASE.dll
0x00007ffa8b660000 - 0x00007ffa8b760000 	C:\WINDOWS\System32\ucrtbase.dll
0x00007ffa864a0000 - 0x00007ffa864b7000 	C:\Program Files\Java\jdk-25.0.2\bin\jli.dll
0x00007ffa86480000 - 0x00007ffa8649e000 	C:\Program Files\Java\jdk-25.0.2\bin\VCRUNTIME140.dll
0x00007ffa8cd30000 - 0x00007ffa8ced1000 	C:\WINDOWS\System32\USER32.dll
0x00007ffa8aa00000 - 0x00007ffa8ac9b000 	C:\WINDOWS\WinSxS\amd64_microsoft.windows.common-controls_6595b64144ccf1df_6.0.19041.6456_none_60b8a6cb71f64256\COMCTL32.dll
0x00007ffa8bb70000 - 0x00007ffa8bb92000 	C:\WINDOWS\System32\win32u.dll
0x00007ffa8d1e0000 - 0x00007ffa8d27e000 	C:\WINDOWS\System32\msvcrt.dll
0x00007ffa8c4e0000 - 0x00007ffa8c50b000 	C:\WINDOWS\System32\GDI32.dll
0x00007ffa8be30000 - 0x00007ffa8bf49000 	C:\WINDOWS\System32\gdi32full.dll
0x00007ffa8bf50000 - 0x00007ffa8bfed000 	C:\WINDOWS\System32\msvcp_win.dll
0x00007ffa8cbd0000 - 0x00007ffa8cbff000 	C:\WINDOWS\System32\IMM32.DLL
0x00007ffa82730000 - 0x00007ffa8273c000 	C:\Program Files\Java\jdk-25.0.2\bin\vcruntime140_1.dll
0x00007ffa68e50000 - 0x00007ffa68edd000 	C:\Program Files\Java\jdk-25.0.2\bin\msvcp140.dll
0x00007ffa3f6e0000 - 0x00007ffa4053f000 	C:\Program Files\Java\jdk-25.0.2\bin\server\jvm.dll
0x00007ffa8c380000 - 0x00007ffa8c431000 	C:\WINDOWS\System32\ADVAPI32.dll
0x00007ffa8c440000 - 0x00007ffa8c4df000 	C:\WINDOWS\System32\sechost.dll
0x00007ffa8c120000 - 0x00007ffa8c240000 	C:\WINDOWS\System32\RPCRT4.dll
0x00007ffa8bbf0000 - 0x00007ffa8bc17000 	C:\WINDOWS\System32\bcrypt.dll
0x00007ffa8cfb0000 - 0x00007ffa8d01b000 	C:\WINDOWS\System32\WS2_32.dll
0x00007ffa8b1d0000 - 0x00007ffa8b21b000 	C:\WINDOWS\SYSTEM32\POWRPROF.dll
0x00007ffa7f0a0000 - 0x00007ffa7f0c7000 	C:\WINDOWS\SYSTEM32\WINMM.dll
0x00007ffa886f0000 - 0x00007ffa886fa000 	C:\WINDOWS\SYSTEM32\VERSION.dll
0x00007ffa8ad90000 - 0x00007ffa8ada2000 	C:\WINDOWS\SYSTEM32\UMPDC.dll
0x00007ffa89660000 - 0x00007ffa89672000 	C:\WINDOWS\SYSTEM32\kernel.appcore.dll
0x00007ffa739c0000 - 0x00007ffa739ca000 	C:\Program Files\Java\jdk-25.0.2\bin\jimage.dll
0x00007ffa8afc0000 - 0x00007ffa8b1c1000 	C:\WINDOWS\SYSTEM32\DBGHELP.DLL
0x00007ffa8af80000 - 0x00007ffa8afb4000 	C:\WINDOWS\SYSTEM32\dbgcore.DLL
0x00007ffa8bae0000 - 0x00007ffa8bb62000 	C:\WINDOWS\System32\bcryptPrimitives.dll
0x00007ffa739b0000 - 0x00007ffa739c0000 	C:\Program Files\Java\jdk-25.0.2\bin\instrument.dll
0x00007ffa72720000 - 0x00007ffa7273f000 	C:\Program Files\Java\jdk-25.0.2\bin\java.dll
0x00007ffa8c630000 - 0x00007ffa8c75b000 	C:\WINDOWS\System32\ole32.dll
0x00007ffa8dc30000 - 0x00007ffa8df84000 	C:\WINDOWS\System32\combase.dll
0x00007ffa8d2b0000 - 0x00007ffa8da20000 	C:\WINDOWS\System32\SHELL32.dll
0x00007ffa888c0000 - 0x00007ffa89065000 	C:\WINDOWS\SYSTEM32\windows.storage.dll
0x00007ffa8a880000 - 0x00007ffa8a8ab000 	C:\WINDOWS\SYSTEM32\Wldp.dll
0x00007ffa8cee0000 - 0x00007ffa8cfad000 	C:\WINDOWS\System32\OLEAUT32.dll
0x00007ffa8c580000 - 0x00007ffa8c62d000 	C:\WINDOWS\System32\SHCORE.dll
0x00007ffa8da20000 - 0x00007ffa8da7b000 	C:\WINDOWS\System32\shlwapi.dll
0x00007ffa8b590000 - 0x00007ffa8b5b4000 	C:\WINDOWS\SYSTEM32\profapi.dll
0x00007ffa704b0000 - 0x00007ffa704c7000 	C:\Program Files\Java\jdk-25.0.2\bin\zip.dll
0x00007ffa70650000 - 0x00007ffa70662000 	C:\Program Files\Java\jdk-25.0.2\bin\net.dll
0x00007ffa8a660000 - 0x00007ffa8a6ca000 	C:\WINDOWS\system32\mswsock.dll
0x00007ffa704d0000 - 0x00007ffa704e6000 	C:\Program Files\Java\jdk-25.0.2\bin\nio.dll
0x00007ffa72680000 - 0x00007ffa72689000 	C:\Program Files\Java\jdk-25.0.2\bin\extnet.dll
0x00007ffa8a360000 - 0x00007ffa8a39b000 	C:\WINDOWS\SYSTEM32\IPHLPAPI.DLL
0x00007ffa8c570000 - 0x00007ffa8c578000 	C:\WINDOWS\System32\NSI.dll
0x00007ffa8a3a0000 - 0x00007ffa8a46a000 	C:\WINDOWS\SYSTEM32\DNSAPI.dll
0x00000000005a0000 - 0x00000000005c6000 	C:\Program Files\Bonjour\mdnsNSP.dll
0x00007ffa84ee0000 - 0x00007ffa84eea000 	C:\Windows\System32\rasadhlp.dll
0x00007ffa7fc50000 - 0x00007ffa7fcd0000 	C:\WINDOWS\System32\fwpuclnt.dll
0x00007ffa72140000 - 0x00007ffa7214e000 	C:\Program Files\Java\jdk-25.0.2\bin\sunmscapi.dll
0x00007ffa8bcd0000 - 0x00007ffa8be2d000 	C:\WINDOWS\System32\CRYPT32.dll
0x00007ffa8a9d0000 - 0x00007ffa8a9f7000 	C:\WINDOWS\SYSTEM32\ncrypt.dll
0x00007ffa8a990000 - 0x00007ffa8a9cb000 	C:\WINDOWS\SYSTEM32\NTASN1.dll

JVMTI agents:
C:\Program Files\JetBrains\IntelliJ IDEA Community Edition 2025.1.1.1\lib\idea_rt.jar path:C:\Program Files\Java\jdk-25.0.2\bin\instrument.dll, loaded, initialized, instrumentlib options:49906

dbghelp: loaded successfully - version: 4.0.5 - missing functions: none
symbol engine: initialized successfully - sym options: 0x614 - pdb path: .;C:\Program Files\Java\jdk-25.0.2\bin;C:\WINDOWS\SYSTEM32;C:\WINDOWS\WinSxS\amd64_microsoft.windows.common-controls_6595b64144ccf1df_6.0.19041.6456_none_60b8a6cb71f64256;C:\Program Files\Java\jdk-25.0.2\bin\server;C:\Program Files\Bonjour

VM Arguments:
jvm_args: -javaagent:C:\Program Files\JetBrains\IntelliJ IDEA Community Edition 2025.1.1.1\lib\idea_rt.jar=49906 -Dfile.encoding=UTF-8 -Dsun.stdout.encoding=UTF-8 -Dsun.stderr.encoding=UTF-8 
java_command: com.duoc.bff_cajeros.BffCajerosApplication
java_class_path (initial): C:\Users\jorge\OneDrive\Desktop\Backend III\Semana 6\bff-cajeros\target\classes;C:\Users\jorge\.m2\repository\org\springframework\boot\spring-boot-starter-web\4.1.1\spring-boot-starter-web-4.1.1.jar;C:\Users\jorge\.m2\repository\org\springframework\boot\spring-boot-starter-jackson\4.1.1\spring-boot-starter-jackson-4.1.1.jar;C:\Users\jorge\.m2\repository\org\springframework\boot\spring-boot-jackson\4.1.1\spring-boot-jackson-4.1.1.jar;C:\Users\jorge\.m2\repository\tools\jackson\core\jackson-databind\3.1.5\jackson-databind-3.1.5.jar;C:\Users\jorge\.m2\repository\tools\jackson\core\jackson-core\3.1.5\jackson-core-3.1.5.jar;C:\Users\jorge\.m2\repository\org\springframework\boot\spring-boot-starter-tomcat\4.1.1\spring-boot-starter-tomcat-4.1.1.jar;C:\Users\jorge\.m2\repository\org\springframework\boot\spring-boot-starter-tomcat-runtime\4.1.1\spring-boot-starter-tomcat-runtime-4.1.1.jar;C:\Users\jorge\.m2\repository\org\springframework\boot\spring-boot-web-server\4.1.1\spring-boot-web-server-4.1.1.jar;C:\Users\jorge\.m2\repository\org\apache\tomcat\embed\tomcat-embed-core\11.0.24\tomcat-embed-core-11.0.24.jar;C:\Users\jorge\.m2\repository\org\apache\tomcat\embed\tomcat-embed-el\11.0.24\tomcat-embed-el-11.0.24.jar;C:\Users\jorge\.m2\repository\org\apache\tomcat\embed\tomcat-embed-websocket\11.0.24\tomcat-embed-websocket-11.0.24.jar;C:\Users\jorge\.m2\repository\org\springframework\boot\spring-boot-tomcat\4.1.1\spring-boot-tomcat-4.1.1.jar;C:\Users\jorge\.m2\repository\org\springframework\boot\spring-boot-http-converter\4.1.1\spring-boot-http-converter-4.1.1.jar;C:\Users\jorge\.m2\repository\org\springframework\boot\spring-boot\4.1.1\spring-boot-4.1.1.jar;C:\Users\jorge\.m2\repository\org\springframework\spring-context\7.0.9\spring-context-7.0.9.jar;C:\Users\jorge\.m2\repository\org\springframework\spring-web\7.0.9\spring-web-7.0.9.jar;C:\Users\jorge\.m2\repository\org\springframework\boot\spring-boot-webmvc\4.1.1\spring-boot-webmvc-4.1.1.jar;C:\Users\jorge\.m2\repository\org\springframework\boot\spring-boot-servlet\4.1.1\spring-boot-servlet-4.1.1.jar;C:\Users\jorge\.m2\repository\org\springframework\spring-webmvc\7.0.9\spring-webmvc-7.0.9.jar;C:\Users\jorge\.m2\repository\org\springframework\spring-expression\7.0.9\spring-expression-7.0.9.jar;C:\Users\jorge\.m2\repository\org\projectlombok\lombok\1.18.46\lombok-1.18.46.jar;C:\Users\jorge\.m2\repository\org\springframework\boot\spring-boot-starter\4.1.1\spring-boot-starter-4.1.1.jar;C:\Users\jorge\.m2\repository\org\springframework\boot\spring-boot-starter-logging\4.1.1\spring-boot-starter-logging-4.1.1.jar;C:\Users\jorge\.m2\repository\ch\qos\logback\logback-classic\1.5.38\logback-classic-1.5.38.jar;C:\Users\jorge\.m2\repository\ch\qos\logback\logback-core\1.5.38\logback-core-1.5.38.jar;C:\Users\jorge\.m2\repository\org\apache\logging\log4j\log4j-to-slf4j\2.25.5\log4j-to-slf4j-2.25.5.jar;C:\Users\jorge\.m2\repository\org\apache\logging\log4j\log4j-api\2.25.5\log4j-api-2.25.5.jar;C:\Users\jorge\.m2\repository\org\slf4j\jul-to-slf4j\2.0.18\jul-to-slf4j-2.0.18.jar;C:\Users\jorge\.m2\repository\org\springframework\boot\spring-boot-autoconfigure\4.1.1\spring-boot-autoconfigure-4.1.1.jar;C:\Users\jorge\.m2\repository\jakarta\annotation\jakarta.annotation-api\3.0.0\jakarta.annotation-api-3.0.0.jar;C:\Users\jorge\.m2\repository\org\yaml\snakeyaml\2.6\snakeyaml-2.6.jar;C:\Users\jorge\.m2\repository\org\slf4j\slf4j-api\2.0.18\slf4j-api-2.0.18.jar;C:\Users\jorge\.m2\repository\org\springframework\spring-core\7.0.9\spring-core-7.0.9.jar;C:\Users\jorge\.m2\repository\commons-logging\commons-logging\1.3.6\commons-logging-1.3.6.jar;C:\Users\jorge\.m2\repository\org\jspecify\jspecify\1.0.1\jspecify-1.0.1.jar;C:\Users\jorge\.m2\repository\org\springframework\cloud\spring-cloud-starter-circuitbreaker-resilience4j\5.0.2\spring-cloud-starter-circuitbreaker-resilience4j-5.0.2.jar;C:\Users\jorge\.m2\repository\org\springframework\cloud\spring-cloud-starter\5.0.2\spring-cloud-starter-5.0.2.jar;C:\Users\jorge\.m2\repository\org\springframework\cloud\spring-cloud-context\5.0.2\spring-cloud-context-5.0.2.jar;C:\Users\jorge\.m2\repository\org\springframework\security\spring-security-crypto\7.1.1\spring-security-crypto-7.1.1.jar;C:\Users\jorge\.m2\repository\org\springframework\cloud\spring-cloud-commons\5.0.2\spring-cloud-commons-5.0.2.jar;C:\Users\jorge\.m2\repository\org\bouncycastle\bcprov-jdk18on\1.81.1\bcprov-jdk18on-1.81.1.jar;C:\Users\jorge\.m2\repository\org\springframework\cloud\spring-cloud-circuitbreaker-resilience4j\5.0.2\spring-cloud-circuitbreaker-resilience4j-5.0.2.jar;C:\Users\jorge\.m2\repository\com\fasterxml\jackson\core\jackson-core\2.21.5\jackson-core-2.21.5.jar;C:\Users\jorge\.m2\repository\com\fasterxml\jackson\core\jackson-databind\2.21.5\jackson-databind-2.21.5.jar;C:\Users\jorge\.m2\repository\com\fasterxml\jackson\core\jackson-annotations\2.21\jackson-annotations-2.21.jar;C:\Users\jorge\.m2\repository\io\micrometer\micrometer-observation\1.17.1\micrometer-observation-1.17.1.jar;C:\Users\jorge\.m2\repository\io\micrometer\micrometer-commons\1.17.1\micrometer-commons-1.17.1.jar;C:\Users\jorge\.m2\repository\io\github\resilience4j\resilience4j-spring-boot3\2.3.0\resilience4j-spring-boot3-2.3.0.jar;C:\Users\jorge\.m2\repository\io\github\resilience4j\resilience4j-spring6\2.3.0\resilience4j-spring6-2.3.0.jar;C:\Users\jorge\.m2\repository\io\github\resilience4j\resilience4j-annotations\2.3.0\resilience4j-annotations-2.3.0.jar;C:\Users\jorge\.m2\repository\io\github\resilience4j\resilience4j-consumer\2.3.0\resilience4j-consumer-2.3.0.jar;C:\Users\jorge\.m2\repository\io\github\resilience4j\resilience4j-circularbuffer\2.3.0\resilience4j-circularbuffer-2.3.0.jar;C:\Users\jorge\.m2\repository\io\github\resilience4j\resilience4j-framework-common\2.3.0\resilience4j-framework-common-2.3.0.jar;C:\Users\jorge\.m2\repository\io\github\resilience4j\resilience4j-micrometer\2.3.0\resilience4j-micrometer-2.3.0.jar;C:\Users\jorge\.m2\repository\io\micrometer\micrometer-core\1.17.1\micrometer-core-1.17.1.jar;C:\Users\jorge\.m2\repository\org\hdrhistogram\HdrHistogram\2.2.2\HdrHistogram-2.2.2.jar;C:\Users\jorge\.m2\repository\io\github\resilience4j\resilience4j-retry\2.3.0\resilience4j-retry-2.3.0.jar;C:\Users\jorge\.m2\repository\io\github\resilience4j\resilience4j-ratelimiter\2.3.0\resilience4j-ratelimiter-2.3.0.jar;C:\Users\jorge\.m2\repository\org\springframework\boot\spring-boot-configuration-processor\4.1.1\spring-boot-configuration-processor-4.1.1.jar;C:\Users\jorge\.m2\repository\io\github\resilience4j\resilience4j-circuitbreaker\2.3.0\resilience4j-circuitbreaker-2.3.0.jar;C:\Users\jorge\.m2\repository\io\github\resilience4j\resilience4j-core\2.3.0\resilience4j-core-2.3.0.jar;C:\Users\jorge\.m2\repository\org\jetbrains\kotlin\kotlin-stdlib-jdk8\2.3.21\kotlin-stdlib-jdk8-2.3.21.jar;C:\Users\jorge\.m2\repository\org\jetbrains\kotlin\kotlin-stdlib\2.3.21\kotlin-stdlib-2.3.21.jar;C:\Users\jorge\.m2\repository\org\jetbrains\annotations\13.0\annotations-13.0.jar;C:\Users\jorge\.m2\repository\org\jetbrains\kotlin\kotlin-stdlib-jdk7\2.3.21\kotlin-stdlib-jdk7-2.3.21.jar;C:\Users\jorge\.m2\repository\io\github\resilience4j\resilience4j-timelimiter\2.3.0\resilience4j-timelimiter-2.3.0.jar;C:\Users\jorge\.m2\repository\org\springframework\spring-aop\7.0.9\spring-aop-7.0.9.jar;C:\Users\jorge\.m2\repository\org\springframework\spring-beans\7.0.9\spring-beans-7.0.9.jar;C:\Users\jorge\.m2\repository\org\aspectj\aspectjweaver\1.9.25.1\aspectjweaver-1.9.25.1.jar
Launcher Type: SUN_STANDARD

[Global flags]
     intx CICompilerCount                          = 4                                         {product} {ergonomic}
     uint ConcGCThreads                            = 3                                         {product} {ergonomic}
     uint G1ConcRefinementThreads                  = 10                                        {product} {ergonomic}
   size_t G1HeapRegionSize                         = 2097152                                   {product} {ergonomic}
   size_t InitialHeapSize                          = 268435456                                 {product} {ergonomic}
   size_t MarkStackSize                            = 4194304                                   {product} {ergonomic}
   size_t MarkStackSizeMax                         = 536870912                                 {product} {ergonomic}
   size_t MaxHeapSize                              = 4276092928                                {product} {ergonomic}
   size_t MaxNewSize                               = 2564816896                                {product} {ergonomic}
   size_t MinHeapDeltaBytes                        = 2097152                                   {product} {ergonomic}
   size_t MinHeapSize                              = 8388608                                   {product} {ergonomic}
    uintx NonNMethodCodeHeapSize                   = 5832704                                {pd product} {ergonomic}
    uintx NonProfiledCodeHeapSize                  = 122945536                              {pd product} {ergonomic}
    uintx ProfiledCodeHeapSize                     = 122880000                              {pd product} {ergonomic}
    uintx ReservedCodeCacheSize                    = 251658240                              {pd product} {ergonomic}
     bool SegmentedCodeCache                       = true                                      {product} {ergonomic}
   size_t SoftMaxHeapSize                          = 4276092928                             {manageable} {ergonomic}
     bool UseCompressedOops                        = true                           {product lp64_product} {ergonomic}
     bool UseG1GC                                  = true                                      {product} {ergonomic}
     bool UseLargePagesIndividualAllocation        = false                                  {pd product} {ergonomic}

Logging:
Log output configuration:
 #0: stdout all=warning uptime,level,tags foldmultilines=false
 #1: stderr all=off uptime,level,tags foldmultilines=false

Release file:
IMPLEMENTOR="Oracle Corporation" 
JAVA_RUNTIME_VERSION="25.0.2+10-LTS-69" 
JAVA_VERSION="25.0.2" 
JAVA_VERSION_DATE="2026-01-20" 
LIBC="default" 
MODULES="java.base java.compiler java.datatransfer java.xml java.prefs java.desktop java.instrument java.logging java.management java.security.sasl java.naming java.rmi java.management.rmi java.net.http java.scripting java.security.jgss java.transaction.xa java.sql java.sql.rowset java.xml.crypto java.se java.smartcardio jdk.accessibility jdk.internal.jvmstat jdk.attach jdk.charsets jdk.internal.opt jdk.zipfs jdk.compiler jdk.crypto.cryptoki jdk.crypto.ec jdk.crypto.mscapi jdk.dynalink jdk.internal.ed jdk.editpad jdk.internal.vm.ci jdk.graal.compiler jdk.graal.compiler.management jdk.hotspot.agent jdk.httpserver jdk.incubator.vector jdk.internal.le jdk.internal.md jdk.jartool jdk.javadoc jdk.jcmd jdk.management jdk.management.agent jdk.jconsole jdk.jdeps jdk.jdwp.agent jdk.jdi jdk.jfr jdk.jlink jdk.jpackage jdk.jshell jdk.jsobject jdk.jstatd jdk.localedata jdk.management.jfr jdk.naming.dns jdk.naming.rmi jdk.net jdk.nio.mapmode jdk.sctp jdk.security.auth jdk.security.jgss jdk.unsupported jdk.unsupported.desktop jdk.xml.dom" 
OS_ARCH="x86_64" 
OS_NAME="Windows" 
SOURCE=".:git:b75efb40c93a open:git:405a5699ebd0" 

Environment Variables:
JAVA_HOME=C:\Program Files\Microsoft\jdk-21.0.10.7-hotspot\
PATH=C:\Program Files\Microsoft\jdk-21.0.10.7-hotspot\bin;C:\Program Files\Common Files\Oracle\Java\javapath;C:\app\jorge\product\21c\dbhomeXE\bin;C:\WINDOWS\system32;C:\WINDOWS;C:\WINDOWS\System32\Wbem;C:\WINDOWS\System32\WindowsPowerShell\v1.0\;C:\WINDOWS\System32\OpenSSH\;C:\Program Files\NVIDIA Corporation\NVIDIA App\NvDLISR;C:\Program Files (x86)\NVIDIA Corporation\PhysX\Common;C:\Program Files\nodejs\;C:\Program Files\Docker\Docker\resources\bin;C:\Program Files\Git\cmd;C:\Program Files\dotnet\;C:\Program Files\Amazon\AWSCLIV2\;C:\Program Files\Amazon\AWSSAMCLI\bin\;C:\Users\jorge\scoop\apps\maven\current\bin;C:\Users\jorge\scoop\shims;C:\Program Files\MySQL\MySQL Shell 8.0\bin\;C:\Users\jorge\AppData\Local\Programs\Python\Launcher\;C:\Users\jorge\AppData\Local\Microsoft\WindowsApps;C:\Users\jorge\AppData\Local\Programs\Microsoft VS Code\bin;C:\Program Files\JetBrains\PyCharm Community Edition 2025.1.1.1\bin;;C:\Users\jorge\AppData\Roaming\npm;C:\Users\jorge\.dotnet\tools;C:\Program Files\PostgreSQL\17\bin;C:\terraform;
USERNAME=jorge
OS=Windows_NT
PROCESSOR_IDENTIFIER=Intel64 Family 6 Model 165 Stepping 5, GenuineIntel
TMP=C:\Users\jorge\AppData\Local\Temp
TEMP=C:\Users\jorge\AppData\Local\Temp




Compilation memory statistics disabled.

Periodic native trim disabled

---------------  S Y S T E M  ---------------

OS:
 Windows 10 , 64 bit Build 19041 (10.0.19041.5915)
OS uptime: 0 days 22:01 hours
Hyper-V role detected

CPU: total 12 (initial active 12) (6 cores per cpu, 2 threads per core) family 6 model 165 stepping 5 microcode 0xca, cx8, cmov, fxsr, ht, mmx, 3dnowpref, sse, sse2, sse3, ssse3, sse4.1, sse4.2, popcnt, lzcnt, tsc, tscinvbit, avx, avx2, aes, erms, clmul, bmi1, bmi2, adx, fma, vzeroupper, clflush, clflushopt, hv, rdtscp, f16c
Processor Information for the first 12 processors :
  Max Mhz: 4104, Current Mhz: 3803, Mhz Limit: 4104

Memory: 4k page, system-wide physical 16310M (3267M free)
TotalPageFile size 29110M (AvailPageFile size 5089M)
current process WorkingSet (physical memory assigned to process): 184M, peak: 184M
current process commit charge ("private bytes"): 411M, peak: 420M

vm_info: Java HotSpot(TM) 64-Bit Server VM (25.0.2+10-LTS-69) for windows-amd64 JRE (25.0.2+10-LTS-69), built on 2025-12-18T11:36:35Z with MS VC++ 17.13 (VS2022)

END.
