#
# A fatal error has been detected by the Java Runtime Environment:
#
#  EXCEPTION_ACCESS_VIOLATION (0xc0000005) at pc=0x00007ff8d3f8709f, pid=12904, tid=4040
#
# JRE version: Java(TM) SE Runtime Environment (25.0.2+10) (build 25.0.2+10-LTS-69)
# Java VM: Java HotSpot(TM) 64-Bit Server VM (25.0.2+10-LTS-69, mixed mode, sharing, tiered, compressed oops, compressed class ptrs, g1 gc, windows-amd64)
# Problematic frame:
# V  [jvm.dll+0x25709f]
#
# No core dump will be written. Minidumps are not enabled by default on client versions of Windows
#
# If you would like to submit a bug report, please visit:
#   https://bugreport.java.com/bugreport/crash.jsp
#

---------------  S U M M A R Y ------------

Command Line: -javaagent:C:\Program Files\JetBrains\IntelliJ IDEA Community Edition 2025.1.1.1\lib\idea_rt.jar=51864 -Dfile.encoding=UTF-8 -Dsun.stdout.encoding=UTF-8 -Dsun.stderr.encoding=UTF-8 cl.duoc.bancoxyz.BancoXyzBatchApplication

Host: Intel(R) Core(TM) i5-10600K CPU @ 4.10GHz, 12 cores, 15G,  Windows 10 , 64 bit Build 19041 (10.0.19041.5915)
Time: Tue Aug 25 21:54:48 2026 Hora est. Sudamérica Pacífico elapsed time: 5.868099 seconds (0d 0h 0m 5s)

---------------  T H R E A D  ---------------

Current thread (0x000002644b92a930):  JavaThread "C2 CompilerThread2" daemon [_thread_in_native, id=4040, stack(0x00000081dcd00000,0x00000081dce00000) (1024K)]


Current CompileTask:
C2:5868 6178       4       org.springframework.batch.core.step.item.FaultTolerantChunkProcessor$$Lambda/0x000000002e43e6c8::doWithRetry (33 bytes)

Stack: [0x00000081dcd00000,0x00000081dce00000],  sp=0x00000081dcdfc8a0,  free space=1010k
Native frames: (J=compiled Java code, j=interpreted, Vv=VM code, C=native code)
V  [jvm.dll+0x25709f]  (no source info available)
V  [jvm.dll+0x254634]  (no source info available)
V  [jvm.dll+0x2c0a0c]  (no source info available)
V  [jvm.dll+0x2bfb5f]  (no source info available)
V  [jvm.dll+0x2379a0]  (no source info available)
V  [jvm.dll+0x2cfc86]  (no source info available)
V  [jvm.dll+0x2cdf05]  (no source info available)
V  [jvm.dll+0x48e9d1]  (no source info available)
V  [jvm.dll+0x906fcd]  (no source info available)
V  [jvm.dll+0x7a56d5]  (no source info available)
C  [ucrtbase.dll+0x21bb2]  (no source info available)
C  [KERNEL32.DLL+0x17374]  (no source info available)
C  [ntdll.dll+0x4cc91]  (no source info available)


siginfo: EXCEPTION_ACCESS_VIOLATION (0xc0000005), reading address 0x0000000000000028


Registers:
RAX=0x000002644c1e3f28, RBX=0x0000000000000004, RCX=0x0000000000000000, RDX=0x00000000000000c2
RSP=0x00000081dcdfc8a0, RBP=0x000002644c412f38, RSI=0x000002644a464680, RDI=0x000002644d05b6a0
R8 =0x00000000ffffffff, R9 =0x0000000000000001, R10=0x000000000000000b, R11=0x3333333333333333
R12=0x0000000000000002, R13=0x0000000000000010, R14=0x000002644c206e08, R15=0x00000081dcdfcdb0
RIP=0x00007ff8d3f8709f, EFLAGS=0x0000000000010287

XMM[0]=0x0000000000000000 0x3ea318df912c67cd
XMM[1]=0x000002644d65e070 0x000002644cdaa8a8
XMM[2]=0x0000000000000000 0x0000000000000000
XMM[3]=0x0000000000000000 0x0000000000000000
XMM[4]=0x0000000000000000 0x0000000000000000
XMM[5]=0x000002644d65d4c0 0x000002644d65d6c8
XMM[6]=0x0000000000000000 0x408f400000000000
XMM[7]=0x0000000000000000 0x0000000000000000
XMM[8]=0x0000000000000000 0x0000000000000000
XMM[9]=0x0000000000000000 0x0000000000000000
XMM[10]=0x0000000000000000 0x0000000000000000
XMM[11]=0x0000000000000000 0x0000000000000000
XMM[12]=0x0000000000000000 0x0000000000000000
XMM[13]=0x0000000000000000 0x0000000000000000
XMM[14]=0x0000000000000000 0x0000000000000000
XMM[15]=0x0000000000000000 0x0000000000000000
  MXCSR=0x00001fa0


Register to memory mapping:

RAX=0x000002644c1e3f28 points into unknown readable memory: 0x0000000000000000 | 00 00 00 00 00 00 00 00
RBX=0x0000000000000004 is an unknown value
RCX=0x0 is null
RDX=0x00000000000000c2 is an unknown value
RSP=0x00000081dcdfc8a0 is pointing into the stack for thread: 0x000002644b92a930
RBP=0x000002644c412f38 points into unknown readable memory: 0x00007ff8d47d37b8 | b8 37 7d d4 f8 7f 00 00
RSI=0x000002644a464680 points into unknown readable memory: 0x000000000ffffcff | ff fc ff 0f 00 00 00 00
RDI=0x000002644d05b6a0 points into unknown readable memory: 0x0000000000000000 | 00 00 00 00 00 00 00 00
R8 =0x00000000ffffffff is an unknown value
R9 =0x0000000000000001 is an unknown value
R10=0x000000000000000b is an unknown value
R11=0x3333333333333333 is an unknown value
R12=0x0000000000000002 is an unknown value
R13=0x0000000000000010 is an unknown value
R14=0x000002644c206e08 points into unknown readable memory: 0x00007ff8d47e8a00 | 00 8a 7e d4 f8 7f 00 00
R15=0x00000081dcdfcdb0 is pointing into the stack for thread: 0x000002644b92a930

Top of Stack: (sp=0x00000081dcdfc8a0)
0x00000081dcdfc8a0:   0000000000000004 000002644c412f38   ........8/ALd...
0x00000081dcdfc8b0:   ffffffffffffffff 000002644b3bde80   ..........;Kd...
0x00000081dcdfc8c0:   000002b70000000b 0000000000000042   ........B.......
0x00000081dcdfc8d0:   000002644c412f38 0000026400000000   8/ALd.......d...
0x00000081dcdfc8e0:   0000000000000000 0000000000000000   ................
0x00000081dcdfc8f0:   000000000009f6d8 00000264454bccf8   ..........KEd...
0x00000081dcdfc900:   0000000000000000 00000264454bcce0   ..........KEd...
0x00000081dcdfc910:   00000264454bd0d0 00000000000003d8   ..KEd...........
0x00000081dcdfc920:   00000081dcdfce18 00000081dcdfca40   ........@.......
0x00000081dcdfc930:   00000081dcdfcdb0 00007ff8d3f84634   ........4F......
0x00000081dcdfc940:   00000081dcdfcdb0 00000081dcdfcd01   ................
0x00000081dcdfc950:   00000081dcdfca01 00000264ffffffff   ............d...
0x00000081dcdfc960:   3fd6362200000000 0000000200000002   ...."6.?........
0x00000081dcdfc970:   000002644a170507 0000000000131518   ...Jd...........
0x00000081dcdfc980:   00000264454bcce0 000002644d05a320   ..KEd... ..Md...
0x00000081dcdfc990:   000002644d0f9ac8 000002644d0f9ac8   ...Md......Md...
0x00000081dcdfc9a0:   00000264454bccf8 00000081dcdfcaf0   ..KEd...........
0x00000081dcdfc9b0:   00000081dcdf0000 0000000000000000   ................
0x00000081dcdfc9c0:   000002644a179ff0 000002644dfe4800   ...Jd....H.Md...
0x00000081dcdfc9d0:   00007ff8d4a13170 00007ff8d4879108   p1..............
0x00000081dcdfc9e0:   0000000000000000 00000081dcdfe270   ........p.......
0x00000081dcdfc9f0:   0000000000000000 0000000000007f00   ................
0x00000081dcdfca00:   00007ff80000000c 00000081dcdfe270   ........p.......
0x00000081dcdfca10:   000002644cacf9e8 3fe83a9fd07f5700   ...Ld....W...:.?
0x00000081dcdfca20:   000002644d05a338 0000000000000dde   8..Md...........
0x00000081dcdfca30:   00000081dcdfc970 00000264454bccf8   p.........KEd...
0x00000081dcdfca40:   00007ff8d47e8ba0 000002640000000d   ..~.........d...
0x00000081dcdfca50:   00000081dcdfe270 00000081dcdfcdb0   p...............
0x00000081dcdfca60:   0000000000001bf1 000002644dfe4880   .........H.Md...
0x00000081dcdfca70:   000000000000000a 00000081dcdfe270   ........p.......
0x00000081dcdfca80:   000002644a0d96f8 0000000000000000   ...Jd...........
0x00000081dcdfca90:   000002644d67c348 000002644ae8ef28   H.gMd...(..Jd...

Instructions: (pc=0x00007ff8d3f8709f)
  0x00007ff8d3f86f9f:   30 66 c7 83 a4 00 00 00 02 00 66 44 89 ab ac 00
  0x00007ff8d3f86faf:   00 00 eb 6d 48 8b 6c 24 30 66 c7 83 a4 00 00 00
  0x00007ff8d3f86fbf:   04 00 66 44 89 ab ac 00 00 00 eb 55 48 8b 6c 24
  0x00007ff8d3f86fcf:   30 66 c7 83 a4 00 00 00 08 00 66 44 89 ab ac 00
  0x00007ff8d3f86fdf:   00 00 eb 3d 48 8b 6c 24 30 66 c7 83 a4 00 00 00
  0x00007ff8d3f86fef:   10 00 66 44 89 ab ac 00 00 00 eb 25 48 8b ce e8
  0x00007ff8d3f86fff:   3d 27 5a 00 48 8b 6c 24 30 66 89 83 a4 00 00 00
  0x00007ff8d3f8700f:   66 89 83 ac 00 00 00 81 8b b0 00 00 00 80 04 00
  0x00007ff8d3f8701f:   00 44 0f b6 8c 24 a8 00 00 00 41 b8 ff ff ff ff
  0x00007ff8d3f8702f:   41 8b 5e 18 89 5c 24 28 44 89 84 24 b8 00 00 00
  0x00007ff8d3f8703f:   45 84 c9 74 38 49 8b 06 49 8b ce ff 90 b8 00 00
  0x00007ff8d3f8704f:   00 89 84 24 b8 00 00 00 44 8b c0 83 f8 ff 74 14
  0x00007ff8d3f8705f:   8b d0 49 8b ce e8 c7 e0 47 00 44 8b c0 89 84 24
  0x00007ff8d3f8706f:   b8 00 00 00 44 0f b6 8c 24 a8 00 00 00 44 3b e3
  0x00007ff8d3f8707f:   0f 83 10 02 00 00 41 8b c4 4c 8d 2c c5 00 00 00
  0x00007ff8d3f8708f:   00 49 8b 46 08 4a 8b 0c 28 49 8b 87 08 01 00 00
=>0x00007ff8d3f8709f:   48 63 51 28 8b 1c 90 85 db 0f 84 be 01 00 00 45
  0x00007ff8d3f870af:   84 c9 74 11 45 3b c4 75 0c 49 8b 06 49 8b ce ff
  0x00007ff8d3f870bf:   90 e0 00 00 00 80 bc 24 b0 00 00 00 00 74 18 41
  0x00007ff8d3f870cf:   80 bf 18 01 00 00 00 74 0e 41 0f b7 46 3a 44 3b
  0x00007ff8d3f870df:   e0 0f 83 86 01 00 00 49 8b 47 70 41 8b d4 48 69
  0x00007ff8d3f870ef:   fb b8 00 00 00 49 8b ce 48 03 78 20 49 8b 06 ff
  0x00007ff8d3f870ff:   90 88 00 00 00 80 bc 24 a8 00 00 00 00 48 8b f0
  0x00007ff8d3f8710f:   75 2f 49 8b 4e 08 f2 0f 10 4d 08 f2 0f 59 ce 4a
  0x00007ff8d3f8711f:   8b 14 29 49 8b 4f 48 44 8b 42 28 48 8b 91 88 00
  0x00007ff8d3f8712f:   00 00 4a 8b 0c c2 f2 0f 10 41 08 66 0f 2f c1 77
  0x00007ff8d3f8713f:   45 8b 97 98 00 00 00 8b 87 9c 00 00 00 3b d0 77
  0x00007ff8d3f8714f:   17 8b ca ff c2 48 8b 04 ce 48 21 44 cf 38 8b 87
  0x00007ff8d3f8715f:   9c 00 00 00 3b d0 76 e9 8b 4e 60 39 8f 98 00 00
  0x00007ff8d3f8716f:   00 73 06 89 8f 98 00 00 00 8b 4e 64 3b c1 76 06
  0x00007ff8d3f8717f:   89 8f 9c 00 00 00 49 8b 46 08 4a 8b 0c 28 48 8b
  0x00007ff8d3f8718f:   01 ff 50 70 8b c8 8b d8 e8 14 2b 5a 00 8b d3 48


Stack slot to memory mapping:

stack at sp + 0 slots: 0x0000000000000004 is an unknown value
stack at sp + 1 slots: 0x000002644c412f38 points into unknown readable memory: 0x00007ff8d47d37b8 | b8 37 7d d4 f8 7f 00 00
stack at sp + 2 slots: 0xffffffffffffffff is an unknown value
stack at sp + 3 slots: 0x000002644b3bde80 points into unknown readable memory: 0x00007ff8d47d37b8 | b8 37 7d d4 f8 7f 00 00
stack at sp + 4 slots: 0x000002b70000000b is an unknown value
stack at sp + 5 slots: 0x0000000000000042 is an unknown value
stack at sp + 6 slots: 0x000002644c412f38 points into unknown readable memory: 0x00007ff8d47d37b8 | b8 37 7d d4 f8 7f 00 00
stack at sp + 7 slots: 0x0000026400000000 is an unknown value

Lock stack of current Java thread (top to bottom):


---------------  P R O C E S S  ---------------

Threads class SMR info:
_java_thread_list=0x000002644b948ea0, length=22, elements={
0x00000264258e9b70, 0x0000026445448bd0, 0x0000026445449630, 0x000002644544c7f0,
0x000002644544e3c0, 0x000002644544ef80, 0x000002644544fb40, 0x0000026445462520,
0x0000026445463da0, 0x000002644567fd10, 0x000002644582cb20, 0x00000264458176e0,
0x000002644bf81080, 0x000002644b06c6f0, 0x000002644b0e1da0, 0x000002644d26fd70,
0x000002644d270530, 0x000002644d270cf0, 0x000002644b4197c0, 0x000002644b5654f0,
0x000002644b929100, 0x000002644b92a930
}

Java Threads: ( => current thread )
  0x00000264258e9b70 JavaThread "main"                              [_thread_blocked, id=1336, stack(0x00000081daa00000,0x00000081dab00000) (1024K)]
  0x0000026445448bd0 JavaThread "Reference Handler"          daemon [_thread_blocked, id=17920, stack(0x00000081db200000,0x00000081db300000) (1024K)]
  0x0000026445449630 JavaThread "Finalizer"                  daemon [_thread_blocked, id=16508, stack(0x00000081db300000,0x00000081db400000) (1024K)]
  0x000002644544c7f0 JavaThread "Signal Dispatcher"          daemon [_thread_blocked, id=4724, stack(0x00000081db400000,0x00000081db500000) (1024K)]
  0x000002644544e3c0 JavaThread "Attach Listener"            daemon [_thread_blocked, id=17692, stack(0x00000081db500000,0x00000081db600000) (1024K)]
  0x000002644544ef80 JavaThread "Service Thread"             daemon [_thread_blocked, id=10900, stack(0x00000081db600000,0x00000081db700000) (1024K)]
  0x000002644544fb40 JavaThread "Monitor Deflation Thread"   daemon [_thread_blocked, id=3568, stack(0x00000081db700000,0x00000081db800000) (1024K)]
  0x0000026445462520 JavaThread "C2 CompilerThread0"         daemon [_thread_in_native, id=18200, stack(0x00000081db800000,0x00000081db900000) (1024K)]
  0x0000026445463da0 JavaThread "C1 CompilerThread0"         daemon [_thread_blocked, id=2868, stack(0x00000081db900000,0x00000081dba00000) (1024K)]
  0x000002644567fd10 JavaThread "Common-Cleaner"             daemon [_thread_blocked, id=11568, stack(0x00000081dba00000,0x00000081dbb00000) (1024K)]
  0x000002644582cb20 JavaThread "Monitor Ctrl-Break"         daemon [_thread_in_native, id=17872, stack(0x00000081dbc00000,0x00000081dbd00000) (1024K)]
  0x00000264458176e0 JavaThread "Notification Thread"        daemon [_thread_blocked, id=10788, stack(0x00000081dbd00000,0x00000081dbe00000) (1024K)]
  0x000002644bf81080 JavaThread "Cleaner-0"                  daemon [_thread_blocked, id=16164, stack(0x00000081dcb00000,0x00000081dcc00000) (1024K)]
  0x000002644b06c6f0 JavaThread "HikariPool-1:housekeeper"   daemon [_thread_blocked, id=18124, stack(0x00000081dbe00000,0x00000081dbf00000) (1024K)]
  0x000002644b0e1da0 JavaThread "HikariPool-1:connection-adder" daemon [_thread_in_native, id=8320, stack(0x00000081dcc00000,0x00000081dcd00000) (1024K)]
  0x000002644d26fd70 JavaThread "bancoxyz-step-1"                   [_thread_blocked, id=7724, stack(0x00000081dce00000,0x00000081dcf00000) (1024K)]
  0x000002644d270530 JavaThread "bancoxyz-step-2"                   [_thread_blocked, id=17052, stack(0x00000081dcf00000,0x00000081dd000000) (1024K)]
  0x000002644d270cf0 JavaThread "bancoxyz-step-3"                   [_thread_in_native, id=8424, stack(0x00000081dd000000,0x00000081dd100000) (1024K)]
  0x000002644b4197c0 JavaThread "bancoxyz-step-4"                   [_thread_blocked, id=11904, stack(0x00000081dd100000,0x00000081dd200000) (1024K)]
  0x000002644b5654f0 JavaThread "bancoxyz-step-5"                   [_thread_blocked, id=17308, stack(0x00000081dd200000,0x00000081dd300000) (1024K)]
  0x000002644b929100 JavaThread "C2 CompilerThread1"         daemon [_thread_in_native, id=11128, stack(0x00000081dbb00000,0x00000081dbc00000) (1024K)]
=>0x000002644b92a930 JavaThread "C2 CompilerThread2"         daemon [_thread_in_native, id=4040, stack(0x00000081dcd00000,0x00000081dce00000) (1024K)]
Total: 22

Other Threads:
  0x0000026445437460 VMThread "VM Thread"                           [id=7440, stack(0x00000081db100000,0x00000081db200000) (1024K)]
  0x000002644542a870 WatcherThread "VM Periodic Task Thread"        [id=16580, stack(0x00000081db000000,0x00000081db100000) (1024K)]
  0x0000026425953350 WorkerThread "GC Thread#0"                     [id=976, stack(0x00000081dab00000,0x00000081dac00000) (1024K)]
  0x000002644aa94d50 WorkerThread "GC Thread#1"                     [id=17660, stack(0x00000081dbf00000,0x00000081dc000000) (1024K)]
  0x000002644a7096e0 WorkerThread "GC Thread#2"                     [id=9368, stack(0x00000081dc000000,0x00000081dc100000) (1024K)]
  0x000002644a707d00 WorkerThread "GC Thread#3"                     [id=10276, stack(0x00000081dc100000,0x00000081dc200000) (1024K)]
  0x000002644a709290 WorkerThread "GC Thread#4"                     [id=952, stack(0x00000081dc200000,0x00000081dc300000) (1024K)]
  0x000002644a70ac70 WorkerThread "GC Thread#5"                     [id=6620, stack(0x00000081dc300000,0x00000081dc400000) (1024K)]
  0x000002644a70b0c0 WorkerThread "GC Thread#6"                     [id=14464, stack(0x00000081dc400000,0x00000081dc500000) (1024K)]
  0x000002644ac629a0 WorkerThread "GC Thread#7"                     [id=9900, stack(0x00000081dc500000,0x00000081dc600000) (1024K)]
  0x000002644ac62df0 WorkerThread "GC Thread#8"                     [id=9660, stack(0x00000081dc600000,0x00000081dc700000) (1024K)]
  0x000002644ac67fe0 WorkerThread "GC Thread#9"                     [id=13812, stack(0x00000081dc700000,0x00000081dc800000) (1024K)]
  0x000002642596c3e0 ConcurrentGCThread "G1 Main Marker"            [id=16612, stack(0x00000081dac00000,0x00000081dad00000) (1024K)]
  0x000002642596d720 WorkerThread "G1 Conc#0"                       [id=1900, stack(0x00000081dad00000,0x00000081dae00000) (1024K)]
  0x000002644ac63690 WorkerThread "G1 Conc#1"                       [id=17504, stack(0x00000081dc800000,0x00000081dc900000) (1024K)]
  0x000002644ac63ae0 WorkerThread "G1 Conc#2"                       [id=17640, stack(0x00000081dc900000,0x00000081dca00000) (1024K)]
  0x00000264452f6a90 ConcurrentGCThread "G1 Refine#0"               [id=9100, stack(0x00000081dae00000,0x00000081daf00000) (1024K)]
  0x00000264452f72a0 ConcurrentGCThread "G1 Service"                [id=17924, stack(0x00000081daf00000,0x00000081db000000) (1024K)]
Total: 18

Threads with active compile tasks:
C2 CompilerThread0  5938 6307   !   4       org.springframework.batch.core.step.item.FaultTolerantChunkProcessor::lambda$transform$0 (272 bytes)
C2 CompilerThread1  5938 6187   !   4       org.springframework.retry.support.RetryTemplate::doExecute (712 bytes)
C2 CompilerThread2  5938 6178       4       org.springframework.batch.core.step.item.FaultTolerantChunkProcessor$$Lambda/0x000000002e43e6c8::doWithRetry (33 bytes)
Total: 3

VM state: not at safepoint (normal execution)

VM Mutex/Monitor currently owned by a thread: None

Heap address: 0x0000000701200000, size: 4078 MB, Compressed Oops mode: Zero based, Oop shift amount: 3

CDS archive(s) mapped at: [0x000000002d000000-0x000000002ddd0000-0x000000002ddd0000), size 14483456, SharedBaseAddress: 0x000000002d000000, ArchiveRelocationMode: 1.
Compressed class space mapped at: 0x000000002e000000-0x000000006e000000, reserved size: 1073741824
UseCompressedClassPointers 1, UseCompactObjectHeaders 0
Narrow klass pointer bits 32, Max shift 3
Narrow klass base: 0x000000002d000000, Narrow klass shift: 0
Encoding Range: [0x000000002d000000 - 0x000000012d000000), (4294967296 bytes)
Klass Range:    [0x000000002d010000 - 0x000000006e000000), (1090453504 bytes)
Klass ID Range:  [65536 - 1090519033) (1090453497)
Protection zone: [0x000000002d000000 - 0x000000002d010000), (65536 bytes)

GC Precious Log:
 CardTable entry size: 512
 Card Set container configuration: InlinePtr #cards 4 size 8 Array Of Cards #cards 16 size 48 Howl #buckets 8 coarsen threshold 3686 Howl Bitmap #cards 512 size 80 coarsen threshold 460 Card regions per heap region 1 cards per card region 4096
 CPUs: 12 total, 12 available
 Memory: 16310M
 Large Page Support: Disabled
 NUMA Support: Disabled
 Compressed Oops: Enabled (Zero based)
 Heap Region Size: 2M
 Heap Min Capacity: 8M
 Heap Initial Capacity: 256M
 Heap Max Capacity: 4078M
 Pre-touch: Disabled
 Parallel Workers: 10
 Concurrent Workers: 3
 Concurrent Refinement Workers: 10
 Periodic GC: Disabled

Heap:
 garbage-first heap   total reserved 4175872K, committed 65536K, used 34357K [0x0000000701200000, 0x0000000800000000)
  region size 2048K, 11 young (22528K), 1 survivors (2048K)

Heap Regions: E=young(eden), S=young(survivor), O=old, HS=humongous(starts), HC=humongous(continues), CS=collection set, F=free, TAMS=top-at-mark-start, PB=parsable bottom
|   0|0x0000000701200000, 0x0000000701400000, 0x0000000701400000|100%| O|  |TAMS 0x0000000701200000| PB 0x0000000701200000| Untracked |  0
|   1|0x0000000701400000, 0x0000000701600000, 0x0000000701600000|100%| O|  |TAMS 0x0000000701400000| PB 0x0000000701400000| Untracked |  0
|   2|0x0000000701600000, 0x0000000701800000, 0x0000000701800000|100%| O|  |TAMS 0x0000000701600000| PB 0x0000000701600000| Untracked |  0
|   3|0x0000000701800000, 0x0000000701a00000, 0x0000000701a00000|100%| O|  |TAMS 0x0000000701800000| PB 0x0000000701800000| Untracked |  0
|   4|0x0000000701a00000, 0x0000000701ac76b0, 0x0000000701c00000| 38%| O|  |TAMS 0x0000000701a00000| PB 0x0000000701a00000| Untracked |  0
|   5|0x0000000701c00000, 0x0000000701c00000, 0x0000000701e00000|  0%| F|  |TAMS 0x0000000701c00000| PB 0x0000000701c00000| Untracked |  0
|   6|0x0000000701e00000, 0x0000000701e00000, 0x0000000702000000|  0%| F|  |TAMS 0x0000000701e00000| PB 0x0000000701e00000| Untracked |  0
|   7|0x0000000702000000, 0x0000000702000000, 0x0000000702200000|  0%| F|  |TAMS 0x0000000702000000| PB 0x0000000702000000| Untracked |  0
|   8|0x0000000702200000, 0x0000000702200000, 0x0000000702400000|  0%| F|  |TAMS 0x0000000702200000| PB 0x0000000702200000| Untracked |  0
|   9|0x0000000702400000, 0x0000000702400000, 0x0000000702600000|  0%| F|  |TAMS 0x0000000702400000| PB 0x0000000702400000| Untracked |  0
|  10|0x0000000702600000, 0x0000000702600000, 0x0000000702800000|  0%| F|  |TAMS 0x0000000702600000| PB 0x0000000702600000| Untracked |  0
|  11|0x0000000702800000, 0x0000000702800000, 0x0000000702a00000|  0%| F|  |TAMS 0x0000000702800000| PB 0x0000000702800000| Untracked |  0
|  12|0x0000000702a00000, 0x0000000702a00000, 0x0000000702c00000|  0%| F|  |TAMS 0x0000000702a00000| PB 0x0000000702a00000| Untracked |  0
|  13|0x0000000702c00000, 0x0000000702cc5f50, 0x0000000702e00000| 38%| S|CS|TAMS 0x0000000702c00000| PB 0x0000000702c00000| Complete |  0
|  14|0x0000000702e00000, 0x0000000702e00000, 0x0000000703000000|  0%| F|  |TAMS 0x0000000702e00000| PB 0x0000000702e00000| Untracked |  0
|  15|0x0000000703000000, 0x0000000703000000, 0x0000000703200000|  0%| F|  |TAMS 0x0000000703000000| PB 0x0000000703000000| Untracked |  0
|  16|0x0000000703200000, 0x0000000703200000, 0x0000000703400000|  0%| F|  |TAMS 0x0000000703200000| PB 0x0000000703200000| Untracked |  0
|  17|0x0000000703400000, 0x0000000703400000, 0x0000000703600000|  0%| F|  |TAMS 0x0000000703400000| PB 0x0000000703400000| Untracked |  0
|  18|0x0000000703600000, 0x0000000703600000, 0x0000000703800000|  0%| F|  |TAMS 0x0000000703600000| PB 0x0000000703600000| Untracked |  0
|  19|0x0000000703800000, 0x00000007039c6c10, 0x0000000703a00000| 88%| E|  |TAMS 0x0000000703800000| PB 0x0000000703800000| Complete |  0
|  20|0x0000000703a00000, 0x0000000703c00000, 0x0000000703c00000|100%| E|CS|TAMS 0x0000000703a00000| PB 0x0000000703a00000| Complete |  0
|  95|0x000000070d000000, 0x000000070d200000, 0x000000070d200000|100%| E|CS|TAMS 0x000000070d000000| PB 0x000000070d000000| Complete |  0
|  96|0x000000070d200000, 0x000000070d400000, 0x000000070d400000|100%| E|CS|TAMS 0x000000070d200000| PB 0x000000070d200000| Complete |  0
|  97|0x000000070d400000, 0x000000070d600000, 0x000000070d600000|100%| E|CS|TAMS 0x000000070d400000| PB 0x000000070d400000| Complete |  0
|  98|0x000000070d600000, 0x000000070d800000, 0x000000070d800000|100%| E|CS|TAMS 0x000000070d600000| PB 0x000000070d600000| Complete |  0
|  99|0x000000070d800000, 0x000000070da00000, 0x000000070da00000|100%| E|CS|TAMS 0x000000070d800000| PB 0x000000070d800000| Complete |  0
| 100|0x000000070da00000, 0x000000070dc00000, 0x000000070dc00000|100%| E|CS|TAMS 0x000000070da00000| PB 0x000000070da00000| Complete |  0
| 127|0x0000000711000000, 0x0000000711200000, 0x0000000711200000|100%| E|CS|TAMS 0x0000000711000000| PB 0x0000000711000000| Complete |  0
|2035|0x00000007ff800000, 0x00000007ffa00000, 0x00000007ffa00000|100%| O|  |TAMS 0x00000007ff800000| PB 0x00000007ff800000| Untracked |  0
|2036|0x00000007ffa00000, 0x00000007ffc00000, 0x00000007ffc00000|100%| O|  |TAMS 0x00000007ffa00000| PB 0x00000007ffa00000| Untracked |  0
|2037|0x00000007ffc00000, 0x00000007ffe00000, 0x00000007ffe00000|100%| O|  |TAMS 0x00000007ffc00000| PB 0x00000007ffc00000| Untracked |  0
|2038|0x00000007ffe00000, 0x0000000800000000, 0x0000000800000000|100%| E|CS|TAMS 0x00000007ffe00000| PB 0x00000007ffe00000| Complete |  0

Card table byte_map: [0x000002643dfe0000,0x000002643e7e0000] _byte_map_base: 0x000002643a7d7000

Marking Bits: (CMBitMap*) 0x0000026425953ae0
 Bits: [0x000002643e7e0000, 0x0000026442798000)

Polling page: 0x0000026423790000

Metaspace:
Metaspace        used 32784K, committed 33216K, reserved 1114112K
 class space     used 4219K, committed 4416K, reserved 1048576K

Usage:
  Non-class:     27.90 MB used.
      Class:      4.12 MB used.
       Both:     32.02 MB used.

Virtual space:
  Non-class space:       64.00 MB reserved,      28.12 MB ( 44%) committed,  1 nodes.
      Class space:        1.00 GB reserved,       4.31 MB ( <1%) committed,  1 nodes.
             Both:        1.06 GB reserved,      32.44 MB (  3%) committed. 

Chunk freelists:
   Non-Class:  3.47 MB
       Class:  11.65 MB
        Both:  15.12 MB

MaxMetaspaceSize: unlimited
CompressedClassSpaceSize: 1.00 GB
Initial GC threshold: 21.00 MB
Current GC threshold: 35.25 MB
CDS: on
 - commit_granule_bytes: 65536.
 - commit_granule_words: 8192.
 - virtual_space_node_default_size: 8388608.
 - enlarge_chunks_in_place: 1.
UseCompressedClassPointers 1, UseCompactObjectHeaders 0
Narrow klass pointer bits 32, Max shift 3
Narrow klass base: 0x000000002d000000, Narrow klass shift: 0
Encoding Range: [0x000000002d000000 - 0x000000012d000000), (4294967296 bytes)
Klass Range:    [0x000000002d010000 - 0x000000006e000000), (1090453504 bytes)
Klass ID Range:  [65536 - 1090519033) (1090453497)
Protection zone: [0x000000002d000000 - 0x000000002d010000), (65536 bytes)


Internal statistics:

num_allocs_failed_limit: 3.
num_arena_births: 502.
num_arena_deaths: 0.
num_vsnodes_births: 2.
num_vsnodes_deaths: 0.
num_space_committed: 519.
num_space_uncommitted: 0.
num_chunks_returned_to_freelist: 3.
num_chunks_taken_from_freelist: 1522.
num_chunk_merges: 3.
num_chunk_splits: 991.
num_chunks_enlarged: 704.
num_inconsistent_stats: 0.

CodeHeap 'non-profiled nmethods': size=120064Kb used=2635Kb max_used=2635Kb free=117428Kb
 bounds [0x0000026435c40000, 0x0000026435ee0000, 0x000002643d180000]
CodeHeap 'profiled nmethods': size=120000Kb used=10487Kb max_used=10487Kb free=109512Kb
 bounds [0x000002642e180000, 0x000002642ebc0000, 0x00000264356b0000]
CodeHeap 'non-nmethods': size=5696Kb used=1521Kb max_used=1632Kb free=4175Kb
 bounds [0x00000264356b0000, 0x0000026435920000, 0x0000026435c40000]
CodeCache: size=245760Kb, used=14643Kb, max_used=14754Kb, free=231115Kb
 total_blobs=6959, nmethods=6315, adapters=547, full_count=0
Compilation: enabled, stopped_count=0, restarted_count=0

Compilation events (20 events):
Event: 5.832 Thread 0x0000026445463da0 6320       3       java.math.BigDecimal::inflated (20 bytes)
Event: 5.832 Thread 0x0000026445463da0 nmethod 6320 0x000002642ebb8708 code [0x000002642ebb8800, 0x000002642ebb8998]
Event: 5.832 Thread 0x0000026445463da0 6319       3       java.lang.Long::signum (12 bytes)
Event: 5.832 Thread 0x0000026445463da0 nmethod 6319 0x000002642ebb8a08 code [0x000002642ebb8b00, 0x000002642ebb8c08]
Event: 5.835 Thread 0x0000026445462520 nmethod 6284 0x0000026435ecff88 code [0x0000026435ed0080, 0x0000026435ed03e8]
Event: 5.835 Thread 0x0000026445462520 6254       4       org.springframework.core.AttributeAccessorSupport::hasAttribute (17 bytes)
Event: 5.838 Thread 0x0000026445462520 nmethod 6254 0x0000026435ed0408 code [0x0000026435ed0500, 0x0000026435ed0a58]
Event: 5.838 Thread 0x0000026445462520 6261       4       org.springframework.core.AttributeAccessorSupport::setAttribute (32 bytes)
Event: 5.846 Thread 0x0000026445462520 nmethod 6261 0x0000026435ed0a88 code [0x0000026435ed0b80, 0x0000026435ed21b8]
Event: 5.846 Thread 0x0000026445462520 6228       4       java.lang.String::isBlank (17 bytes)
Event: 5.847 Thread 0x0000026445462520 nmethod 6228 0x0000026435ed2208 code [0x0000026435ed2300, 0x0000026435ed2470]
Event: 5.847 Thread 0x0000026445462520 6248       4       org.springframework.core.AttributeAccessorSupport::getAttribute (17 bytes)
Event: 5.851 Thread 0x0000026445462520 nmethod 6248 0x0000026435ed2508 code [0x0000026435ed2600, 0x0000026435ed2bf8]
Event: 5.851 Thread 0x0000026445462520 6307   !   4       org.springframework.batch.core.step.item.FaultTolerantChunkProcessor::lambda$transform$0 (272 bytes)
Event: 5.855 Thread 0x0000026445463da0 6321       3       java.lang.invoke.VarHandleGuards::guard_LL_V (123 bytes)
Event: 5.856 Thread 0x0000026445463da0 nmethod 6321 0x000002642ebb8d08 code [0x000002642ebb8e00, 0x000002642ebbb940]
Event: 5.856 Thread 0x0000026445463da0 6323       3       sun.security.provider.AbstractDrbg::engineNextBytes (15 bytes)
Event: 5.856 Thread 0x0000026445463da0 nmethod 6323 0x000002642ebbb988 code [0x000002642ebbba80, 0x000002642ebbbc98]
Event: 5.856 Thread 0x0000026445463da0 6322       3       sun.security.ssl.Record::putBytes8 (43 bytes)
Event: 5.857 Thread 0x0000026445463da0 nmethod 6322 0x000002642ebbbd08 code [0x000002642ebbbe00, 0x000002642ebbcdf8]

GC Heap Usage History (10 events):
Event: 0.828 {heap Before GC invocations=0 (full 0):
 garbage-first heap   total reserved 4175872K, committed 264192K, used 50325K [0x0000000701200000, 0x0000000800000000)
  region size 2048K, 24 young (49152K), 0 survivors (0K)
}
Event: 0.832 {heap After GC invocations=1 (full 0):
 garbage-first heap   total reserved 4175872K, committed 264192K, used 7218K [0x0000000701200000, 0x0000000800000000)
  region size 2048K, 3 young (6144K), 3 survivors (6144K)
}
Event: 1.585 {heap Before GC invocations=1 (full 0):
 garbage-first heap   total reserved 4175872K, committed 264192K, used 54322K [0x0000000701200000, 0x0000000800000000)
  region size 2048K, 27 young (55296K), 3 survivors (6144K)
}
Event: 1.591 {heap After GC invocations=2 (full 0):
 garbage-first heap   total reserved 4175872K, committed 264192K, used 11883K [0x0000000701200000, 0x0000000800000000)
  region size 2048K, 6 young (12288K), 6 survivors (12288K)
}
Event: 3.470 {heap Before GC invocations=3 (full 0):
 garbage-first heap   total reserved 4175872K, committed 49152K, used 46699K [0x0000000701200000, 0x0000000800000000)
  region size 2048K, 23 young (47104K), 6 survivors (12288K)
}
Event: 3.479 {heap After GC invocations=4 (full 0):
 garbage-first heap   total reserved 4175872K, committed 65536K, used 16052K [0x0000000701200000, 0x0000000800000000)
  region size 2048K, 5 young (10240K), 5 survivors (10240K)
}
Event: 3.902 {heap Before GC invocations=4 (full 0):
 garbage-first heap   total reserved 4175872K, committed 65536K, used 44724K [0x0000000701200000, 0x0000000800000000)
  region size 2048K, 19 young (38912K), 5 survivors (10240K)
}
Event: 3.921 {heap After GC invocations=5 (full 0):
 garbage-first heap   total reserved 4175872K, committed 65536K, used 16763K [0x0000000701200000, 0x0000000800000000)
  region size 2048K, 1 young (2048K), 1 survivors (2048K)
}
Event: 5.095 {heap Before GC invocations=5 (full 0):
 garbage-first heap   total reserved 4175872K, committed 65536K, used 47483K [0x0000000701200000, 0x0000000800000000)
  region size 2048K, 16 young (32768K), 1 survivors (2048K)
}
Event: 5.097 {heap After GC invocations=6 (full 0):
 garbage-first heap   total reserved 4175872K, committed 65536K, used 15925K [0x0000000701200000, 0x0000000800000000)
  region size 2048K, 1 young (2048K), 1 survivors (2048K)
}

Metaspace Usage History (10 events):
Event: 0.828 {metaspace Before GC invocations=0 (full 0):
 Metaspace       used 12924K, committed 13184K, reserved 1114112K
  class space    used 1751K, committed 1856K, reserved 1048576K
}
Event: 0.832 {metaspace After GC invocations=1 (full 0):
 Metaspace       used 12924K, committed 13184K, reserved 1114112K
  class space    used 1751K, committed 1856K, reserved 1048576K
}
Event: 1.585 {metaspace Before GC invocations=1 (full 0):
 Metaspace       used 21227K, committed 21504K, reserved 1114112K
  class space    used 2876K, committed 3008K, reserved 1048576K
}
Event: 1.591 {metaspace After GC invocations=2 (full 0):
 Metaspace       used 21227K, committed 21504K, reserved 1114112K
  class space    used 2876K, committed 3008K, reserved 1048576K
}
Event: 3.470 {metaspace Before GC invocations=3 (full 0):
 Metaspace       used 31100K, committed 31552K, reserved 1114112K
  class space    used 4135K, committed 4352K, reserved 1048576K
}
Event: 3.479 {metaspace After GC invocations=4 (full 0):
 Metaspace       used 31100K, committed 31552K, reserved 1114112K
  class space    used 4135K, committed 4352K, reserved 1048576K
}
Event: 3.902 {metaspace Before GC invocations=4 (full 0):
 Metaspace       used 32083K, committed 32448K, reserved 1114112K
  class space    used 4200K, committed 4352K, reserved 1048576K
}
Event: 3.921 {metaspace After GC invocations=5 (full 0):
 Metaspace       used 32083K, committed 32448K, reserved 1114112K
  class space    used 4200K, committed 4352K, reserved 1048576K
}
Event: 5.095 {metaspace Before GC invocations=5 (full 0):
 Metaspace       used 32548K, committed 33024K, reserved 1114112K
  class space    used 4207K, committed 4416K, reserved 1048576K
}
Event: 5.097 {metaspace After GC invocations=6 (full 0):
 Metaspace       used 32548K, committed 33024K, reserved 1114112K
  class space    used 4207K, committed 4416K, reserved 1048576K
}

Dll operation events (11 events):
Event: 0.007 Loaded shared library C:\Program Files\Java\jdk-25.0.2\bin\java.dll
Event: 0.089 Loaded shared library C:\Program Files\Java\jdk-25.0.2\bin\zip.dll
Event: 0.091 Loaded shared library C:\Program Files\Java\jdk-25.0.2\bin\instrument.dll
Event: 0.094 Loaded shared library C:\Program Files\Java\jdk-25.0.2\bin\net.dll
Event: 0.095 Loaded shared library C:\Program Files\Java\jdk-25.0.2\bin\nio.dll
Event: 0.098 Loaded shared library C:\Program Files\Java\jdk-25.0.2\bin\zip.dll
Event: 0.158 Loaded shared library C:\Program Files\Java\jdk-25.0.2\bin\extnet.dll
Event: 0.168 Loaded shared library C:\Program Files\Java\jdk-25.0.2\bin\jimage.dll
Event: 1.677 Loaded shared library C:\Program Files\Java\jdk-25.0.2\bin\management.dll
Event: 1.679 Loaded shared library C:\Program Files\Java\jdk-25.0.2\bin\management_ext.dll
Event: 1.827 Loaded shared library C:\Program Files\Java\jdk-25.0.2\bin\sunmscapi.dll

Deoptimization events (20 events):
Event: 5.764 Thread 0x000002644d26fd70 Uncommon trap: trap_request=0xffffffde fr.pc=0x0000026435eac448 relative=0x00000000000019c8
Event: 5.764 Thread 0x000002644d26fd70 Uncommon trap: reason=class_check action=maybe_recompile pc=0x0000026435eac448 method=org.springframework.retry.policy.ExceptionClassifierRetryPolicy$ExceptionClassifierRetryContext.close(Lorg/springframework/retry/RetryContext;)V @ 30 c2
Event: 5.764 Thread 0x000002644d26fd70 DEOPT PACKING pc=0x0000026435eac448 sp=0x00000081dcefec90
Event: 5.764 Thread 0x000002644d26fd70 DEOPT UNPACKING pc=0x00000264357cfc02 sp=0x00000081dcefebc8 mode 2
Event: 5.765 Thread 0x000002644d270530 Uncommon trap: trap_request=0xffffffde fr.pc=0x0000026435eac448 relative=0x00000000000019c8
Event: 5.765 Thread 0x000002644d270530 Uncommon trap: reason=class_check action=maybe_recompile pc=0x0000026435eac448 method=org.springframework.retry.policy.ExceptionClassifierRetryPolicy$ExceptionClassifierRetryContext.close(Lorg/springframework/retry/RetryContext;)V @ 30 c2
Event: 5.765 Thread 0x000002644d270530 DEOPT PACKING pc=0x0000026435eac448 sp=0x00000081dcffe8a0
Event: 5.765 Thread 0x000002644d270530 DEOPT UNPACKING pc=0x00000264357cfc02 sp=0x00000081dcffe7d8 mode 2
Event: 5.765 Thread 0x000002644d270cf0 Uncommon trap: trap_request=0xffffffde fr.pc=0x0000026435eac448 relative=0x00000000000019c8
Event: 5.765 Thread 0x000002644d270cf0 Uncommon trap: reason=class_check action=maybe_recompile pc=0x0000026435eac448 method=org.springframework.retry.policy.ExceptionClassifierRetryPolicy$ExceptionClassifierRetryContext.close(Lorg/springframework/retry/RetryContext;)V @ 30 c2
Event: 5.765 Thread 0x000002644d270cf0 DEOPT PACKING pc=0x0000026435eac448 sp=0x00000081dd0fe7d0
Event: 5.765 Thread 0x000002644d270cf0 DEOPT UNPACKING pc=0x00000264357cfc02 sp=0x00000081dd0fe708 mode 2
Event: 5.765 Thread 0x000002644b4197c0 Uncommon trap: trap_request=0xffffffde fr.pc=0x0000026435ea1650 relative=0x0000000000000450
Event: 5.765 Thread 0x000002644b4197c0 Uncommon trap: reason=class_check action=maybe_recompile pc=0x0000026435ea1650 method=org.springframework.retry.policy.ExceptionClassifierRetryPolicy$ExceptionClassifierRetryContext.close(Lorg/springframework/retry/RetryContext;)V @ 30 c2
Event: 5.765 Thread 0x000002644b4197c0 DEOPT PACKING pc=0x0000026435ea1650 sp=0x00000081dd1fe700
Event: 5.765 Thread 0x000002644b4197c0 DEOPT UNPACKING pc=0x00000264357cfc02 sp=0x00000081dd1fe640 mode 2
Event: 5.765 Thread 0x000002644b5654f0 Uncommon trap: trap_request=0xffffffde fr.pc=0x0000026435ea0e1c relative=0x000000000000049c
Event: 5.765 Thread 0x000002644b5654f0 Uncommon trap: reason=class_check action=maybe_recompile pc=0x0000026435ea0e1c method=org.springframework.retry.policy.ExceptionClassifierRetryPolicy$ExceptionClassifierRetryContext.close(Lorg/springframework/retry/RetryContext;)V @ 30 c2
Event: 5.765 Thread 0x000002644b5654f0 DEOPT PACKING pc=0x0000026435ea0e1c sp=0x00000081dd2feca0
Event: 5.765 Thread 0x000002644b5654f0 DEOPT UNPACKING pc=0x00000264357cfc02 sp=0x00000081dd2fec50 mode 2

Classes loaded (20 events):
Event: 3.413 Loading class java/util/concurrent/Semaphore$NonfairSync
Event: 3.413 Loading class java/util/concurrent/Semaphore$Sync
Event: 3.413 Loading class java/util/concurrent/Semaphore$Sync done
Event: 3.413 Loading class java/util/concurrent/Semaphore$NonfairSync done
Event: 3.415 Loading class java/util/concurrent/PriorityBlockingQueue
Event: 3.416 Loading class java/util/concurrent/PriorityBlockingQueue done
Event: 3.417 Loading class java/util/concurrent/locks/AbstractQueuedSynchronizer$SharedNode
Event: 3.417 Loading class java/util/concurrent/locks/AbstractQueuedSynchronizer$SharedNode done
Event: 3.424 Loading class sun/text/resources/cldr/FormatData_en
Event: 3.425 Loading class sun/text/resources/cldr/FormatData_en done
Event: 3.425 Loading class sun/text/resources/cldr/FormatData_en_US
Event: 3.425 Loading class sun/text/resources/cldr/FormatData_en_US done
Event: 3.504 Loading class java/time/format/DateTimeParseContext
Event: 3.505 Loading class java/time/format/DateTimeParseContext done
Event: 3.505 Loading class java/time/format/Parsed
Event: 3.505 Loading class java/time/format/Parsed done
Event: 3.735 Loading class java/io/StringReader
Event: 3.735 Loading class java/io/StringReader done
Event: 3.741 Loading class jdk/internal/reflect/MethodHandleIntegerFieldAccessorImpl
Event: 3.741 Loading class jdk/internal/reflect/MethodHandleIntegerFieldAccessorImpl done

Classes unloaded (0 events):
No events

Classes redefined (0 events):
No events

Internal exceptions (20 events):
Event: 2.140 Thread 0x00000264258e9b70 Exception <a 'java/lang/IncompatibleClassChangeError'{0x0000000702d164e0}: Found class java.lang.Object, but interface was expected> (0x0000000702d164e0) 
thrown [s\open\src\hotspot\share\interpreter\linkResolver.cpp, line 871]
Event: 3.012 Thread 0x000002644b0e1da0 Implicit null exception at 0x0000026435dac26f to 0x0000026435dacabc
Event: 3.014 Thread 0x000002644b0e1da0 Implicit null exception at 0x0000026435db0aa0 to 0x0000026435db8fd8
Event: 3.132 Thread 0x00000264258e9b70 Exception <a 'java/lang/NoSuchMethodError'{0x00000007029045e8}: 'java.lang.Object java.lang.invoke.DirectMethodHandle$Holder.invokeStaticInit(java.lang.Object, java.lang.Object, java.lang.Object, java.lang.Object)'> (0x00000007029045e8) 
thrown [s\open\src\hotspot\share\interpreter\linkResolver.cpp, line 804]
Event: 3.145 Thread 0x00000264258e9b70 Exception <a 'java/lang/NoSuchMethodError'{0x00000007027e2ca0}: 'java.lang.Object java.lang.invoke.DirectMethodHandle$Holder.invokeVirtual(java.lang.Object, java.lang.Object, java.lang.Object, java.lang.Object, java.lang.Object, java.lang.Object, java.lang.Object, java.lang.Object, java.lang.Object)'> (0x00000007027e2ca0) 
thrown [s\open\src\hotspot\share\interpreter\linkResolver.cpp, line 804]
Event: 3.147 Thread 0x00000264258e9b70 Exception <a 'java/lang/NoSuchMethodError'{0x0000000702423f38}: 'java.lang.Object java.lang.invoke.DirectMethodHandle$Holder.invokeStatic(java.lang.Object, java.lang.Object, java.lang.Object, java.lang.Object, java.lang.Object, java.lang.Object, java.lang.Object, java.lang.Object, java.lang.Object)'> (0x0000000702423f38) 
thrown [s\open\src\hotspot\share\interpreter\linkResolver.cpp, line 804]
Event: 3.148 Thread 0x00000264258e9b70 Exception <a 'java/lang/NoSuchMethodError'{0x00000007024493c0}: 'java.lang.Object java.lang.invoke.DirectMethodHandle$Holder.invokeStatic(java.lang.Object, java.lang.Object, java.lang.Object, java.lang.Object, java.lang.Object, java.lang.Object, java.lang.Object, java.lang.Object, java.lang.Object, java.lang.Object)'> (0x00000007024493c0) 
thrown [s\open\src\hotspot\share\interpreter\linkResolver.cpp, line 804]
Event: 3.149 Thread 0x00000264258e9b70 Exception <a 'java/lang/NoSuchMethodError'{0x000000070246fa50}: 'java.lang.Object java.lang.invoke.DirectMethodHandle$Holder.invokeStatic(java.lang.Object, java.lang.Object, java.lang.Object, java.lang.Object, java.lang.Object, java.lang.Object, java.lang.Object, java.lang.Object, java.lang.Object, java.lang.Object, java.lang.Object)'> (0x000000070246fa50) 
thrown [s\open\src\hotspot\share\interpreter\linkResolver.cpp, line 804]
Event: 3.150 Thread 0x00000264258e9b70 Exception <a 'java/lang/NoSuchMethodError'{0x00000007024a3218}: 'java.lang.Object java.lang.invoke.DirectMethodHandle$Holder.invokeStatic(java.lang.Object, java.lang.Object, java.lang.Object, java.lang.Object, java.lang.Object, java.lang.Object, java.lang.Object, java.lang.Object, java.lang.Object, java.lang.Object, java.lang.Object, java.lang.Object)'> (0x00000007024a3218) 
thrown [s\open\src\hotspot\share\interpreter\linkResolver.cpp, line 804]
Event: 3.244 Thread 0x00000264258e9b70 Exception <a 'java/lang/NoSuchMethodError'{0x0000000701e52880}: 'java.lang.Object java.lang.invoke.DirectMethodHandle$Holder.invokeVirtual(java.lang.Object, java.lang.Object, java.lang.Object, java.lang.Object, java.lang.Object, java.lang.Object)'> (0x0000000701e52880) 
thrown [s\open\src\hotspot\share\interpreter\linkResolver.cpp, line 804]
Event: 3.320 Thread 0x00000264258e9b70 Exception <a 'java/lang/NoSuchMethodError'{0x0000000701df99a8}: 'java.lang.Object java.lang.invoke.DirectMethodHandle$Holder.invokeInterface(java.lang.Object, java.lang.Object, java.lang.Object, java.lang.Object)'> (0x0000000701df99a8) 
thrown [s\open\src\hotspot\share\interpreter\linkResolver.cpp, line 804]
Event: 3.333 Thread 0x00000264258e9b70 Exception <a 'java/lang/NoSuchMethodError'{0x0000000701ac02c8}: 'java.lang.Object java.lang.invoke.DirectMethodHandle$Holder.newInvokeSpecial(java.lang.Object, java.lang.Object, int, java.lang.Object, java.lang.Object)'> (0x0000000701ac02c8) 
thrown [s\open\src\hotspot\share\interpreter\linkResolver.cpp, line 804]
Event: 3.347 Thread 0x00000264258e9b70 Exception <a 'java/lang/IncompatibleClassChangeError'{0x0000000701b52420}: Found class java.lang.Object, but interface was expected> (0x0000000701b52420) 
thrown [s\open\src\hotspot\share\interpreter\linkResolver.cpp, line 871]
Event: 3.369 Thread 0x00000264258e9b70 Exception <a 'java/lang/NoSuchMethodError'{0x00000007018b3220}: 'long java.lang.invoke.DirectMethodHandle$Holder.invokeVirtual(java.lang.Object, java.lang.Object)'> (0x00000007018b3220) 
thrown [s\open\src\hotspot\share\interpreter\linkResolver.cpp, line 804]
Event: 3.394 Thread 0x00000264258e9b70 Exception <a 'java/lang/NoSuchMethodError'{0x0000000701710668}: 'java.lang.Object java.lang.invoke.DirectMethodHandle$Holder.invokeSpecial(java.lang.Object, java.lang.Object, java.lang.Object, java.lang.Object, java.lang.Object, int)'> (0x0000000701710668) 
thrown [s\open\src\hotspot\share\interpreter\linkResolver.cpp, line 804]
Event: 3.395 Thread 0x00000264258e9b70 Exception <a 'java/lang/NoSuchMethodError'{0x0000000701718e78}: 'java.lang.Object java.lang.invoke.DelegatingMethodHandle$Holder.reinvoke_L(java.lang.Object, java.lang.Object, java.lang.Object, java.lang.Object, java.lang.Object, int)'> (0x0000000701718e78) 
thrown [s\open\src\hotspot\share\interpreter\linkResolver.cpp, line 804]
Event: 3.395 Thread 0x00000264258e9b70 Exception <a 'java/lang/NoSuchMethodError'{0x0000000701729538}: 'java.lang.Object java.lang.invoke.Invokers$Holder.linkToTargetMethod(java.lang.Object, java.lang.Object, java.lang.Object, int, java.lang.Object)'> (0x0000000701729538) 
thrown [s\open\src\hotspot\share\interpreter\linkResolver.cpp, line 804]
Event: 3.499 Thread 0x000002644d270530 Exception <a 'java/lang/NoSuchMethodError'{0x0000000711136f18}: 'java.lang.Object java.lang.invoke.DirectMethodHandle$Holder.newInvokeSpecial(java.lang.Object, java.lang.Object, java.lang.Object, java.lang.Object, java.lang.Object, java.lang.Object, java.lang.Object, java.lang.Object)'> (0x0000000711136f18) 
thrown [s\open\src\hotspot\share\interpreter\linkResolver.cpp, line 804]
Event: 3.499 Thread 0x000002644d26fd70 Exception <a 'java/lang/NoSuchMethodError'{0x0000000711065e38}: 'java.lang.Object java.lang.invoke.DirectMethodHandle$Holder.newInvokeSpecial(java.lang.Object, java.lang.Object, java.lang.Object, java.lang.Object, java.lang.Object, java.lang.Object, java.lang.Object, java.lang.Object)'> (0x0000000711065e38) 
thrown [s\open\src\hotspot\share\interpreter\linkResolver.cpp, line 804]
Event: 3.741 Thread 0x000002644d26fd70 Exception <a 'java/lang/NoSuchMethodError'{0x00000007027fcc70}: 'int java.lang.invoke.Invokers$Holder.invokeExact_MT(java.lang.Object, java.lang.Object)'> (0x00000007027fcc70) 
thrown [s\open\src\hotspot\share\interpreter\linkResolver.cpp, line 804]

VM Operations (20 events):
Event: 3.234 Executing non-safepoint VM operation: HandshakeAllThreads (Deoptimize)
Event: 3.234 Executing non-safepoint VM operation: HandshakeAllThreads (Deoptimize) done
Event: 3.237 Executing non-safepoint VM operation: HandshakeAllThreads (Deoptimize)
Event: 3.237 Executing non-safepoint VM operation: HandshakeAllThreads (Deoptimize) done
Event: 3.257 Executing non-safepoint VM operation: HandshakeAllThreads (Deoptimize)
Event: 3.257 Executing non-safepoint VM operation: HandshakeAllThreads (Deoptimize) done
Event: 3.342 Executing non-safepoint VM operation: HandshakeAllThreads (Deoptimize)
Event: 3.342 Executing non-safepoint VM operation: HandshakeAllThreads (Deoptimize) done
Event: 3.404 Executing non-safepoint VM operation: HandshakeAllThreads (Deoptimize)
Event: 3.404 Executing non-safepoint VM operation: HandshakeAllThreads (Deoptimize) done
Event: 3.427 Executing non-safepoint VM operation: HandshakeAllThreads (Deoptimize)
Event: 3.427 Executing non-safepoint VM operation: HandshakeAllThreads (Deoptimize) done
Event: 3.470 Executing safepoint VM operation: G1CollectForAllocation (G1 Evacuation Pause)
Event: 3.479 Executing safepoint VM operation: G1CollectForAllocation (G1 Evacuation Pause) done
Event: 3.733 Executing non-safepoint VM operation: HandshakeAllThreads (Deoptimize)
Event: 3.733 Executing non-safepoint VM operation: HandshakeAllThreads (Deoptimize) done
Event: 3.902 Executing safepoint VM operation: G1CollectForAllocation (G1 Evacuation Pause)
Event: 3.921 Executing safepoint VM operation: G1CollectForAllocation (G1 Evacuation Pause) done
Event: 5.095 Executing safepoint VM operation: G1CollectForAllocation (G1 Evacuation Pause)
Event: 5.097 Executing safepoint VM operation: G1CollectForAllocation (G1 Evacuation Pause) done

Memory protections (0 events):
No events

Nmethod flushes (0 events):
No events

Events (20 events):
Event: 2.800 Thread 0x0000026445467610 Thread exited: 0x0000026445467610
Event: 3.065 Thread 0x0000026445463da0 Thread added: 0x0000026445469e60
Event: 3.221 Thread 0x0000026445463da0 Thread added: 0x0000026445467e20
Event: 3.416 Thread 0x00000264258e9b70 Thread added: 0x000002644d26fd70
Event: 3.417 Thread 0x00000264258e9b70 Thread added: 0x000002644d270530
Event: 3.417 Thread 0x00000264258e9b70 Thread added: 0x000002644d270cf0
Event: 3.417 Thread 0x00000264258e9b70 Thread added: 0x000002644b4197c0
Event: 3.509 Thread 0x00000264258e9b70 Thread added: 0x000002644b5654f0
Event: 4.082 Thread 0x0000026445467e20 Thread exited: 0x0000026445467e20
Event: 4.225 Thread 0x0000026445469e60 Thread exited: 0x0000026445469e60
Event: 4.379 Thread 0x0000026445462520 Thread added: 0x0000026445469e60
Event: 4.522 Thread 0x0000026445463da0 Thread added: 0x000002644b92c160
Event: 4.786 Thread 0x000002644b92c160 Thread exited: 0x000002644b92c160
Event: 4.787 Thread 0x0000026445463da0 Thread added: 0x000002644b92d180
Event: 4.913 Thread 0x000002644b92d180 Thread exited: 0x000002644b92d180
Event: 5.088 Thread 0x0000026445463da0 Thread added: 0x000002644b92c160
Event: 5.274 Thread 0x000002644b92c160 Thread exited: 0x000002644b92c160
Event: 5.274 Thread 0x0000026445469e60 Thread exited: 0x0000026445469e60
Event: 5.744 Thread 0x0000026445463da0 Thread added: 0x000002644b929100
Event: 5.753 Thread 0x0000026445463da0 Thread added: 0x000002644b92a930


Dynamic libraries:
0x00007ff6d7510000 - 0x00007ff6d7520000 	C:\Program Files\Java\jdk-25.0.2\bin\java.exe
0x00007ff97f450000 - 0x00007ff97f648000 	C:\WINDOWS\SYSTEM32\ntdll.dll
0x00007ff97e850000 - 0x00007ff97e912000 	C:\WINDOWS\System32\KERNEL32.DLL
0x00007ff97cc80000 - 0x00007ff97cf76000 	C:\WINDOWS\System32\KERNELBASE.dll
0x00007ff97d250000 - 0x00007ff97d350000 	C:\WINDOWS\System32\ucrtbase.dll
0x00007ff9466c0000 - 0x00007ff9466d7000 	C:\Program Files\Java\jdk-25.0.2\bin\jli.dll
0x00007ff94dc70000 - 0x00007ff94dc8e000 	C:\Program Files\Java\jdk-25.0.2\bin\VCRUNTIME140.dll
0x00007ff97e920000 - 0x00007ff97eac1000 	C:\WINDOWS\System32\USER32.dll
0x00007ff97cae0000 - 0x00007ff97cb02000 	C:\WINDOWS\System32\win32u.dll
0x00007ff97be80000 - 0x00007ff97c11b000 	C:\WINDOWS\WinSxS\amd64_microsoft.windows.common-controls_6595b64144ccf1df_6.0.19041.6456_none_60b8a6cb71f64256\COMCTL32.dll
0x00007ff97dc20000 - 0x00007ff97dc4b000 	C:\WINDOWS\System32\GDI32.dll
0x00007ff97f370000 - 0x00007ff97f40e000 	C:\WINDOWS\System32\msvcrt.dll
0x00007ff97d350000 - 0x00007ff97d469000 	C:\WINDOWS\System32\gdi32full.dll
0x00007ff97cb10000 - 0x00007ff97cbad000 	C:\WINDOWS\System32\msvcp_win.dll
0x00007ff97d540000 - 0x00007ff97d56f000 	C:\WINDOWS\System32\IMM32.DLL
0x00007ff94c3a0000 - 0x00007ff94c3ac000 	C:\Program Files\Java\jdk-25.0.2\bin\vcruntime140_1.dll
0x00007ff9340a0000 - 0x00007ff93412d000 	C:\Program Files\Java\jdk-25.0.2\bin\msvcp140.dll
0x00007ff8d3d30000 - 0x00007ff8d4b8f000 	C:\Program Files\Java\jdk-25.0.2\bin\server\jvm.dll
0x00007ff97e430000 - 0x00007ff97e4e1000 	C:\WINDOWS\System32\ADVAPI32.dll
0x00007ff97e020000 - 0x00007ff97e0bf000 	C:\WINDOWS\System32\sechost.dll
0x00007ff97dc50000 - 0x00007ff97dd70000 	C:\WINDOWS\System32\RPCRT4.dll
0x00007ff97cf80000 - 0x00007ff97cfa7000 	C:\WINDOWS\System32\bcrypt.dll
0x00007ff97e270000 - 0x00007ff97e2db000 	C:\WINDOWS\System32\WS2_32.dll
0x00007ff97c650000 - 0x00007ff97c69b000 	C:\WINDOWS\SYSTEM32\POWRPROF.dll
0x00007ff96c410000 - 0x00007ff96c437000 	C:\WINDOWS\SYSTEM32\WINMM.dll
0x00007ff979b70000 - 0x00007ff979b7a000 	C:\WINDOWS\SYSTEM32\VERSION.dll
0x00007ff97c210000 - 0x00007ff97c222000 	C:\WINDOWS\SYSTEM32\UMPDC.dll
0x00007ff97a400000 - 0x00007ff97a412000 	C:\WINDOWS\SYSTEM32\kernel.appcore.dll
0x00007ff947d50000 - 0x00007ff947d5a000 	C:\Program Files\Java\jdk-25.0.2\bin\jimage.dll
0x00007ff97c440000 - 0x00007ff97c641000 	C:\WINDOWS\SYSTEM32\DBGHELP.DLL
0x00007ff97c400000 - 0x00007ff97c434000 	C:\WINDOWS\SYSTEM32\dbgcore.DLL
0x00007ff97d1c0000 - 0x00007ff97d242000 	C:\WINDOWS\System32\bcryptPrimitives.dll
0x00007ff977d80000 - 0x00007ff977d90000 	C:\Program Files\Java\jdk-25.0.2\bin\instrument.dll
0x00007ff942970000 - 0x00007ff94298f000 	C:\Program Files\Java\jdk-25.0.2\bin\java.dll
0x00007ff97def0000 - 0x00007ff97e01b000 	C:\WINDOWS\System32\ole32.dll
0x00007ff97e4f0000 - 0x00007ff97e844000 	C:\WINDOWS\System32\combase.dll
0x00007ff97ead0000 - 0x00007ff97f240000 	C:\WINDOWS\System32\SHELL32.dll
0x00007ff97a490000 - 0x00007ff97ac35000 	C:\WINDOWS\SYSTEM32\windows.storage.dll
0x00007ff97bd00000 - 0x00007ff97bd2b000 	C:\WINDOWS\SYSTEM32\Wldp.dll
0x00007ff97d470000 - 0x00007ff97d53d000 	C:\WINDOWS\System32\OLEAUT32.dll
0x00007ff97f2c0000 - 0x00007ff97f36d000 	C:\WINDOWS\System32\SHCORE.dll
0x00007ff97e2e0000 - 0x00007ff97e33b000 	C:\WINDOWS\System32\shlwapi.dll
0x00007ff97ca10000 - 0x00007ff97ca34000 	C:\WINDOWS\SYSTEM32\profapi.dll
0x00007ff934060000 - 0x00007ff934077000 	C:\Program Files\Java\jdk-25.0.2\bin\zip.dll
0x00007ff93d1a0000 - 0x00007ff93d1b2000 	C:\Program Files\Java\jdk-25.0.2\bin\net.dll
0x00007ff97bae0000 - 0x00007ff97bb4a000 	C:\WINDOWS\system32\mswsock.dll
0x00007ff934080000 - 0x00007ff934096000 	C:\Program Files\Java\jdk-25.0.2\bin\nio.dll
0x00007ff938f80000 - 0x00007ff938f89000 	C:\Program Files\Java\jdk-25.0.2\bin\extnet.dll
0x00007ff97c850000 - 0x00007ff97c868000 	C:\WINDOWS\SYSTEM32\CRYPTSP.dll
0x00007ff97b480000 - 0x00007ff97b4b8000 	C:\WINDOWS\system32\rsaenh.dll
0x00007ff97c990000 - 0x00007ff97c9be000 	C:\WINDOWS\SYSTEM32\USERENV.dll
0x00007ff97bc70000 - 0x00007ff97bc7c000 	C:\WINDOWS\SYSTEM32\CRYPTBASE.dll
0x00007ff97b7e0000 - 0x00007ff97b81b000 	C:\WINDOWS\SYSTEM32\IPHLPAPI.DLL
0x00007ff97d7a0000 - 0x00007ff97d7a8000 	C:\WINDOWS\System32\NSI.dll
0x00007ff97b820000 - 0x00007ff97b8ea000 	C:\WINDOWS\SYSTEM32\DNSAPI.dll
0x0000000000410000 - 0x0000000000436000 	C:\Program Files\Bonjour\mdnsNSP.dll
0x00007ff974a10000 - 0x00007ff974a1a000 	C:\Windows\System32\rasadhlp.dll
0x00007ff96ca10000 - 0x00007ff96ca90000 	C:\WINDOWS\System32\fwpuclnt.dll
0x00007ff977d70000 - 0x00007ff977d7a000 	C:\Program Files\Java\jdk-25.0.2\bin\management.dll
0x00007ff977d20000 - 0x00007ff977d2c000 	C:\Program Files\Java\jdk-25.0.2\bin\management_ext.dll
0x00007ff97e3a0000 - 0x00007ff97e3a8000 	C:\WINDOWS\System32\PSAPI.DLL
0x00007ff942960000 - 0x00007ff94296e000 	C:\Program Files\Java\jdk-25.0.2\bin\sunmscapi.dll
0x00007ff97d060000 - 0x00007ff97d1bd000 	C:\WINDOWS\System32\CRYPT32.dll
0x00007ff97be50000 - 0x00007ff97be77000 	C:\WINDOWS\SYSTEM32\ncrypt.dll
0x00007ff97be10000 - 0x00007ff97be4b000 	C:\WINDOWS\SYSTEM32\NTASN1.dll

JVMTI agents:
C:\Program Files\JetBrains\IntelliJ IDEA Community Edition 2025.1.1.1\lib\idea_rt.jar path:C:\Program Files\Java\jdk-25.0.2\bin\instrument.dll, loaded, initialized, instrumentlib options:51864

dbghelp: loaded successfully - version: 4.0.5 - missing functions: none
symbol engine: initialized successfully - sym options: 0x614 - pdb path: .;C:\Program Files\Java\jdk-25.0.2\bin;C:\WINDOWS\SYSTEM32;C:\WINDOWS\WinSxS\amd64_microsoft.windows.common-controls_6595b64144ccf1df_6.0.19041.6456_none_60b8a6cb71f64256;C:\Program Files\Java\jdk-25.0.2\bin\server;C:\Program Files\Bonjour

VM Arguments:
jvm_args: -javaagent:C:\Program Files\JetBrains\IntelliJ IDEA Community Edition 2025.1.1.1\lib\idea_rt.jar=51864 -Dfile.encoding=UTF-8 -Dsun.stdout.encoding=UTF-8 -Dsun.stderr.encoding=UTF-8 
java_command: cl.duoc.bancoxyz.BancoXyzBatchApplication
java_class_path (initial): C:\Users\jorge\OneDrive\Desktop\Backend III\banco-xyz-batch\target\classes;C:\Users\jorge\.m2\repository\org\springframework\boot\spring-boot-starter-batch\4.0.7\spring-boot-starter-batch-4.0.7.jar;C:\Users\jorge\.m2\repository\org\springframework\boot\spring-boot-starter\4.0.7\spring-boot-starter-4.0.7.jar;C:\Users\jorge\.m2\repository\org\springframework\boot\spring-boot-starter-logging\4.0.7\spring-boot-starter-logging-4.0.7.jar;C:\Users\jorge\.m2\repository\ch\qos\logback\logback-classic\1.5.34\logback-classic-1.5.34.jar;C:\Users\jorge\.m2\repository\ch\qos\logback\logback-core\1.5.34\logback-core-1.5.34.jar;C:\Users\jorge\.m2\repository\org\apache\logging\log4j\log4j-to-slf4j\2.25.4\log4j-to-slf4j-2.25.4.jar;C:\Users\jorge\.m2\repository\org\apache\logging\log4j\log4j-api\2.25.4\log4j-api-2.25.4.jar;C:\Users\jorge\.m2\repository\org\slf4j\jul-to-slf4j\2.0.18\jul-to-slf4j-2.0.18.jar;C:\Users\jorge\.m2\repository\org\springframework\boot\spring-boot-autoconfigure\4.0.7\spring-boot-autoconfigure-4.0.7.jar;C:\Users\jorge\.m2\repository\jakarta\annotation\jakarta.annotation-api\3.0.0\jakarta.annotation-api-3.0.0.jar;C:\Users\jorge\.m2\repository\org\yaml\snakeyaml\2.5\snakeyaml-2.5.jar;C:\Users\jorge\.m2\repository\org\springframework\boot\spring-boot-batch\4.0.7\spring-boot-batch-4.0.7.jar;C:\Users\jorge\.m2\repository\org\springframework\boot\spring-boot\4.0.7\spring-boot-4.0.7.jar;C:\Users\jorge\.m2\repository\org\springframework\spring-context\7.0.8\spring-context-7.0.8.jar;C:\Users\jorge\.m2\repository\org\springframework\spring-expression\7.0.8\spring-expression-7.0.8.jar;C:\Users\jorge\.m2\repository\org\springframework\batch\spring-batch-core\6.0.4\spring-batch-core-6.0.4.jar;C:\Users\jorge\.m2\repository\org\springframework\batch\spring-batch-infrastructure\6.0.4\spring-batch-infrastructure-6.0.4.jar;C:\Users\jorge\.m2\repository\org\springframework\retry\spring-retry\2.0.13\spring-retry-2.0.13.jar;C:\Users\jorge\.m2\repository\org\springframework\spring-aop\7.0.8\spring-aop-7.0.8.jar;C:\Users\jorge\.m2\repository\org\springframework\spring-beans\7.0.8\spring-beans-7.0.8.jar;C:\Users\jorge\.m2\repository\org\springframework\spring-tx\7.0.8\spring-tx-7.0.8.jar;C:\Users\jorge\.m2\repository\io\micrometer\micrometer-core\1.16.6\micrometer-core-1.16.6.jar;C:\Users\jorge\.m2\repository\io\micrometer\micrometer-commons\1.16.6\micrometer-commons-1.16.6.jar;C:\Users\jorge\.m2\repository\org\hdrhistogram\HdrHistogram\2.2.2\HdrHistogram-2.2.2.jar;C:\Users\jorge\.m2\repository\org\latencyutils\LatencyUtils\2.0.3\LatencyUtils-2.0.3.jar;C:\Users\jorge\.m2\repository\io\micrometer\micrometer-observation\1.16.6\micrometer-observation-1.16.6.jar;C:\Users\jorge\.m2\repository\org\springframework\boot\spring-boot-starter-validation\4.0.7\spring-boot-starter-validation-4.0.7.jar;C:\Users\jorge\.m2\repository\org\springframework\boot\spring-boot-validation\4.0.7\spring-boot-validation-4.0.7.jar;C:\Users\jorge\.m2\repository\org\apache\tomcat\embed\tomcat-embed-el\11.0.22\tomcat-embed-el-11.0.22.jar;C:\Users\jorge\.m2\repository\org\hibernate\validator\hibernate-validator\9.0.1.Final\hibernate-validator-9.0.1.Final.jar;C:\Users\jorge\.m2\repository\jakarta\validation\jakarta.validation-api\3.1.1\jakarta.validation-api-3.1.1.jar;C:\Users\jorge\.m2\repository\org\jboss\logging\jboss-logging\3.6.3.Final\jboss-logging-3.6.3.Final.jar;C:\Users\jorge\.m2\repository\com\fasterxml\classmate\1.7.3\classmate-1.7.3.jar;C:\Users\jorge\.m2\repository\org\springframework\boot\spring-boot-starter-jdbc\4.0.7\spring-boot-starter-jdbc-4.0.7.jar;C:\Users\jorge\.m2\repository\org\springframework\boot\spring-boot-jdbc\4.0.7\spring-boot-jdbc-4.0.7.jar;C:\Users\jorge\.m2\repository\org\springframework\boot\spring-boot-sql\4.0.7\spring-boot-sql-4.0.7.jar;C:\Users\jorge\.m2\repository\org\springframework\boot\spring-boot-transaction\4.0.7\spring-boot-transaction-4.0.7.jar;C:\Users\jorge\.m2\repository\org\springframework\boot\spring-boot-persistence\4.0.7\spring-boot-persistence-4.0.7.jar;C:\Users\jorge\.m2\repository\org\springframework\spring-jdbc\7.0.8\spring-jdbc-7.0.8.jar;C:\Users\jorge\.m2\repository\com\zaxxer\HikariCP\7.0.2\HikariCP-7.0.2.jar;C:\Users\jorge\.m2\repository\org\slf4j\slf4j-api\2.0.18\slf4j-api-2.0.18.jar;C:\Users\jorge\.m2\repository\org\postgresql\postgresql\42.7.11\postgresql-42.7.11.jar;C:\Users\jorge\.m2\repository\org\projectlombok\lombok\1.18.46\lombok-1.18.46.jar;C:\Users\jorge\.m2\repository\org\springframework\spring-core\7.0.8\spring-core-7.0.8.jar;C:\Users\jorge\.m2\repository\commons-logging\commons-logging\1.3.6\commons-logging-1.3.6.jar;C:\Users\jorge\.m2\repository\org\jspecify\jspecify\1.0.0\jspecify-1.0.0.jar
Launcher Type: SUN_STANDARD

[Global flags]
     intx CICompilerCount                          = 4                                         {product} {ergonomic}
     uint ConcGCThreads                            = 3                                         {product} {ergonomic}
     uint G1ConcRefinementThreads                  = 10                                        {product} {ergonomic}
   size_t G1HeapRegionSize                         = 2097152                                   {product} {ergonomic}
   size_t InitialHeapSize                          = 268435456                                 {product} {ergonomic}
   size_t MarkStackSize                            = 4194304                                   {product} {ergonomic}
   size_t MarkStackSizeMax                         = 536870912                                 {product} {ergonomic}
   size_t MaxHeapSize                              = 4276092928                                {product} {ergonomic}
   size_t MaxNewSize                               = 2564816896                                {product} {ergonomic}
   size_t MinHeapDeltaBytes                        = 2097152                                   {product} {ergonomic}
   size_t MinHeapSize                              = 8388608                                   {product} {ergonomic}
    uintx NonNMethodCodeHeapSize                   = 5832704                                {pd product} {ergonomic}
    uintx NonProfiledCodeHeapSize                  = 122945536                              {pd product} {ergonomic}
    uintx ProfiledCodeHeapSize                     = 122880000                              {pd product} {ergonomic}
    uintx ReservedCodeCacheSize                    = 251658240                              {pd product} {ergonomic}
     bool SegmentedCodeCache                       = true                                      {product} {ergonomic}
   size_t SoftMaxHeapSize                          = 4276092928                             {manageable} {ergonomic}
     bool UseCompressedOops                        = true                           {product lp64_product} {ergonomic}
     bool UseG1GC                                  = true                                      {product} {ergonomic}
     bool UseLargePagesIndividualAllocation        = false                                  {pd product} {ergonomic}

Logging:
Log output configuration:
 #0: stdout all=warning uptime,level,tags foldmultilines=false
 #1: stderr all=off uptime,level,tags foldmultilines=false

Release file:
IMPLEMENTOR="Oracle Corporation" 
JAVA_RUNTIME_VERSION="25.0.2+10-LTS-69" 
JAVA_VERSION="25.0.2" 
JAVA_VERSION_DATE="2026-01-20" 
LIBC="default" 
MODULES="java.base java.compiler java.datatransfer java.xml java.prefs java.desktop java.instrument java.logging java.management java.security.sasl java.naming java.rmi java.management.rmi java.net.http java.scripting java.security.jgss java.transaction.xa java.sql java.sql.rowset java.xml.crypto java.se java.smartcardio jdk.accessibility jdk.internal.jvmstat jdk.attach jdk.charsets jdk.internal.opt jdk.zipfs jdk.compiler jdk.crypto.cryptoki jdk.crypto.ec jdk.crypto.mscapi jdk.dynalink jdk.internal.ed jdk.editpad jdk.internal.vm.ci jdk.graal.compiler jdk.graal.compiler.management jdk.hotspot.agent jdk.httpserver jdk.incubator.vector jdk.internal.le jdk.internal.md jdk.jartool jdk.javadoc jdk.jcmd jdk.management jdk.management.agent jdk.jconsole jdk.jdeps jdk.jdwp.agent jdk.jdi jdk.jfr jdk.jlink jdk.jpackage jdk.jshell jdk.jsobject jdk.jstatd jdk.localedata jdk.management.jfr jdk.naming.dns jdk.naming.rmi jdk.net jdk.nio.mapmode jdk.sctp jdk.security.auth jdk.security.jgss jdk.unsupported jdk.unsupported.desktop jdk.xml.dom" 
OS_ARCH="x86_64" 
OS_NAME="Windows" 
SOURCE=".:git:b75efb40c93a open:git:405a5699ebd0" 

Environment Variables:
JAVA_HOME=C:\Program Files\Microsoft\jdk-21.0.10.7-hotspot\
PATH=C:\Program Files\Microsoft\jdk-21.0.10.7-hotspot\bin;C:\Program Files\Common Files\Oracle\Java\javapath;C:\app\jorge\product\21c\dbhomeXE\bin;C:\WINDOWS\system32;C:\WINDOWS;C:\WINDOWS\System32\Wbem;C:\WINDOWS\System32\WindowsPowerShell\v1.0\;C:\WINDOWS\System32\OpenSSH\;C:\Program Files\NVIDIA Corporation\NVIDIA App\NvDLISR;C:\Program Files (x86)\NVIDIA Corporation\PhysX\Common;C:\Program Files\nodejs\;C:\Program Files\Docker\Docker\resources\bin;C:\Program Files\Git\cmd;C:\Program Files\dotnet\;C:\Users\jorge\scoop\apps\maven\current\bin;C:\Users\jorge\scoop\shims;C:\Program Files\MySQL\MySQL Shell 8.0\bin\;C:\Users\jorge\AppData\Local\Programs\Python\Launcher\;C:\Users\jorge\AppData\Local\Microsoft\WindowsApps;C:\Users\jorge\AppData\Local\Programs\Microsoft VS Code\bin;C:\Program Files\JetBrains\PyCharm Community Edition 2025.1.1.1\bin;;C:\Users\jorge\AppData\Roaming\npm;C:\Users\jorge\.dotnet\tools;C:\Program Files\PostgreSQL\17\bin;
USERNAME=jorge
OS=Windows_NT
PROCESSOR_IDENTIFIER=Intel64 Family 6 Model 165 Stepping 5, GenuineIntel
TMP=C:\Users\jorge\AppData\Local\Temp
TEMP=C:\Users\jorge\AppData\Local\Temp




Compilation memory statistics disabled.

Periodic native trim disabled

---------------  S Y S T E M  ---------------

OS:
 Windows 10 , 64 bit Build 19041 (10.0.19041.5915)
OS uptime: 0 days 2:05 hours
Hyper-V role detected

CPU: total 12 (initial active 12) (6 cores per cpu, 2 threads per core) family 6 model 165 stepping 5 microcode 0xca, cx8, cmov, fxsr, ht, mmx, 3dnowpref, sse, sse2, sse3, ssse3, sse4.1, sse4.2, popcnt, lzcnt, tsc, tscinvbit, avx, avx2, aes, erms, clmul, bmi1, bmi2, adx, fma, vzeroupper, clflush, clflushopt, hv, rdtscp, f16c
Processor Information for the first 12 processors :
  Max Mhz: 4104, Current Mhz: 3803, Mhz Limit: 4104

Memory: 4k page, system-wide physical 16310M (5569M free)
TotalPageFile size 28086M (AvailPageFile size 9203M)
current process WorkingSet (physical memory assigned to process): 219M, peak: 222M
current process commit charge ("private bytes"): 260M, peak: 430M

vm_info: Java HotSpot(TM) 64-Bit Server VM (25.0.2+10-LTS-69) for windows-amd64 JRE (25.0.2+10-LTS-69), built on 2025-12-18T11:36:35Z with MS VC++ 17.13 (VS2022)

END.
