#
# A fatal error has been detected by the Java Runtime Environment:
#
#  EXCEPTION_ACCESS_VIOLATION (0xc0000005) at pc=0x00007ffa4357f380, pid=7208, tid=20256
#
# JRE version: Java(TM) SE Runtime Environment (25.0.2+10) (build 25.0.2+10-LTS-69)
# Java VM: Java HotSpot(TM) 64-Bit Server VM (25.0.2+10-LTS-69, mixed mode, sharing, tiered, compressed oops, compressed class ptrs, g1 gc, windows-amd64)
# Problematic frame:
# V  [jvm.dll+0x3af380]
#
# No core dump will be written. Minidumps are not enabled by default on client versions of Windows
#
# If you would like to submit a bug report, please visit:
#   https://bugreport.java.com/bugreport/crash.jsp
#

---------------  S U M M A R Y ------------

Command Line: -javaagent:C:\Program Files\JetBrains\IntelliJ IDEA Community Edition 2025.1.1.1\lib\idea_rt.jar=49389 -Dfile.encoding=UTF-8 -Dsun.stdout.encoding=UTF-8 -Dsun.stderr.encoding=UTF-8 com.duoc.bff_cajeros.BffCajerosApplication

Host: Intel(R) Core(TM) i5-10600K CPU @ 4.10GHz, 12 cores, 15G,  Windows 10 , 64 bit Build 19041 (10.0.19041.5915)
Time: Sun Sep 20 10:50:35 2026 Hora verano Sudamérica Pacífico elapsed time: 3.728674 seconds (0d 0h 0m 3s)

---------------  T H R E A D  ---------------

Current thread (0x0000021a1f578bd0):  WorkerThread "GC Thread#0"    [id=20256, stack(0x0000009190500000,0x0000009190600000) (1024K)]

Stack: [0x0000009190500000,0x0000009190600000],  sp=0x00000091905ff778,  free space=1021k
Native frames: (J=compiled Java code, j=interpreted, Vv=VM code, C=native code)
V  [jvm.dll+0x3af380]  (no source info available)


siginfo: EXCEPTION_ACCESS_VIOLATION (0xc0000005), reading address 0x000000000c000009


Registers:
RAX=0x0000000000000000, RBX=0x0000000000000000, RCX=0x000000070c7d6120, RDX=0x000000000c000001
RSP=0x00000091905ff778, RBP=0x00000091905ff800, RSI=0x0000021a1f52ab70, RDI=0x000000000c000001
R8 =0x000000070c7d6120, R9 =0x0000000000000000, R10=0x0000000000000000, R11=0x0000000000000000
R12=0x00000091905ff860, R13=0x0000021a46999d00, R14=0x0000000000000cce, R15=0x000000070c7d6120
RIP=0x00007ffa4357f380, EFLAGS=0x0000000000010202

XMM[0]=0x000004000031a740 0x0000000000000009
XMM[1]=0xe0b904d5e07f8591 0xe092dd7e00000000
XMM[2]=0x00000000e0a08d77 0x0000000000000000
XMM[3]=0xe18f49af00000000 0x0000000000000000
XMM[4]=0x0000000000000000 0x0000000000000000
XMM[5]=0x0000000000000000 0xe078c2b200000000
XMM[6]=0x0000000000000000 0x0000000000000000
XMM[7]=0x0000000000000000 0x0000000000000000
XMM[8]=0x0000000000000000 0x0000000000000000
XMM[9]=0x0000000000000000 0x0000000000000000
XMM[10]=0x0000000000000000 0x0000000000000000
XMM[11]=0x0000000000000000 0x0000000000000000
XMM[12]=0x0000000000000000 0x0000000000000000
XMM[13]=0x0000000000000000 0x0000000000000000
XMM[14]=0x0000000000000000 0x0000000000000000
XMM[15]=0x0000000000000000 0x0000000000000000
  MXCSR=0x00001fa0


Register to memory mapping:

RAX=0x0 is null
RBX=0x0 is null
RCX=
[error occurred during error reporting (printing register info), id 0xc0000005, EXCEPTION_ACCESS_VIOLATION (0xc0000005) at pc=0x00007ffa4357f380]
RDX=0x000000000c000001 points into nKlass protection zone
RSP=0x00000091905ff778 points into unknown readable memory: 0x00007ffa435c6b0e | 0e 6b 5c 43 fa 7f 00 00
RBP=0x00000091905ff800 points into unknown readable memory: 0x0000000000000040 | 40 00 00 00 00 00 00 00
RSI=0x0000021a1f52ab70 points into unknown readable memory: 0x0000000000000000 | 00 00 00 00 00 00 00 00
RDI=0x000000000c000001 points into nKlass protection zone
R8 =
[error occurred during error reporting (printing register info, attempt 2), id 0xc0000005, EXCEPTION_ACCESS_VIOLATION (0xc0000005) at pc=0x00007ffa4357f380]
R9 =0x0 is null
R10=0x0 is null
R11=0x0 is null
R12=0x00000091905ff860 points into unknown readable memory: 0x0000021a46000001 | 01 00 00 46 1a 02 00 00
R13=0x0000021a46999d00 points into unknown readable memory: 0x00007ffa43cb99f8 | f8 99 cb 43 fa 7f 00 00
R14=0x0000000000000cce is an unknown value
R15=
[error occurred during error reporting (printing register info, attempt 3), id 0xc0000005, EXCEPTION_ACCESS_VIOLATION (0xc0000005) at pc=0x00007ffa4357f380]
Top of Stack: (sp=0x00000091905ff778)
0x00000091905ff778:   00007ffa435c6b0e 00000091905ff800   .k\C......_.....
0x00000091905ff788:   000000070c7d6180 0000000000000000   .a}.............
0x00000091905ff798:   00000007039ff528 0000021a00000003   (...............
0x00000091905ff7a8:   0000000000000000 00000007028021e8   .........!......
0x00000091905ff7b8:   00007ffa435c6fe5 0000021a46000001   .o\C.......F....
0x00000091905ff7c8:   00007ffa439bdc9f 0000009100000000   ...C............
0x00000091905ff7d8:   0000000000000005 0000000000000001   ................
0x00000091905ff7e8:   0000000000000028 0000021a3ef04530   (.......0E.>....
0x00000091905ff7f8:   00007ffa435c717e 0000000000000040   ~q\C....@.......
0x00000091905ff808:   0000021a1f520410 0000000000000000   ..R.............
0x00000091905ff818:   0000021a46999d00 00000091905ff8c0   ...F......_.....
0x00000091905ff828:   00007ffa435c4f98 0000021a1f52ab70   .O\C....p.R.....
0x00000091905ff838:   0000000000000000 0000000000000cce   ................
0x00000091905ff848:   00000007039ff544 00000007039ff545   D.......E.......
0x00000091905ff858:   00007ffa435c8078 0000021a46000001   x.\C.......F....
0x00000091905ff868:   0000021a46999d00 00000091905ff8c0   ...F......_.....
0x00000091905ff878:   00007ffa435cd344 0000000702618f10   D.\C......a.....
0x00000091905ff888:   00007ffa435cd344 0000000702619018   D.\C......a.....
0x00000091905ff898:   00007ffa4396f02f 00000091905ff920   /..C.... ._.....
0x00000091905ff8a8:   00007ffa435ce28d 0000000702619018   ..\C......a.....
0x00000091905ff8b8:   00007ffa435cff00 00000091905ffb00   ..\C......_.....
0x00000091905ff8c8:   00000091905ffb00 000000000000000a   .._.............
0x00000091905ff8d8:   0000000702619018 0000000000000007   ..a.............
0x00000091905ff8e8:   0000021a46999d00 00000091905ffa00   ...F......_.....
0x00000091905ff8f8:   00007ffa435c437e 0000000702619000   ~C\C......a.....
0x00000091905ff908:   0000000702600000 000000070260aa00   ..`.......`.....
0x00000091905ff918:   0000000000000040 0000000002384079   @.......y@8.....
0x00000091905ff928:   000000038c8ee8ae 000000000000000a   ................
0x00000091905ff938:   0000021a37c0a0c8 0000021a3eef7da0   ...7.....}.>....
0x00000091905ff948:   00007ffa435d34a9 00000091905ffb00   .4]C......_.....
0x00000091905ff958:   0000021a3eef7da0 00000091905ffa00   .}.>......_.....
0x00000091905ff968:   0000000000000000 0000000702618200   ..........a.....

Instructions: (pc=0x00007ffa4357f380)
  0x00007ffa4357f280:   c1 eb 03 48 3b da 73 98 eb 1d 41 b1 01 4c 8b c3
  0x00007ffa4357f290:   48 8b d6 48 8b cf e8 25 76 03 00 4c 8d 04 dd 00
  0x00007ffa4357f2a0:   00 00 00 48 89 77 20 48 8b 74 24 38 48 8b 4f 10
  0x00007ffa4357f2b0:   48 8b 5f 08 48 2b d9 49 03 d8 49 8b 0e 48 8b d7
  0x00007ffa4357f2c0:   4c 8b 41 10 49 8b ce 41 ff d0 48 8b 7c 24 48 48
  0x00007ffa4357f2d0:   8b c3 48 8b 5c 24 40 48 83 c4 20 41 5e c3 cc cc
  0x00007ffa4357f2e0:   40 53 48 83 ec 20 4c 8b 42 10 4c 8d 4c 24 30 4c
  0x00007ffa4357f2f0:   2b 41 28 48 8b d9 0f b6 41 38 4c 2b 02 48 8b 0d
  0x00007ffa4357f300:   84 ba 99 00 c6 44 24 30 00 88 44 24 31 c6 44 24
  0x00007ffa4357f310:   32 00 e8 99 3c 01 00 48 c7 43 28 00 00 00 00 48
  0x00007ffa4357f320:   83 c4 20 5b c3 cc cc cc cc cc cc cc cc cc cc cc
  0x00007ffa4357f330:   4c 8b 42 10 4c 2b 02 48 8b 0d 4a ba 99 00 e9 fd
  0x00007ffa4357f340:   3c 01 00 cc cc cc cc cc cc cc cc cc cc cc cc cc
  0x00007ffa4357f350:   48 8b 42 10 48 2b 02 ff 41 10 48 89 41 28 48 89
  0x00007ffa4357f360:   51 08 c3 cc cc cc cc cc cc cc cc cc cc cc cc cc
  0x00007ffa4357f370:   48 89 0d 11 ba 99 00 48 89 15 02 ba 99 00 c3 cc
=>0x00007ffa4357f380:   44 8b 4a 08 4c 8b c2 45 85 c9 7e 0e 41 f6 c1 01
  0x00007ffa4357f390:   75 46 41 c1 f9 03 49 63 c1 c3 79 3c 8b 05 c6 61
  0x00007ffa4357f3a0:   93 00 ff c8 4c 63 c0 48 63 05 2a ad 9c 00 48 63
  0x00007ffa4357f3b0:   14 08 41 8b c9 48 d3 e2 41 8b c1 48 c1 f8 10 0f
  0x00007ffa4357f3c0:   b6 c0 49 8d 0c 10 49 f7 d0 48 03 c1 49 c1 e8 03
  0x00007ffa4357f3d0:   48 c1 e8 03 49 23 c0 c3 48 8b 02 48 8b d1 49 8b
  0x00007ffa4357f3e0:   c8 48 ff a0 00 01 00 00 cc cc cc cc cc cc cc cc
  0x00007ffa4357f3f0:   48 8b 51 08 33 c0 48 3b 15 83 b9 99 00 48 0f 44
  0x00007ffa4357f400:   d0 48 85 d2 74 07 48 8b 42 10 48 2b 02 48 8b 51
  0x00007ffa4357f410:   30 48 85 d2 74 0a 48 8b 4a 10 48 2b 0a 48 03 c1
  0x00007ffa4357f420:   c3 cc cc cc cc cc cc cc cc cc cc cc cc cc cc cc
  0x00007ffa4357f430:   48 89 4c 24 08 48 89 54 24 10 4c 89 44 24 18 4c
  0x00007ffa4357f440:   89 4c 24 20 48 83 ec 28 4c 8b c1 4c 8d 4c 24 38
  0x00007ffa4357f450:   48 8d 0d a9 b9 99 00 ba 01 00 00 00 e8 ef 6b 2f
  0x00007ffa4357f460:   00 48 83 c4 28 c3 cc cc cc cc cc cc cc cc cc cc
  0x00007ffa4357f470:   48 89 4c 24 08 48 89 54 24 10 4c 89 44 24 18 4c


Stack slot to memory mapping:

stack at sp + 0 slots: 0x00007ffa435c6b0e jvm.dll
stack at sp + 1 slots: 0x00000091905ff800 points into unknown readable memory: 0x0000000000000040 | 40 00 00 00 00 00 00 00
stack at sp + 2 slots: 0x000000070c7d6180 is an oop: java.util.WeakHashMap$Entry 
{0x000000070c7d6180} - klass: 'java/util/WeakHashMap$Entry' - flags: 

 - ---- fields (total size 5 words):
 - private 'referent' 'Ljava/lang/Object;' @12  "Ljava/util/ServiceLoader;"{0x000000070c7d55c0} (0xe18faab8)
 - volatile 'queue' 'Ljava/lang/ref/ReferenceQueue;' @16  a 'java/lang/ref/ReferenceQueue'{0x00000007025fcb18} (0xe04bf963)
 - volatile 'next' 'Ljava/lang/ref/Reference;' @20  null (0x00000000)
 - private transient 'discovered' 'Ljava/lang/ref/Reference;' @24  null (0x00000000)
 - 'value' 'Ljava/lang/Object;' @28  
[error occurred during error reporting (inspecting top of stack), id 0xc0000005, EXCEPTION_ACCESS_VIOLATION (0xc0000005) at pc=0x00007ffa43960311]
stack at sp + 3 slots: 0x0 is null
stack at sp + 4 slots: 0x00000007039ff528 is an oop: java.util.WeakHashMap$Entry 
{0x00000007039ff528} - klass: 'java/util/WeakHashMap$Entry' - flags: 

 - ---- fields (total size 5 words):
 - private 'referent' 'Ljava/lang/Object;' @12  "Ljava/util/ServiceLoader;"{0x000000070c7d55c0} (0xe18faab8)
 - volatile 'queue' 'Ljava/lang/ref/ReferenceQueue;' @16  a 'java/lang/ref/ReferenceQueue'{0x00000007025fcb18} (0xe04bf963)
 - volatile 'next' 'Ljava/lang/ref/Reference;' @20  null (0x00000000)
 - private transient 'discovered' 'Ljava/lang/ref/Reference;' @24  a 'java/lang/ref/WeakReference'{0x00000007039ff508} (0xe073fea1)
 - 'value' 'Ljava/lang/Object;' @28  
[error occurred during error reporting (inspecting top of stack, attempt 2), id 0xc0000005, EXCEPTION_ACCESS_VIOLATION (0xc0000005) at pc=0x00007ffa43960311]
stack at sp + 5 slots: 0x0000021a00000003 is an unknown value
stack at sp + 6 slots: 0x0 is null
stack at sp + 7 slots: 0x00000007028021e8 is an oop: org.apache.tomcat.util.threads.TaskThread 
{0x00000007028021e8} - klass: 'org/apache/tomcat/util/threads/TaskThread' - flags: 

 - ---- fields (total size 15 words):
 - 'threadLocalRandomProbe' 'I' @12  0 (0x00000000)
 - private volatile 'eetop' 'J' @16  2311846365744 (0x0000021a44c80a30)
 - private final 'tid' 'J' @24  44 (0x000000000000002c)
 - 'threadLocalRandomSeed' 'J' @32  0 (0x0000000000000000)
 - injected 'jvmti_thread_state' 'J' @40  0 (0x0000000000000000)
 - 'threadLocalRandomSecondarySeed' 'I' @48  0 (0x00000000)
 - injected 'jvmti_VTMS_transition_disable_count' 'I' @52  0 (0x00000000)
 - injected 'jfr_epoch' 'S' @56  0 (0x0000)
 - volatile 'interrupted' 'Z' @58  false (0x00)
 - injected 'jvmti_is_in_VTMS_transition' 'Z' @59  false (0x00)
 - private volatile 'name' 'Ljava/lang/String;' @60  "Catalina-utility-2"{0x0000000702aa66a0} (0xe0554cd4)
 - private volatile 'contextClassLoader' 'Ljava/lang/ClassLoader;' @64  a 'jdk/internal/loader/ClassLoaders$AppClassLoader'{0x0000000701600000} (0xe02c0000)
 - private final 'holder' 'Ljava/lang/Thread$FieldHolder;' @68  a 'java/lang/Thread$FieldHolder'{0x0000000702aa6670} (0xe0554cce)
 - private 'threadLocals' 'Ljava/lang/ThreadLocal$ThreadLocalMap;' @72  null (0x00000000)
 - private 'inheritableThreadLocals' 'Ljava/lang/ThreadLocal$ThreadLocalMap;' @76  null (0x00000000)
 - private 'scopedValueBindings' 'Ljava/lang/Object;' @80  a 'java/lang/Class'{0x00000007020e8800} = 'java/lang/Thread' (0xe041d100)
 - final 'interruptLock' 'Ljava/lang/Object;' @84  a 'java/lang/Object'{0x0000000702aa6660} (0xe0554ccc)
 - private volatile 'parkBlocker' 'Ljava/lang/Object;' @88  a 'java/util/concurrent/locks/AbstractQueuedSynchronizer$ConditionObject'{0x0000000702800078} (0xe050000f)
 - private 'nioBlocker' 'Lsun/nio/ch/Interruptible;' @92  null (0x00000000)
 - private 'cont' 'Ljdk/internal/vm/Continuation;' @96  null (0x00000000)
 - private volatile 'uncaughtExceptionHandler' 'Ljava/lang/Thread$UncaughtExceptionHandler;' @100  null (0x00000000)
 - private 'container' 'Ljdk/internal/vm/ThreadContainer;' @104  a 'jdk/internal/vm/SharedThreadContainer'{0x000000070298eae0} (0xe0531d5c)
 - private volatile 'headStackableScopes' 'Ljdk/internal/vm/StackableScope;' @108  null (0x00000000)
 - private final 'creationTime' 'J' @112  1789912234069 (0x000001a0bf153855)


---------------  P R O C E S S  ---------------

Threads class SMR info:
_java_thread_list=0x0000021a44b193a0, length=18, elements={
0x0000021a1f510190, 0x0000021a3f05de60, 0x0000021a3f05e8c0, 0x0000021a3f062670,
0x0000021a3f0644c0, 0x0000021a3f065820, 0x0000021a3f066760, 0x0000021a3f06e600,
0x0000021a3f091020, 0x0000021a3f2a05c0, 0x0000021a3f385d70, 0x0000021a3f583680,
0x0000021a3f583e40, 0x0000021a3fce62e0, 0x0000021a462afc00, 0x0000021a44c80a30,
0x0000021a4658e080, 0x0000021a4658e850
}

Java Threads: ( => current thread )
  0x0000021a1f510190 JavaThread "main"                              [_thread_blocked, id=18836, stack(0x0000009190400000,0x0000009190500000) (1024K)]
  0x0000021a3f05de60 JavaThread "Reference Handler"          daemon [_thread_blocked, id=13144, stack(0x0000009190c00000,0x0000009190d00000) (1024K)]
  0x0000021a3f05e8c0 JavaThread "Finalizer"                  daemon [_thread_blocked, id=172, stack(0x0000009190d00000,0x0000009190e00000) (1024K)]
  0x0000021a3f062670 JavaThread "Signal Dispatcher"          daemon [_thread_blocked, id=22204, stack(0x0000009190e00000,0x0000009190f00000) (1024K)]
  0x0000021a3f0644c0 JavaThread "Attach Listener"            daemon [_thread_blocked, id=15968, stack(0x0000009190f00000,0x0000009191000000) (1024K)]
  0x0000021a3f065820 JavaThread "Service Thread"             daemon [_thread_blocked, id=19632, stack(0x0000009191000000,0x0000009191100000) (1024K)]
  0x0000021a3f066760 JavaThread "Monitor Deflation Thread"   daemon [_thread_blocked, id=12008, stack(0x0000009191100000,0x0000009191200000) (1024K)]
  0x0000021a3f06e600 JavaThread "C2 CompilerThread0"         daemon [_thread_blocked, id=10340, stack(0x0000009191200000,0x0000009191300000) (1024K)]
  0x0000021a3f091020 JavaThread "C1 CompilerThread0"         daemon [_thread_blocked, id=15296, stack(0x0000009191300000,0x0000009191400000) (1024K)]
  0x0000021a3f2a05c0 JavaThread "Common-Cleaner"             daemon [_thread_blocked, id=21268, stack(0x0000009191400000,0x0000009191500000) (1024K)]
  0x0000021a3f385d70 JavaThread "C2 CompilerThread1"         daemon [_thread_blocked, id=19108, stack(0x0000009191500000,0x0000009191600000) (1024K)]
  0x0000021a3f583680 JavaThread "Monitor Ctrl-Break"         daemon [_thread_in_native, id=20416, stack(0x0000009191600000,0x0000009191700000) (1024K)]
  0x0000021a3f583e40 JavaThread "Notification Thread"        daemon [_thread_blocked, id=7720, stack(0x0000009191700000,0x0000009191800000) (1024K)]
  0x0000021a3fce62e0 JavaThread "C2 CompilerThread2"         daemon [_thread_blocked, id=7184, stack(0x0000009191800000,0x0000009191900000) (1024K)]
  0x0000021a462afc00 JavaThread "Catalina-utility-1"                [_thread_blocked, id=3788, stack(0x0000009192400000,0x0000009192500000) (1024K)]
  0x0000021a44c80a30 JavaThread "Catalina-utility-2"                [_thread_blocked, id=6792, stack(0x0000009192500000,0x0000009192600000) (1024K)]
  0x0000021a4658e080 JavaThread "container-0"                       [_thread_blocked, id=18840, stack(0x0000009192600000,0x0000009192700000) (1024K)]
  0x0000021a4658e850 JavaThread "HttpClient-1-SelectorManager" daemon [_thread_in_native, id=17684, stack(0x0000009192700000,0x0000009192800000) (1024K)]
Total: 18

Other Threads:
  0x0000021a3f04c420 VMThread "VM Thread"                           [id=15852, stack(0x0000009190b00000,0x0000009190c00000) (1024K)]
  0x0000021a3f03ce30 WatcherThread "VM Periodic Task Thread"        [id=16324, stack(0x0000009190a00000,0x0000009190b00000) (1024K)]
=>0x0000021a1f578bd0 WorkerThread "GC Thread#0"                     [id=20256, stack(0x0000009190500000,0x0000009190600000) (1024K)]
  0x0000021a44020880 WorkerThread "GC Thread#1"                     [id=7624, stack(0x0000009191900000,0x0000009191a00000) (1024K)]
  0x0000021a44021120 WorkerThread "GC Thread#2"                     [id=20180, stack(0x0000009191a00000,0x0000009191b00000) (1024K)]
  0x0000021a44021570 WorkerThread "GC Thread#3"                     [id=15684, stack(0x0000009191b00000,0x0000009191c00000) (1024K)]
  0x0000021a440219c0 WorkerThread "GC Thread#4"                     [id=10964, stack(0x0000009191c00000,0x0000009191d00000) (1024K)]
  0x0000021a44020430 WorkerThread "GC Thread#5"                     [id=22216, stack(0x0000009191d00000,0x0000009191e00000) (1024K)]
  0x0000021a44a06740 WorkerThread "GC Thread#6"                     [id=17596, stack(0x0000009191e00000,0x0000009191f00000) (1024K)]
  0x0000021a44a03380 WorkerThread "GC Thread#7"                     [id=18824, stack(0x0000009191f00000,0x0000009192000000) (1024K)]
  0x0000021a44a06fe0 WorkerThread "GC Thread#8"                     [id=1232, stack(0x0000009192000000,0x0000009192100000) (1024K)]
  0x0000021a44a044c0 WorkerThread "GC Thread#9"                     [id=3836, stack(0x0000009192100000,0x0000009192200000) (1024K)]
  0x0000021a1f591c60 ConcurrentGCThread "G1 Main Marker"            [id=21548, stack(0x0000009190600000,0x0000009190700000) (1024K)]
  0x0000021a1f592fa0 WorkerThread "G1 Conc#0"                       [id=1788, stack(0x0000009190700000,0x0000009190800000) (1024K)]
  0x0000021a44a07430 WorkerThread "G1 Conc#1"                       [id=19972, stack(0x0000009192200000,0x0000009192300000) (1024K)]
  0x0000021a44a07880 WorkerThread "G1 Conc#2"                       [id=6808, stack(0x0000009192300000,0x0000009192400000) (1024K)]
  0x0000021a3ef0c390 ConcurrentGCThread "G1 Refine#0"               [id=12776, stack(0x0000009190800000,0x0000009190900000) (1024K)]
  0x0000021a3ef0dfb0 ConcurrentGCThread "G1 Service"                [id=21576, stack(0x0000009190900000,0x0000009190a00000) (1024K)]
Total: 18

Threads with active compile tasks:
C2 CompilerThread0  3783 5785   !   4       org.springframework.aop.aspectj.AspectJExpressionPointcut::getShadowMatch (302 bytes)
C1 CompilerThread0  3783 6011   !   3       org.springframework.context.annotation.CommonAnnotationBeanPostProcessor::findResourceMetadata (124 bytes)
C2 CompilerThread1  3783 5921       4       org.springframework.beans.factory.support.AbstractBeanFactory::isTypeMatch (776 bytes)
C2 CompilerThread2  3783 5792   !   4       org.springframework.util.ReflectionUtils::doWithMethods (189 bytes)
Total: 4

VM state: at safepoint (normal execution)

VM Mutex/Monitor currently owned by a thread:  ([mutex/lock_event])
[0x00007ffa43f495e8] Threads_lock - owner thread: 0x0000021a3f04c420
[0x00007ffa43f49768] Heap_lock - owner thread: 0x0000021a1f510190

Heap address: 0x0000000701200000, size: 4078 MB, Compressed Oops mode: Zero based, Oop shift amount: 3

CDS archive(s) mapped at: [0x000000000c000000-0x000000000cdd0000-0x000000000cdd0000), size 14483456, SharedBaseAddress: 0x000000000c000000, ArchiveRelocationMode: 1.
Compressed class space mapped at: 0x000000000d000000-0x000000004d000000, reserved size: 1073741824
UseCompressedClassPointers 1, UseCompactObjectHeaders 0
Narrow klass pointer bits 32, Max shift 3
Narrow klass base: 0x000000000c000000, Narrow klass shift: 0
Encoding Range: [0x000000000c000000 - 0x000000010c000000), (4294967296 bytes)
Klass Range:    [0x000000000c010000 - 0x000000004d000000), (1090453504 bytes)
Klass ID Range:  [65536 - 1090519033) (1090453497)
Protection zone: [0x000000000c000000 - 0x000000000c010000), (65536 bytes)

GC Precious Log:
 CardTable entry size: 512
 Card Set container configuration: InlinePtr #cards 4 size 8 Array Of Cards #cards 16 size 48 Howl #buckets 8 coarsen threshold 3686 Howl Bitmap #cards 512 size 80 coarsen threshold 460 Card regions per heap region 1 cards per card region 4096
 CPUs: 12 total, 12 available
 Memory: 16310M
 Large Page Support: Disabled
 NUMA Support: Disabled
 Compressed Oops: Enabled (Zero based)
 Heap Region Size: 2M
 Heap Min Capacity: 8M
 Heap Initial Capacity: 256M
 Heap Max Capacity: 4078M
 Pre-touch: Disabled
 Parallel Workers: 10
 Concurrent Workers: 3
 Concurrent Refinement Workers: 10
 Periodic GC: Disabled

Heap:
 garbage-first heap   total reserved 4175872K, committed 90112K, used 74701K [0x0000000701200000, 0x0000000800000000)
  region size 2048K, 27 young (55296K), 4 survivors (8192K)

Heap Regions: E=young(eden), S=young(survivor), O=old, HS=humongous(starts), HC=humongous(continues), CS=collection set, F=free, TAMS=top-at-mark-start, PB=parsable bottom
|   0|0x0000000701200000, 0x0000000701400000, 0x0000000701400000|100%| O|  |TAMS 0x0000000701200000| PB 0x0000000701200000| Untracked |  0
|   1|0x0000000701400000, 0x00000007015892e0, 0x0000000701600000| 76%| O|CS|TAMS 0x0000000701400000| PB 0x0000000701400000| Complete |  0
|   2|0x0000000701600000, 0x0000000701800000, 0x0000000701800000|100%| O|  |TAMS 0x0000000701600000| PB 0x0000000701600000| Untracked |  0
|   3|0x0000000701800000, 0x0000000701a00000, 0x0000000701a00000|100%| O|  |TAMS 0x0000000701800000| PB 0x0000000701800000| Untracked |  0
|   4|0x0000000701a00000, 0x0000000701c00000, 0x0000000701c00000|100%| O|  |TAMS 0x0000000701a00000| PB 0x0000000701a00000| Untracked |  0
|   5|0x0000000701c00000, 0x0000000701e00000, 0x0000000701e00000|100%| O|  |TAMS 0x0000000701c00000| PB 0x0000000701c00000| Untracked |  0
|   6|0x0000000701e00000, 0x0000000702000000, 0x0000000702000000|100%| O|  |TAMS 0x0000000701e00000| PB 0x0000000701e00000| Untracked |  0
|   7|0x0000000702000000, 0x0000000702200000, 0x0000000702200000|100%| O|  |TAMS 0x0000000702000000| PB 0x0000000702000000| Untracked |  0
|   8|0x0000000702200000, 0x0000000702400000, 0x0000000702400000|100%| O|  |TAMS 0x0000000702200000| PB 0x0000000702200000| Untracked |  0
|   9|0x0000000702400000, 0x0000000702600000, 0x0000000702600000|100%| O|  |TAMS 0x0000000702400000| PB 0x0000000702400000| Untracked |  0
|  10|0x0000000702600000, 0x00000007027b2748, 0x0000000702800000| 84%| O|  |TAMS 0x0000000702600000| PB 0x0000000702600000| Untracked |  0
|  11|0x0000000702800000, 0x0000000702a00000, 0x0000000702a00000|100%| O|  |TAMS 0x0000000702800000| PB 0x0000000702800000| Untracked |  0
|  12|0x0000000702a00000, 0x0000000702ae6fc8, 0x0000000702c00000| 45%| O|  |TAMS 0x0000000702a00000| PB 0x0000000702a00000| Untracked |  0
|  13|0x0000000702c00000, 0x0000000702c00000, 0x0000000702e00000|  0%| F|  |TAMS 0x0000000702c00000| PB 0x0000000702c00000| Untracked |  0
|  14|0x0000000702e00000, 0x0000000702eafbf0, 0x0000000703000000| 34%| S|  |TAMS 0x0000000702e00000| PB 0x0000000702e00000| Complete |  0
|  15|0x0000000703000000, 0x00000007031b7cb8, 0x0000000703200000| 85%| E|CS|TAMS 0x0000000703000000| PB 0x0000000703000000| Complete |  0
|  16|0x0000000703200000, 0x0000000703400000, 0x0000000703400000|100%| E|CS|TAMS 0x0000000703200000| PB 0x0000000703200000| Complete |  0
|  17|0x0000000703400000, 0x0000000703600000, 0x0000000703600000|100%| E|CS|TAMS 0x0000000703400000| PB 0x0000000703400000| Complete |  0
|  18|0x0000000703600000, 0x0000000703800000, 0x0000000703800000|100%| S|  |TAMS 0x0000000703600000| PB 0x0000000703600000| Complete |  0
|  19|0x0000000703800000, 0x0000000703a00000, 0x0000000703a00000|100%| S|  |TAMS 0x0000000703800000| PB 0x0000000703800000| Complete |  0
|  20|0x0000000703a00000, 0x0000000703c00000, 0x0000000703c00000|100%| S|  |TAMS 0x0000000703a00000| PB 0x0000000703a00000| Complete |  0
|  21|0x0000000703c00000, 0x0000000703e00000, 0x0000000703e00000|100%| E|CS|TAMS 0x0000000703c00000| PB 0x0000000703c00000| Complete |  0
|  22|0x0000000703e00000, 0x0000000704000000, 0x0000000704000000|100%| E|CS|TAMS 0x0000000703e00000| PB 0x0000000703e00000| Complete |  0
|  23|0x0000000704000000, 0x0000000704200000, 0x0000000704200000|100%| E|CS|TAMS 0x0000000704000000| PB 0x0000000704000000| Complete |  0
|  24|0x0000000704200000, 0x0000000704400000, 0x0000000704400000|100%| E|CS|TAMS 0x0000000704200000| PB 0x0000000704200000| Complete |  0
|  25|0x0000000704400000, 0x0000000704600000, 0x0000000704600000|100%| E|CS|TAMS 0x0000000704400000| PB 0x0000000704400000| Complete |  0
|  26|0x0000000704600000, 0x0000000704800000, 0x0000000704800000|100%| E|CS|TAMS 0x0000000704600000| PB 0x0000000704600000| Complete |  0
|  27|0x0000000704800000, 0x0000000704a00000, 0x0000000704a00000|100%| E|CS|TAMS 0x0000000704800000| PB 0x0000000704800000| Complete |  0
|  28|0x0000000704a00000, 0x0000000704c00000, 0x0000000704c00000|100%| E|CS|TAMS 0x0000000704a00000| PB 0x0000000704a00000| Complete |  0
|  29|0x0000000704c00000, 0x0000000704e00000, 0x0000000704e00000|100%| E|CS|TAMS 0x0000000704c00000| PB 0x0000000704c00000| Complete |  0
|  30|0x0000000704e00000, 0x0000000705000000, 0x0000000705000000|100%| E|CS|TAMS 0x0000000704e00000| PB 0x0000000704e00000| Complete |  0
|  31|0x0000000705000000, 0x0000000705200000, 0x0000000705200000|100%| E|CS|TAMS 0x0000000705000000| PB 0x0000000705000000| Complete |  0
|  32|0x0000000705200000, 0x0000000705400000, 0x0000000705400000|100%| E|CS|TAMS 0x0000000705200000| PB 0x0000000705200000| Complete |  0
|  33|0x0000000705400000, 0x0000000705600000, 0x0000000705600000|100%| E|CS|TAMS 0x0000000705400000| PB 0x0000000705400000| Complete |  0
|  34|0x0000000705600000, 0x0000000705800000, 0x0000000705800000|100%| E|CS|TAMS 0x0000000705600000| PB 0x0000000705600000| Complete |  0
|  35|0x0000000705800000, 0x0000000705a00000, 0x0000000705a00000|100%| E|CS|TAMS 0x0000000705800000| PB 0x0000000705800000| Complete |  0
|  36|0x0000000705a00000, 0x0000000705c00000, 0x0000000705c00000|100%| E|CS|TAMS 0x0000000705a00000| PB 0x0000000705a00000| Complete |  0
|  37|0x0000000705c00000, 0x0000000705e00000, 0x0000000705e00000|100%| E|CS|TAMS 0x0000000705c00000| PB 0x0000000705c00000| Complete |  0
|  38|0x0000000705e00000, 0x0000000706000000, 0x0000000706000000|100%| E|CS|TAMS 0x0000000705e00000| PB 0x0000000705e00000| Complete |  0
|  39|0x0000000706000000, 0x0000000706200000, 0x0000000706200000|100%| E|CS|TAMS 0x0000000706000000| PB 0x0000000706000000| Complete |  0
|  40|0x0000000706200000, 0x0000000706400000, 0x0000000706400000|100%| E|CS|TAMS 0x0000000706200000| PB 0x0000000706200000| Complete |  0
|  90|0x000000070c600000, 0x000000070c800000, 0x000000070c800000|100%| E|CS|TAMS 0x000000070c600000| PB 0x000000070c600000| Complete |  0
|  91|0x000000070c800000, 0x000000070ca00000, 0x000000070ca00000|100%| E|CS|TAMS 0x000000070c800000| PB 0x000000070c800000| Complete |  0
|2038|0x00000007ffe00000, 0x0000000800000000, 0x0000000800000000|100%| E|CS|TAMS 0x00000007ffe00000| PB 0x00000007ffe00000| Complete |  0

Card table byte_map: [0x0000021a37c00000,0x0000021a38400000] _byte_map_base: 0x0000021a343f7000

Marking Bits: (CMBitMap*) 0x0000021a1f579360
 Bits: [0x0000021a38400000, 0x0000021a3c3b8000)

Polling page: 0x0000021a1d390000

Metaspace:
Metaspace        used 39676K, committed 40192K, reserved 1114112K
 class space     used 5084K, committed 5312K, reserved 1048576K

Usage:
  Non-class:     33.78 MB used.
      Class:      4.97 MB used.
       Both:     38.75 MB used.

Virtual space:
  Non-class space:       64.00 MB reserved,      34.06 MB ( 53%) committed,  1 nodes.
      Class space:        1.00 GB reserved,       5.19 MB ( <1%) committed,  1 nodes.
             Both:        1.06 GB reserved,      39.25 MB (  4%) committed. 

Chunk freelists:
   Non-Class:  13.69 MB
       Class:  10.84 MB
        Both:  24.53 MB

MaxMetaspaceSize: unlimited
CompressedClassSpaceSize: 1.00 GB
Initial GC threshold: 21.00 MB
Current GC threshold: 58.75 MB
CDS: on
 - commit_granule_bytes: 65536.
 - commit_granule_words: 8192.
 - virtual_space_node_default_size: 8388608.
 - enlarge_chunks_in_place: 1.
UseCompressedClassPointers 1, UseCompactObjectHeaders 0
Narrow klass pointer bits 32, Max shift 3
Narrow klass base: 0x000000000c000000, Narrow klass shift: 0
Encoding Range: [0x000000000c000000 - 0x000000010c000000), (4294967296 bytes)
Klass Range:    [0x000000000c010000 - 0x000000004d000000), (1090453504 bytes)
Klass ID Range:  [65536 - 1090519033) (1090453497)
Protection zone: [0x000000000c000000 - 0x000000000c010000), (65536 bytes)


Internal statistics:

num_allocs_failed_limit: 6.
num_arena_births: 650.
num_arena_deaths: 0.
num_vsnodes_births: 2.
num_vsnodes_deaths: 0.
num_space_committed: 628.
num_space_uncommitted: 0.
num_chunks_returned_to_freelist: 6.
num_chunks_taken_from_freelist: 1996.
num_chunk_merges: 6.
num_chunk_splits: 1352.
num_chunks_enlarged: 1023.
num_inconsistent_stats: 0.

CodeHeap 'non-profiled nmethods': size=120064Kb used=2601Kb max_used=2601Kb free=117462Kb
 bounds [0x0000021a2f860000, 0x0000021a2faf0000, 0x0000021a36da0000]
CodeHeap 'profiled nmethods': size=120000Kb used=9398Kb max_used=9398Kb free=110601Kb
 bounds [0x0000021a27da0000, 0x0000021a286d0000, 0x0000021a2f2d0000]
CodeHeap 'non-nmethods': size=5696Kb used=1514Kb max_used=1604Kb free=4181Kb
 bounds [0x0000021a2f2d0000, 0x0000021a2f540000, 0x0000021a2f860000]
CodeCache: size=245760Kb, used=13513Kb, max_used=13603Kb, free=232244Kb
 total_blobs=6169, nmethods=5528, adapters=544, full_count=0
Compilation: enabled, stopped_count=0, restarted_count=0

Compilation events (20 events):
Event: 3.709 Thread 0x0000021a3f091020 nmethod 5999 0x0000021a286c7508 code [0x0000021a286c7600, 0x0000021a286c9ed8]
Event: 3.709 Thread 0x0000021a3f091020 6000       3       jdk.internal.classfile.impl.StackMapDecoder$1::<init> (10 bytes)
Event: 3.709 Thread 0x0000021a3f091020 nmethod 6000 0x0000021a286c9f08 code [0x0000021a286ca000, 0x0000021a286ca1c8]
Event: 3.709 Thread 0x0000021a3f091020 6001       3       java.util.ImmutableCollections$List12::toArray (61 bytes)
Event: 3.710 Thread 0x0000021a3f091020 nmethod 6001 0x0000021a286ca208 code [0x0000021a286ca300, 0x0000021a286cad28]
Event: 3.710 Thread 0x0000021a3f091020 6002       1       org.springframework.beans.factory.config.DependencyDescriptor::isEager (5 bytes)
Event: 3.710 Thread 0x0000021a3f091020 nmethod 6002 0x0000021a2faea408 code [0x0000021a2faea500, 0x0000021a2faea5c8]
Event: 3.714 Thread 0x0000021a3f091020 6005       3       org.springframework.beans.factory.support.AbstractBeanFactory::getBean (9 bytes)
Event: 3.714 Thread 0x0000021a3f091020 nmethod 6005 0x0000021a286cad88 code [0x0000021a286cae80, 0x0000021a286cb058]
Event: 3.716 Thread 0x0000021a3f091020 6006       3       org.springframework.boot.context.properties.bind.BindConverter$TypeConverterConversionService::canConvert (16 bytes)
Event: 3.716 Thread 0x0000021a3f091020 nmethod 6006 0x0000021a286cb088 code [0x0000021a286cb180, 0x0000021a286cbdb8]
Event: 3.716 Thread 0x0000021a3f091020 6007       3       org.springframework.boot.context.properties.bind.BindConverter$TypeConverterConversionService::isPrimitiveArray (33 bytes)
Event: 3.716 Thread 0x0000021a3f091020 nmethod 6007 0x0000021a286cbe08 code [0x0000021a286cbf00, 0x0000021a286cc758]
Event: 3.718 Thread 0x0000021a3f091020 6008       3       java.lang.ThreadLocal$ThreadLocalMap::remove (68 bytes)
Event: 3.719 Thread 0x0000021a3f091020 nmethod 6008 0x0000021a286cc788 code [0x0000021a286cc880, 0x0000021a286ccf28]
Event: 3.720 Thread 0x0000021a3f091020 6010       3       org.aspectj.weaver.UnresolvedType::isVoid (10 bytes)
Event: 3.720 Thread 0x0000021a3f091020 nmethod 6010 0x0000021a286ccf88 code [0x0000021a286cd080, 0x0000021a286cd258]
Event: 3.721 Thread 0x0000021a3f091020 6014       3       org.springframework.beans.factory.annotation.InjectionMetadata::inject (75 bytes)
Event: 3.722 Thread 0x0000021a3f091020 nmethod 6014 0x0000021a286cd288 code [0x0000021a286cd380, 0x0000021a286cd9e8]
Event: 3.722 Thread 0x0000021a3f091020 6011   !   3       org.springframework.context.annotation.CommonAnnotationBeanPostProcessor::findResourceMetadata (124 bytes)

GC Heap Usage History (17 events):
Event: 0.838 {heap Before GC invocations=0 (full 0):
 garbage-first heap   total reserved 4175872K, committed 264192K, used 48277K [0x0000000701200000, 0x0000000800000000)
  region size 2048K, 24 young (49152K), 0 survivors (0K)
}
Event: 0.843 {heap After GC invocations=1 (full 0):
 garbage-first heap   total reserved 4175872K, committed 264192K, used 10938K [0x0000000701200000, 0x0000000800000000)
  region size 2048K, 3 young (6144K), 3 survivors (6144K)
}
Event: 1.540 {heap Before GC invocations=1 (full 0):
 garbage-first heap   total reserved 4175872K, committed 264192K, used 68282K [0x0000000701200000, 0x0000000800000000)
  region size 2048K, 32 young (65536K), 3 survivors (6144K)
}
Event: 1.546 {heap After GC invocations=2 (full 0):
 garbage-first heap   total reserved 4175872K, committed 264192K, used 15790K [0x0000000701200000, 0x0000000800000000)
  region size 2048K, 6 young (12288K), 6 survivors (12288K)
}
Event: 1.982 {heap Before GC invocations=3 (full 0):
 garbage-first heap   total reserved 4175872K, committed 61440K, used 40366K [0x0000000701200000, 0x0000000800000000)
  region size 2048K, 18 young (36864K), 6 survivors (12288K)
}
Event: 1.990 {heap After GC invocations=4 (full 0):
 garbage-first heap   total reserved 4175872K, committed 61440K, used 18317K [0x0000000701200000, 0x0000000800000000)
  region size 2048K, 2 young (4096K), 2 survivors (4096K)
}
Event: 2.229 {heap Before GC invocations=4 (full 0):
 garbage-first heap   total reserved 4175872K, committed 61440K, used 40845K [0x0000000701200000, 0x0000000800000000)
  region size 2048K, 13 young (26624K), 2 survivors (4096K)
}
Event: 2.235 {heap After GC invocations=5 (full 0):
 garbage-first heap   total reserved 4175872K, committed 61440K, used 19914K [0x0000000701200000, 0x0000000800000000)
  region size 2048K, 2 young (4096K), 2 survivors (4096K)
}
Event: 2.492 {heap Before GC invocations=5 (full 0):
 garbage-first heap   total reserved 4175872K, committed 61440K, used 44490K [0x0000000701200000, 0x0000000800000000)
  region size 2048K, 14 young (28672K), 2 survivors (4096K)
}
Event: 2.499 {heap After GC invocations=6 (full 0):
 garbage-first heap   total reserved 4175872K, committed 61440K, used 21842K [0x0000000701200000, 0x0000000800000000)
  region size 2048K, 2 young (4096K), 2 survivors (4096K)
}
Event: 2.778 {heap Before GC invocations=6 (full 0):
 garbage-first heap   total reserved 4175872K, committed 61440K, used 44370K [0x0000000701200000, 0x0000000800000000)
  region size 2048K, 14 young (28672K), 2 survivors (4096K)
}
Event: 2.781 {heap After GC invocations=7 (full 0):
 garbage-first heap   total reserved 4175872K, committed 61440K, used 23581K [0x0000000701200000, 0x0000000800000000)
  region size 2048K, 2 young (4096K), 2 survivors (4096K)
}
Event: 2.913 {heap Before GC invocations=7 (full 0):
 garbage-first heap   total reserved 4175872K, committed 61440K, used 31773K [0x0000000701200000, 0x0000000800000000)
  region size 2048K, 8 young (16384K), 2 survivors (4096K)
}
Event: 2.916 {heap After GC invocations=8 (full 0):
 garbage-first heap   total reserved 4175872K, committed 161792K, used 24966K [0x0000000701200000, 0x0000000800000000)
  region size 2048K, 2 young (4096K), 2 survivors (4096K)
}
Event: 3.367 {heap Before GC invocations=9 (full 0):
 garbage-first heap   total reserved 4175872K, committed 90112K, used 74118K [0x0000000701200000, 0x0000000800000000)
  region size 2048K, 26 young (53248K), 2 survivors (4096K)
}
Event: 3.370 {heap After GC invocations=10 (full 0):
 garbage-first heap   total reserved 4175872K, committed 90112K, used 27597K [0x0000000701200000, 0x0000000800000000)
  region size 2048K, 3 young (6144K), 3 survivors (6144K)
}
Event: 3.722 {heap Before GC invocations=10 (full 0):
 garbage-first heap   total reserved 4175872K, committed 90112K, used 74701K [0x0000000701200000, 0x0000000800000000)
  region size 2048K, 26 young (53248K), 3 survivors (6144K)
}

Metaspace Usage History (17 events):
Event: 0.838 {metaspace Before GC invocations=0 (full 0):
 Metaspace       used 9487K, committed 9728K, reserved 1114112K
  class space    used 1114K, committed 1216K, reserved 1048576K
}
Event: 0.843 {metaspace After GC invocations=1 (full 0):
 Metaspace       used 9487K, committed 9728K, reserved 1114112K
  class space    used 1114K, committed 1216K, reserved 1048576K
}
Event: 1.540 {metaspace Before GC invocations=1 (full 0):
 Metaspace       used 21191K, committed 21504K, reserved 1114112K
  class space    used 2658K, committed 2816K, reserved 1048576K
}
Event: 1.546 {metaspace After GC invocations=2 (full 0):
 Metaspace       used 21191K, committed 21504K, reserved 1114112K
  class space    used 2658K, committed 2816K, reserved 1048576K
}
Event: 1.982 {metaspace Before GC invocations=3 (full 0):
 Metaspace       used 24590K, committed 24896K, reserved 1114112K
  class space    used 3103K, committed 3264K, reserved 1048576K
}
Event: 1.990 {metaspace After GC invocations=4 (full 0):
 Metaspace       used 24590K, committed 24896K, reserved 1114112K
  class space    used 3103K, committed 3264K, reserved 1048576K
}
Event: 2.229 {metaspace Before GC invocations=4 (full 0):
 Metaspace       used 27961K, committed 28288K, reserved 1114112K
  class space    used 3518K, committed 3648K, reserved 1048576K
}
Event: 2.235 {metaspace After GC invocations=5 (full 0):
 Metaspace       used 27961K, committed 28288K, reserved 1114112K
  class space    used 3518K, committed 3648K, reserved 1048576K
}
Event: 2.492 {metaspace Before GC invocations=5 (full 0):
 Metaspace       used 29695K, committed 30080K, reserved 1114112K
  class space    used 3792K, committed 3968K, reserved 1048576K
}
Event: 2.499 {metaspace After GC invocations=6 (full 0):
 Metaspace       used 29695K, committed 30080K, reserved 1114112K
  class space    used 3792K, committed 3968K, reserved 1048576K
}
Event: 2.778 {metaspace Before GC invocations=6 (full 0):
 Metaspace       used 32686K, committed 33088K, reserved 1114112K
  class space    used 4148K, committed 4288K, reserved 1048576K
}
Event: 2.781 {metaspace After GC invocations=7 (full 0):
 Metaspace       used 32686K, committed 33088K, reserved 1114112K
  class space    used 4148K, committed 4288K, reserved 1048576K
}
Event: 2.913 {metaspace Before GC invocations=7 (full 0):
 Metaspace       used 35613K, committed 35968K, reserved 1114112K
  class space    used 4472K, committed 4672K, reserved 1048576K
}
Event: 2.916 {metaspace After GC invocations=8 (full 0):
 Metaspace       used 35613K, committed 35968K, reserved 1114112K
  class space    used 4472K, committed 4672K, reserved 1048576K
}
Event: 3.367 {metaspace Before GC invocations=9 (full 0):
 Metaspace       used 37692K, committed 38144K, reserved 1114112K
  class space    used 4794K, committed 4992K, reserved 1048576K
}
Event: 3.370 {metaspace After GC invocations=10 (full 0):
 Metaspace       used 37692K, committed 38144K, reserved 1114112K
  class space    used 4794K, committed 4992K, reserved 1048576K
}
Event: 3.722 {metaspace Before GC invocations=10 (full 0):
 Metaspace       used 39676K, committed 40192K, reserved 1114112K
  class space    used 5084K, committed 5312K, reserved 1048576K
}

Dll operation events (11 events):
Event: 0.009 Loaded shared library C:\Program Files\Java\jdk-25.0.2\bin\java.dll
Event: 0.118 Loaded shared library C:\Program Files\Java\jdk-25.0.2\bin\zip.dll
Event: 0.120 Loaded shared library C:\Program Files\Java\jdk-25.0.2\bin\instrument.dll
Event: 0.125 Loaded shared library C:\Program Files\Java\jdk-25.0.2\bin\net.dll
Event: 0.127 Loaded shared library C:\Program Files\Java\jdk-25.0.2\bin\nio.dll
Event: 0.130 Loaded shared library C:\Program Files\Java\jdk-25.0.2\bin\zip.dll
Event: 0.233 Loaded shared library C:\Program Files\Java\jdk-25.0.2\bin\extnet.dll
Event: 0.247 Loaded shared library C:\Program Files\Java\jdk-25.0.2\bin\jimage.dll
Event: 1.242 Loaded shared library C:\Program Files\Java\jdk-25.0.2\bin\sunmscapi.dll
Event: 2.643 Loaded shared library C:\Program Files\Java\jdk-25.0.2\bin\management.dll
Event: 2.644 Loaded shared library C:\Program Files\Java\jdk-25.0.2\bin\management_ext.dll

Deoptimization events (20 events):
Event: 3.450 Thread 0x0000021a1f510190 Uncommon trap: trap_request=0xffffffc6 fr.pc=0x0000021a2f9cf308 relative=0x0000000000001808
Event: 3.450 Thread 0x0000021a1f510190 Uncommon trap: reason=bimorphic_or_optimized_type_check action=maybe_recompile pc=0x0000021a2f9cf308 method=org.springframework.core.annotation.TypeMappedAnnotation.getValue(IZ)Ljava/lang/Object; @ 95 c2
Event: 3.450 Thread 0x0000021a1f510190 DEOPT PACKING pc=0x0000021a2f9cf308 sp=0x00000091904fda00
Event: 3.451 Thread 0x0000021a1f510190 DEOPT UNPACKING pc=0x0000021a2f3efc02 sp=0x00000091904fd9b0 mode 2
Event: 3.459 Thread 0x0000021a1f510190 Uncommon trap: trap_request=0xffffffc6 fr.pc=0x0000021a2f9cf308 relative=0x0000000000001808
Event: 3.459 Thread 0x0000021a1f510190 Uncommon trap: reason=bimorphic_or_optimized_type_check action=maybe_recompile pc=0x0000021a2f9cf308 method=org.springframework.core.annotation.TypeMappedAnnotation.getValue(IZ)Ljava/lang/Object; @ 95 c2
Event: 3.459 Thread 0x0000021a1f510190 DEOPT PACKING pc=0x0000021a2f9cf308 sp=0x00000091904fda00
Event: 3.459 Thread 0x0000021a1f510190 DEOPT UNPACKING pc=0x0000021a2f3efc02 sp=0x00000091904fd9b0 mode 2
Event: 3.460 Thread 0x0000021a1f510190 Uncommon trap: trap_request=0xffffffc6 fr.pc=0x0000021a2f9cf308 relative=0x0000000000001808
Event: 3.460 Thread 0x0000021a1f510190 Uncommon trap: reason=bimorphic_or_optimized_type_check action=maybe_recompile pc=0x0000021a2f9cf308 method=org.springframework.core.annotation.TypeMappedAnnotation.getValue(IZ)Ljava/lang/Object; @ 95 c2
Event: 3.460 Thread 0x0000021a1f510190 DEOPT PACKING pc=0x0000021a2f9cf308 sp=0x00000091904fda00
Event: 3.460 Thread 0x0000021a1f510190 DEOPT UNPACKING pc=0x0000021a2f3efc02 sp=0x00000091904fd9b0 mode 2
Event: 3.517 Thread 0x0000021a1f510190 Uncommon trap: trap_request=0xffffff45 fr.pc=0x0000021a2fa66920 relative=0x00000000000019a0
Event: 3.517 Thread 0x0000021a1f510190 Uncommon trap: reason=unstable_if action=reinterpret pc=0x0000021a2fa66920 method=org.aspectj.weaver.UnresolvedType.nameToSignature(Ljava/lang/String;)Ljava/lang/String; @ 58 c2
Event: 3.517 Thread 0x0000021a1f510190 DEOPT PACKING pc=0x0000021a2fa66920 sp=0x00000091904fda50
Event: 3.517 Thread 0x0000021a1f510190 DEOPT UNPACKING pc=0x0000021a2f3efc02 sp=0x00000091904fda38 mode 2
Event: 3.597 Thread 0x0000021a1f510190 Uncommon trap: trap_request=0xfffffff4 fr.pc=0x0000021a2fa1f4e0 relative=0x00000000000010e0
Event: 3.597 Thread 0x0000021a1f510190 Uncommon trap: reason=null_check action=make_not_entrant pc=0x0000021a2fa1f4e0 method=org.springframework.beans.factory.support.DefaultSingletonBeanRegistry.getSingleton(Ljava/lang/String;Z)Ljava/lang/Object; @ 96 c2
Event: 3.597 Thread 0x0000021a1f510190 DEOPT PACKING pc=0x0000021a2fa1f4e0 sp=0x00000091904fd3c0
Event: 3.597 Thread 0x0000021a1f510190 DEOPT UNPACKING pc=0x0000021a2f3efc02 sp=0x00000091904fd350 mode 2

Classes loaded (20 events):
Event: 3.158 Loading class java/io/OptionalDataException
Event: 3.158 Loading class java/io/OptionalDataException done
Event: 3.210 Loading class java/io/StringWriter
Event: 3.210 Loading class java/io/StringWriter done
Event: 3.391 Loading class java/util/EnumMap$EntrySet
Event: 3.391 Loading class java/util/EnumMap$EntrySet done
Event: 3.391 Loading class java/util/EnumMap$EntryIterator
Event: 3.391 Loading class java/util/EnumMap$EnumMapIterator
Event: 3.391 Loading class java/util/EnumMap$EnumMapIterator done
Event: 3.391 Loading class java/util/EnumMap$EntryIterator done
Event: 3.457 Loading class sun/reflect/annotation/TypeAnnotation$TypeAnnotationTargetInfo
Event: 3.457 Loading class sun/reflect/annotation/TypeAnnotation$TypeAnnotationTargetInfo done
Event: 3.477 Loading class java/util/regex/PatternSyntaxException
Event: 3.478 Loading class java/util/regex/PatternSyntaxException done
Event: 3.480 Loading class java/util/Comparators$NullComparator
Event: 3.480 Loading class java/util/Comparators$NullComparator done
Event: 3.546 Loading class java/util/ArrayList$ListItr
Event: 3.546 Loading class java/util/ArrayList$ListItr done
Event: 3.636 Loading class java/lang/Package$1PackageInfoProxy
Event: 3.636 Loading class java/lang/Package$1PackageInfoProxy done

Classes unloaded (0 events):
No events

Classes redefined (0 events):
No events

Internal exceptions (20 events):
Event: 3.099 Thread 0x0000021a1f510190 Exception <a 'java/lang/NoSuchMethodError'{0x0000000705782870}: 'java.lang.Object java.lang.invoke.DirectMethodHandle$Holder.invokeStatic(java.lang.Object, java.lang.Object, java.lang.Object, java.lang.Object, java.lang.Object, java.lang.Object, java.lang.Object, java.lang.Object, java.lang.Object, java.lang.Object)'> (0x0000000705782870) 
thrown [s\open\src\hotspot\share\interpreter\linkResolver.cpp, line 804]
Event: 3.124 Thread 0x0000021a1f510190 Exception <a 'java/lang/IncompatibleClassChangeError'{0x0000000705212378}: Found class java.lang.Object, but interface was expected> (0x0000000705212378) 
thrown [s\open\src\hotspot\share\interpreter\linkResolver.cpp, line 871]
Event: 3.125 Thread 0x0000021a1f510190 Exception <a 'java/lang/NoSuchMethodError'{0x000000070523ef68}: 'java.lang.Object java.lang.invoke.DirectMethodHandle$Holder.invokeStatic(java.lang.Object, double, java.lang.Object)'> (0x000000070523ef68) 
thrown [s\open\src\hotspot\share\interpreter\linkResolver.cpp, line 804]
Event: 3.125 Thread 0x0000021a1f510190 Exception <a 'java/lang/NoSuchMethodError'{0x000000070524ec98}: 'java.lang.Object java.lang.invoke.DirectMethodHandle$Holder.newInvokeSpecial(java.lang.Object, double)'> (0x000000070524ec98) 
thrown [s\open\src\hotspot\share\interpreter\linkResolver.cpp, line 804]
Event: 3.126 Thread 0x0000021a1f510190 Exception <a 'java/lang/NoSuchMethodError'{0x00000007052583e8}: 'java.lang.Object java.lang.invoke.DirectMethodHandle$Holder.invokeStatic(java.lang.Object, long, java.lang.Object, java.lang.Object)'> (0x00000007052583e8) 
thrown [s\open\src\hotspot\share\interpreter\linkResolver.cpp, line 804]
Event: 3.126 Thread 0x0000021a1f510190 Exception <a 'java/lang/NoSuchMethodError'{0x0000000705268558}: 'java.lang.Object java.lang.invoke.DirectMethodHandle$Holder.newInvokeSpecial(java.lang.Object, long, java.lang.Object)'> (0x0000000705268558) 
thrown [s\open\src\hotspot\share\interpreter\linkResolver.cpp, line 804]
Event: 3.126 Thread 0x0000021a1f510190 Exception <a 'java/lang/NoSuchMethodError'{0x0000000705271268}: 'java.lang.Object java.lang.invoke.DirectMethodHandle$Holder.invokeSpecial(java.lang.Object, java.lang.Object, long, java.lang.Object)'> (0x0000000705271268) 
thrown [s\open\src\hotspot\share\interpreter\linkResolver.cpp, line 804]
Event: 3.128 Thread 0x0000021a1f510190 Exception <a 'java/lang/NoSuchMethodError'{0x000000070529e350}: 'void java.lang.invoke.DirectMethodHandle$Holder.invokeStatic(java.lang.Object, long)'> (0x000000070529e350) 
thrown [s\open\src\hotspot\share\interpreter\linkResolver.cpp, line 804]
Event: 3.135 Thread 0x0000021a1f510190 Exception <a 'java/lang/NoSuchMethodError'{0x00000007053ac560}: 'java.lang.Object java.lang.invoke.DirectMethodHandle$Holder.invokeVirtual(java.lang.Object, java.lang.Object, java.lang.Object, java.lang.Object, java.lang.Object, java.lang.Object, java.lang.Object, java.lang.Object)'> (0x00000007053ac560) 
thrown [s\open\src\hotspot\share\interpreter\linkResolver.cpp, line 804]
Event: 3.138 Thread 0x0000021a1f510190 Exception <a 'java/lang/NoSuchMethodError'{0x000000070500d040}: 'java.lang.Object java.lang.invoke.DirectMethodHandle$Holder.invokeStatic(java.lang.Object, java.lang.Object, java.lang.Object, java.lang.Object, java.lang.Object, java.lang.Object, java.lang.Object, java.lang.Object, java.lang.Object, java.lang.Object, java.lang.Object)'> (0x000000070500d040) 
thrown [s\open\src\hotspot\share\interpreter\linkResolver.cpp, line 804]
Event: 3.146 Thread 0x0000021a1f510190 Exception <a 'java/lang/NoSuchMethodError'{0x00000007050572f0}: 'int java.lang.invoke.DirectMethodHandle$Holder.invokeStaticInit(java.lang.Object, int, java.lang.Object, java.lang.Object, java.lang.Object, java.lang.Object)'> (0x00000007050572f0) 
thrown [s\open\src\hotspot\share\interpreter\linkResolver.cpp, line 804]
Event: 3.157 Thread 0x0000021a1f510190 Implicit null exception at 0x0000021a2f8998b2 to 0x0000021a2f899c4e
Event: 3.224 Thread 0x0000021a1f510190 Implicit null exception at 0x0000021a2f8aab2a to 0x0000021a2f8aac6c
Event: 3.227 Thread 0x0000021a1f510190 Exception <a 'java/lang/NoSuchMethodError'{0x0000000704877e40}: 'java.lang.Object java.lang.invoke.DirectMethodHandle$Holder.newInvokeSpecial(java.lang.Object, java.lang.Object, java.lang.Object, java.lang.Object, java.lang.Object, java.lang.Object, java.lang.Object, java.lang.Object, java.lang.Object, java.lang.Object, java.lang.Object)'> (0x0000000704877e40) 
thrown [s\open\src\hotspot\share\interpreter\linkResolver.cpp, line 804]
Event: 3.267 Thread 0x0000021a1f510190 Exception <a 'java/io/IOException'{0x00000007043d7468}> (0x00000007043d7468) 
thrown [s\open\src\hotspot\share\prims\jni.cpp, line 516]
Event: 3.392 Thread 0x0000021a1f510190 Exception <a 'java/lang/NoSuchMethodError'{0x000000070c955c80}: 'java.lang.Object java.lang.invoke.DirectMethodHandle$Holder.invokeVirtual(java.lang.Object, java.lang.Object, java.lang.Object, int)'> (0x000000070c955c80) 
thrown [s\open\src\hotspot\share\interpreter\linkResolver.cpp, line 804]
Event: 3.451 Thread 0x0000021a1f510190 Exception <a 'java/lang/NoSuchMethodError'{0x0000000705db57e0}: 'java.lang.Object java.lang.invoke.DirectMethodHandle$Holder.invokeVirtual(java.lang.Object, java.lang.Object, int)'> (0x0000000705db57e0) 
thrown [s\open\src\hotspot\share\interpreter\linkResolver.cpp, line 804]
Event: 3.530 Thread 0x0000021a1f510190 Exception <a 'java/lang/IncompatibleClassChangeError'{0x0000000705217248}: Found class java.lang.Object, but interface was expected> (0x0000000705217248) 
thrown [s\open\src\hotspot\share\interpreter\linkResolver.cpp, line 871]
Event: 3.589 Thread 0x0000021a1f510190 Exception <a 'java/lang/NoSuchMethodError'{0x0000000704efd150}: 'int java.lang.invoke.DirectMethodHandle$Holder.invokeStaticInit(java.lang.Object, java.lang.Object, java.lang.Object, java.lang.Object)'> (0x0000000704efd150) 
thrown [s\open\src\hotspot\share\interpreter\linkResolver.cpp, line 804]
Event: 3.597 Thread 0x0000021a1f510190 Implicit null exception at 0x0000021a2fa1f07b to 0x0000021a2fa1f4cc

VM Operations (20 events):
Event: 3.152 Executing non-safepoint VM operation: HandshakeAllThreads (Deoptimize) done
Event: 3.327 Executing non-safepoint VM operation: HandshakeAllThreads (Deoptimize)
Event: 3.327 Executing non-safepoint VM operation: HandshakeAllThreads (Deoptimize) done
Event: 3.328 Executing non-safepoint VM operation: HandshakeAllThreads (Deoptimize)
Event: 3.328 Executing non-safepoint VM operation: HandshakeAllThreads (Deoptimize) done
Event: 3.366 Executing safepoint VM operation: G1CollectForAllocation (G1 Evacuation Pause)
Event: 3.370 Executing safepoint VM operation: G1CollectForAllocation (G1 Evacuation Pause) done
Event: 3.489 Executing non-safepoint VM operation: HandshakeAllThreads (Deoptimize)
Event: 3.489 Executing non-safepoint VM operation: HandshakeAllThreads (Deoptimize) done
Event: 3.491 Executing non-safepoint VM operation: HandshakeAllThreads (Deoptimize)
Event: 3.491 Executing non-safepoint VM operation: HandshakeAllThreads (Deoptimize) done
Event: 3.491 Executing non-safepoint VM operation: HandshakeAllThreads (Deoptimize)
Event: 3.491 Executing non-safepoint VM operation: HandshakeAllThreads (Deoptimize) done
Event: 3.543 Executing non-safepoint VM operation: HandshakeAllThreads (Deoptimize)
Event: 3.544 Executing non-safepoint VM operation: HandshakeAllThreads (Deoptimize) done
Event: 3.546 Executing non-safepoint VM operation: HandshakeAllThreads (Deoptimize)
Event: 3.546 Executing non-safepoint VM operation: HandshakeAllThreads (Deoptimize) done
Event: 3.570 Executing non-safepoint VM operation: HandshakeAllThreads (Deoptimize)
Event: 3.570 Executing non-safepoint VM operation: HandshakeAllThreads (Deoptimize) done
Event: 3.722 Executing safepoint VM operation: G1CollectForAllocation (G1 Evacuation Pause)

Memory protections (0 events):
No events

Nmethod flushes (20 events):
Event: 2.931 Thread 0x0000021a3f04c420 flushing  nmethod 0x0000021a27e99c08
Event: 2.931 Thread 0x0000021a3f04c420 flushing  nmethod 0x0000021a27e9be88
Event: 2.931 Thread 0x0000021a3f04c420 flushing  nmethod 0x0000021a27e9ca08
Event: 2.931 Thread 0x0000021a3f04c420 flushing  nmethod 0x0000021a27e9f608
Event: 2.931 Thread 0x0000021a3f04c420 flushing  nmethod 0x0000021a27ee1188
Event: 2.931 Thread 0x0000021a3f04c420 flushing  nmethod 0x0000021a27f0b908
Event: 2.931 Thread 0x0000021a3f04c420 flushing  nmethod 0x0000021a27f7ab08
Event: 2.931 Thread 0x0000021a3f04c420 flushing  nmethod 0x0000021a27fcf088
Event: 2.931 Thread 0x0000021a3f04c420 flushing  nmethod 0x0000021a28019b08
Event: 2.931 Thread 0x0000021a3f04c420 flushing  nmethod 0x0000021a2801a788
Event: 2.931 Thread 0x0000021a3f04c420 flushing  nmethod 0x0000021a28044b08
Event: 2.931 Thread 0x0000021a3f04c420 flushing  nmethod 0x0000021a280c5808
Event: 2.931 Thread 0x0000021a3f04c420 flushing  nmethod 0x0000021a280c7088
Event: 2.931 Thread 0x0000021a3f04c420 flushing  nmethod 0x0000021a280fc008
Event: 2.931 Thread 0x0000021a3f04c420 flushing  nmethod 0x0000021a28164f08
Event: 2.931 Thread 0x0000021a3f04c420 flushing  nmethod 0x0000021a28165588
Event: 2.931 Thread 0x0000021a3f04c420 flushing  nmethod 0x0000021a28165b88
Event: 2.931 Thread 0x0000021a3f04c420 flushing  nmethod 0x0000021a28166208
Event: 2.931 Thread 0x0000021a3f04c420 flushing  nmethod 0x0000021a28167008
Event: 2.931 Thread 0x0000021a3f04c420 flushing  nmethod 0x0000021a2828b208

Events (20 events):
Event: 0.034 Thread 0x0000021a1f510190 Thread added: 0x0000021a3f0644c0
Event: 0.034 Thread 0x0000021a1f510190 Thread added: 0x0000021a3f065820
Event: 0.034 Thread 0x0000021a1f510190 Thread added: 0x0000021a3f066760
Event: 0.034 Thread 0x0000021a1f510190 Thread added: 0x0000021a3f06e600
Event: 0.034 Thread 0x0000021a1f510190 Thread added: 0x0000021a3f091020
Event: 0.123 Thread 0x0000021a1f510190 Thread added: 0x0000021a3f2a05c0
Event: 0.158 Thread 0x0000021a3f091020 Thread added: 0x0000021a3f385d70
Event: 0.219 Thread 0x0000021a1f510190 Thread added: 0x0000021a3f583680
Event: 0.219 Thread 0x0000021a1f510190 Thread added: 0x0000021a3f583e40
Event: 0.497 Thread 0x0000021a3f091020 Thread added: 0x0000021a3fce62e0
Event: 0.961 Thread 0x0000021a1f510190 Thread added: 0x0000021a4420f450
Event: 0.969 Thread 0x0000021a4420f450 Thread exited: 0x0000021a4420f450
Event: 1.049 Thread 0x0000021a1f510190 Thread added: 0x0000021a441ee940
Event: 1.262 Thread 0x0000021a441ee940 Thread exited: 0x0000021a441ee940
Event: 1.340 Thread 0x0000021a1f510190 Thread added: 0x0000021a44be8ef0
Event: 1.356 Thread 0x0000021a44be8ef0 Thread exited: 0x0000021a44be8ef0
Event: 2.748 Thread 0x0000021a1f510190 Thread added: 0x0000021a462afc00
Event: 2.749 Thread 0x0000021a462afc00 Thread added: 0x0000021a44c80a30
Event: 2.751 Thread 0x0000021a1f510190 Thread added: 0x0000021a4658e080
Event: 2.911 Thread 0x0000021a1f510190 Thread added: 0x0000021a4658e850


Dynamic libraries:
0x00007ff697a50000 - 0x00007ff697a60000 	C:\Program Files\Java\jdk-25.0.2\bin\java.exe
0x00007ffa8dfd0000 - 0x00007ffa8e1c8000 	C:\WINDOWS\SYSTEM32\ntdll.dll
0x00007ffa8bff0000 - 0x00007ffa8c0b2000 	C:\WINDOWS\System32\KERNEL32.DLL
0x00007ffa8b7e0000 - 0x00007ffa8bad6000 	C:\WINDOWS\System32\KERNELBASE.dll
0x00007ffa8b660000 - 0x00007ffa8b760000 	C:\WINDOWS\System32\ucrtbase.dll
0x00007ffa828c0000 - 0x00007ffa828de000 	C:\Program Files\Java\jdk-25.0.2\bin\VCRUNTIME140.dll
0x00007ffa86490000 - 0x00007ffa864a7000 	C:\Program Files\Java\jdk-25.0.2\bin\jli.dll
0x00007ffa8cd30000 - 0x00007ffa8ced1000 	C:\WINDOWS\System32\USER32.dll
0x00007ffa8bb70000 - 0x00007ffa8bb92000 	C:\WINDOWS\System32\win32u.dll
0x00007ffa8aa00000 - 0x00007ffa8ac9b000 	C:\WINDOWS\WinSxS\amd64_microsoft.windows.common-controls_6595b64144ccf1df_6.0.19041.6456_none_60b8a6cb71f64256\COMCTL32.dll
0x00007ffa8c4e0000 - 0x00007ffa8c50b000 	C:\WINDOWS\System32\GDI32.dll
0x00007ffa8d1e0000 - 0x00007ffa8d27e000 	C:\WINDOWS\System32\msvcrt.dll
0x00007ffa8be30000 - 0x00007ffa8bf49000 	C:\WINDOWS\System32\gdi32full.dll
0x00007ffa8bf50000 - 0x00007ffa8bfed000 	C:\WINDOWS\System32\msvcp_win.dll
0x00007ffa8cbd0000 - 0x00007ffa8cbff000 	C:\WINDOWS\System32\IMM32.DLL
0x00007ffa88880000 - 0x00007ffa8888c000 	C:\Program Files\Java\jdk-25.0.2\bin\vcruntime140_1.dll
0x00007ffa68ec0000 - 0x00007ffa68f4d000 	C:\Program Files\Java\jdk-25.0.2\bin\msvcp140.dll
0x00007ffa431d0000 - 0x00007ffa4402f000 	C:\Program Files\Java\jdk-25.0.2\bin\server\jvm.dll
0x00007ffa8c380000 - 0x00007ffa8c431000 	C:\WINDOWS\System32\ADVAPI32.dll
0x00007ffa8c440000 - 0x00007ffa8c4df000 	C:\WINDOWS\System32\sechost.dll
0x00007ffa8c120000 - 0x00007ffa8c240000 	C:\WINDOWS\System32\RPCRT4.dll
0x00007ffa8bbf0000 - 0x00007ffa8bc17000 	C:\WINDOWS\System32\bcrypt.dll
0x00007ffa8cfb0000 - 0x00007ffa8d01b000 	C:\WINDOWS\System32\WS2_32.dll
0x00007ffa8b1d0000 - 0x00007ffa8b21b000 	C:\WINDOWS\SYSTEM32\POWRPROF.dll
0x00007ffa7f0a0000 - 0x00007ffa7f0c7000 	C:\WINDOWS\SYSTEM32\WINMM.dll
0x00007ffa886f0000 - 0x00007ffa886fa000 	C:\WINDOWS\SYSTEM32\VERSION.dll
0x00007ffa8ad90000 - 0x00007ffa8ada2000 	C:\WINDOWS\SYSTEM32\UMPDC.dll
0x00007ffa89660000 - 0x00007ffa89672000 	C:\WINDOWS\SYSTEM32\kernel.appcore.dll
0x00007ffa86fd0000 - 0x00007ffa86fda000 	C:\Program Files\Java\jdk-25.0.2\bin\jimage.dll
0x00007ffa8afc0000 - 0x00007ffa8b1c1000 	C:\WINDOWS\SYSTEM32\DBGHELP.DLL
0x00007ffa8af80000 - 0x00007ffa8afb4000 	C:\WINDOWS\SYSTEM32\dbgcore.DLL
0x00007ffa8bae0000 - 0x00007ffa8bb62000 	C:\WINDOWS\System32\bcryptPrimitives.dll
0x00007ffa86480000 - 0x00007ffa86490000 	C:\Program Files\Java\jdk-25.0.2\bin\instrument.dll
0x00007ffa717c0000 - 0x00007ffa717df000 	C:\Program Files\Java\jdk-25.0.2\bin\java.dll
0x00007ffa8c630000 - 0x00007ffa8c75b000 	C:\WINDOWS\System32\ole32.dll
0x00007ffa8dc30000 - 0x00007ffa8df84000 	C:\WINDOWS\System32\combase.dll
0x00007ffa8d2b0000 - 0x00007ffa8da20000 	C:\WINDOWS\System32\SHELL32.dll
0x00007ffa888c0000 - 0x00007ffa89065000 	C:\WINDOWS\SYSTEM32\windows.storage.dll
0x00007ffa8a880000 - 0x00007ffa8a8ab000 	C:\WINDOWS\SYSTEM32\Wldp.dll
0x00007ffa8cee0000 - 0x00007ffa8cfad000 	C:\WINDOWS\System32\OLEAUT32.dll
0x00007ffa8c580000 - 0x00007ffa8c62d000 	C:\WINDOWS\System32\SHCORE.dll
0x00007ffa8da20000 - 0x00007ffa8da7b000 	C:\WINDOWS\System32\shlwapi.dll
0x00007ffa8b590000 - 0x00007ffa8b5b4000 	C:\WINDOWS\SYSTEM32\profapi.dll
0x00007ffa71640000 - 0x00007ffa71657000 	C:\Program Files\Java\jdk-25.0.2\bin\zip.dll
0x00007ffa717a0000 - 0x00007ffa717b2000 	C:\Program Files\Java\jdk-25.0.2\bin\net.dll
0x00007ffa8a660000 - 0x00007ffa8a6ca000 	C:\WINDOWS\system32\mswsock.dll
0x00007ffa71660000 - 0x00007ffa71676000 	C:\Program Files\Java\jdk-25.0.2\bin\nio.dll
0x00007ffa86390000 - 0x00007ffa86399000 	C:\Program Files\Java\jdk-25.0.2\bin\extnet.dll
0x00007ffa8a360000 - 0x00007ffa8a39b000 	C:\WINDOWS\SYSTEM32\IPHLPAPI.DLL
0x00007ffa8c570000 - 0x00007ffa8c578000 	C:\WINDOWS\System32\NSI.dll
0x00007ffa8a3a0000 - 0x00007ffa8a46a000 	C:\WINDOWS\SYSTEM32\DNSAPI.dll
0x00000000521b0000 - 0x00000000521d6000 	C:\Program Files\Bonjour\mdnsNSP.dll
0x00007ffa84ee0000 - 0x00007ffa84eea000 	C:\Windows\System32\rasadhlp.dll
0x00007ffa7fc50000 - 0x00007ffa7fcd0000 	C:\WINDOWS\System32\fwpuclnt.dll
0x00007ffa71c30000 - 0x00007ffa71c3e000 	C:\Program Files\Java\jdk-25.0.2\bin\sunmscapi.dll
0x00007ffa8bcd0000 - 0x00007ffa8be2d000 	C:\WINDOWS\System32\CRYPT32.dll
0x00007ffa8a9d0000 - 0x00007ffa8a9f7000 	C:\WINDOWS\SYSTEM32\ncrypt.dll
0x00007ffa8a990000 - 0x00007ffa8a9cb000 	C:\WINDOWS\SYSTEM32\NTASN1.dll
0x00007ffa8b3d0000 - 0x00007ffa8b3e8000 	C:\WINDOWS\SYSTEM32\CRYPTSP.dll
0x00007ffa8a000000 - 0x00007ffa8a038000 	C:\WINDOWS\system32\rsaenh.dll
0x00007ffa8b550000 - 0x00007ffa8b57e000 	C:\WINDOWS\SYSTEM32\USERENV.dll
0x00007ffa8a7f0000 - 0x00007ffa8a7fc000 	C:\WINDOWS\SYSTEM32\CRYPTBASE.dll
0x00007ffa70620000 - 0x00007ffa7062a000 	C:\Program Files\Java\jdk-25.0.2\bin\management.dll
0x00007ffa704e0000 - 0x00007ffa704ec000 	C:\Program Files\Java\jdk-25.0.2\bin\management_ext.dll
0x00007ffa8d280000 - 0x00007ffa8d288000 	C:\WINDOWS\System32\PSAPI.DLL
0x00007ffa82720000 - 0x00007ffa82727000 	C:\WINDOWS\system32\wshunix.dll

JVMTI agents:
C:\Program Files\JetBrains\IntelliJ IDEA Community Edition 2025.1.1.1\lib\idea_rt.jar path:C:\Program Files\Java\jdk-25.0.2\bin\instrument.dll, loaded, initialized, instrumentlib options:49389

dbghelp: loaded successfully - version: 4.0.5 - missing functions: none
symbol engine: initialized successfully - sym options: 0x614 - pdb path: .;C:\Program Files\Java\jdk-25.0.2\bin;C:\WINDOWS\SYSTEM32;C:\WINDOWS\WinSxS\amd64_microsoft.windows.common-controls_6595b64144ccf1df_6.0.19041.6456_none_60b8a6cb71f64256;C:\Program Files\Java\jdk-25.0.2\bin\server;C:\Program Files\Bonjour

VM Arguments:
jvm_args: -javaagent:C:\Program Files\JetBrains\IntelliJ IDEA Community Edition 2025.1.1.1\lib\idea_rt.jar=49389 -Dfile.encoding=UTF-8 -Dsun.stdout.encoding=UTF-8 -Dsun.stderr.encoding=UTF-8 
java_command: com.duoc.bff_cajeros.BffCajerosApplication
java_class_path (initial): C:\Users\jorge\OneDrive\Desktop\Backend III\Semana 6\bff-cajeros\target\classes;C:\Users\jorge\.m2\repository\org\springframework\boot\spring-boot-starter-web\4.1.1\spring-boot-starter-web-4.1.1.jar;C:\Users\jorge\.m2\repository\org\springframework\boot\spring-boot-starter-jackson\4.1.1\spring-boot-starter-jackson-4.1.1.jar;C:\Users\jorge\.m2\repository\org\springframework\boot\spring-boot-jackson\4.1.1\spring-boot-jackson-4.1.1.jar;C:\Users\jorge\.m2\repository\tools\jackson\core\jackson-databind\3.1.5\jackson-databind-3.1.5.jar;C:\Users\jorge\.m2\repository\tools\jackson\core\jackson-core\3.1.5\jackson-core-3.1.5.jar;C:\Users\jorge\.m2\repository\org\springframework\boot\spring-boot-starter-tomcat\4.1.1\spring-boot-starter-tomcat-4.1.1.jar;C:\Users\jorge\.m2\repository\org\springframework\boot\spring-boot-starter-tomcat-runtime\4.1.1\spring-boot-starter-tomcat-runtime-4.1.1.jar;C:\Users\jorge\.m2\repository\org\springframework\boot\spring-boot-web-server\4.1.1\spring-boot-web-server-4.1.1.jar;C:\Users\jorge\.m2\repository\org\apache\tomcat\embed\tomcat-embed-core\11.0.24\tomcat-embed-core-11.0.24.jar;C:\Users\jorge\.m2\repository\org\apache\tomcat\embed\tomcat-embed-el\11.0.24\tomcat-embed-el-11.0.24.jar;C:\Users\jorge\.m2\repository\org\apache\tomcat\embed\tomcat-embed-websocket\11.0.24\tomcat-embed-websocket-11.0.24.jar;C:\Users\jorge\.m2\repository\org\springframework\boot\spring-boot-tomcat\4.1.1\spring-boot-tomcat-4.1.1.jar;C:\Users\jorge\.m2\repository\org\springframework\boot\spring-boot-http-converter\4.1.1\spring-boot-http-converter-4.1.1.jar;C:\Users\jorge\.m2\repository\org\springframework\boot\spring-boot\4.1.1\spring-boot-4.1.1.jar;C:\Users\jorge\.m2\repository\org\springframework\spring-context\7.0.9\spring-context-7.0.9.jar;C:\Users\jorge\.m2\repository\org\springframework\spring-web\7.0.9\spring-web-7.0.9.jar;C:\Users\jorge\.m2\repository\org\springframework\boot\spring-boot-webmvc\4.1.1\spring-boot-webmvc-4.1.1.jar;C:\Users\jorge\.m2\repository\org\springframework\boot\spring-boot-servlet\4.1.1\spring-boot-servlet-4.1.1.jar;C:\Users\jorge\.m2\repository\org\springframework\spring-webmvc\7.0.9\spring-webmvc-7.0.9.jar;C:\Users\jorge\.m2\repository\org\springframework\spring-expression\7.0.9\spring-expression-7.0.9.jar;C:\Users\jorge\.m2\repository\org\projectlombok\lombok\1.18.46\lombok-1.18.46.jar;C:\Users\jorge\.m2\repository\org\springframework\boot\spring-boot-starter\4.1.1\spring-boot-starter-4.1.1.jar;C:\Users\jorge\.m2\repository\org\springframework\boot\spring-boot-starter-logging\4.1.1\spring-boot-starter-logging-4.1.1.jar;C:\Users\jorge\.m2\repository\ch\qos\logback\logback-classic\1.5.38\logback-classic-1.5.38.jar;C:\Users\jorge\.m2\repository\ch\qos\logback\logback-core\1.5.38\logback-core-1.5.38.jar;C:\Users\jorge\.m2\repository\org\apache\logging\log4j\log4j-to-slf4j\2.25.5\log4j-to-slf4j-2.25.5.jar;C:\Users\jorge\.m2\repository\org\apache\logging\log4j\log4j-api\2.25.5\log4j-api-2.25.5.jar;C:\Users\jorge\.m2\repository\org\slf4j\jul-to-slf4j\2.0.18\jul-to-slf4j-2.0.18.jar;C:\Users\jorge\.m2\repository\org\springframework\boot\spring-boot-autoconfigure\4.1.1\spring-boot-autoconfigure-4.1.1.jar;C:\Users\jorge\.m2\repository\jakarta\annotation\jakarta.annotation-api\3.0.0\jakarta.annotation-api-3.0.0.jar;C:\Users\jorge\.m2\repository\org\yaml\snakeyaml\2.6\snakeyaml-2.6.jar;C:\Users\jorge\.m2\repository\org\slf4j\slf4j-api\2.0.18\slf4j-api-2.0.18.jar;C:\Users\jorge\.m2\repository\org\springframework\spring-core\7.0.9\spring-core-7.0.9.jar;C:\Users\jorge\.m2\repository\commons-logging\commons-logging\1.3.6\commons-logging-1.3.6.jar;C:\Users\jorge\.m2\repository\org\jspecify\jspecify\1.0.1\jspecify-1.0.1.jar;C:\Users\jorge\.m2\repository\org\springframework\cloud\spring-cloud-starter-circuitbreaker-resilience4j\5.0.2\spring-cloud-starter-circuitbreaker-resilience4j-5.0.2.jar;C:\Users\jorge\.m2\repository\org\springframework\cloud\spring-cloud-starter\5.0.2\spring-cloud-starter-5.0.2.jar;C:\Users\jorge\.m2\repository\org\springframework\cloud\spring-cloud-context\5.0.2\spring-cloud-context-5.0.2.jar;C:\Users\jorge\.m2\repository\org\springframework\security\spring-security-crypto\7.1.1\spring-security-crypto-7.1.1.jar;C:\Users\jorge\.m2\repository\org\springframework\cloud\spring-cloud-commons\5.0.2\spring-cloud-commons-5.0.2.jar;C:\Users\jorge\.m2\repository\org\bouncycastle\bcprov-jdk18on\1.81.1\bcprov-jdk18on-1.81.1.jar;C:\Users\jorge\.m2\repository\org\springframework\cloud\spring-cloud-circuitbreaker-resilience4j\5.0.2\spring-cloud-circuitbreaker-resilience4j-5.0.2.jar;C:\Users\jorge\.m2\repository\com\fasterxml\jackson\core\jackson-core\2.21.5\jackson-core-2.21.5.jar;C:\Users\jorge\.m2\repository\com\fasterxml\jackson\core\jackson-databind\2.21.5\jackson-databind-2.21.5.jar;C:\Users\jorge\.m2\repository\com\fasterxml\jackson\core\jackson-annotations\2.21\jackson-annotations-2.21.jar;C:\Users\jorge\.m2\repository\io\micrometer\micrometer-observation\1.17.1\micrometer-observation-1.17.1.jar;C:\Users\jorge\.m2\repository\io\micrometer\micrometer-commons\1.17.1\micrometer-commons-1.17.1.jar;C:\Users\jorge\.m2\repository\io\github\resilience4j\resilience4j-spring-boot3\2.3.0\resilience4j-spring-boot3-2.3.0.jar;C:\Users\jorge\.m2\repository\io\github\resilience4j\resilience4j-spring6\2.3.0\resilience4j-spring6-2.3.0.jar;C:\Users\jorge\.m2\repository\io\github\resilience4j\resilience4j-annotations\2.3.0\resilience4j-annotations-2.3.0.jar;C:\Users\jorge\.m2\repository\io\github\resilience4j\resilience4j-consumer\2.3.0\resilience4j-consumer-2.3.0.jar;C:\Users\jorge\.m2\repository\io\github\resilience4j\resilience4j-circularbuffer\2.3.0\resilience4j-circularbuffer-2.3.0.jar;C:\Users\jorge\.m2\repository\io\github\resilience4j\resilience4j-framework-common\2.3.0\resilience4j-framework-common-2.3.0.jar;C:\Users\jorge\.m2\repository\io\github\resilience4j\resilience4j-micrometer\2.3.0\resilience4j-micrometer-2.3.0.jar;C:\Users\jorge\.m2\repository\io\micrometer\micrometer-core\1.17.1\micrometer-core-1.17.1.jar;C:\Users\jorge\.m2\repository\org\hdrhistogram\HdrHistogram\2.2.2\HdrHistogram-2.2.2.jar;C:\Users\jorge\.m2\repository\io\github\resilience4j\resilience4j-retry\2.3.0\resilience4j-retry-2.3.0.jar;C:\Users\jorge\.m2\repository\io\github\resilience4j\resilience4j-ratelimiter\2.3.0\resilience4j-ratelimiter-2.3.0.jar;C:\Users\jorge\.m2\repository\org\springframework\boot\spring-boot-configuration-processor\4.1.1\spring-boot-configuration-processor-4.1.1.jar;C:\Users\jorge\.m2\repository\io\github\resilience4j\resilience4j-circuitbreaker\2.3.0\resilience4j-circuitbreaker-2.3.0.jar;C:\Users\jorge\.m2\repository\io\github\resilience4j\resilience4j-core\2.3.0\resilience4j-core-2.3.0.jar;C:\Users\jorge\.m2\repository\org\jetbrains\kotlin\kotlin-stdlib-jdk8\2.3.21\kotlin-stdlib-jdk8-2.3.21.jar;C:\Users\jorge\.m2\repository\org\jetbrains\kotlin\kotlin-stdlib\2.3.21\kotlin-stdlib-2.3.21.jar;C:\Users\jorge\.m2\repository\org\jetbrains\annotations\13.0\annotations-13.0.jar;C:\Users\jorge\.m2\repository\org\jetbrains\kotlin\kotlin-stdlib-jdk7\2.3.21\kotlin-stdlib-jdk7-2.3.21.jar;C:\Users\jorge\.m2\repository\io\github\resilience4j\resilience4j-timelimiter\2.3.0\resilience4j-timelimiter-2.3.0.jar;C:\Users\jorge\.m2\repository\org\springframework\spring-aop\7.0.9\spring-aop-7.0.9.jar;C:\Users\jorge\.m2\repository\org\springframework\spring-beans\7.0.9\spring-beans-7.0.9.jar;C:\Users\jorge\.m2\repository\org\aspectj\aspectjweaver\1.9.25.1\aspectjweaver-1.9.25.1.jar
Launcher Type: SUN_STANDARD

[Global flags]
     intx CICompilerCount                          = 4                                         {product} {ergonomic}
     uint ConcGCThreads                            = 3                                         {product} {ergonomic}
     uint G1ConcRefinementThreads                  = 10                                        {product} {ergonomic}
   size_t G1HeapRegionSize                         = 2097152                                   {product} {ergonomic}
   size_t InitialHeapSize                          = 268435456                                 {product} {ergonomic}
   size_t MarkStackSize                            = 4194304                                   {product} {ergonomic}
   size_t MarkStackSizeMax                         = 536870912                                 {product} {ergonomic}
   size_t MaxHeapSize                              = 4276092928                                {product} {ergonomic}
   size_t MaxNewSize                               = 2564816896                                {product} {ergonomic}
   size_t MinHeapDeltaBytes                        = 2097152                                   {product} {ergonomic}
   size_t MinHeapSize                              = 8388608                                   {product} {ergonomic}
    uintx NonNMethodCodeHeapSize                   = 5832704                                {pd product} {ergonomic}
    uintx NonProfiledCodeHeapSize                  = 122945536                              {pd product} {ergonomic}
    uintx ProfiledCodeHeapSize                     = 122880000                              {pd product} {ergonomic}
    uintx ReservedCodeCacheSize                    = 251658240                              {pd product} {ergonomic}
     bool SegmentedCodeCache                       = true                                      {product} {ergonomic}
   size_t SoftMaxHeapSize                          = 4276092928                             {manageable} {ergonomic}
     bool UseCompressedOops                        = true                           {product lp64_product} {ergonomic}
     bool UseG1GC                                  = true                                      {product} {ergonomic}
     bool UseLargePagesIndividualAllocation        = false                                  {pd product} {ergonomic}

Logging:
Log output configuration:
 #0: stdout all=warning uptime,level,tags foldmultilines=false
 #1: stderr all=off uptime,level,tags foldmultilines=false

Release file:
IMPLEMENTOR="Oracle Corporation" 
JAVA_RUNTIME_VERSION="25.0.2+10-LTS-69" 
JAVA_VERSION="25.0.2" 
JAVA_VERSION_DATE="2026-01-20" 
LIBC="default" 
MODULES="java.base java.compiler java.datatransfer java.xml java.prefs java.desktop java.instrument java.logging java.management java.security.sasl java.naming java.rmi java.management.rmi java.net.http java.scripting java.security.jgss java.transaction.xa java.sql java.sql.rowset java.xml.crypto java.se java.smartcardio jdk.accessibility jdk.internal.jvmstat jdk.attach jdk.charsets jdk.internal.opt jdk.zipfs jdk.compiler jdk.crypto.cryptoki jdk.crypto.ec jdk.crypto.mscapi jdk.dynalink jdk.internal.ed jdk.editpad jdk.internal.vm.ci jdk.graal.compiler jdk.graal.compiler.management jdk.hotspot.agent jdk.httpserver jdk.incubator.vector jdk.internal.le jdk.internal.md jdk.jartool jdk.javadoc jdk.jcmd jdk.management jdk.management.agent jdk.jconsole jdk.jdeps jdk.jdwp.agent jdk.jdi jdk.jfr jdk.jlink jdk.jpackage jdk.jshell jdk.jsobject jdk.jstatd jdk.localedata jdk.management.jfr jdk.naming.dns jdk.naming.rmi jdk.net jdk.nio.mapmode jdk.sctp jdk.security.auth jdk.security.jgss jdk.unsupported jdk.unsupported.desktop jdk.xml.dom" 
OS_ARCH="x86_64" 
OS_NAME="Windows" 
SOURCE=".:git:b75efb40c93a open:git:405a5699ebd0" 

Environment Variables:
JAVA_HOME=C:\Program Files\Microsoft\jdk-21.0.10.7-hotspot\
PATH=C:\Program Files\Microsoft\jdk-21.0.10.7-hotspot\bin;C:\Program Files\Common Files\Oracle\Java\javapath;C:\app\jorge\product\21c\dbhomeXE\bin;C:\WINDOWS\system32;C:\WINDOWS;C:\WINDOWS\System32\Wbem;C:\WINDOWS\System32\WindowsPowerShell\v1.0\;C:\WINDOWS\System32\OpenSSH\;C:\Program Files\NVIDIA Corporation\NVIDIA App\NvDLISR;C:\Program Files (x86)\NVIDIA Corporation\PhysX\Common;C:\Program Files\nodejs\;C:\Program Files\Docker\Docker\resources\bin;C:\Program Files\Git\cmd;C:\Program Files\dotnet\;C:\Program Files\Amazon\AWSCLIV2\;C:\Program Files\Amazon\AWSSAMCLI\bin\;C:\Users\jorge\scoop\apps\maven\current\bin;C:\Users\jorge\scoop\shims;C:\Program Files\MySQL\MySQL Shell 8.0\bin\;C:\Users\jorge\AppData\Local\Programs\Python\Launcher\;C:\Users\jorge\AppData\Local\Microsoft\WindowsApps;C:\Users\jorge\AppData\Local\Programs\Microsoft VS Code\bin;C:\Program Files\JetBrains\PyCharm Community Edition 2025.1.1.1\bin;;C:\Users\jorge\AppData\Roaming\npm;C:\Users\jorge\.dotnet\tools;C:\Program Files\PostgreSQL\17\bin;C:\terraform;
USERNAME=jorge
OS=Windows_NT
PROCESSOR_IDENTIFIER=Intel64 Family 6 Model 165 Stepping 5, GenuineIntel
TMP=C:\Users\jorge\AppData\Local\Temp
TEMP=C:\Users\jorge\AppData\Local\Temp




Compilation memory statistics disabled.

Periodic native trim disabled

---------------  S Y S T E M  ---------------

OS:
 Windows 10 , 64 bit Build 19041 (10.0.19041.5915)
OS uptime: 0 days 21:40 hours
Hyper-V role detected

CPU: total 12 (initial active 12) (6 cores per cpu, 2 threads per core) family 6 model 165 stepping 5 microcode 0xca, cx8, cmov, fxsr, ht, mmx, 3dnowpref, sse, sse2, sse3, ssse3, sse4.1, sse4.2, popcnt, lzcnt, tsc, tscinvbit, avx, avx2, aes, erms, clmul, bmi1, bmi2, adx, fma, vzeroupper, clflush, clflushopt, hv, rdtscp, f16c
Processor Information for the first 12 processors :
  Max Mhz: 4104, Current Mhz: 3803, Mhz Limit: 4104

Memory: 4k page, system-wide physical 16310M (3398M free)
TotalPageFile size 29110M (AvailPageFile size 5787M)
current process WorkingSet (physical memory assigned to process): 260M, peak: 277M
current process commit charge ("private bytes"): 302M, peak: 447M

vm_info: Java HotSpot(TM) 64-Bit Server VM (25.0.2+10-LTS-69) for windows-amd64 JRE (25.0.2+10-LTS-69), built on 2025-12-18T11:36:35Z with MS VC++ 17.13 (VS2022)

END.
