#
# A fatal error has been detected by the Java Runtime Environment:
#
#  EXCEPTION_ACCESS_VIOLATION (0xc0000005) at pc=0x00007ffa4357f380, pid=6800, tid=13748
#
# JRE version: Java(TM) SE Runtime Environment (25.0.2+10) (build 25.0.2+10-LTS-69)
# Java VM: Java HotSpot(TM) 64-Bit Server VM (25.0.2+10-LTS-69, mixed mode, sharing, tiered, compressed oops, compressed class ptrs, g1 gc, windows-amd64)
# Problematic frame:
# V  [jvm.dll+0x3af380]
#
# No core dump will be written. Minidumps are not enabled by default on client versions of Windows
#
# If you would like to submit a bug report, please visit:
#   https://bugreport.java.com/bugreport/crash.jsp
#

---------------  S U M M A R Y ------------

Command Line: -javaagent:C:\Program Files\JetBrains\IntelliJ IDEA Community Edition 2025.1.1.1\lib\idea_rt.jar=49392 -Dfile.encoding=UTF-8 -Dsun.stdout.encoding=UTF-8 -Dsun.stderr.encoding=UTF-8 com.duoc.bff_cajeros.BffCajerosApplication

Host: Intel(R) Core(TM) i5-10600K CPU @ 4.10GHz, 12 cores, 15G,  Windows 10 , 64 bit Build 19041 (10.0.19041.5915)
Time: Sun Sep 20 10:50:41 2026 Hora verano Sudamérica Pacífico elapsed time: 0.816524 seconds (0d 0h 0m 0s)

---------------  T H R E A D  ---------------

Current thread (0x000002199e01a030):  WorkerThread "GC Thread#0"    [id=13748, stack(0x0000001fb8e00000,0x0000001fb8f00000) (1024K)]

Stack: [0x0000001fb8e00000,0x0000001fb8f00000],  sp=0x0000001fb8eff888,  free space=1022k
Native frames: (J=compiled Java code, j=interpreted, Vv=VM code, C=native code)
V  [jvm.dll+0x3af380]  (no source info available)


siginfo: EXCEPTION_ACCESS_VIOLATION (0xc0000005), reading address 0x0000000014000009


Registers:
RAX=0x0000000000000000, RBX=0x0000000000000000, RCX=0x000000070f86ebe8, RDX=0x0000000014000001
RSP=0x0000001fb8eff888, RBP=0x0000001fb8eff910, RSI=0x000002199dfc9c50, RDI=0x0000000014000001
R8 =0x000000070f86ebe8, R9 =0x0000000000000000, R10=0x0000000000000000, R11=0x00007ffa828d1601
R12=0x0000001fb8eff970, R13=0x00000219c29f2ba0, R14=0x0000000000000020, R15=0x000000070f86ebe8
RIP=0x00007ffa4357f380, EFLAGS=0x0000000000010202

XMM[0]=0x0000004b001853b8 0x0000000000000001
XMM[1]=0x616379636e756f62 0x2f67726f2f392f73
XMM[2]=0x1b57c4cf56609356 0x244f56e00a56a4c6
XMM[3]=0x5a00c959e47c5980 0x405964f45800b858
XMM[4]=0x84b25c20765c042a 0x5ca0ed5b84a15b20
XMM[5]=0x315636353250324d 0x532f6d672f6d6f74
XMM[6]=0x00000000c48910be 0x00000000007be4ad
XMM[7]=0x0000000000000000 0x0000000000000000
XMM[8]=0x0000000000000000 0x0000000000000000
XMM[9]=0x0000000000000000 0x0000000000000000
XMM[10]=0x0000000000000000 0x0000000000000000
XMM[11]=0x0000000000000000 0x0000000000000000
XMM[12]=0x0000000000000000 0x0000000000000000
XMM[13]=0x0000000000000000 0x0000000000000000
XMM[14]=0x0000000000000000 0x0000000000000000
XMM[15]=0x0000000000000000 0x0000000000000000
  MXCSR=0x00001fa0


Register to memory mapping:

RAX=0x0 is null
RBX=0x0 is null
RCX=0x000000070f86ebe8 is pointing into object: java.util.LinkedHashMap$Entry 
{0x000000070f86ebc8} - klass: 'java/util/LinkedHashMap$Entry' - flags: 

 - ---- fields (total size 5 words):
 - final 'hash' 'I' @12  -2034522908 (0x86bba4e4)
 - final 'key' 'Ljava/lang/Object;' @16  a 'java/util/jar/Attributes$Name'{0x00000007ffe04070} (0xfffc080e)
 - 'value' 'Ljava/lang/Object;' @20  "ezVi2HalAngAYT7iH/ZoF2rvMqpMIWVmMXjeMHRiuTE="{0x000000070f86eb50} (0xe1f0dd6a)
 - 'next' 'Ljava/util/HashMap$Node;' @24  null (0x00000000)
 - 'before' 'Ljava/util/LinkedHashMap$Entry;' @28  null (0x00000000)
 - 'after' 'Ljava/util/LinkedHashMap$Entry;' @32  null (0x00000000)
RDX=0x0000000014000001 points into nKlass protection zone
RSP=0x0000001fb8eff888 points into unknown readable memory: 0x00007ffa435c6b0e | 0e 6b 5c 43 fa 7f 00 00
RBP=0x0000001fb8eff910 points into unknown readable memory: 0x0000000000000000 | 00 00 00 00 00 00 00 00
RSI=0x000002199dfc9c50 points into unknown readable memory: 0x0000000000000000 | 00 00 00 00 00 00 00 00
RDI=0x0000000014000001 points into nKlass protection zone
R8 =0x000000070f86ebe8 is pointing into object: java.util.LinkedHashMap$Entry 
{0x000000070f86ebc8} - klass: 'java/util/LinkedHashMap$Entry' - flags: 

 - ---- fields (total size 5 words):
 - final 'hash' 'I' @12  -2034522908 (0x86bba4e4)
 - final 'key' 'Ljava/lang/Object;' @16  a 'java/util/jar/Attributes$Name'{0x00000007ffe04070} (0xfffc080e)
 - 'value' 'Ljava/lang/Object;' @20  "ezVi2HalAngAYT7iH/ZoF2rvMqpMIWVmMXjeMHRiuTE="{0x000000070f86eb50} (0xe1f0dd6a)
 - 'next' 'Ljava/util/HashMap$Node;' @24  null (0x00000000)
 - 'before' 'Ljava/util/LinkedHashMap$Entry;' @28  null (0x00000000)
 - 'after' 'Ljava/util/LinkedHashMap$Entry;' @32  null (0x00000000)
R9 =0x0 is null
R10=0x0 is null
R11=0x00007ffa828d1601 VCRUNTIME140.dll
R12=0x0000001fb8eff970 points into unknown readable memory: 0x00000219c2000001 | 01 00 00 c2 19 02 00 00
R13=0x00000219c29f2ba0 points into unknown readable memory: 0x00007ffa43cb99f8 | f8 99 cb 43 fa 7f 00 00
R14=0x0000000000000020 is an unknown value
R15=0x000000070f86ebe8 is pointing into object: java.util.LinkedHashMap$Entry 
{0x000000070f86ebc8} - klass: 'java/util/LinkedHashMap$Entry' - flags: 

 - ---- fields (total size 5 words):
 - final 'hash' 'I' @12  -2034522908 (0x86bba4e4)
 - final 'key' 'Ljava/lang/Object;' @16  a 'java/util/jar/Attributes$Name'{0x00000007ffe04070} (0xfffc080e)
 - 'value' 'Ljava/lang/Object;' @20  "ezVi2HalAngAYT7iH/ZoF2rvMqpMIWVmMXjeMHRiuTE="{0x000000070f86eb50} (0xe1f0dd6a)
 - 'next' 'Ljava/util/HashMap$Node;' @24  null (0x00000000)
 - 'before' 'Ljava/util/LinkedHashMap$Entry;' @28  null (0x00000000)
 - 'after' 'Ljava/util/LinkedHashMap$Entry;' @32  null (0x00000000)

Top of Stack: (sp=0x0000001fb8eff888)
0x0000001fb8eff888:   00007ffa435c6b0e 0000000000000001   .k\C............
0x0000001fb8eff898:   000000001424da00 0000001fb8eff910   ..$.............
0x0000001fb8eff8a8:   00000000142cc5f8 0000000000000000   ..,.............
0x0000001fb8eff8b8:   0000001f00000000 0000000000000000   ................
0x0000001fb8eff8c8:   00007ffa435c0001 00000219c2000001   ..\C............
0x0000001fb8eff8d8:   00007ffa439bdc9f 0000000700000000   ...C............
0x0000001fb8eff8e8:   0000000000000008 0000000000000040   ........@.......
0x0000001fb8eff8f8:   0000000000000040 00000219bd796d00   @........my.....
0x0000001fb8eff908:   00007ffa435c717e 0000000000000000   ~q\C............
0x0000001fb8eff918:   00000219c29f2ba0 0000000000000000   .+..............
0x0000001fb8eff928:   00000219c29f2ba0 0000001fb8eff9d0   .+..............
0x0000001fb8eff938:   00007ffa435c4f98 000002199dfc9c50   .O\C....P.......
0x0000001fb8eff948:   0000000000000000 000000000000001e   ................
0x0000001fb8eff958:   0000000701545554 0000000701545555   TUT.....UUT.....
0x0000001fb8eff968:   00007ffa435c8078 00000219c2000001   x.\C............
0x0000001fb8eff978:   00000219c29f2ba0 0000001fb8eff9d0   .+..............
0x0000001fb8eff988:   0000000000000003 0000000000000018   ................
0x0000001fb8eff998:   0000000000000018 00000219bd796f80   .........oy.....
0x0000001fb8eff9a8:   00007ffa435c717e 00000219c29f2ba0   ~q\C.....+......
0x0000001fb8eff9b8:   00007ffa4359fd30 000000b200000012   0.YC............
0x0000001fb8eff9c8:   0000000000000000 00000219c29f2ba0   .........+......
0x0000001fb8eff9d8:   00000219c2993eb0 0000000000000003   .>..............
0x0000001fb8eff9e8:   00000219c29f2ba0 000002199dfa1de0   .+..............
0x0000001fb8eff9f8:   00000219bde202a2 0000001fb8effaf0   ................
0x0000001fb8effa08:   00007ffa435c7d67 00000219bde202a2   g}\C............
0x0000001fb8effa18:   000002199dfa1de0 000002199dfa1de0   ................
0x0000001fb8effa28:   00007ffa4359197b 0000000300000012   {.YC............
0x0000001fb8effa38:   00007ffa43ae3547 0000000000000014   G5.C............
0x0000001fb8effa48:   00007ffa435b32ac 00000219bde202a2   .2[C............
0x0000001fb8effa58:   0000001fb94feba0 0000000000000000   ..O.............
0x0000001fb8effa68:   0000000000000001 0000001fb8effb60   ........`.......
0x0000001fb8effa78:   00007ffa435dc839 0000000000000012   9.]C............

Instructions: (pc=0x00007ffa4357f380)
  0x00007ffa4357f280:   c1 eb 03 48 3b da 73 98 eb 1d 41 b1 01 4c 8b c3
  0x00007ffa4357f290:   48 8b d6 48 8b cf e8 25 76 03 00 4c 8d 04 dd 00
  0x00007ffa4357f2a0:   00 00 00 48 89 77 20 48 8b 74 24 38 48 8b 4f 10
  0x00007ffa4357f2b0:   48 8b 5f 08 48 2b d9 49 03 d8 49 8b 0e 48 8b d7
  0x00007ffa4357f2c0:   4c 8b 41 10 49 8b ce 41 ff d0 48 8b 7c 24 48 48
  0x00007ffa4357f2d0:   8b c3 48 8b 5c 24 40 48 83 c4 20 41 5e c3 cc cc
  0x00007ffa4357f2e0:   40 53 48 83 ec 20 4c 8b 42 10 4c 8d 4c 24 30 4c
  0x00007ffa4357f2f0:   2b 41 28 48 8b d9 0f b6 41 38 4c 2b 02 48 8b 0d
  0x00007ffa4357f300:   84 ba 99 00 c6 44 24 30 00 88 44 24 31 c6 44 24
  0x00007ffa4357f310:   32 00 e8 99 3c 01 00 48 c7 43 28 00 00 00 00 48
  0x00007ffa4357f320:   83 c4 20 5b c3 cc cc cc cc cc cc cc cc cc cc cc
  0x00007ffa4357f330:   4c 8b 42 10 4c 2b 02 48 8b 0d 4a ba 99 00 e9 fd
  0x00007ffa4357f340:   3c 01 00 cc cc cc cc cc cc cc cc cc cc cc cc cc
  0x00007ffa4357f350:   48 8b 42 10 48 2b 02 ff 41 10 48 89 41 28 48 89
  0x00007ffa4357f360:   51 08 c3 cc cc cc cc cc cc cc cc cc cc cc cc cc
  0x00007ffa4357f370:   48 89 0d 11 ba 99 00 48 89 15 02 ba 99 00 c3 cc
=>0x00007ffa4357f380:   44 8b 4a 08 4c 8b c2 45 85 c9 7e 0e 41 f6 c1 01
  0x00007ffa4357f390:   75 46 41 c1 f9 03 49 63 c1 c3 79 3c 8b 05 c6 61
  0x00007ffa4357f3a0:   93 00 ff c8 4c 63 c0 48 63 05 2a ad 9c 00 48 63
  0x00007ffa4357f3b0:   14 08 41 8b c9 48 d3 e2 41 8b c1 48 c1 f8 10 0f
  0x00007ffa4357f3c0:   b6 c0 49 8d 0c 10 49 f7 d0 48 03 c1 49 c1 e8 03
  0x00007ffa4357f3d0:   48 c1 e8 03 49 23 c0 c3 48 8b 02 48 8b d1 49 8b
  0x00007ffa4357f3e0:   c8 48 ff a0 00 01 00 00 cc cc cc cc cc cc cc cc
  0x00007ffa4357f3f0:   48 8b 51 08 33 c0 48 3b 15 83 b9 99 00 48 0f 44
  0x00007ffa4357f400:   d0 48 85 d2 74 07 48 8b 42 10 48 2b 02 48 8b 51
  0x00007ffa4357f410:   30 48 85 d2 74 0a 48 8b 4a 10 48 2b 0a 48 03 c1
  0x00007ffa4357f420:   c3 cc cc cc cc cc cc cc cc cc cc cc cc cc cc cc
  0x00007ffa4357f430:   48 89 4c 24 08 48 89 54 24 10 4c 89 44 24 18 4c
  0x00007ffa4357f440:   89 4c 24 20 48 83 ec 28 4c 8b c1 4c 8d 4c 24 38
  0x00007ffa4357f450:   48 8d 0d a9 b9 99 00 ba 01 00 00 00 e8 ef 6b 2f
  0x00007ffa4357f460:   00 48 83 c4 28 c3 cc cc cc cc cc cc cc cc cc cc
  0x00007ffa4357f470:   48 89 4c 24 08 48 89 54 24 10 4c 89 44 24 18 4c


Stack slot to memory mapping:

stack at sp + 0 slots: 0x00007ffa435c6b0e jvm.dll
stack at sp + 1 slots: 0x0000000000000001 is an unknown value
stack at sp + 2 slots: 0x000000001424da00 is a pointer to class: 
java.util.LinkedHashMap {0x000000001424da08}
 - instance size:     8
 - klass size:        173
 - access:            public synchronized 
 - flags:             rewritten has_nonstatic_fields has_nonstatic_concrete_methods defined_by_boot_loader has_localvariable_table has_miranda_methods has_final_method 
 - state:             fully_initialized
 - name:              'java/util/LinkedHashMap'
 - super:             'java/util/HashMap'
 - sub:               
 - arrays:            null
 - methods:           Array<T>(0x00000000148a1b58)
 - method ordering:   Array<T>(0x00000000146c7228)
 - default_methods:   Array<T>(0x00000000148a2348)
 - default vtable indices:   Array<T>(0x00000000146c72c0)
 - local interfaces:  Array<T>(0x00000000148a2370)
 - trans. interfaces: Array<T>(0x00000000148a2380)
 - secondary supers: Array<T>(0x000000001489f920)
 - hash_slot:         17
 - secondary bitmap: 0x0200002100000001
 - constants:         constant pool [386] {0x000000001489fff8} for 'java/util/LinkedHashMap' cache=0x000000001424ed68
 - class loader data:  loader data: 0x00000219bd79cd20 of 'bootstrap'
 - source file:       'LinkedHashMap.java'
 - generic signature: '<K:Ljava/lang/Object;V:Ljava/lang/Object;>Ljava/util/HashMap<TK;TV;>;Ljava/util/SequencedMap<TK;TV;>;'
 - inner classes:     Array<T>(0x00000000146c7120)
 - nest members:     Array<T>(0x00000000146c7320)
 - permitted subclasses:     Array<T>(0x00000000146a0a78)
 - java mirror:       a 'java/lang/Class'{0x00000007ffea8500} = 'java/util/LinkedHashMap'
 - vtable length      59  (start addr: 0x000000001424dbd8)
 - itable length      53 (start addr: 0x000000001424ddb0)
 - ---- static fields (3 words):
 - private static final 'serialVersionUID' 'J' @120 
 - static final 'PUT_NORM' 'I' @128 
 - static final 'PUT_FIRST' 'I' @132 
 - static final 'PUT_LAST' 'I' @136 
 - ---- non-static fields (12 words):
 - transient 'keySet' 'Ljava/util/Set;' @12 
 - transient 'values' 'Ljava/util/Collection;' @16 
 - transient 'table' '[Ljava/util/HashMap$Node;' @20 
 - transient 'entrySet' 'Ljava/util/Set;' @24 
 - transient 'size' 'I' @28 
 - transient 'modCount' 'I' @32 
 - 'threshold' 'I' @36 
 - final 'loadFactor' 'F' @40 
 - transient 'putMode' 'I' @44 
 - final 'accessOrder' 'Z' @48 
 - transient 'head' 'Ljava/util/LinkedHashMap$Entry;' @52 
 - transient 'tail' 'Ljava/util/LinkedHashMap$Entry;' @56 
 - non-static oop maps (2 entries): 12-24 52-56 
stack at sp + 3 slots: 0x0000001fb8eff910 points into unknown readable memory: 0x0000000000000000 | 00 00 00 00 00 00 00 00
stack at sp + 4 slots: 0x00000000142cc5f8 is a pointer to class: 
stack at sp + 5 slots: 0x0 is null
stack at sp + 6 slots: 0x0000001f00000000 is an unknown value
stack at sp + 7 slots: 0x0 is null


---------------  P R O C E S S  ---------------

Threads class SMR info:
_java_thread_list=0x00000219c2835c50, length=14, elements={
0x000002199dfb01e0, 0x00000219bd8f4a10, 0x00000219bd8f5470, 0x00000219bd8f6620,
0x00000219bd8f81f0, 0x00000219bd8f8db0, 0x00000219bd8f9970, 0x00000219bd9068d0,
0x00000219bd9126b0, 0x00000219bdd42850, 0x00000219bd911690, 0x00000219bdd9ab00,
0x00000219bdd9b6c0, 0x00000219bd90d610
}

Java Threads: ( => current thread )
  0x000002199dfb01e0 JavaThread "main"                              [_thread_blocked, id=11780, stack(0x0000001fb8d00000,0x0000001fb8e00000) (1024K)]
  0x00000219bd8f4a10 JavaThread "Reference Handler"          daemon [_thread_blocked, id=21176, stack(0x0000001fb9500000,0x0000001fb9600000) (1024K)]
  0x00000219bd8f5470 JavaThread "Finalizer"                  daemon [_thread_blocked, id=4380, stack(0x0000001fb9600000,0x0000001fb9700000) (1024K)]
  0x00000219bd8f6620 JavaThread "Signal Dispatcher"          daemon [_thread_blocked, id=21672, stack(0x0000001fb9700000,0x0000001fb9800000) (1024K)]
  0x00000219bd8f81f0 JavaThread "Attach Listener"            daemon [_thread_blocked, id=16224, stack(0x0000001fb9800000,0x0000001fb9900000) (1024K)]
  0x00000219bd8f8db0 JavaThread "Service Thread"             daemon [_thread_blocked, id=21600, stack(0x0000001fb9900000,0x0000001fb9a00000) (1024K)]
  0x00000219bd8f9970 JavaThread "Monitor Deflation Thread"   daemon [_thread_blocked, id=7004, stack(0x0000001fb9a00000,0x0000001fb9b00000) (1024K)]
  0x00000219bd9068d0 JavaThread "C2 CompilerThread0"         daemon [_thread_blocked, id=22332, stack(0x0000001fb9b00000,0x0000001fb9c00000) (1024K)]
  0x00000219bd9126b0 JavaThread "C1 CompilerThread0"         daemon [_thread_blocked, id=20192, stack(0x0000001fb9c00000,0x0000001fb9d00000) (1024K)]
  0x00000219bdd42850 JavaThread "Common-Cleaner"             daemon [_thread_blocked, id=20628, stack(0x0000001fb9d00000,0x0000001fb9e00000) (1024K)]
  0x00000219bd911690 JavaThread "C2 CompilerThread1"         daemon [_thread_blocked, id=3052, stack(0x0000001fb9e00000,0x0000001fb9f00000) (1024K)]
  0x00000219bdd9ab00 JavaThread "Monitor Ctrl-Break"         daemon [_thread_in_native, id=9828, stack(0x0000001fb9f00000,0x0000001fba000000) (1024K)]
  0x00000219bdd9b6c0 JavaThread "Notification Thread"        daemon [_thread_blocked, id=4116, stack(0x0000001fba000000,0x0000001fba100000) (1024K)]
  0x00000219bd90d610 JavaThread "C2 CompilerThread2"         daemon [_thread_blocked, id=16980, stack(0x0000001fba100000,0x0000001fba200000) (1024K)]
Total: 14

Other Threads:
  0x00000219bd7aa7f0 VMThread "VM Thread"                           [id=10112, stack(0x0000001fb9400000,0x0000001fb9500000) (1024K)]
  0x00000219bd8d3e40 WatcherThread "VM Periodic Task Thread"        [id=5428, stack(0x0000001fb9300000,0x0000001fb9400000) (1024K)]
=>0x000002199e01a030 WorkerThread "GC Thread#0"                     [id=13748, stack(0x0000001fb8e00000,0x0000001fb8f00000) (1024K)]
  0x00000219bd7a9f50 WorkerThread "GC Thread#1"                     [id=11924, stack(0x0000001fba200000,0x0000001fba300000) (1024K)]
  0x00000219bd7a89c0 WorkerThread "GC Thread#2"                     [id=20848, stack(0x0000001fba300000,0x0000001fba400000) (1024K)]
  0x00000219bd7aac40 WorkerThread "GC Thread#3"                     [id=17828, stack(0x0000001fba400000,0x0000001fba500000) (1024K)]
  0x00000219bd7a8120 WorkerThread "GC Thread#4"                     [id=20036, stack(0x0000001fba500000,0x0000001fba600000) (1024K)]
  0x00000219bd7a9260 WorkerThread "GC Thread#5"                     [id=15236, stack(0x0000001fba600000,0x0000001fba700000) (1024K)]
  0x000002199e032f40 ConcurrentGCThread "G1 Main Marker"            [id=7524, stack(0x0000001fb8f00000,0x0000001fb9000000) (1024K)]
  0x000002199e034280 WorkerThread "G1 Conc#0"                       [id=13224, stack(0x0000001fb9000000,0x0000001fb9100000) (1024K)]
  0x000002199e06e0d0 ConcurrentGCThread "G1 Refine#0"               [id=2372, stack(0x0000001fb9100000,0x0000001fb9200000) (1024K)]
  0x00000219bd79d9a0 ConcurrentGCThread "G1 Service"                [id=19648, stack(0x0000001fb9200000,0x0000001fb9300000) (1024K)]
Total: 12

Threads with active compile tasks:
C2 CompilerThread0  861 1681       4       jdk.internal.util.ReferencedKeyMap::removeStaleReferences (30 bytes)
C1 CompilerThread0  861 1676       3       java.lang.classfile.Attributes::code (4 bytes)
C2 CompilerThread2  862 1680       4       jdk.internal.classfile.impl.SplitConstantPool::tryFindUtf8 (103 bytes)
Total: 3

VM state: at safepoint (normal execution)

VM Mutex/Monitor currently owned by a thread:  ([mutex/lock_event])
[0x00007ffa43f495e8] Threads_lock - owner thread: 0x00000219bd7aa7f0
[0x00007ffa43f49768] Heap_lock - owner thread: 0x000002199dfb01e0

Heap address: 0x0000000701200000, size: 4078 MB, Compressed Oops mode: Zero based, Oop shift amount: 3

CDS archive(s) mapped at: [0x0000000014000000-0x0000000014dd0000-0x0000000014dd0000), size 14483456, SharedBaseAddress: 0x0000000014000000, ArchiveRelocationMode: 1.
Compressed class space mapped at: 0x0000000015000000-0x0000000055000000, reserved size: 1073741824
UseCompressedClassPointers 1, UseCompactObjectHeaders 0
Narrow klass pointer bits 32, Max shift 3
Narrow klass base: 0x0000000014000000, Narrow klass shift: 0
Encoding Range: [0x0000000014000000 - 0x0000000114000000), (4294967296 bytes)
Klass Range:    [0x0000000014010000 - 0x0000000055000000), (1090453504 bytes)
Klass ID Range:  [65536 - 1090519033) (1090453497)
Protection zone: [0x0000000014000000 - 0x0000000014010000), (65536 bytes)

GC Precious Log:
 CardTable entry size: 512
 Card Set container configuration: InlinePtr #cards 4 size 8 Array Of Cards #cards 16 size 48 Howl #buckets 8 coarsen threshold 3686 Howl Bitmap #cards 512 size 80 coarsen threshold 460 Card regions per heap region 1 cards per card region 4096
 CPUs: 12 total, 12 available
 Memory: 16310M
 Large Page Support: Disabled
 NUMA Support: Disabled
 Compressed Oops: Enabled (Zero based)
 Heap Region Size: 2M
 Heap Min Capacity: 8M
 Heap Initial Capacity: 256M
 Heap Max Capacity: 4078M
 Pre-touch: Disabled
 Parallel Workers: 10
 Concurrent Workers: 3
 Concurrent Refinement Workers: 10
 Periodic GC: Disabled

Heap:
 garbage-first heap   total reserved 4175872K, committed 264192K, used 50325K [0x0000000701200000, 0x0000000800000000)
  region size 2048K, 27 young (55296K), 3 survivors (6144K)

Heap Regions: E=young(eden), S=young(survivor), O=old, HS=humongous(starts), HC=humongous(continues), CS=collection set, F=free, TAMS=top-at-mark-start, PB=parsable bottom
|   0|0x0000000701200000, 0x0000000701400000, 0x0000000701400000|100%| O|  |TAMS 0x0000000701200000| PB 0x0000000701200000| Untracked |  0
|   1|0x0000000701400000, 0x00000007015cbd20, 0x0000000701600000| 89%| O|  |TAMS 0x0000000701400000| PB 0x0000000701400000| Untracked |  0
|   2|0x0000000701600000, 0x0000000701600000, 0x0000000701800000|  0%| F|  |TAMS 0x0000000701600000| PB 0x0000000701600000| Untracked |  0
|   3|0x0000000701800000, 0x0000000701800000, 0x0000000701a00000|  0%| F|  |TAMS 0x0000000701800000| PB 0x0000000701800000| Untracked |  0
|   4|0x0000000701a00000, 0x0000000701a00000, 0x0000000701c00000|  0%| F|  |TAMS 0x0000000701a00000| PB 0x0000000701a00000| Untracked |  0
|   5|0x0000000701c00000, 0x0000000701c00000, 0x0000000701e00000|  0%| F|  |TAMS 0x0000000701c00000| PB 0x0000000701c00000| Untracked |  0
|   6|0x0000000701e00000, 0x0000000701e00000, 0x0000000702000000|  0%| F|  |TAMS 0x0000000701e00000| PB 0x0000000701e00000| Untracked |  0
|   7|0x0000000702000000, 0x0000000702000000, 0x0000000702200000|  0%| F|  |TAMS 0x0000000702000000| PB 0x0000000702000000| Untracked |  0
|   8|0x0000000702200000, 0x0000000702200000, 0x0000000702400000|  0%| F|  |TAMS 0x0000000702200000| PB 0x0000000702200000| Untracked |  0
|   9|0x0000000702400000, 0x0000000702400000, 0x0000000702600000|  0%| F|  |TAMS 0x0000000702400000| PB 0x0000000702400000| Untracked |  0
|  10|0x0000000702600000, 0x0000000702600000, 0x0000000702800000|  0%| F|  |TAMS 0x0000000702600000| PB 0x0000000702600000| Untracked |  0
|  11|0x0000000702800000, 0x0000000702800000, 0x0000000702a00000|  0%| F|  |TAMS 0x0000000702800000| PB 0x0000000702800000| Untracked |  0
|  12|0x0000000702a00000, 0x0000000702a00000, 0x0000000702c00000|  0%| F|  |TAMS 0x0000000702a00000| PB 0x0000000702a00000| Untracked |  0
|  13|0x0000000702c00000, 0x0000000702c00000, 0x0000000702e00000|  0%| F|  |TAMS 0x0000000702c00000| PB 0x0000000702c00000| Untracked |  0
|  14|0x0000000702e00000, 0x0000000702e00000, 0x0000000703000000|  0%| F|  |TAMS 0x0000000702e00000| PB 0x0000000702e00000| Untracked |  0
|  15|0x0000000703000000, 0x0000000703000000, 0x0000000703200000|  0%| F|  |TAMS 0x0000000703000000| PB 0x0000000703000000| Untracked |  0
|  16|0x0000000703200000, 0x0000000703200000, 0x0000000703400000|  0%| F|  |TAMS 0x0000000703200000| PB 0x0000000703200000| Untracked |  0
|  17|0x0000000703400000, 0x0000000703400000, 0x0000000703600000|  0%| F|  |TAMS 0x0000000703400000| PB 0x0000000703400000| Untracked |  0
|  18|0x0000000703600000, 0x0000000703600000, 0x0000000703800000|  0%| F|  |TAMS 0x0000000703600000| PB 0x0000000703600000| Untracked |  0
|  19|0x0000000703800000, 0x0000000703800000, 0x0000000703a00000|  0%| F|  |TAMS 0x0000000703800000| PB 0x0000000703800000| Untracked |  0
|  20|0x0000000703a00000, 0x0000000703a00000, 0x0000000703c00000|  0%| F|  |TAMS 0x0000000703a00000| PB 0x0000000703a00000| Untracked |  0
|  21|0x0000000703c00000, 0x0000000703c00000, 0x0000000703e00000|  0%| F|  |TAMS 0x0000000703c00000| PB 0x0000000703c00000| Untracked |  0
|  22|0x0000000703e00000, 0x0000000703e00000, 0x0000000704000000|  0%| F|  |TAMS 0x0000000703e00000| PB 0x0000000703e00000| Untracked |  0
|  23|0x0000000704000000, 0x0000000704000000, 0x0000000704200000|  0%| F|  |TAMS 0x0000000704000000| PB 0x0000000704000000| Untracked |  0
|  24|0x0000000704200000, 0x0000000704200000, 0x0000000704400000|  0%| F|  |TAMS 0x0000000704200000| PB 0x0000000704200000| Untracked |  0
|  25|0x0000000704400000, 0x0000000704400000, 0x0000000704600000|  0%| F|  |TAMS 0x0000000704400000| PB 0x0000000704400000| Untracked |  0
|  26|0x0000000704600000, 0x0000000704600000, 0x0000000704800000|  0%| F|  |TAMS 0x0000000704600000| PB 0x0000000704600000| Untracked |  0
|  27|0x0000000704800000, 0x0000000704800000, 0x0000000704a00000|  0%| F|  |TAMS 0x0000000704800000| PB 0x0000000704800000| Untracked |  0
|  28|0x0000000704a00000, 0x0000000704a00000, 0x0000000704c00000|  0%| F|  |TAMS 0x0000000704a00000| PB 0x0000000704a00000| Untracked |  0
|  29|0x0000000704c00000, 0x0000000704c00000, 0x0000000704e00000|  0%| F|  |TAMS 0x0000000704c00000| PB 0x0000000704c00000| Untracked |  0
|  30|0x0000000704e00000, 0x0000000704e00000, 0x0000000705000000|  0%| F|  |TAMS 0x0000000704e00000| PB 0x0000000704e00000| Untracked |  0
|  31|0x0000000705000000, 0x0000000705000000, 0x0000000705200000|  0%| F|  |TAMS 0x0000000705000000| PB 0x0000000705000000| Untracked |  0
|  32|0x0000000705200000, 0x0000000705200000, 0x0000000705400000|  0%| F|  |TAMS 0x0000000705200000| PB 0x0000000705200000| Untracked |  0
|  33|0x0000000705400000, 0x0000000705400000, 0x0000000705600000|  0%| F|  |TAMS 0x0000000705400000| PB 0x0000000705400000| Untracked |  0
|  34|0x0000000705600000, 0x0000000705600000, 0x0000000705800000|  0%| F|  |TAMS 0x0000000705600000| PB 0x0000000705600000| Untracked |  0
|  35|0x0000000705800000, 0x0000000705800000, 0x0000000705a00000|  0%| F|  |TAMS 0x0000000705800000| PB 0x0000000705800000| Untracked |  0
|  36|0x0000000705a00000, 0x0000000705a00000, 0x0000000705c00000|  0%| F|  |TAMS 0x0000000705a00000| PB 0x0000000705a00000| Untracked |  0
|  37|0x0000000705c00000, 0x0000000705c00000, 0x0000000705e00000|  0%| F|  |TAMS 0x0000000705c00000| PB 0x0000000705c00000| Untracked |  0
|  38|0x0000000705e00000, 0x0000000705e00000, 0x0000000706000000|  0%| F|  |TAMS 0x0000000705e00000| PB 0x0000000705e00000| Untracked |  0
|  39|0x0000000706000000, 0x0000000706000000, 0x0000000706200000|  0%| F|  |TAMS 0x0000000706000000| PB 0x0000000706000000| Untracked |  0
|  40|0x0000000706200000, 0x0000000706200000, 0x0000000706400000|  0%| F|  |TAMS 0x0000000706200000| PB 0x0000000706200000| Untracked |  0
|  41|0x0000000706400000, 0x0000000706400000, 0x0000000706600000|  0%| F|  |TAMS 0x0000000706400000| PB 0x0000000706400000| Untracked |  0
|  42|0x0000000706600000, 0x0000000706600000, 0x0000000706800000|  0%| F|  |TAMS 0x0000000706600000| PB 0x0000000706600000| Untracked |  0
|  43|0x0000000706800000, 0x0000000706800000, 0x0000000706a00000|  0%| F|  |TAMS 0x0000000706800000| PB 0x0000000706800000| Untracked |  0
|  44|0x0000000706a00000, 0x0000000706a00000, 0x0000000706c00000|  0%| F|  |TAMS 0x0000000706a00000| PB 0x0000000706a00000| Untracked |  0
|  45|0x0000000706c00000, 0x0000000706c00000, 0x0000000706e00000|  0%| F|  |TAMS 0x0000000706c00000| PB 0x0000000706c00000| Untracked |  0
|  46|0x0000000706e00000, 0x0000000706e00000, 0x0000000707000000|  0%| F|  |TAMS 0x0000000706e00000| PB 0x0000000706e00000| Untracked |  0
|  47|0x0000000707000000, 0x0000000707000000, 0x0000000707200000|  0%| F|  |TAMS 0x0000000707000000| PB 0x0000000707000000| Untracked |  0
|  48|0x0000000707200000, 0x0000000707200000, 0x0000000707400000|  0%| F|  |TAMS 0x0000000707200000| PB 0x0000000707200000| Untracked |  0
|  49|0x0000000707400000, 0x0000000707400000, 0x0000000707600000|  0%| F|  |TAMS 0x0000000707400000| PB 0x0000000707400000| Untracked |  0
|  50|0x0000000707600000, 0x0000000707600000, 0x0000000707800000|  0%| F|  |TAMS 0x0000000707600000| PB 0x0000000707600000| Untracked |  0
|  51|0x0000000707800000, 0x0000000707800000, 0x0000000707a00000|  0%| F|  |TAMS 0x0000000707800000| PB 0x0000000707800000| Untracked |  0
|  52|0x0000000707a00000, 0x0000000707a00000, 0x0000000707c00000|  0%| F|  |TAMS 0x0000000707a00000| PB 0x0000000707a00000| Untracked |  0
|  53|0x0000000707c00000, 0x0000000707c00000, 0x0000000707e00000|  0%| F|  |TAMS 0x0000000707c00000| PB 0x0000000707c00000| Untracked |  0
|  54|0x0000000707e00000, 0x0000000707e00000, 0x0000000708000000|  0%| F|  |TAMS 0x0000000707e00000| PB 0x0000000707e00000| Untracked |  0
|  55|0x0000000708000000, 0x0000000708000000, 0x0000000708200000|  0%| F|  |TAMS 0x0000000708000000| PB 0x0000000708000000| Untracked |  0
|  56|0x0000000708200000, 0x0000000708200000, 0x0000000708400000|  0%| F|  |TAMS 0x0000000708200000| PB 0x0000000708200000| Untracked |  0
|  57|0x0000000708400000, 0x0000000708400000, 0x0000000708600000|  0%| F|  |TAMS 0x0000000708400000| PB 0x0000000708400000| Untracked |  0
|  58|0x0000000708600000, 0x0000000708600000, 0x0000000708800000|  0%| F|  |TAMS 0x0000000708600000| PB 0x0000000708600000| Untracked |  0
|  59|0x0000000708800000, 0x0000000708800000, 0x0000000708a00000|  0%| F|  |TAMS 0x0000000708800000| PB 0x0000000708800000| Untracked |  0
|  60|0x0000000708a00000, 0x0000000708a00000, 0x0000000708c00000|  0%| F|  |TAMS 0x0000000708a00000| PB 0x0000000708a00000| Untracked |  0
|  61|0x0000000708c00000, 0x0000000708c00000, 0x0000000708e00000|  0%| F|  |TAMS 0x0000000708c00000| PB 0x0000000708c00000| Untracked |  0
|  62|0x0000000708e00000, 0x0000000708e00000, 0x0000000709000000|  0%| F|  |TAMS 0x0000000708e00000| PB 0x0000000708e00000| Untracked |  0
|  63|0x0000000709000000, 0x0000000709000000, 0x0000000709200000|  0%| F|  |TAMS 0x0000000709000000| PB 0x0000000709000000| Untracked |  0
|  64|0x0000000709200000, 0x0000000709200000, 0x0000000709400000|  0%| F|  |TAMS 0x0000000709200000| PB 0x0000000709200000| Untracked |  0
|  65|0x0000000709400000, 0x0000000709400000, 0x0000000709600000|  0%| F|  |TAMS 0x0000000709400000| PB 0x0000000709400000| Untracked |  0
|  66|0x0000000709600000, 0x0000000709600000, 0x0000000709800000|  0%| F|  |TAMS 0x0000000709600000| PB 0x0000000709600000| Untracked |  0
|  67|0x0000000709800000, 0x0000000709800000, 0x0000000709a00000|  0%| F|  |TAMS 0x0000000709800000| PB 0x0000000709800000| Untracked |  0
|  68|0x0000000709a00000, 0x0000000709a00000, 0x0000000709c00000|  0%| F|  |TAMS 0x0000000709a00000| PB 0x0000000709a00000| Untracked |  0
|  69|0x0000000709c00000, 0x0000000709c00000, 0x0000000709e00000|  0%| F|  |TAMS 0x0000000709c00000| PB 0x0000000709c00000| Untracked |  0
|  70|0x0000000709e00000, 0x0000000709e00000, 0x000000070a000000|  0%| F|  |TAMS 0x0000000709e00000| PB 0x0000000709e00000| Untracked |  0
|  71|0x000000070a000000, 0x000000070a000000, 0x000000070a200000|  0%| F|  |TAMS 0x000000070a000000| PB 0x000000070a000000| Untracked |  0
|  72|0x000000070a200000, 0x000000070a200000, 0x000000070a400000|  0%| F|  |TAMS 0x000000070a200000| PB 0x000000070a200000| Untracked |  0
|  73|0x000000070a400000, 0x000000070a400000, 0x000000070a600000|  0%| F|  |TAMS 0x000000070a400000| PB 0x000000070a400000| Untracked |  0
|  74|0x000000070a600000, 0x000000070a600000, 0x000000070a800000|  0%| F|  |TAMS 0x000000070a600000| PB 0x000000070a600000| Untracked |  0
|  75|0x000000070a800000, 0x000000070a800000, 0x000000070aa00000|  0%| F|  |TAMS 0x000000070a800000| PB 0x000000070a800000| Untracked |  0
|  76|0x000000070aa00000, 0x000000070aa00000, 0x000000070ac00000|  0%| F|  |TAMS 0x000000070aa00000| PB 0x000000070aa00000| Untracked |  0
|  77|0x000000070ac00000, 0x000000070ac00000, 0x000000070ae00000|  0%| F|  |TAMS 0x000000070ac00000| PB 0x000000070ac00000| Untracked |  0
|  78|0x000000070ae00000, 0x000000070ae00000, 0x000000070b000000|  0%| F|  |TAMS 0x000000070ae00000| PB 0x000000070ae00000| Untracked |  0
|  79|0x000000070b000000, 0x000000070b000000, 0x000000070b200000|  0%| F|  |TAMS 0x000000070b000000| PB 0x000000070b000000| Untracked |  0
|  80|0x000000070b200000, 0x000000070b200000, 0x000000070b400000|  0%| F|  |TAMS 0x000000070b200000| PB 0x000000070b200000| Untracked |  0
|  81|0x000000070b400000, 0x000000070b400000, 0x000000070b600000|  0%| F|  |TAMS 0x000000070b400000| PB 0x000000070b400000| Untracked |  0
|  82|0x000000070b600000, 0x000000070b600000, 0x000000070b800000|  0%| F|  |TAMS 0x000000070b600000| PB 0x000000070b600000| Untracked |  0
|  83|0x000000070b800000, 0x000000070b800000, 0x000000070ba00000|  0%| F|  |TAMS 0x000000070b800000| PB 0x000000070b800000| Untracked |  0
|  84|0x000000070ba00000, 0x000000070ba00000, 0x000000070bc00000|  0%| F|  |TAMS 0x000000070ba00000| PB 0x000000070ba00000| Untracked |  0
|  85|0x000000070bc00000, 0x000000070bc00000, 0x000000070be00000|  0%| F|  |TAMS 0x000000070bc00000| PB 0x000000070bc00000| Untracked |  0
|  86|0x000000070be00000, 0x000000070be00000, 0x000000070c000000|  0%| F|  |TAMS 0x000000070be00000| PB 0x000000070be00000| Untracked |  0
|  87|0x000000070c000000, 0x000000070c000000, 0x000000070c200000|  0%| F|  |TAMS 0x000000070c000000| PB 0x000000070c000000| Untracked |  0
|  88|0x000000070c200000, 0x000000070c200000, 0x000000070c400000|  0%| F|  |TAMS 0x000000070c200000| PB 0x000000070c200000| Untracked |  0
|  89|0x000000070c400000, 0x000000070c400000, 0x000000070c600000|  0%| F|  |TAMS 0x000000070c400000| PB 0x000000070c400000| Untracked |  0
|  90|0x000000070c600000, 0x000000070c600000, 0x000000070c800000|  0%| F|  |TAMS 0x000000070c600000| PB 0x000000070c600000| Untracked |  0
|  91|0x000000070c800000, 0x000000070c800000, 0x000000070ca00000|  0%| F|  |TAMS 0x000000070c800000| PB 0x000000070c800000| Untracked |  0
|  92|0x000000070ca00000, 0x000000070ca00000, 0x000000070cc00000|  0%| F|  |TAMS 0x000000070ca00000| PB 0x000000070ca00000| Untracked |  0
|  93|0x000000070cc00000, 0x000000070cc00000, 0x000000070ce00000|  0%| F|  |TAMS 0x000000070cc00000| PB 0x000000070cc00000| Untracked |  0
|  94|0x000000070ce00000, 0x000000070ce00000, 0x000000070d000000|  0%| F|  |TAMS 0x000000070ce00000| PB 0x000000070ce00000| Untracked |  0
|  95|0x000000070d000000, 0x000000070d000000, 0x000000070d200000|  0%| F|  |TAMS 0x000000070d000000| PB 0x000000070d000000| Untracked |  0
|  96|0x000000070d200000, 0x000000070d200000, 0x000000070d400000|  0%| F|  |TAMS 0x000000070d200000| PB 0x000000070d200000| Untracked |  0
|  97|0x000000070d400000, 0x000000070d400000, 0x000000070d600000|  0%| F|  |TAMS 0x000000070d400000| PB 0x000000070d400000| Untracked |  0
|  98|0x000000070d600000, 0x000000070d600000, 0x000000070d800000|  0%| F|  |TAMS 0x000000070d600000| PB 0x000000070d600000| Untracked |  0
|  99|0x000000070d800000, 0x000000070d800000, 0x000000070da00000|  0%| F|  |TAMS 0x000000070d800000| PB 0x000000070d800000| Untracked |  0
| 100|0x000000070da00000, 0x000000070da00000, 0x000000070dc00000|  0%| F|  |TAMS 0x000000070da00000| PB 0x000000070da00000| Untracked |  0
| 101|0x000000070dc00000, 0x000000070de00000, 0x000000070de00000|100%| S|  |TAMS 0x000000070dc00000| PB 0x000000070dc00000| Complete |  0
| 102|0x000000070de00000, 0x000000070e000000, 0x000000070e000000|100%| S|  |TAMS 0x000000070de00000| PB 0x000000070de00000| Complete |  0
| 103|0x000000070e000000, 0x000000070e200000, 0x000000070e200000|100%| S|  |TAMS 0x000000070e000000| PB 0x000000070e000000| Complete |  0
| 104|0x000000070e200000, 0x000000070e400000, 0x000000070e400000|100%| E|CS|TAMS 0x000000070e200000| PB 0x000000070e200000| Complete |  0
| 105|0x000000070e400000, 0x000000070e600000, 0x000000070e600000|100%| E|CS|TAMS 0x000000070e400000| PB 0x000000070e400000| Complete |  0
| 106|0x000000070e600000, 0x000000070e800000, 0x000000070e800000|100%| E|CS|TAMS 0x000000070e600000| PB 0x000000070e600000| Complete |  0
| 107|0x000000070e800000, 0x000000070ea00000, 0x000000070ea00000|100%| E|CS|TAMS 0x000000070e800000| PB 0x000000070e800000| Complete |  0
| 108|0x000000070ea00000, 0x000000070ec00000, 0x000000070ec00000|100%| E|CS|TAMS 0x000000070ea00000| PB 0x000000070ea00000| Complete |  0
| 109|0x000000070ec00000, 0x000000070ee00000, 0x000000070ee00000|100%| E|CS|TAMS 0x000000070ec00000| PB 0x000000070ec00000| Complete |  0
| 110|0x000000070ee00000, 0x000000070f000000, 0x000000070f000000|100%| E|CS|TAMS 0x000000070ee00000| PB 0x000000070ee00000| Complete |  0
| 111|0x000000070f000000, 0x000000070f200000, 0x000000070f200000|100%| E|CS|TAMS 0x000000070f000000| PB 0x000000070f000000| Complete |  0
| 112|0x000000070f200000, 0x000000070f400000, 0x000000070f400000|100%| E|CS|TAMS 0x000000070f200000| PB 0x000000070f200000| Complete |  0
| 113|0x000000070f400000, 0x000000070f600000, 0x000000070f600000|100%| E|CS|TAMS 0x000000070f400000| PB 0x000000070f400000| Complete |  0
| 114|0x000000070f600000, 0x000000070f800000, 0x000000070f800000|100%| E|CS|TAMS 0x000000070f600000| PB 0x000000070f600000| Complete |  0
| 115|0x000000070f800000, 0x000000070fa00000, 0x000000070fa00000|100%| E|CS|TAMS 0x000000070f800000| PB 0x000000070f800000| Complete |  0
| 116|0x000000070fa00000, 0x000000070fc00000, 0x000000070fc00000|100%| E|CS|TAMS 0x000000070fa00000| PB 0x000000070fa00000| Complete |  0
| 117|0x000000070fc00000, 0x000000070fe00000, 0x000000070fe00000|100%| E|CS|TAMS 0x000000070fc00000| PB 0x000000070fc00000| Complete |  0
| 118|0x000000070fe00000, 0x0000000710000000, 0x0000000710000000|100%| E|CS|TAMS 0x000000070fe00000| PB 0x000000070fe00000| Complete |  0
| 119|0x0000000710000000, 0x0000000710200000, 0x0000000710200000|100%| E|CS|TAMS 0x0000000710000000| PB 0x0000000710000000| Complete |  0
| 120|0x0000000710200000, 0x0000000710400000, 0x0000000710400000|100%| E|CS|TAMS 0x0000000710200000| PB 0x0000000710200000| Complete |  0
| 121|0x0000000710400000, 0x0000000710600000, 0x0000000710600000|100%| E|CS|TAMS 0x0000000710400000| PB 0x0000000710400000| Complete |  0
| 122|0x0000000710600000, 0x0000000710800000, 0x0000000710800000|100%| E|CS|TAMS 0x0000000710600000| PB 0x0000000710600000| Complete |  0
| 123|0x0000000710800000, 0x0000000710a00000, 0x0000000710a00000|100%| E|CS|TAMS 0x0000000710800000| PB 0x0000000710800000| Complete |  0
| 124|0x0000000710a00000, 0x0000000710c00000, 0x0000000710c00000|100%| E|CS|TAMS 0x0000000710a00000| PB 0x0000000710a00000| Complete |  0
| 125|0x0000000710c00000, 0x0000000710e00000, 0x0000000710e00000|100%| E|CS|TAMS 0x0000000710c00000| PB 0x0000000710c00000| Complete |  0
| 126|0x0000000710e00000, 0x0000000711000000, 0x0000000711000000|100%| E|CS|TAMS 0x0000000710e00000| PB 0x0000000710e00000| Complete |  0
| 127|0x0000000711000000, 0x0000000711200000, 0x0000000711200000|100%| E|CS|TAMS 0x0000000711000000| PB 0x0000000711000000| Complete |  0
|2038|0x00000007ffe00000, 0x00000007fff257b8, 0x0000000800000000| 57%| O|  |TAMS 0x00000007ffe00000| PB 0x00000007ffe00000| Untracked |  0

Card table byte_map: [0x00000219b66a0000,0x00000219b6ea0000] _byte_map_base: 0x00000219b2e97000

Marking Bits: (CMBitMap*) 0x000002199e01a7c0
 Bits: [0x00000219b6ea0000, 0x00000219bae58000)

Polling page: 0x000002199bb80000

Metaspace:
Metaspace        used 9510K, committed 9792K, reserved 1114112K
 class space     used 1114K, committed 1216K, reserved 1048576K

Usage:
  Non-class:      8.20 MB used.
      Class:      1.09 MB used.
       Both:      9.29 MB used.

Virtual space:
  Non-class space:       64.00 MB reserved,       8.38 MB ( 13%) committed,  1 nodes.
      Class space:        1.00 GB reserved,       1.19 MB ( <1%) committed,  1 nodes.
             Both:        1.06 GB reserved,       9.56 MB ( <1%) committed. 

Chunk freelists:
   Non-Class:  7.31 MB
       Class:  14.84 MB
        Both:  22.15 MB

MaxMetaspaceSize: unlimited
CompressedClassSpaceSize: 1.00 GB
Initial GC threshold: 21.00 MB
Current GC threshold: 21.00 MB
CDS: on
 - commit_granule_bytes: 65536.
 - commit_granule_words: 8192.
 - virtual_space_node_default_size: 8388608.
 - enlarge_chunks_in_place: 1.
UseCompressedClassPointers 1, UseCompactObjectHeaders 0
Narrow klass pointer bits 32, Max shift 3
Narrow klass base: 0x0000000014000000, Narrow klass shift: 0
Encoding Range: [0x0000000014000000 - 0x0000000114000000), (4294967296 bytes)
Klass Range:    [0x0000000014010000 - 0x0000000055000000), (1090453504 bytes)
Klass ID Range:  [65536 - 1090519033) (1090453497)
Protection zone: [0x0000000014000000 - 0x0000000014010000), (65536 bytes)


Internal statistics:

num_allocs_failed_limit: 0.
num_arena_births: 138.
num_arena_deaths: 0.
num_vsnodes_births: 2.
num_vsnodes_deaths: 0.
num_space_committed: 153.
num_space_uncommitted: 0.
num_chunks_returned_to_freelist: 0.
num_chunks_taken_from_freelist: 355.
num_chunk_merges: 0.
num_chunk_splits: 230.
num_chunks_enlarged: 169.
num_inconsistent_stats: 0.

CodeHeap 'non-profiled nmethods': size=120064Kb used=558Kb max_used=558Kb free=119505Kb
 bounds [0x00000219ae300000, 0x00000219ae570000, 0x00000219b5840000]
CodeHeap 'profiled nmethods': size=120000Kb used=2268Kb max_used=2268Kb free=117732Kb
 bounds [0x00000219a6840000, 0x00000219a6ab0000, 0x00000219add70000]
CodeHeap 'non-nmethods': size=5696Kb used=1380Kb max_used=1415Kb free=4315Kb
 bounds [0x00000219add70000, 0x00000219adfe0000, 0x00000219ae300000]
CodeCache: size=245760Kb, used=4206Kb, max_used=4241Kb, free=241552Kb
 total_blobs=2188, nmethods=1677, adapters=415, full_count=0
Compilation: enabled, stopped_count=0, restarted_count=0

Compilation events (20 events):
Event: 0.807 Thread 0x00000219bd9126b0 1669       3       java.lang.invoke.MethodHandleStatics::dumper (4 bytes)
Event: 0.807 Thread 0x00000219bd9126b0 nmethod 1669 0x00000219a6a74988 code [0x00000219a6a74a80, 0x00000219a6a74b70]
Event: 0.807 Thread 0x00000219bd9126b0 1670       3       jdk.internal.classfile.impl.DirectCodeBuilder::return_ (12 bytes)
Event: 0.807 Thread 0x00000219bd9126b0 nmethod 1670 0x00000219a6a74c88 code [0x00000219a6a74d80, 0x00000219a6a74f58]
Event: 0.809 Thread 0x00000219bd9126b0 1671       3       java.lang.invoke.LambdaForm$Name::<init> (20 bytes)
Event: 0.809 Thread 0x00000219bd90d610 1680       4       jdk.internal.classfile.impl.SplitConstantPool::tryFindUtf8 (103 bytes)
Event: 0.809 Thread 0x00000219bd9126b0 nmethod 1671 0x00000219a6a74f88 code [0x00000219a6a75080, 0x00000219a6a75900]
Event: 0.809 Thread 0x00000219bd9126b0 1674       3       jdk.internal.classfile.impl.DirectCodeBuilder::processDeferredLabels (109 bytes)
Event: 0.809 Thread 0x00000219bd9126b0 nmethod 1674 0x00000219a6a75908 code [0x00000219a6a75a00, 0x00000219a6a75f70]
Event: 0.809 Thread 0x00000219bd9126b0 1679       3       jdk.internal.classfile.impl.BufWriterImpl::<init> (11 bytes)
Event: 0.809 Thread 0x00000219bd9126b0 nmethod 1679 0x00000219a6a75f88 code [0x00000219a6a76080, 0x00000219a6a761c8]
Event: 0.809 Thread 0x00000219bd9126b0 1672       3       jdk.internal.classfile.impl.Util::maxLocals (18 bytes)
Event: 0.809 Thread 0x00000219bd9068d0 1681       4       jdk.internal.util.ReferencedKeyMap::removeStaleReferences (30 bytes)
Event: 0.809 Thread 0x00000219bd9126b0 nmethod 1672 0x00000219a6a76288 code [0x00000219a6a76380, 0x00000219a6a764f0]
Event: 0.809 Thread 0x00000219bd9126b0 1673       3       jdk.internal.classfile.impl.DirectCodeBuilder::setLabelTarget (10 bytes)
Event: 0.809 Thread 0x00000219bd9126b0 nmethod 1673 0x00000219a6a76588 code [0x00000219a6a76680, 0x00000219a6a769b0]
Event: 0.809 Thread 0x00000219bd9126b0 1675       3       jdk.internal.classfile.impl.ClassFileImpl::passDebugElements (23 bytes)
Event: 0.810 Thread 0x00000219bd9126b0 nmethod 1675 0x00000219a6a76a08 code [0x00000219a6a76b00, 0x00000219a6a76cf0]
Event: 0.810 Thread 0x00000219bd9126b0 1676       3       java.lang.classfile.Attributes::code (4 bytes)
Event: 0.810 Thread 0x00000219bd9126b0 nmethod 1676 0x00000219a6a76d08 code [0x00000219a6a76e00, 0x00000219a6a76ef0]

GC Heap Usage History (1 events):
Event: 0.810 {heap Before GC invocations=0 (full 0):
 garbage-first heap   total reserved 4175872K, committed 264192K, used 48277K [0x0000000701200000, 0x0000000800000000)
  region size 2048K, 24 young (49152K), 0 survivors (0K)
}

Metaspace Usage History (1 events):
Event: 0.810 {metaspace Before GC invocations=0 (full 0):
 Metaspace       used 9510K, committed 9792K, reserved 1114112K
  class space    used 1114K, committed 1216K, reserved 1048576K
}

Dll operation events (8 events):
Event: 0.007 Loaded shared library C:\Program Files\Java\jdk-25.0.2\bin\java.dll
Event: 0.116 Loaded shared library C:\Program Files\Java\jdk-25.0.2\bin\zip.dll
Event: 0.121 Loaded shared library C:\Program Files\Java\jdk-25.0.2\bin\instrument.dll
Event: 0.127 Loaded shared library C:\Program Files\Java\jdk-25.0.2\bin\net.dll
Event: 0.128 Loaded shared library C:\Program Files\Java\jdk-25.0.2\bin\nio.dll
Event: 0.131 Loaded shared library C:\Program Files\Java\jdk-25.0.2\bin\zip.dll
Event: 0.221 Loaded shared library C:\Program Files\Java\jdk-25.0.2\bin\extnet.dll
Event: 0.238 Loaded shared library C:\Program Files\Java\jdk-25.0.2\bin\jimage.dll

Deoptimization events (20 events):
Event: 0.773 Thread 0x000002199dfb01e0 Uncommon trap: trap_request=0xffffff45 fr.pc=0x00000219ae3793dc relative=0x00000000000001dc
Event: 0.773 Thread 0x000002199dfb01e0 Uncommon trap: reason=unstable_if action=reinterpret pc=0x00000219ae3793dc method=jdk.internal.classfile.impl.EntryMap.put(II)V @ 120 c2
Event: 0.773 Thread 0x000002199dfb01e0 DEOPT PACKING pc=0x00000219ae3793dc sp=0x0000001fb8dfd8f0
Event: 0.773 Thread 0x000002199dfb01e0 DEOPT UNPACKING pc=0x00000219ade8fc02 sp=0x0000001fb8dfd888 mode 2
Event: 0.807 Thread 0x000002199dfb01e0 Uncommon trap: trap_request=0xffffffde fr.pc=0x00000219ae38b590 relative=0x0000000000000110
Event: 0.807 Thread 0x000002199dfb01e0 Uncommon trap: reason=class_check action=maybe_recompile pc=0x00000219ae38b590 method=jdk.internal.misc.Unsafe.allocateUninitializedArray(Ljava/lang/Class;I)Ljava/lang/Object; @ 51 c2
Event: 0.807 Thread 0x000002199dfb01e0 DEOPT PACKING pc=0x00000219ae38b590 sp=0x0000001fb8dfd500
Event: 0.807 Thread 0x000002199dfb01e0 DEOPT UNPACKING pc=0x00000219ade8fc02 sp=0x0000001fb8dfd478 mode 2
Event: 0.807 Thread 0x000002199dfb01e0 Uncommon trap: trap_request=0xffffffde fr.pc=0x00000219ae38b590 relative=0x0000000000000110
Event: 0.807 Thread 0x000002199dfb01e0 Uncommon trap: reason=class_check action=maybe_recompile pc=0x00000219ae38b590 method=jdk.internal.misc.Unsafe.allocateUninitializedArray(Ljava/lang/Class;I)Ljava/lang/Object; @ 51 c2
Event: 0.807 Thread 0x000002199dfb01e0 DEOPT PACKING pc=0x00000219ae38b590 sp=0x0000001fb8dfd470
Event: 0.807 Thread 0x000002199dfb01e0 DEOPT UNPACKING pc=0x00000219ade8fc02 sp=0x0000001fb8dfd3e8 mode 2
Event: 0.807 Thread 0x000002199dfb01e0 Uncommon trap: trap_request=0xffffffde fr.pc=0x00000219ae38b590 relative=0x0000000000000110
Event: 0.807 Thread 0x000002199dfb01e0 Uncommon trap: reason=class_check action=maybe_recompile pc=0x00000219ae38b590 method=jdk.internal.misc.Unsafe.allocateUninitializedArray(Ljava/lang/Class;I)Ljava/lang/Object; @ 51 c2
Event: 0.807 Thread 0x000002199dfb01e0 DEOPT PACKING pc=0x00000219ae38b590 sp=0x0000001fb8dfd9f0
Event: 0.807 Thread 0x000002199dfb01e0 DEOPT UNPACKING pc=0x00000219ade8fc02 sp=0x0000001fb8dfd968 mode 2
Event: 0.807 Thread 0x000002199dfb01e0 Uncommon trap: trap_request=0xffffffde fr.pc=0x00000219ae38b590 relative=0x0000000000000110
Event: 0.807 Thread 0x000002199dfb01e0 Uncommon trap: reason=class_check action=maybe_recompile pc=0x00000219ae38b590 method=jdk.internal.misc.Unsafe.allocateUninitializedArray(Ljava/lang/Class;I)Ljava/lang/Object; @ 51 c2
Event: 0.807 Thread 0x000002199dfb01e0 DEOPT PACKING pc=0x00000219ae38b590 sp=0x0000001fb8dfd960
Event: 0.807 Thread 0x000002199dfb01e0 DEOPT UNPACKING pc=0x00000219ade8fc02 sp=0x0000001fb8dfd8d8 mode 2

Classes loaded (20 events):
Event: 0.777 Loading class java/security/DrbgParameters$Capability
Event: 0.777 Loading class java/security/DrbgParameters$Capability done
Event: 0.777 Loading class sun/security/provider/MoreDrbgParameters
Event: 0.777 Loading class sun/security/provider/MoreDrbgParameters done
Event: 0.778 Loading class java/security/DrbgParameters
Event: 0.778 Loading class java/security/DrbgParameters done
Event: 0.778 Loading class java/security/DrbgParameters$Instantiation
Event: 0.778 Loading class java/security/DrbgParameters$Instantiation done
Event: 0.778 Loading class sun/security/provider/HashDrbg
Event: 0.778 Loading class sun/security/provider/AbstractHashDrbg
Event: 0.778 Loading class sun/security/provider/AbstractDrbg
Event: 0.778 Loading class sun/security/provider/AbstractDrbg done
Event: 0.778 Loading class sun/security/provider/AbstractHashDrbg done
Event: 0.778 Loading class sun/security/provider/HashDrbg done
Event: 0.778 Loading class sun/security/provider/EntropySource
Event: 0.778 Loading class sun/security/provider/EntropySource done
Event: 0.793 Loading class java/beans/PropertyEditorSupport
Event: 0.793 Loading class java/beans/PropertyEditor
Event: 0.793 Loading class java/beans/PropertyEditor done
Event: 0.793 Loading class java/beans/PropertyEditorSupport done

Classes unloaded (0 events):
No events

Classes redefined (0 events):
No events

Internal exceptions (20 events):
Event: 0.576 Thread 0x000002199dfb01e0 Exception <a 'java/lang/NoSuchMethodError'{0x000000070ecd2218}: 'java.lang.Object java.lang.invoke.Invokers$Holder.invoke_MT(java.lang.Object, java.lang.Object, java.lang.Object, java.lang.Object, java.lang.Object, java.lang.Object)'> (0x000000070ecd2218) 
thrown [s\open\src\hotspot\share\interpreter\linkResolver.cpp, line 804]
Event: 0.576 Thread 0x000002199dfb01e0 Exception <a 'java/lang/NoSuchMethodError'{0x000000070ecdb2d0}: 'java.lang.Object java.lang.invoke.DirectMethodHandle$Holder.invokeStatic(java.lang.Object, java.lang.Object, int)'> (0x000000070ecdb2d0) 
thrown [s\open\src\hotspot\share\interpreter\linkResolver.cpp, line 804]
Event: 0.579 Thread 0x000002199dfb01e0 Exception <a 'java/lang/NoSuchMethodError'{0x000000070ed05a50}: 'void java.lang.invoke.DelegatingMethodHandle$Holder.delegate(java.lang.Object, java.lang.Object, int, java.lang.Object)'> (0x000000070ed05a50) 
thrown [s\open\src\hotspot\share\interpreter\linkResolver.cpp, line 804]
Event: 0.605 Thread 0x000002199dfb01e0 Exception <a 'java/lang/NoSuchMethodError'{0x000000070ea3a440}: 'void java.lang.invoke.DirectMethodHandle$Holder.invokeInterface(java.lang.Object, java.lang.Object, java.lang.Object, java.lang.Object)'> (0x000000070ea3a440) 
thrown [s\open\src\hotspot\share\interpreter\linkResolver.cpp, line 804]
Event: 0.642 Thread 0x000002199dfb01e0 Exception <a 'java/lang/NoSuchMethodError'{0x000000070ebf4bb0}: 'java.lang.Object java.lang.invoke.DirectMethodHandle$Holder.invokeSpecialIFC(java.lang.Object, java.lang.Object, java.lang.Object, java.lang.Object)'> (0x000000070ebf4bb0) 
thrown [s\open\src\hotspot\share\interpreter\linkResolver.cpp, line 804]
Event: 0.644 Thread 0x000002199dfb01e0 Exception <a 'java/lang/NoSuchMethodError'{0x000000070e816d18}: 'java.lang.Object java.lang.invoke.DirectMethodHandle$Holder.invokeInterface(java.lang.Object, java.lang.Object, java.lang.Object)'> (0x000000070e816d18) 
thrown [s\open\src\hotspot\share\interpreter\linkResolver.cpp, line 804]
Event: 0.664 Thread 0x000002199dfb01e0 Exception <a 'java/lang/NoSuchMethodError'{0x000000070e91c160}: 'java.lang.Object java.lang.invoke.DirectMethodHandle$Holder.newInvokeSpecial(java.lang.Object, java.lang.Object, java.lang.Object, java.lang.Object, java.lang.Object)'> (0x000000070e91c160) 
thrown [s\open\src\hotspot\share\interpreter\linkResolver.cpp, line 804]
Event: 0.683 Thread 0x000002199dfb01e0 Exception <a 'java/lang/IncompatibleClassChangeError'{0x000000070e9f8c98}: Found class java.lang.Object, but interface was expected> (0x000000070e9f8c98) 
thrown [s\open\src\hotspot\share\interpreter\linkResolver.cpp, line 871]
Event: 0.693 Thread 0x000002199dfb01e0 Exception <a 'sun/nio/fs/WindowsException'{0x000000070e6599c8}> (0x000000070e6599c8) 
thrown [s\open\src\hotspot\share\prims\jni.cpp, line 516]
Event: 0.745 Thread 0x000002199dfb01e0 Exception <a 'java/lang/NoSuchMethodError'{0x000000070e45fa18}: 'java.lang.Object java.lang.invoke.DirectMethodHandle$Holder.invokeStatic(java.lang.Object, long, java.lang.Object)'> (0x000000070e45fa18) 
thrown [s\open\src\hotspot\share\interpreter\linkResolver.cpp, line 804]
Event: 0.745 Thread 0x000002199dfb01e0 Exception <a 'java/lang/NoSuchMethodError'{0x000000070e4678b8}: 'java.lang.Object java.lang.invoke.DirectMethodHandle$Holder.invokeStaticInit(java.lang.Object, long, java.lang.Object)'> (0x000000070e4678b8) 
thrown [s\open\src\hotspot\share\interpreter\linkResolver.cpp, line 804]
Event: 0.746 Thread 0x000002199dfb01e0 Exception <a 'java/lang/NoSuchMethodError'{0x000000070e476cc0}: 'java.lang.Object java.lang.invoke.DirectMethodHandle$Holder.newInvokeSpecial(java.lang.Object, long)'> (0x000000070e476cc0) 
thrown [s\open\src\hotspot\share\interpreter\linkResolver.cpp, line 804]
Event: 0.754 Thread 0x000002199dfb01e0 Exception <a 'java/lang/NoSuchMethodError'{0x000000070e4d0658}: 'void java.lang.invoke.DirectMethodHandle$Holder.invokeStaticInit(java.lang.Object)'> (0x000000070e4d0658) 
thrown [s\open\src\hotspot\share\interpreter\linkResolver.cpp, line 804]
Event: 0.770 Thread 0x000002199dfb01e0 Exception <a 'java/lang/NoSuchMethodError'{0x000000070e5c5ca8}: 'int java.lang.invoke.DirectMethodHandle$Holder.invokeStatic(java.lang.Object, java.lang.Object, java.lang.Object, java.lang.Object)'> (0x000000070e5c5ca8) 
thrown [s\open\src\hotspot\share\interpreter\linkResolver.cpp, line 804]
Event: 0.778 Thread 0x000002199dfb01e0 Exception <a 'java/lang/NoSuchMethodError'{0x000000070e23c538}: 'java.lang.Object java.lang.invoke.DirectMethodHandle$Holder.invokeStaticInit(java.lang.Object, int, int, int, int)'> (0x000000070e23c538) 
thrown [s\open\src\hotspot\share\interpreter\linkResolver.cpp, line 804]
Event: 0.804 Thread 0x000002199dfb01e0 Exception <a 'java/lang/NoSuchMethodError'{0x000000070e3884d0}: 'java.lang.Object java.lang.invoke.DirectMethodHandle$Holder.invokeSpecial(java.lang.Object, java.lang.Object, java.lang.Object, java.lang.Object, java.lang.Object, java.lang.Object, java.lang.Object, int)'> (0x000000070e3884d0) 
thrown [s\open\src\hotspot\share\interpreter\linkResolver.cpp, line 804]
Event: 0.805 Thread 0x000002199dfb01e0 Exception <a 'java/lang/NoSuchMethodError'{0x000000070e39a988}: 'java.lang.Object java.lang.invoke.DirectMethodHandle$Holder.newInvokeSpecial(java.lang.Object, java.lang.Object, java.lang.Object, java.lang.Object, java.lang.Object, java.lang.Object, java.lang.Object, int)'> (0x000000070e39a988) 
thrown [s\open\src\hotspot\share\interpreter\linkResolver.cpp, line 804]
Event: 0.806 Thread 0x000002199dfb01e0 Exception <a 'java/lang/NoSuchMethodError'{0x000000070e3c68e0}: 'java.lang.Object java.lang.invoke.DirectMethodHandle$Holder.newInvokeSpecial(java.lang.Object, java.lang.Object, java.lang.Object, java.lang.Object, java.lang.Object, int)'> (0x000000070e3c68e0) 
thrown [s\open\src\hotspot\share\interpreter\linkResolver.cpp, line 804]
Event: 0.807 Thread 0x000002199dfb01e0 Exception <a 'java/lang/NoSuchMethodError'{0x000000070e3cf3d0}: 'java.lang.Object java.lang.invoke.DirectMethodHandle$Holder.invokeSpecial(java.lang.Object, java.lang.Object, java.lang.Object, java.lang.Object, java.lang.Object, java.lang.Object, int)'> (0x000000070e3cf3d0) 
thrown [s\open\src\hotspot\share\interpreter\linkResolver.cpp, line 804]
Event: 0.809 Thread 0x000002199dfb01e0 Exception <a 'java/lang/NoSuchMethodError'{0x000000070e3e9550}: 'void java.lang.invoke.DirectMethodHandle$Holder.invokeStaticInit(java.lang.Object, java.lang.Object)'> (0x000000070e3e9550) 
thrown [s\open\src\hotspot\share\interpreter\linkResolver.cpp, line 804]

VM Operations (19 events):
Event: 0.102 Executing non-safepoint VM operation: HandshakeAllThreads (Deoptimize)
Event: 0.102 Executing non-safepoint VM operation: HandshakeAllThreads (Deoptimize) done
Event: 0.265 Executing non-safepoint VM operation: HandshakeAllThreads (Deoptimize)
Event: 0.265 Executing non-safepoint VM operation: HandshakeAllThreads (Deoptimize) done
Event: 0.296 Executing non-safepoint VM operation: HandshakeAllThreads (Deoptimize)
Event: 0.296 Executing non-safepoint VM operation: HandshakeAllThreads (Deoptimize) done
Event: 0.417 Executing non-safepoint VM operation: HandshakeAllThreads (Deoptimize)
Event: 0.418 Executing non-safepoint VM operation: HandshakeAllThreads (Deoptimize) done
Event: 0.480 Executing non-safepoint VM operation: HandshakeAllThreads (Deoptimize)
Event: 0.480 Executing non-safepoint VM operation: HandshakeAllThreads (Deoptimize) done
Event: 0.485 Executing non-safepoint VM operation: HandshakeAllThreads (Deoptimize)
Event: 0.485 Executing non-safepoint VM operation: HandshakeAllThreads (Deoptimize) done
Event: 0.498 Executing non-safepoint VM operation: HandshakeAllThreads (Deoptimize)
Event: 0.498 Executing non-safepoint VM operation: HandshakeAllThreads (Deoptimize) done
Event: 0.578 Executing non-safepoint VM operation: HandshakeAllThreads (Deoptimize)
Event: 0.578 Executing non-safepoint VM operation: HandshakeAllThreads (Deoptimize) done
Event: 0.699 Executing non-safepoint VM operation: HandshakeAllThreads (Deoptimize)
Event: 0.699 Executing non-safepoint VM operation: HandshakeAllThreads (Deoptimize) done
Event: 0.810 Executing safepoint VM operation: G1CollectForAllocation (G1 Evacuation Pause)

Memory protections (0 events):
No events

Nmethod flushes (0 events):
No events

Events (14 events):
Event: 0.023 Thread 0x000002199dfb01e0 Thread added: 0x000002199dfb01e0
Event: 0.033 Thread 0x000002199dfb01e0 Thread added: 0x00000219bd8f4a10
Event: 0.033 Thread 0x000002199dfb01e0 Thread added: 0x00000219bd8f5470
Event: 0.033 Thread 0x000002199dfb01e0 Thread added: 0x00000219bd8f6620
Event: 0.033 Thread 0x000002199dfb01e0 Thread added: 0x00000219bd8f81f0
Event: 0.033 Thread 0x000002199dfb01e0 Thread added: 0x00000219bd8f8db0
Event: 0.034 Thread 0x000002199dfb01e0 Thread added: 0x00000219bd8f9970
Event: 0.034 Thread 0x000002199dfb01e0 Thread added: 0x00000219bd9068d0
Event: 0.034 Thread 0x000002199dfb01e0 Thread added: 0x00000219bd9126b0
Event: 0.125 Thread 0x000002199dfb01e0 Thread added: 0x00000219bdd42850
Event: 0.156 Thread 0x00000219bd9126b0 Thread added: 0x00000219bd911690
Event: 0.209 Thread 0x000002199dfb01e0 Thread added: 0x00000219bdd9ab00
Event: 0.210 Thread 0x000002199dfb01e0 Thread added: 0x00000219bdd9b6c0
Event: 0.472 Thread 0x00000219bd9126b0 Thread added: 0x00000219bd90d610


Dynamic libraries:
0x00007ff697a50000 - 0x00007ff697a60000 	C:\Program Files\Java\jdk-25.0.2\bin\java.exe
0x00007ffa8dfd0000 - 0x00007ffa8e1c8000 	C:\WINDOWS\SYSTEM32\ntdll.dll
0x00007ffa8bff0000 - 0x00007ffa8c0b2000 	C:\WINDOWS\System32\KERNEL32.DLL
0x00007ffa8b7e0000 - 0x00007ffa8bad6000 	C:\WINDOWS\System32\KERNELBASE.dll
0x00007ffa8b660000 - 0x00007ffa8b760000 	C:\WINDOWS\System32\ucrtbase.dll
0x00007ffa86490000 - 0x00007ffa864a7000 	C:\Program Files\Java\jdk-25.0.2\bin\jli.dll
0x00007ffa828c0000 - 0x00007ffa828de000 	C:\Program Files\Java\jdk-25.0.2\bin\VCRUNTIME140.dll
0x00007ffa8cd30000 - 0x00007ffa8ced1000 	C:\WINDOWS\System32\USER32.dll
0x00007ffa8aa00000 - 0x00007ffa8ac9b000 	C:\WINDOWS\WinSxS\amd64_microsoft.windows.common-controls_6595b64144ccf1df_6.0.19041.6456_none_60b8a6cb71f64256\COMCTL32.dll
0x00007ffa8bb70000 - 0x00007ffa8bb92000 	C:\WINDOWS\System32\win32u.dll
0x00007ffa8d1e0000 - 0x00007ffa8d27e000 	C:\WINDOWS\System32\msvcrt.dll
0x00007ffa8c4e0000 - 0x00007ffa8c50b000 	C:\WINDOWS\System32\GDI32.dll
0x00007ffa8be30000 - 0x00007ffa8bf49000 	C:\WINDOWS\System32\gdi32full.dll
0x00007ffa8bf50000 - 0x00007ffa8bfed000 	C:\WINDOWS\System32\msvcp_win.dll
0x00007ffa8cbd0000 - 0x00007ffa8cbff000 	C:\WINDOWS\System32\IMM32.DLL
0x00007ffa88880000 - 0x00007ffa8888c000 	C:\Program Files\Java\jdk-25.0.2\bin\vcruntime140_1.dll
0x00007ffa68ec0000 - 0x00007ffa68f4d000 	C:\Program Files\Java\jdk-25.0.2\bin\msvcp140.dll
0x00007ffa431d0000 - 0x00007ffa4402f000 	C:\Program Files\Java\jdk-25.0.2\bin\server\jvm.dll
0x00007ffa8c380000 - 0x00007ffa8c431000 	C:\WINDOWS\System32\ADVAPI32.dll
0x00007ffa8c440000 - 0x00007ffa8c4df000 	C:\WINDOWS\System32\sechost.dll
0x00007ffa8c120000 - 0x00007ffa8c240000 	C:\WINDOWS\System32\RPCRT4.dll
0x00007ffa8bbf0000 - 0x00007ffa8bc17000 	C:\WINDOWS\System32\bcrypt.dll
0x00007ffa8cfb0000 - 0x00007ffa8d01b000 	C:\WINDOWS\System32\WS2_32.dll
0x00007ffa8b1d0000 - 0x00007ffa8b21b000 	C:\WINDOWS\SYSTEM32\POWRPROF.dll
0x00007ffa886f0000 - 0x00007ffa886fa000 	C:\WINDOWS\SYSTEM32\VERSION.dll
0x00007ffa7f0a0000 - 0x00007ffa7f0c7000 	C:\WINDOWS\SYSTEM32\WINMM.dll
0x00007ffa8ad90000 - 0x00007ffa8ada2000 	C:\WINDOWS\SYSTEM32\UMPDC.dll
0x00007ffa89660000 - 0x00007ffa89672000 	C:\WINDOWS\SYSTEM32\kernel.appcore.dll
0x00007ffa86fd0000 - 0x00007ffa86fda000 	C:\Program Files\Java\jdk-25.0.2\bin\jimage.dll
0x00007ffa8afc0000 - 0x00007ffa8b1c1000 	C:\WINDOWS\SYSTEM32\DBGHELP.DLL
0x00007ffa8af80000 - 0x00007ffa8afb4000 	C:\WINDOWS\SYSTEM32\dbgcore.DLL
0x00007ffa8bae0000 - 0x00007ffa8bb62000 	C:\WINDOWS\System32\bcryptPrimitives.dll
0x00007ffa86480000 - 0x00007ffa86490000 	C:\Program Files\Java\jdk-25.0.2\bin\instrument.dll
0x00007ffa717c0000 - 0x00007ffa717df000 	C:\Program Files\Java\jdk-25.0.2\bin\java.dll
0x00007ffa8c630000 - 0x00007ffa8c75b000 	C:\WINDOWS\System32\ole32.dll
0x00007ffa8dc30000 - 0x00007ffa8df84000 	C:\WINDOWS\System32\combase.dll
0x00007ffa8d2b0000 - 0x00007ffa8da20000 	C:\WINDOWS\System32\SHELL32.dll
0x00007ffa888c0000 - 0x00007ffa89065000 	C:\WINDOWS\SYSTEM32\windows.storage.dll
0x00007ffa8a880000 - 0x00007ffa8a8ab000 	C:\WINDOWS\SYSTEM32\Wldp.dll
0x00007ffa8cee0000 - 0x00007ffa8cfad000 	C:\WINDOWS\System32\OLEAUT32.dll
0x00007ffa8c580000 - 0x00007ffa8c62d000 	C:\WINDOWS\System32\SHCORE.dll
0x00007ffa8da20000 - 0x00007ffa8da7b000 	C:\WINDOWS\System32\shlwapi.dll
0x00007ffa8b590000 - 0x00007ffa8b5b4000 	C:\WINDOWS\SYSTEM32\profapi.dll
0x00007ffa71640000 - 0x00007ffa71657000 	C:\Program Files\Java\jdk-25.0.2\bin\zip.dll
0x00007ffa717a0000 - 0x00007ffa717b2000 	C:\Program Files\Java\jdk-25.0.2\bin\net.dll
0x00007ffa8a660000 - 0x00007ffa8a6ca000 	C:\WINDOWS\system32\mswsock.dll
0x00007ffa71660000 - 0x00007ffa71676000 	C:\Program Files\Java\jdk-25.0.2\bin\nio.dll
0x00007ffa86390000 - 0x00007ffa86399000 	C:\Program Files\Java\jdk-25.0.2\bin\extnet.dll

JVMTI agents:
C:\Program Files\JetBrains\IntelliJ IDEA Community Edition 2025.1.1.1\lib\idea_rt.jar path:C:\Program Files\Java\jdk-25.0.2\bin\instrument.dll, loaded, initialized, instrumentlib options:49392

dbghelp: loaded successfully - version: 4.0.5 - missing functions: none
symbol engine: initialized successfully - sym options: 0x614 - pdb path: .;C:\Program Files\Java\jdk-25.0.2\bin;C:\WINDOWS\SYSTEM32;C:\WINDOWS\WinSxS\amd64_microsoft.windows.common-controls_6595b64144ccf1df_6.0.19041.6456_none_60b8a6cb71f64256;C:\Program Files\Java\jdk-25.0.2\bin\server

VM Arguments:
jvm_args: -javaagent:C:\Program Files\JetBrains\IntelliJ IDEA Community Edition 2025.1.1.1\lib\idea_rt.jar=49392 -Dfile.encoding=UTF-8 -Dsun.stdout.encoding=UTF-8 -Dsun.stderr.encoding=UTF-8 
java_command: com.duoc.bff_cajeros.BffCajerosApplication
java_class_path (initial): C:\Users\jorge\OneDrive\Desktop\Backend III\Semana 6\bff-cajeros\target\classes;C:\Users\jorge\.m2\repository\org\springframework\boot\spring-boot-starter-web\4.1.1\spring-boot-starter-web-4.1.1.jar;C:\Users\jorge\.m2\repository\org\springframework\boot\spring-boot-starter-jackson\4.1.1\spring-boot-starter-jackson-4.1.1.jar;C:\Users\jorge\.m2\repository\org\springframework\boot\spring-boot-jackson\4.1.1\spring-boot-jackson-4.1.1.jar;C:\Users\jorge\.m2\repository\tools\jackson\core\jackson-databind\3.1.5\jackson-databind-3.1.5.jar;C:\Users\jorge\.m2\repository\tools\jackson\core\jackson-core\3.1.5\jackson-core-3.1.5.jar;C:\Users\jorge\.m2\repository\org\springframework\boot\spring-boot-starter-tomcat\4.1.1\spring-boot-starter-tomcat-4.1.1.jar;C:\Users\jorge\.m2\repository\org\springframework\boot\spring-boot-starter-tomcat-runtime\4.1.1\spring-boot-starter-tomcat-runtime-4.1.1.jar;C:\Users\jorge\.m2\repository\org\springframework\boot\spring-boot-web-server\4.1.1\spring-boot-web-server-4.1.1.jar;C:\Users\jorge\.m2\repository\org\apache\tomcat\embed\tomcat-embed-core\11.0.24\tomcat-embed-core-11.0.24.jar;C:\Users\jorge\.m2\repository\org\apache\tomcat\embed\tomcat-embed-el\11.0.24\tomcat-embed-el-11.0.24.jar;C:\Users\jorge\.m2\repository\org\apache\tomcat\embed\tomcat-embed-websocket\11.0.24\tomcat-embed-websocket-11.0.24.jar;C:\Users\jorge\.m2\repository\org\springframework\boot\spring-boot-tomcat\4.1.1\spring-boot-tomcat-4.1.1.jar;C:\Users\jorge\.m2\repository\org\springframework\boot\spring-boot-http-converter\4.1.1\spring-boot-http-converter-4.1.1.jar;C:\Users\jorge\.m2\repository\org\springframework\boot\spring-boot\4.1.1\spring-boot-4.1.1.jar;C:\Users\jorge\.m2\repository\org\springframework\spring-context\7.0.9\spring-context-7.0.9.jar;C:\Users\jorge\.m2\repository\org\springframework\spring-web\7.0.9\spring-web-7.0.9.jar;C:\Users\jorge\.m2\repository\org\springframework\boot\spring-boot-webmvc\4.1.1\spring-boot-webmvc-4.1.1.jar;C:\Users\jorge\.m2\repository\org\springframework\boot\spring-boot-servlet\4.1.1\spring-boot-servlet-4.1.1.jar;C:\Users\jorge\.m2\repository\org\springframework\spring-webmvc\7.0.9\spring-webmvc-7.0.9.jar;C:\Users\jorge\.m2\repository\org\springframework\spring-expression\7.0.9\spring-expression-7.0.9.jar;C:\Users\jorge\.m2\repository\org\projectlombok\lombok\1.18.46\lombok-1.18.46.jar;C:\Users\jorge\.m2\repository\org\springframework\boot\spring-boot-starter\4.1.1\spring-boot-starter-4.1.1.jar;C:\Users\jorge\.m2\repository\org\springframework\boot\spring-boot-starter-logging\4.1.1\spring-boot-starter-logging-4.1.1.jar;C:\Users\jorge\.m2\repository\ch\qos\logback\logback-classic\1.5.38\logback-classic-1.5.38.jar;C:\Users\jorge\.m2\repository\ch\qos\logback\logback-core\1.5.38\logback-core-1.5.38.jar;C:\Users\jorge\.m2\repository\org\apache\logging\log4j\log4j-to-slf4j\2.25.5\log4j-to-slf4j-2.25.5.jar;C:\Users\jorge\.m2\repository\org\apache\logging\log4j\log4j-api\2.25.5\log4j-api-2.25.5.jar;C:\Users\jorge\.m2\repository\org\slf4j\jul-to-slf4j\2.0.18\jul-to-slf4j-2.0.18.jar;C:\Users\jorge\.m2\repository\org\springframework\boot\spring-boot-autoconfigure\4.1.1\spring-boot-autoconfigure-4.1.1.jar;C:\Users\jorge\.m2\repository\jakarta\annotation\jakarta.annotation-api\3.0.0\jakarta.annotation-api-3.0.0.jar;C:\Users\jorge\.m2\repository\org\yaml\snakeyaml\2.6\snakeyaml-2.6.jar;C:\Users\jorge\.m2\repository\org\slf4j\slf4j-api\2.0.18\slf4j-api-2.0.18.jar;C:\Users\jorge\.m2\repository\org\springframework\spring-core\7.0.9\spring-core-7.0.9.jar;C:\Users\jorge\.m2\repository\commons-logging\commons-logging\1.3.6\commons-logging-1.3.6.jar;C:\Users\jorge\.m2\repository\org\jspecify\jspecify\1.0.1\jspecify-1.0.1.jar;C:\Users\jorge\.m2\repository\org\springframework\cloud\spring-cloud-starter-circuitbreaker-resilience4j\5.0.2\spring-cloud-starter-circuitbreaker-resilience4j-5.0.2.jar;C:\Users\jorge\.m2\repository\org\springframework\cloud\spring-cloud-starter\5.0.2\spring-cloud-starter-5.0.2.jar;C:\Users\jorge\.m2\repository\org\springframework\cloud\spring-cloud-context\5.0.2\spring-cloud-context-5.0.2.jar;C:\Users\jorge\.m2\repository\org\springframework\security\spring-security-crypto\7.1.1\spring-security-crypto-7.1.1.jar;C:\Users\jorge\.m2\repository\org\springframework\cloud\spring-cloud-commons\5.0.2\spring-cloud-commons-5.0.2.jar;C:\Users\jorge\.m2\repository\org\bouncycastle\bcprov-jdk18on\1.81.1\bcprov-jdk18on-1.81.1.jar;C:\Users\jorge\.m2\repository\org\springframework\cloud\spring-cloud-circuitbreaker-resilience4j\5.0.2\spring-cloud-circuitbreaker-resilience4j-5.0.2.jar;C:\Users\jorge\.m2\repository\com\fasterxml\jackson\core\jackson-core\2.21.5\jackson-core-2.21.5.jar;C:\Users\jorge\.m2\repository\com\fasterxml\jackson\core\jackson-databind\2.21.5\jackson-databind-2.21.5.jar;C:\Users\jorge\.m2\repository\com\fasterxml\jackson\core\jackson-annotations\2.21\jackson-annotations-2.21.jar;C:\Users\jorge\.m2\repository\io\micrometer\micrometer-observation\1.17.1\micrometer-observation-1.17.1.jar;C:\Users\jorge\.m2\repository\io\micrometer\micrometer-commons\1.17.1\micrometer-commons-1.17.1.jar;C:\Users\jorge\.m2\repository\io\github\resilience4j\resilience4j-spring-boot3\2.3.0\resilience4j-spring-boot3-2.3.0.jar;C:\Users\jorge\.m2\repository\io\github\resilience4j\resilience4j-spring6\2.3.0\resilience4j-spring6-2.3.0.jar;C:\Users\jorge\.m2\repository\io\github\resilience4j\resilience4j-annotations\2.3.0\resilience4j-annotations-2.3.0.jar;C:\Users\jorge\.m2\repository\io\github\resilience4j\resilience4j-consumer\2.3.0\resilience4j-consumer-2.3.0.jar;C:\Users\jorge\.m2\repository\io\github\resilience4j\resilience4j-circularbuffer\2.3.0\resilience4j-circularbuffer-2.3.0.jar;C:\Users\jorge\.m2\repository\io\github\resilience4j\resilience4j-framework-common\2.3.0\resilience4j-framework-common-2.3.0.jar;C:\Users\jorge\.m2\repository\io\github\resilience4j\resilience4j-micrometer\2.3.0\resilience4j-micrometer-2.3.0.jar;C:\Users\jorge\.m2\repository\io\micrometer\micrometer-core\1.17.1\micrometer-core-1.17.1.jar;C:\Users\jorge\.m2\repository\org\hdrhistogram\HdrHistogram\2.2.2\HdrHistogram-2.2.2.jar;C:\Users\jorge\.m2\repository\io\github\resilience4j\resilience4j-retry\2.3.0\resilience4j-retry-2.3.0.jar;C:\Users\jorge\.m2\repository\io\github\resilience4j\resilience4j-ratelimiter\2.3.0\resilience4j-ratelimiter-2.3.0.jar;C:\Users\jorge\.m2\repository\org\springframework\boot\spring-boot-configuration-processor\4.1.1\spring-boot-configuration-processor-4.1.1.jar;C:\Users\jorge\.m2\repository\io\github\resilience4j\resilience4j-circuitbreaker\2.3.0\resilience4j-circuitbreaker-2.3.0.jar;C:\Users\jorge\.m2\repository\io\github\resilience4j\resilience4j-core\2.3.0\resilience4j-core-2.3.0.jar;C:\Users\jorge\.m2\repository\org\jetbrains\kotlin\kotlin-stdlib-jdk8\2.3.21\kotlin-stdlib-jdk8-2.3.21.jar;C:\Users\jorge\.m2\repository\org\jetbrains\kotlin\kotlin-stdlib\2.3.21\kotlin-stdlib-2.3.21.jar;C:\Users\jorge\.m2\repository\org\jetbrains\annotations\13.0\annotations-13.0.jar;C:\Users\jorge\.m2\repository\org\jetbrains\kotlin\kotlin-stdlib-jdk7\2.3.21\kotlin-stdlib-jdk7-2.3.21.jar;C:\Users\jorge\.m2\repository\io\github\resilience4j\resilience4j-timelimiter\2.3.0\resilience4j-timelimiter-2.3.0.jar;C:\Users\jorge\.m2\repository\org\springframework\spring-aop\7.0.9\spring-aop-7.0.9.jar;C:\Users\jorge\.m2\repository\org\springframework\spring-beans\7.0.9\spring-beans-7.0.9.jar;C:\Users\jorge\.m2\repository\org\aspectj\aspectjweaver\1.9.25.1\aspectjweaver-1.9.25.1.jar
Launcher Type: SUN_STANDARD

[Global flags]
     intx CICompilerCount                          = 4                                         {product} {ergonomic}
     uint ConcGCThreads                            = 3                                         {product} {ergonomic}
     uint G1ConcRefinementThreads                  = 10                                        {product} {ergonomic}
   size_t G1HeapRegionSize                         = 2097152                                   {product} {ergonomic}
   size_t InitialHeapSize                          = 268435456                                 {product} {ergonomic}
   size_t MarkStackSize                            = 4194304                                   {product} {ergonomic}
   size_t MarkStackSizeMax                         = 536870912                                 {product} {ergonomic}
   size_t MaxHeapSize                              = 4276092928                                {product} {ergonomic}
   size_t MaxNewSize                               = 2564816896                                {product} {ergonomic}
   size_t MinHeapDeltaBytes                        = 2097152                                   {product} {ergonomic}
   size_t MinHeapSize                              = 8388608                                   {product} {ergonomic}
    uintx NonNMethodCodeHeapSize                   = 5832704                                {pd product} {ergonomic}
    uintx NonProfiledCodeHeapSize                  = 122945536                              {pd product} {ergonomic}
    uintx ProfiledCodeHeapSize                     = 122880000                              {pd product} {ergonomic}
    uintx ReservedCodeCacheSize                    = 251658240                              {pd product} {ergonomic}
     bool SegmentedCodeCache                       = true                                      {product} {ergonomic}
   size_t SoftMaxHeapSize                          = 4276092928                             {manageable} {ergonomic}
     bool UseCompressedOops                        = true                           {product lp64_product} {ergonomic}
     bool UseG1GC                                  = true                                      {product} {ergonomic}
     bool UseLargePagesIndividualAllocation        = false                                  {pd product} {ergonomic}

Logging:
Log output configuration:
 #0: stdout all=warning uptime,level,tags foldmultilines=false
 #1: stderr all=off uptime,level,tags foldmultilines=false

Release file:
IMPLEMENTOR="Oracle Corporation" 
JAVA_RUNTIME_VERSION="25.0.2+10-LTS-69" 
JAVA_VERSION="25.0.2" 
JAVA_VERSION_DATE="2026-01-20" 
LIBC="default" 
MODULES="java.base java.compiler java.datatransfer java.xml java.prefs java.desktop java.instrument java.logging java.management java.security.sasl java.naming java.rmi java.management.rmi java.net.http java.scripting java.security.jgss java.transaction.xa java.sql java.sql.rowset java.xml.crypto java.se java.smartcardio jdk.accessibility jdk.internal.jvmstat jdk.attach jdk.charsets jdk.internal.opt jdk.zipfs jdk.compiler jdk.crypto.cryptoki jdk.crypto.ec jdk.crypto.mscapi jdk.dynalink jdk.internal.ed jdk.editpad jdk.internal.vm.ci jdk.graal.compiler jdk.graal.compiler.management jdk.hotspot.agent jdk.httpserver jdk.incubator.vector jdk.internal.le jdk.internal.md jdk.jartool jdk.javadoc jdk.jcmd jdk.management jdk.management.agent jdk.jconsole jdk.jdeps jdk.jdwp.agent jdk.jdi jdk.jfr jdk.jlink jdk.jpackage jdk.jshell jdk.jsobject jdk.jstatd jdk.localedata jdk.management.jfr jdk.naming.dns jdk.naming.rmi jdk.net jdk.nio.mapmode jdk.sctp jdk.security.auth jdk.security.jgss jdk.unsupported jdk.unsupported.desktop jdk.xml.dom" 
OS_ARCH="x86_64" 
OS_NAME="Windows" 
SOURCE=".:git:b75efb40c93a open:git:405a5699ebd0" 

Environment Variables:
JAVA_HOME=C:\Program Files\Microsoft\jdk-21.0.10.7-hotspot\
PATH=C:\Program Files\Microsoft\jdk-21.0.10.7-hotspot\bin;C:\Program Files\Common Files\Oracle\Java\javapath;C:\app\jorge\product\21c\dbhomeXE\bin;C:\WINDOWS\system32;C:\WINDOWS;C:\WINDOWS\System32\Wbem;C:\WINDOWS\System32\WindowsPowerShell\v1.0\;C:\WINDOWS\System32\OpenSSH\;C:\Program Files\NVIDIA Corporation\NVIDIA App\NvDLISR;C:\Program Files (x86)\NVIDIA Corporation\PhysX\Common;C:\Program Files\nodejs\;C:\Program Files\Docker\Docker\resources\bin;C:\Program Files\Git\cmd;C:\Program Files\dotnet\;C:\Program Files\Amazon\AWSCLIV2\;C:\Program Files\Amazon\AWSSAMCLI\bin\;C:\Users\jorge\scoop\apps\maven\current\bin;C:\Users\jorge\scoop\shims;C:\Program Files\MySQL\MySQL Shell 8.0\bin\;C:\Users\jorge\AppData\Local\Programs\Python\Launcher\;C:\Users\jorge\AppData\Local\Microsoft\WindowsApps;C:\Users\jorge\AppData\Local\Programs\Microsoft VS Code\bin;C:\Program Files\JetBrains\PyCharm Community Edition 2025.1.1.1\bin;;C:\Users\jorge\AppData\Roaming\npm;C:\Users\jorge\.dotnet\tools;C:\Program Files\PostgreSQL\17\bin;C:\terraform;
USERNAME=jorge
OS=Windows_NT
PROCESSOR_IDENTIFIER=Intel64 Family 6 Model 165 Stepping 5, GenuineIntel
TMP=C:\Users\jorge\AppData\Local\Temp
TEMP=C:\Users\jorge\AppData\Local\Temp




Compilation memory statistics disabled.

Periodic native trim disabled

---------------  S Y S T E M  ---------------

OS:
 Windows 10 , 64 bit Build 19041 (10.0.19041.5915)
OS uptime: 0 days 21:40 hours
Hyper-V role detected

CPU: total 12 (initial active 12) (6 cores per cpu, 2 threads per core) family 6 model 165 stepping 5 microcode 0xca, cx8, cmov, fxsr, ht, mmx, 3dnowpref, sse, sse2, sse3, ssse3, sse4.1, sse4.2, popcnt, lzcnt, tsc, tscinvbit, avx, avx2, aes, erms, clmul, bmi1, bmi2, adx, fma, vzeroupper, clflush, clflushopt, hv, rdtscp, f16c
Processor Information for the first 12 processors :
  Max Mhz: 4104, Current Mhz: 3803, Mhz Limit: 4104

Memory: 4k page, system-wide physical 16310M (3558M free)
TotalPageFile size 29110M (AvailPageFile size 5718M)
current process WorkingSet (physical memory assigned to process): 123M, peak: 123M
current process commit charge ("private bytes"): 375M, peak: 377M

vm_info: Java HotSpot(TM) 64-Bit Server VM (25.0.2+10-LTS-69) for windows-amd64 JRE (25.0.2+10-LTS-69), built on 2025-12-18T11:36:35Z with MS VC++ 17.13 (VS2022)

END.
