#
# A fatal error has been detected by the Java Runtime Environment:
#
#  EXCEPTION_ACCESS_VIOLATION (0xc0000005) at pc=0x00007ff9d00f5b74, pid=2160, tid=20288
#
# JRE version: OpenJDK Runtime Environment Microsoft-13106358 (17.0.18+8) (build 17.0.18+8-LTS)
# Java VM: OpenJDK 64-Bit Server VM Microsoft-13106358 (17.0.18+8-LTS, mixed mode, sharing, tiered, compressed oops, compressed class ptrs, g1 gc, windows-amd64)
# Problematic frame:
# V  [jvm.dll+0x575b74]
#
# No core dump will be written. Minidumps are not enabled by default on client versions of Windows
#
# If you would like to submit a bug report, please visit:
#   https://github.com/microsoft/openjdk/issues
#

---------------  S U M M A R Y ------------

Command Line: -javaagent:C:\Program Files\JetBrains\IntelliJ IDEA Community Edition 2025.1.1.1\lib\idea_rt.jar=49948 -Dfile.encoding=UTF-8 com.duoc.banco_central_xyz.BancoCentralXyzApplication

Host: Intel(R) Core(TM) i5-10600K CPU @ 4.10GHz, 12 cores, 15G,  Windows 10 , 64 bit Build 19041 (10.0.19041.5915)
Time: Sun Sep 20 11:13:26 2026 Hora verano Sudamérica Pacífico elapsed time: 8.676863 seconds (0d 0h 0m 8s)

---------------  T H R E A D  ---------------

Current thread (0x0000016ce290d9d0):  JavaThread "C2 CompilerThread1" daemon [_thread_in_native, id=20288, stack(0x0000001535f00000,0x0000001536000000)]


Current CompileTask:
C2:8676 7005       4       org.springframework.core.SerializableTypeWrapper::forTypeProvider (182 bytes)

Stack: [0x0000001535f00000,0x0000001536000000],  sp=0x0000001535ffbae0,  free space=1006k
Native frames: (J=compiled Java code, j=interpreted, Vv=VM code, C=native code)
V  [jvm.dll+0x575b74]  (no source info available)
V  [jvm.dll+0x576673]  (no source info available)
V  [jvm.dll+0x1c0590]  (no source info available)
V  [jvm.dll+0x21e080]  (no source info available)
V  [jvm.dll+0x21d36d]  (no source info available)
V  [jvm.dll+0x1a8ce6]  (no source info available)
V  [jvm.dll+0x22db1b]  (no source info available)
V  [jvm.dll+0x22bca6]  (no source info available)
V  [jvm.dll+0x7fbabb]  (no source info available)
V  [jvm.dll+0x7f5ebc]  (no source info available)
V  [jvm.dll+0x68de17]  (no source info available)
C  [ucrtbase.dll+0x21bb2]  (no source info available)
C  [KERNEL32.DLL+0x17374]  (no source info available)
C  [ntdll.dll+0x4cc91]  (no source info available)


siginfo: EXCEPTION_ACCESS_VIOLATION (0xc0000005), reading address 0x00007ff1d071b1b8


Registers:
RAX=0x0000016ce3b26fa0, RBX=0x0000000000000513, RCX=0x00007ff1d071b1b8, RDX=0x0000000000000000
RSP=0x0000001535ffbae0, RBP=0x0000000000080000, RSI=0x0000016ce004d520, RDI=0x0000000000000000
R8 =0x0000016ce0ef5360, R9 =0x00007ff9d071b1b8, R10=0x000000000001a540, R11=0x00000000000002a2
R12=0x0000000000000000, R13=0x0000016ce3b26f90, R14=0x0000000000000028, R15=0x0000016ce38031e0
RIP=0x00007ff9d00f5b74, EFLAGS=0x0000000000010246

XMM[0]=0x0000000000000000 0x0000000000000000
XMM[1]=0x0000016ce1aa9570 0x0000016ce1b183d8
XMM[2]=0x0000000000000000 0x0000000000000000
XMM[3]=0x0000000000000000 0x0000000000000000
XMM[4]=0x0000000000000000 0x0000000000000000
XMM[5]=0x0000016ce1aabf30 0x0000016ce1aab5f0
XMM[6]=0x0000000000000000 0x0000000000000000
XMM[7]=0x0000000000000000 0x0000000000000000
XMM[8]=0x0000000000000000 0x0000000000000000
XMM[9]=0x0000000000000000 0x0000000000000000
XMM[10]=0x0000000000000000 0x0000000000000000
XMM[11]=0x0000000000000000 0x0000000000000000
XMM[12]=0x0000000000000000 0x0000000000000000
XMM[13]=0x0000000000000000 0x0000000000000000
XMM[14]=0x0000000000000000 0x0000000000000000
XMM[15]=0x0000000000000000 0x0000000000000000
  MXCSR=0x00001fa0


Register to memory mapping:

RIP=0x00007ff9d00f5b74 jvm.dll
RAX=0x0000016ce3b26fa0 points into unknown readable memory: 0x00007ff9d071b1b8 | b8 b1 71 d0 f9 7f 00 00
RBX=0x0000000000000513 is an unknown value
RCX=0x00007ff1d071b1b8 is an unknown value
RDX=0x0 is NULL
RSP=0x0000001535ffbae0 is pointing into the stack for thread: 0x0000016ce290d9d0
RBP=0x0000000000080000 is an unknown value
RSI=0x0000016ce004d520 points into unknown readable memory: 0x0000000200000002 | 02 00 00 00 02 00 00 00
RDI=0x0 is NULL
R8 =0x0000016ce0ef5360 points into unknown readable memory: 0x0000000000080000 | 00 00 08 00 00 00 00 00
R9 =0x00007ff9d071b1b8 jvm.dll
R10=0x000000000001a540 is an unknown value
R11=0x00000000000002a2 is an unknown value
R12=0x0 is NULL
R13=0x0000016ce3b26f90 points into unknown readable memory: 0x0000000900000001 | 01 00 00 00 09 00 00 00
R14=0x0000000000000028 is an unknown value
R15=0x0000016ce38031e0 points into unknown readable memory: 0x0000000800000017 | 17 00 00 00 08 00 00 00


Top of Stack: (sp=0x0000001535ffbae0)
0x0000001535ffbae0:   0000000000000513 0000000000000001
0x0000001535ffbaf0:   0000000000000004 00007ff9cfef6831
0x0000001535ffbb00:   0000000000000000 0000000000000000
0x0000001535ffbb10:   0000000100000513 0000000600000006
0x0000001535ffbb20:   0000016ce0ef3ea0 0000016ce2736900
0x0000001535ffbb30:   0000016ce27368f0 0000016ce227e838
0x0000001535ffbb40:   0000000000000010 0000000000000000
0x0000001535ffbb50:   0000000000000003 0000001535ffbdc0
0x0000001535ffbb60:   0000000000000000 0000016ce2736030
0x0000001535ffbb70:   0000000000000001 0000016ce27368f0
0x0000001535ffbb80:   0000016ce1aad310 00007ff9d00f6673
0x0000001535ffbb90:   0000001535ffbdc0 0000016ce1aad470
0x0000001535ffbba0:   0000016ce3b26f90 0000001535ffbc08
0x0000001535ffbbb0:   0000016cdf16f348 0000000000000018
0x0000001535ffbbc0:   0000000000000010 0000016ce227e7f0
0x0000001535ffbbd0:   0000016ce227e838 0000016ce227e808
0x0000001535ffbbe0:   0000016ce2cedc70 0000016ce2e5a520
0x0000001535ffbbf0:   0000000000207a30 0000016ce2e5a570
0x0000001535ffbc00:   0000016ce2e62508 0000061b00000020
0x0000001535ffbc10:   0000016ce004d7a0 0000016c00000020
0x0000001535ffbc20:   0000016ce2cedc70 0000000000000000
0x0000001535ffbc30:   0000000000082950 0000016cda0dbc20
0x0000001535ffbc40:   0000001535ffc1e0 0000000000000001
0x0000001535ffbc50:   0000016cda0dbc30 0000000000000000
0x0000001535ffbc60:   0000016cda0dc008 0000001535ffbd80
0x0000001535ffbc70:   0000001535ffc100 00007ff9cfd40590
0x0000001535ffbc80:   000000150000044e 0000001500000004
0x0000001535ffbc90:   0000016ce1b19aa8 0000016ce2736030
0x0000001535ffbca0:   0000016ce2ed2d00 00007ffa00000002
0x0000001535ffbcb0:   0000016c00000006 0000016cda0dbc20
0x0000001535ffbcc0:   0000016ce0ef1670 0000016ce0ef5640
0x0000001535ffbcd0:   0000016ce0ef9658 000000000016e9a0 

Instructions: (pc=0x00007ff9d00f5b74)
0x00007ff9d00f5a74:   08 4c 8d 0d 3c 57 62 00 8b 4f 04 33 d2 4c 8b ac
0x00007ff9d00f5a84:   24 c0 00 00 00 8b da 48 89 54 24 28 89 54 24 30
0x00007ff9d00f5a94:   48 89 54 24 40 48 89 44 24 48 48 c7 44 24 34 04
0x00007ff9d00f5aa4:   00 00 00 89 4c 24 3c 48 89 7c 24 50 4c 89 64 24
0x00007ff9d00f5ab4:   70 48 85 d2 74 19 48 0f bc c2 8b c8 48 d3 ea 48
0x00007ff9d00f5ac4:   ff ca 03 d8 48 89 54 24 28 89 5c 24 30 eb 28 83
0x00007ff9d00f5ad4:   7c 24 34 04 72 0e 8b 44 24 3c 39 44 24 38 0f 83
0x00007ff9d00f5ae4:   e6 00 00 00 48 8d 4c 24 28 e8 ae 0b e0 ff 8b d8
0x00007ff9d00f5af4:   4c 8d 0d bd 56 62 00 85 db 0f 84 cb 00 00 00 8b
0x00007ff9d00f5b04:   c3 48 c1 e8 08 8b fb 4c 8d 34 c5 00 00 00 00 49
0x00007ff9d00f5b14:   8b 47 08 4d 8b 04 06 4d 3b c1 75 14 8b d3 49 8b
0x00007ff9d00f5b24:   cf e8 36 0d e0 ff 4c 8b c0 4c 8d 0d 84 56 62 00
0x00007ff9d00f5b34:   8b d3 48 8b cf c1 ea 06 bd 01 00 00 00 48 d3 e5
0x00007ff9d00f5b44:   83 e2 03 4c 8d 24 d5 00 00 00 00 4b 8b 0c 04 48
0x00007ff9d00f5b54:   8b c1 48 0b c5 4b 89 04 04 48 85 cd 75 4e 41 ff
0x00007ff9d00f5b64:   07 49 8b 45 08 48 c1 ef 06 83 e7 03 4a 8b 0c 30
0x00007ff9d00f5b74:   48 85 2c f9 75 36 48 8b 46 08 49 8b 14 06 49 3b
0x00007ff9d00f5b84:   d1 75 14 8b d3 48 8b ce e8 cf 0c e0 ff 48 8b d0
0x00007ff9d00f5b94:   4c 8d 0d 1d 56 62 00 49 8b 0c 14 48 8b c1 48 0b
0x00007ff9d00f5ba4:   c5 49 89 04 14 48 85 cd 74 10 66 90 8b 5c 24 30
0x00007ff9d00f5bb4:   48 8b 54 24 28 e9 f7 fe ff ff ff 06 8b 5c 24 30
0x00007ff9d00f5bc4:   48 8b 54 24 28 e9 e7 fe ff ff 4c 8b ac 24 b0 00
0x00007ff9d00f5bd4:   00 00 48 8b 9c 24 b8 00 00 00 48 8b 6c 24 20 4c
0x00007ff9d00f5be4:   8b b4 24 c8 00 00 00 4c 8b 64 24 70 83 3e 00 4c
0x00007ff9d00f5bf4:   8b 7c 24 68 48 8b 7c 24 78 74 4a 8b 4b 4c 49 8b
0x00007ff9d00f5c04:   45 28 ff c9 48 89 34 c8 48 85 ed 75 47 8b 4b 4c
0x00007ff9d00f5c14:   8b c1 c1 e8 05 41 3b 06 73 3a 8b d0 83 e1 1f 49
0x00007ff9d00f5c24:   8b 46 08 8b 04 90 0f a3 c8 73 29 49 8b 4d 38 48
0x00007ff9d00f5c34:   8b d3 48 81 c4 80 00 00 00 41 5e 41 5d 5e 5d 5b
0x00007ff9d00f5c44:   e9 c7 02 bb ff 49 8b 45 30 48 89 86 98 00 00 00
0x00007ff9d00f5c54:   49 89 75 30 48 81 c4 80 00 00 00 41 5e 41 5d 5e
0x00007ff9d00f5c64:   5d 5b c3 cc cc cc cc cc cc cc cc cc 40 53 55 56 


Stack slot to memory mapping:
stack at sp + 0 slots: 0x0000000000000513 is an unknown value
stack at sp + 1 slots: 0x0000000000000001 is an unknown value
stack at sp + 2 slots: 0x0000000000000004 is an unknown value
stack at sp + 3 slots: 0x00007ff9cfef6831 jvm.dll
stack at sp + 4 slots: 0x0 is NULL
stack at sp + 5 slots: 0x0 is NULL
stack at sp + 6 slots: 0x0000000100000513 is an unknown value
stack at sp + 7 slots: 0x0000000600000006 is an unknown value


---------------  P R O C E S S  ---------------

Threads class SMR info:
_java_thread_list=0x0000016ce16f1aa0, length=22, elements={
0x0000016cf5846280, 0x0000016cda00ab60, 0x0000016cda00b7f0, 0x0000016cda01d040,
0x0000016cda020a30, 0x0000016cda021300, 0x0000016cda021bd0, 0x0000016cda0227d0,
0x0000016cda023190, 0x0000016cda025ab0, 0x0000016cda112330, 0x0000016cda87fd00,
0x0000016cda8801e0, 0x0000016ce0bf5630, 0x0000016ce173af80, 0x0000016cdf65a4c0,
0x0000016ce16b3a70, 0x0000016ce0b85c70, 0x0000016ce0b82ee0, 0x0000016ce0b85760,
0x0000016ce290d9d0, 0x0000016ce00d9830
}

Java Threads: ( => current thread )
  0x0000016cf5846280 JavaThread "main" [_thread_in_native, id=16908, stack(0x0000001533c00000,0x0000001533d00000)]
  0x0000016cda00ab60 JavaThread "Reference Handler" daemon [_thread_blocked, id=8548, stack(0x0000001534300000,0x0000001534400000)]
  0x0000016cda00b7f0 JavaThread "Finalizer" daemon [_thread_blocked, id=12008, stack(0x0000001534400000,0x0000001534500000)]
  0x0000016cda01d040 JavaThread "Signal Dispatcher" daemon [_thread_blocked, id=16936, stack(0x0000001534500000,0x0000001534600000)]
  0x0000016cda020a30 JavaThread "Attach Listener" daemon [_thread_blocked, id=6424, stack(0x0000001534600000,0x0000001534700000)]
  0x0000016cda021300 JavaThread "Service Thread" daemon [_thread_blocked, id=10436, stack(0x0000001534700000,0x0000001534800000)]
  0x0000016cda021bd0 JavaThread "Monitor Deflation Thread" daemon [_thread_blocked, id=17604, stack(0x0000001534800000,0x0000001534900000)]
  0x0000016cda0227d0 JavaThread "C2 CompilerThread0" daemon [_thread_in_native, id=5796, stack(0x0000001534900000,0x0000001534a00000)]
  0x0000016cda023190 JavaThread "C1 CompilerThread0" daemon [_thread_blocked, id=18568, stack(0x0000001534a00000,0x0000001534b00000)]
  0x0000016cda025ab0 JavaThread "Sweeper thread" daemon [_thread_blocked, id=10372, stack(0x0000001534b00000,0x0000001534c00000)]
  0x0000016cda112330 JavaThread "Common-Cleaner" daemon [_thread_blocked, id=11544, stack(0x0000001534c00000,0x0000001534d00000)]
  0x0000016cda87fd00 JavaThread "Monitor Ctrl-Break" daemon [_thread_in_native, id=18704, stack(0x0000001534e00000,0x0000001534f00000)]
  0x0000016cda8801e0 JavaThread "Notification Thread" daemon [_thread_blocked, id=11648, stack(0x0000001534f00000,0x0000001535000000)]
  0x0000016ce0bf5630 JavaThread "Keep-Alive-Timer" daemon [_thread_blocked, id=1012, stack(0x0000001535a00000,0x0000001535b00000)]
  0x0000016ce173af80 JavaThread "Catalina-utility-1" [_thread_blocked, id=20368, stack(0x0000001535b00000,0x0000001535c00000)]
  0x0000016cdf65a4c0 JavaThread "Catalina-utility-2" [_thread_blocked, id=4384, stack(0x0000001536000000,0x0000001536100000)]
  0x0000016ce16b3a70 JavaThread "container-0" [_thread_blocked, id=16572, stack(0x0000001536100000,0x0000001536200000)]
  0x0000016ce0b85c70 JavaThread "Cleaner-0" daemon [_thread_blocked, id=1980, stack(0x0000001536200000,0x0000001536300000)]
  0x0000016ce0b82ee0 JavaThread "HikariPool-1:housekeeper" daemon [_thread_blocked, id=18724, stack(0x0000001536300000,0x0000001536400000)]
  0x0000016ce0b85760 JavaThread "HikariPool-1:connection-adder" daemon [_thread_in_native, id=17436, stack(0x0000001535c00000,0x0000001535d00000)]
=>0x0000016ce290d9d0 JavaThread "C2 CompilerThread1" daemon [_thread_in_native, id=20288, stack(0x0000001535f00000,0x0000001536000000)]
  0x0000016ce00d9830 JavaThread "C2 CompilerThread2" daemon [_thread_in_native, id=18164, stack(0x0000001536400000,0x0000001536500000)]

Other Threads:
  0x0000016cda0066a0 VMThread "VM Thread" [stack: 0x0000001534200000,0x0000001534300000] [id=20160]
  0x0000016cda676be0 WatcherThread [stack: 0x0000001535000000,0x0000001535100000] [id=15152]
  0x0000016cf58b2aa0 GCTaskThread "GC Thread#0" [stack: 0x0000001533d00000,0x0000001533e00000] [id=2572]
  0x0000016cdf025c80 GCTaskThread "GC Thread#1" [stack: 0x0000001535100000,0x0000001535200000] [id=16544]
  0x0000016cdaa14080 GCTaskThread "GC Thread#2" [stack: 0x0000001535200000,0x0000001535300000] [id=3104]
  0x0000016cdf33c2a0 GCTaskThread "GC Thread#3" [stack: 0x0000001535300000,0x0000001535400000] [id=17484]
  0x0000016cdf33c570 GCTaskThread "GC Thread#4" [stack: 0x0000001535400000,0x0000001535500000] [id=4464]
  0x0000016cdf083b70 GCTaskThread "GC Thread#5" [stack: 0x0000001535500000,0x0000001535600000] [id=20200]
  0x0000016cdf68f700 GCTaskThread "GC Thread#6" [stack: 0x0000001535700000,0x0000001535800000] [id=1256]
  0x0000016cdf68fca0 GCTaskThread "GC Thread#7" [stack: 0x0000001535800000,0x0000001535900000] [id=8160]
  0x0000016cdf690510 GCTaskThread "GC Thread#8" [stack: 0x0000001534d00000,0x0000001534e00000] [id=1704]
  0x0000016cdf68f160 GCTaskThread "GC Thread#9" [stack: 0x0000001535600000,0x0000001535700000] [id=16092]
  0x0000016cf58c47f0 ConcurrentGCThread "G1 Main Marker" [stack: 0x0000001533e00000,0x0000001533f00000] [id=20812]
  0x0000016cf58c5130 ConcurrentGCThread "G1 Conc#0" [stack: 0x0000001533f00000,0x0000001534000000] [id=21704]
  0x0000016cdf68f430 ConcurrentGCThread "G1 Conc#1" [stack: 0x0000001535d00000,0x0000001535e00000] [id=20672]
  0x0000016cdf6907e0 ConcurrentGCThread "G1 Conc#2" [stack: 0x0000001535e00000,0x0000001535f00000] [id=18020]
  0x0000016cffb67c50 ConcurrentGCThread "G1 Refine#0" [stack: 0x0000001534000000,0x0000001534100000] [id=13224]
  0x0000016cdf0e71e0 ConcurrentGCThread "G1 Refine#1" [stack: 0x0000001536500000,0x0000001536600000] [id=20652]
  0x0000016cffb685a0 ConcurrentGCThread "G1 Service" [stack: 0x0000001534100000,0x0000001534200000] [id=2372]

Threads with active compile tasks:
C2 CompilerThread0  8702 6994   !   4       org.springframework.beans.factory.support.DefaultListableBeanFactory::doGetBeanNamesForType (527 bytes)
C1 CompilerThread0  8702 7098       2       org.springframework.beans.factory.support.DefaultListableBeanFactory::resolveDependency (119 bytes)
C2 CompilerThread1  8702 7005       4       org.springframework.core.SerializableTypeWrapper::forTypeProvider (182 bytes)
C2 CompilerThread2  8702 7036       4       org.springframework.core.SerializableTypeWrapper$TypeProxyInvocationHandler::invoke (364 bytes)

VM state: not at safepoint (normal execution)

VM Mutex/Monitor currently owned by a thread: None

Heap address: 0x0000000701200000, size: 4078 MB, Compressed Oops mode: Zero based, Oop shift amount: 3

CDS archive(s) mapped at: [0x0000016c99000000-0x0000016c99bb0000-0x0000016c99bb0000), size 12255232, SharedBaseAddress: 0x0000016c99000000, ArchiveRelocationMode: 1.
Compressed class space mapped at: 0x0000016c9a000000-0x0000016cda000000, reserved size: 1073741824
Narrow klass base: 0x0000016c99000000, Narrow klass shift: 0, Narrow klass range: 0x100000000

GC Precious Log:
 CPUs: 12 total, 12 available
 Memory: 16310M
 Large Page Support: Disabled
 NUMA Support: Disabled
 Compressed Oops: Enabled (Zero based)
 Heap Region Size: 2M
 Heap Min Capacity: 8M
 Heap Initial Capacity: 256M
 Heap Max Capacity: 4078M
 Pre-touch: Disabled
 Parallel Workers: 10
 Concurrent Workers: 3
 Concurrent Refinement Workers: 10
 Periodic GC: Disabled

Heap:
 garbage-first heap   total 176128K, used 59455K [0x0000000701200000, 0x0000000800000000)
  region size 2048K, 16 young (32768K), 5 survivors (10240K)
 Metaspace       used 84384K, committed 85056K, reserved 1179648K
  class space    used 11688K, committed 12032K, reserved 1048576K

Heap Regions: E=young(eden), S=young(survivor), O=old, HS=humongous(starts), HC=humongous(continues), CS=collection set, F=free, OA=open archive, CA=closed archive, TAMS=top-at-mark-start (previous, next)
|   0|0x0000000701200000, 0x0000000701400000, 0x0000000701400000|100%| O|  |TAMS 0x0000000701400000, 0x0000000701200000| Untracked 
|   1|0x0000000701400000, 0x0000000701600000, 0x0000000701600000|100%| O|  |TAMS 0x0000000701600000, 0x0000000701400000| Untracked 
|   2|0x0000000701600000, 0x0000000701800000, 0x0000000701800000|100%| O|  |TAMS 0x0000000701800000, 0x0000000701600000| Untracked 
|   3|0x0000000701800000, 0x0000000701a00000, 0x0000000701a00000|100%| O|  |TAMS 0x0000000701a00000, 0x0000000701800000| Untracked 
|   4|0x0000000701a00000, 0x0000000701c00000, 0x0000000701c00000|100%| O|  |TAMS 0x0000000701c00000, 0x0000000701a00000| Untracked 
|   5|0x0000000701c00000, 0x0000000701e00000, 0x0000000701e00000|100%| O|  |TAMS 0x0000000701e00000, 0x0000000701c00000| Untracked 
|   6|0x0000000701e00000, 0x0000000702000000, 0x0000000702000000|100%| O|  |TAMS 0x0000000702000000, 0x0000000701e00000| Untracked 
|   7|0x0000000702000000, 0x0000000702200000, 0x0000000702200000|100%| O|  |TAMS 0x0000000702200000, 0x0000000702000000| Untracked 
|   8|0x0000000702200000, 0x0000000702400000, 0x0000000702400000|100%| O|  |TAMS 0x0000000702400000, 0x0000000702200000| Untracked 
|   9|0x0000000702400000, 0x0000000702600000, 0x0000000702600000|100%| O|  |TAMS 0x0000000702600000, 0x0000000702400000| Untracked 
|  10|0x0000000702600000, 0x00000007027d6e00, 0x0000000702800000| 91%| O|  |TAMS 0x0000000702600000, 0x0000000702600000| Untracked 
|  11|0x0000000702800000, 0x0000000702a00000, 0x0000000702a00000|100%| O|  |TAMS 0x0000000702a00000, 0x0000000702800000| Untracked 
|  12|0x0000000702a00000, 0x0000000702c00000, 0x0000000702c00000|100%| O|  |TAMS 0x0000000702c00000, 0x0000000702a00000| Untracked 
|  13|0x0000000702c00000, 0x0000000702e00000, 0x0000000702e00000|100%| O|  |TAMS 0x0000000702e00000, 0x0000000702c00000| Untracked 
|  14|0x0000000702e00000, 0x0000000703000000, 0x0000000703000000|100%| O|  |TAMS 0x0000000702e82600, 0x0000000702e00000| Untracked 
|  15|0x0000000703000000, 0x0000000703000000, 0x0000000703200000|  0%| F|  |TAMS 0x0000000703000000, 0x0000000703000000| Untracked 
|  16|0x0000000703200000, 0x0000000703200000, 0x0000000703400000|  0%| F|  |TAMS 0x0000000703200000, 0x0000000703200000| Untracked 
|  17|0x0000000703400000, 0x0000000703400000, 0x0000000703600000|  0%| F|  |TAMS 0x0000000703400000, 0x0000000703400000| Untracked 
|  18|0x0000000703600000, 0x0000000703600000, 0x0000000703800000|  0%| F|  |TAMS 0x0000000703600000, 0x0000000703600000| Untracked 
|  19|0x0000000703800000, 0x0000000703800000, 0x0000000703a00000|  0%| F|  |TAMS 0x0000000703800000, 0x0000000703800000| Untracked 
|  20|0x0000000703a00000, 0x0000000703a00000, 0x0000000703c00000|  0%| F|  |TAMS 0x0000000703a00000, 0x0000000703a00000| Untracked 
|  21|0x0000000703c00000, 0x0000000703c00000, 0x0000000703e00000|  0%| F|  |TAMS 0x0000000703c00000, 0x0000000703c00000| Untracked 
|  22|0x0000000703e00000, 0x0000000703e00000, 0x0000000704000000|  0%| F|  |TAMS 0x0000000703e00000, 0x0000000703e00000| Untracked 
|  23|0x0000000704000000, 0x0000000704000000, 0x0000000704200000|  0%| F|  |TAMS 0x0000000704000000, 0x0000000704000000| Untracked 
|  24|0x0000000704200000, 0x0000000704200000, 0x0000000704400000|  0%| F|  |TAMS 0x0000000704200000, 0x0000000704200000| Untracked 
|  25|0x0000000704400000, 0x0000000704400000, 0x0000000704600000|  0%| F|  |TAMS 0x0000000704400000, 0x0000000704400000| Untracked 
|  26|0x0000000704600000, 0x0000000704600000, 0x0000000704800000|  0%| F|  |TAMS 0x0000000704600000, 0x0000000704600000| Untracked 
|  27|0x0000000704800000, 0x0000000704800000, 0x0000000704a00000|  0%| F|  |TAMS 0x0000000704800000, 0x0000000704800000| Untracked 
|  28|0x0000000704a00000, 0x0000000704a00000, 0x0000000704c00000|  0%| F|  |TAMS 0x0000000704a00000, 0x0000000704a00000| Untracked 
|  29|0x0000000704c00000, 0x0000000704c00000, 0x0000000704e00000|  0%| F|  |TAMS 0x0000000704c00000, 0x0000000704c00000| Untracked 
|  30|0x0000000704e00000, 0x0000000704e00000, 0x0000000705000000|  0%| F|  |TAMS 0x0000000704e00000, 0x0000000704e00000| Untracked 
|  31|0x0000000705000000, 0x0000000705000000, 0x0000000705200000|  0%| F|  |TAMS 0x0000000705000000, 0x0000000705000000| Untracked 
|  32|0x0000000705200000, 0x0000000705239160, 0x0000000705400000| 11%| S|CS|TAMS 0x0000000705200000, 0x0000000705200000| Complete 
|  33|0x0000000705400000, 0x0000000705600000, 0x0000000705600000|100%| S|CS|TAMS 0x0000000705400000, 0x0000000705400000| Complete 
|  34|0x0000000705600000, 0x0000000705800000, 0x0000000705800000|100%| S|CS|TAMS 0x0000000705600000, 0x0000000705600000| Complete 
|  35|0x0000000705800000, 0x0000000705a00000, 0x0000000705a00000|100%| S|CS|TAMS 0x0000000705800000, 0x0000000705800000| Complete 
|  36|0x0000000705a00000, 0x0000000705c00000, 0x0000000705c00000|100%| S|CS|TAMS 0x0000000705a00000, 0x0000000705a00000| Complete 
|  37|0x0000000705c00000, 0x0000000705c00000, 0x0000000705e00000|  0%| F|  |TAMS 0x0000000705c00000, 0x0000000705c00000| Untracked 
|  38|0x0000000705e00000, 0x0000000705e00000, 0x0000000706000000|  0%| F|  |TAMS 0x0000000705e00000, 0x0000000705e00000| Untracked 
|  39|0x0000000706000000, 0x0000000706000000, 0x0000000706200000|  0%| F|  |TAMS 0x0000000706000000, 0x0000000706000000| Untracked 
|  40|0x0000000706200000, 0x0000000706200000, 0x0000000706400000|  0%| F|  |TAMS 0x0000000706200000, 0x0000000706200000| Untracked 
|  41|0x0000000706400000, 0x0000000706400000, 0x0000000706600000|  0%| F|  |TAMS 0x0000000706400000, 0x0000000706400000| Untracked 
|  42|0x0000000706600000, 0x0000000706600000, 0x0000000706800000|  0%| F|  |TAMS 0x0000000706600000, 0x0000000706600000| Untracked 
|  43|0x0000000706800000, 0x0000000706800000, 0x0000000706a00000|  0%| F|  |TAMS 0x0000000706800000, 0x0000000706800000| Untracked 
|  44|0x0000000706a00000, 0x0000000706a00000, 0x0000000706c00000|  0%| F|  |TAMS 0x0000000706a00000, 0x0000000706a00000| Untracked 
|  45|0x0000000706c00000, 0x0000000706c00000, 0x0000000706e00000|  0%| F|  |TAMS 0x0000000706c00000, 0x0000000706c00000| Untracked 
|  46|0x0000000706e00000, 0x0000000706e00000, 0x0000000707000000|  0%| F|  |TAMS 0x0000000706e00000, 0x0000000706e00000| Untracked 
|  47|0x0000000707000000, 0x0000000707000000, 0x0000000707200000|  0%| F|  |TAMS 0x0000000707000000, 0x0000000707000000| Untracked 
|  48|0x0000000707200000, 0x0000000707200000, 0x0000000707400000|  0%| F|  |TAMS 0x0000000707200000, 0x0000000707200000| Untracked 
|  49|0x0000000707400000, 0x0000000707400000, 0x0000000707600000|  0%| F|  |TAMS 0x0000000707400000, 0x0000000707400000| Untracked 
|  50|0x0000000707600000, 0x0000000707600000, 0x0000000707800000|  0%| F|  |TAMS 0x0000000707600000, 0x0000000707600000| Untracked 
|  51|0x0000000707800000, 0x0000000707800000, 0x0000000707a00000|  0%| F|  |TAMS 0x0000000707800000, 0x0000000707800000| Untracked 
|  52|0x0000000707a00000, 0x0000000707a00000, 0x0000000707c00000|  0%| F|  |TAMS 0x0000000707a00000, 0x0000000707a00000| Untracked 
|  53|0x0000000707c00000, 0x0000000707c00000, 0x0000000707e00000|  0%| F|  |TAMS 0x0000000707c00000, 0x0000000707c00000| Untracked 
|  54|0x0000000707e00000, 0x0000000707e00000, 0x0000000708000000|  0%| F|  |TAMS 0x0000000707e00000, 0x0000000707e00000| Untracked 
|  55|0x0000000708000000, 0x0000000708000000, 0x0000000708200000|  0%| F|  |TAMS 0x0000000708000000, 0x0000000708000000| Untracked 
|  56|0x0000000708200000, 0x0000000708200000, 0x0000000708400000|  0%| F|  |TAMS 0x0000000708200000, 0x0000000708200000| Untracked 
|  57|0x0000000708400000, 0x0000000708400000, 0x0000000708600000|  0%| F|  |TAMS 0x0000000708400000, 0x0000000708400000| Untracked 
|  58|0x0000000708600000, 0x0000000708600000, 0x0000000708800000|  0%| F|  |TAMS 0x0000000708600000, 0x0000000708600000| Untracked 
|  59|0x0000000708800000, 0x0000000708800000, 0x0000000708a00000|  0%| F|  |TAMS 0x0000000708800000, 0x0000000708800000| Untracked 
|  60|0x0000000708a00000, 0x0000000708a00000, 0x0000000708c00000|  0%| F|  |TAMS 0x0000000708a00000, 0x0000000708a00000| Untracked 
|  61|0x0000000708c00000, 0x0000000708c00000, 0x0000000708e00000|  0%| F|  |TAMS 0x0000000708c00000, 0x0000000708c00000| Untracked 
|  62|0x0000000708e00000, 0x0000000708e00000, 0x0000000709000000|  0%| F|  |TAMS 0x0000000708e00000, 0x0000000708e00000| Untracked 
|  63|0x0000000709000000, 0x0000000709000000, 0x0000000709200000|  0%| F|  |TAMS 0x0000000709000000, 0x0000000709000000| Untracked 
|  64|0x0000000709200000, 0x0000000709200000, 0x0000000709400000|  0%| F|  |TAMS 0x0000000709200000, 0x0000000709200000| Untracked 
|  65|0x0000000709400000, 0x0000000709400000, 0x0000000709600000|  0%| F|  |TAMS 0x0000000709400000, 0x0000000709400000| Untracked 
|  66|0x0000000709600000, 0x0000000709600000, 0x0000000709800000|  0%| F|  |TAMS 0x0000000709600000, 0x0000000709600000| Untracked 
|  67|0x0000000709800000, 0x0000000709800000, 0x0000000709a00000|  0%| F|  |TAMS 0x0000000709800000, 0x0000000709800000| Untracked 
|  68|0x0000000709a00000, 0x0000000709a00000, 0x0000000709c00000|  0%| F|  |TAMS 0x0000000709a00000, 0x0000000709a00000| Untracked 
|  69|0x0000000709c00000, 0x0000000709c00000, 0x0000000709e00000|  0%| F|  |TAMS 0x0000000709c00000, 0x0000000709c00000| Untracked 
|  70|0x0000000709e00000, 0x0000000709e00000, 0x000000070a000000|  0%| F|  |TAMS 0x0000000709e00000, 0x0000000709e00000| Untracked 
|  71|0x000000070a000000, 0x000000070a000000, 0x000000070a200000|  0%| F|  |TAMS 0x000000070a000000, 0x000000070a000000| Untracked 
|  72|0x000000070a200000, 0x000000070a200000, 0x000000070a400000|  0%| F|  |TAMS 0x000000070a200000, 0x000000070a200000| Untracked 
|  73|0x000000070a400000, 0x000000070a400000, 0x000000070a600000|  0%| F|  |TAMS 0x000000070a400000, 0x000000070a400000| Untracked 
|  74|0x000000070a600000, 0x000000070a600000, 0x000000070a800000|  0%| F|  |TAMS 0x000000070a600000, 0x000000070a600000| Untracked 
|  75|0x000000070a800000, 0x000000070a900000, 0x000000070aa00000| 50%| E|  |TAMS 0x000000070a800000, 0x000000070a800000| Complete 
|  76|0x000000070aa00000, 0x000000070ac00000, 0x000000070ac00000|100%| E|CS|TAMS 0x000000070aa00000, 0x000000070aa00000| Complete 
|  77|0x000000070ac00000, 0x000000070ae00000, 0x000000070ae00000|100%| E|CS|TAMS 0x000000070ac00000, 0x000000070ac00000| Complete 
|  78|0x000000070ae00000, 0x000000070b000000, 0x000000070b000000|100%| E|CS|TAMS 0x000000070ae00000, 0x000000070ae00000| Complete 
|  79|0x000000070b000000, 0x000000070b200000, 0x000000070b200000|100%| E|CS|TAMS 0x000000070b000000, 0x000000070b000000| Complete 
|  80|0x000000070b200000, 0x000000070b400000, 0x000000070b400000|100%| E|CS|TAMS 0x000000070b200000, 0x000000070b200000| Complete 
|  81|0x000000070b400000, 0x000000070b600000, 0x000000070b600000|100%| E|CS|TAMS 0x000000070b400000, 0x000000070b400000| Complete 
|  82|0x000000070b600000, 0x000000070b800000, 0x000000070b800000|100%| E|CS|TAMS 0x000000070b600000, 0x000000070b600000| Complete 
|  83|0x000000070b800000, 0x000000070ba00000, 0x000000070ba00000|100%| E|CS|TAMS 0x000000070b800000, 0x000000070b800000| Complete 
|  84|0x000000070ba00000, 0x000000070bc00000, 0x000000070bc00000|100%| E|CS|TAMS 0x000000070ba00000, 0x000000070ba00000| Complete 
| 127|0x0000000711000000, 0x0000000711200000, 0x0000000711200000|100%| E|CS|TAMS 0x0000000711000000, 0x0000000711000000| Complete 

Card table byte_map: [0x0000016cfe110000,0x0000016cfe910000] _byte_map_base: 0x0000016cfa907000

Marking Bits (Prev, Next): (CMBitMap*) 0x0000016cf58b4030, (CMBitMap*) 0x0000016cf58b3ff0
 Prev Bits: [0x0000016c92fc0000, 0x0000016c96f78000)
 Next Bits: [0x0000016c8f000000, 0x0000016c92fb8000)

Polling page: 0x0000016cf3710000

Metaspace:

Usage:
  Non-class:     71.01 MB used.
      Class:     11.42 MB used.
       Both:     82.42 MB used.

Virtual space:
  Non-class space:      128.00 MB reserved,      71.31 MB ( 56%) committed,  2 nodes.
      Class space:        1.00 GB reserved,      11.75 MB (  1%) committed,  1 nodes.
             Both:        1.12 GB reserved,      83.06 MB (  7%) committed. 

Chunk freelists:
   Non-Class:  8.62 MB
       Class:  4.09 MB
        Both:  12.72 MB

MaxMetaspaceSize: unlimited
CompressedClassSpaceSize: 1.00 GB
Initial GC threshold: 21.00 MB
Current GC threshold: 99.06 MB
CDS: on
MetaspaceReclaimPolicy: balanced
 - commit_granule_bytes: 65536.
 - commit_granule_words: 8192.
 - virtual_space_node_default_size: 8388608.
 - enlarge_chunks_in_place: 1.
 - new_chunks_are_fully_committed: 0.
 - uncommit_free_chunks: 1.
 - use_allocation_guard: 0.
 - handle_deallocations: 1.


Internal statistics:

num_allocs_failed_limit: 9.
num_arena_births: 884.
num_arena_deaths: 0.
num_vsnodes_births: 3.
num_vsnodes_deaths: 0.
num_space_committed: 1329.
num_space_uncommitted: 0.
num_chunks_returned_to_freelist: 9.
num_chunks_taken_from_freelist: 3830.
num_chunk_merges: 9.
num_chunk_splits: 2864.
num_chunks_enlarged: 2319.
num_inconsistent_stats: 0.

CodeHeap 'non-profiled nmethods': size=120000Kb used=4044Kb max_used=5238Kb free=115955Kb
 bounds [0x0000016c87ad0000, 0x0000016c87ff0000, 0x0000016c8f000000]
CodeHeap 'profiled nmethods': size=120000Kb used=10927Kb max_used=12068Kb free=109073Kb
 bounds [0x0000016c80000000, 0x0000016c80bd0000, 0x0000016c87530000]
CodeHeap 'non-nmethods': size=5760Kb used=1377Kb max_used=1455Kb free=4382Kb
 bounds [0x0000016c87530000, 0x0000016c877a0000, 0x0000016c87ad0000]
 total_blobs=6501 nmethods=5789 adapters=624
 compilation: enabled
              stopped_count=0, restarted_count=0
 full_count=0

Compilation events (20 events):
Event: 8.642 Thread 0x0000016cda023190 nmethod 7063 0x0000016c8034ca10 code [0x0000016c8034cbc0, 0x0000016c8034ce28]
Event: 8.642 Thread 0x0000016cda023190 7064       2       sun.reflect.generics.visitor.Reifier::visitTypeVariableSignature (18 bytes)
Event: 8.642 Thread 0x0000016cda023190 nmethod 7064 0x0000016c803d3310 code [0x0000016c803d34c0, 0x0000016c803d36e8]
Event: 8.646 Thread 0x0000016cda023190 7066   !   2       org.springframework.beans.factory.support.AbstractAutowireCapableBeanFactory::createBeanInstance (245 bytes)
Event: 8.647 Thread 0x0000016cda023190 nmethod 7066 0x0000016c8086d790 code [0x0000016c8086da60, 0x0000016c8086e5a8]
Event: 8.647 Thread 0x0000016cda023190 7067   !   2       org.springframework.beans.factory.support.DefaultListableBeanFactory::preInstantiateSingleton (183 bytes)
Event: 8.648 Thread 0x0000016cda023190 nmethod 7067 0x0000016c80114c10 code [0x0000016c80114e60, 0x0000016c801153f8]
Event: 8.648 Thread 0x0000016cda023190 7069       2       org.springframework.context.annotation.CommonAnnotationBeanPostProcessor::buildResourceMetadata (92 bytes)
Event: 8.649 Thread 0x0000016cda023190 nmethod 7069 0x0000016c800a2690 code [0x0000016c800a2920, 0x0000016c800a33d8]
Event: 8.649 Thread 0x0000016cda023190 7070       2       org.springframework.beans.factory.annotation.AutowiredAnnotationBeanPostProcessor::buildAutowiringMetadata (117 bytes)
Event: 8.649 Thread 0x0000016cda023190 nmethod 7070 0x0000016c805d6910 code [0x0000016c805d6bc0, 0x0000016c805d77b8]
Event: 8.649 Thread 0x0000016cda023190 7068       2       org.springframework.beans.factory.support.DefaultListableBeanFactory::instantiateSingleton (56 bytes)
Event: 8.650 Thread 0x0000016cda023190 nmethod 7068 0x0000016c80253a10 code [0x0000016c80253c60, 0x0000016c80254248]
Event: 8.650 Thread 0x0000016cda023190 7071       2       org.springframework.util.ClassUtils::isAssignable (93 bytes)
Event: 8.650 Thread 0x0000016cda023190 nmethod 7071 0x0000016c80363090 code [0x0000016c803632a0, 0x0000016c80363738]
Event: 8.668 Thread 0x0000016cda023190 7073       2       org.springframework.util.StringUtils::uncapitalizeAsProperty (45 bytes)
Event: 8.669 Thread 0x0000016cda023190 nmethod 7073 0x0000016c803d7e10 code [0x0000016c803d8040, 0x0000016c803d8508]
Event: 8.673 Thread 0x0000016cda023190 7074       3       org.springframework.core.ResolvableType::getType (8 bytes)
Event: 8.673 Thread 0x0000016cda023190 nmethod 7074 0x0000016c8031c190 code [0x0000016c8031c340, 0x0000016c8031c488]
Event: 8.673 Thread 0x0000016cda023190 7075       3       org.springframework.core.ResolvableType$WildcardBounds::get (173 bytes)

GC Heap History (20 events):
Event: 2.101 GC heap before
{Heap before GC invocations=5 (full 0):
 garbage-first heap   total 75776K, used 56086K [0x0000000701200000, 0x0000000800000000)
  region size 2048K, 23 young (47104K), 4 survivors (8192K)
 Metaspace       used 28791K, committed 29184K, reserved 1114112K
  class space    used 3644K, committed 3840K, reserved 1048576K
}
Event: 2.107 GC heap after
{Heap after GC invocations=6 (full 0):
 garbage-first heap   total 75776K, used 20079K [0x0000000701200000, 0x0000000800000000)
  region size 2048K, 2 young (4096K), 2 survivors (4096K)
 Metaspace       used 28791K, committed 29184K, reserved 1114112K
  class space    used 3644K, committed 3840K, reserved 1048576K
}
Event: 2.119 GC heap before
{Heap before GC invocations=6 (full 0):
 garbage-first heap   total 75776K, used 20079K [0x0000000701200000, 0x0000000800000000)
  region size 2048K, 3 young (6144K), 2 survivors (4096K)
 Metaspace       used 29295K, committed 29760K, reserved 1114112K
  class space    used 3684K, committed 3904K, reserved 1048576K
}
Event: 2.122 GC heap after
{Heap after GC invocations=7 (full 0):
 garbage-first heap   total 75776K, used 20571K [0x0000000701200000, 0x0000000800000000)
  region size 2048K, 1 young (2048K), 1 survivors (2048K)
 Metaspace       used 29295K, committed 29760K, reserved 1114112K
  class space    used 3684K, committed 3904K, reserved 1048576K
}
Event: 2.469 GC heap before
{Heap before GC invocations=7 (full 0):
 garbage-first heap   total 75776K, used 49243K [0x0000000701200000, 0x0000000800000000)
  region size 2048K, 15 young (30720K), 1 survivors (2048K)
 Metaspace       used 31545K, committed 31936K, reserved 1114112K
  class space    used 3968K, committed 4160K, reserved 1048576K
}
Event: 2.472 GC heap after
{Heap after GC invocations=8 (full 0):
 garbage-first heap   total 133120K, used 22032K [0x0000000701200000, 0x0000000800000000)
  region size 2048K, 2 young (4096K), 2 survivors (4096K)
 Metaspace       used 31545K, committed 31936K, reserved 1114112K
  class space    used 3968K, committed 4160K, reserved 1048576K
}
Event: 3.032 GC heap before
{Heap before GC invocations=8 (full 0):
 garbage-first heap   total 133120K, used 50704K [0x0000000701200000, 0x0000000800000000)
  region size 2048K, 17 young (34816K), 2 survivors (4096K)
 Metaspace       used 35887K, committed 36288K, reserved 1114112K
  class space    used 4657K, committed 4864K, reserved 1048576K
}
Event: 3.036 GC heap after
{Heap after GC invocations=9 (full 0):
 garbage-first heap   total 133120K, used 23907K [0x0000000701200000, 0x0000000800000000)
  region size 2048K, 3 young (6144K), 3 survivors (6144K)
 Metaspace       used 35887K, committed 36288K, reserved 1114112K
  class space    used 4657K, committed 4864K, reserved 1048576K
}
Event: 3.865 GC heap before
{Heap before GC invocations=10 (full 0):
 garbage-first heap   total 96256K, used 75107K [0x0000000701200000, 0x0000000800000000)
  region size 2048K, 28 young (57344K), 3 survivors (6144K)
 Metaspace       used 42688K, committed 43136K, reserved 1114112K
  class space    used 5589K, committed 5824K, reserved 1048576K
}
Event: 3.875 GC heap after
{Heap after GC invocations=11 (full 0):
 garbage-first heap   total 96256K, used 27944K [0x0000000701200000, 0x0000000800000000)
  region size 2048K, 4 young (8192K), 4 survivors (8192K)
 Metaspace       used 42688K, committed 43136K, reserved 1114112K
  class space    used 5589K, committed 5824K, reserved 1048576K
}
Event: 3.905 GC heap before
{Heap before GC invocations=11 (full 0):
 garbage-first heap   total 96256K, used 29992K [0x0000000701200000, 0x0000000800000000)
  region size 2048K, 5 young (10240K), 4 survivors (8192K)
 Metaspace       used 42880K, committed 43392K, reserved 1114112K
  class space    used 5611K, committed 5888K, reserved 1048576K
}
Event: 3.916 GC heap after
{Heap after GC invocations=12 (full 0):
 garbage-first heap   total 96256K, used 28503K [0x0000000701200000, 0x0000000800000000)
  region size 2048K, 1 young (2048K), 1 survivors (2048K)
 Metaspace       used 42880K, committed 43392K, reserved 1114112K
  class space    used 5611K, committed 5888K, reserved 1048576K
}
Event: 5.799 GC heap before
{Heap before GC invocations=12 (full 0):
 garbage-first heap   total 96256K, used 71511K [0x0000000701200000, 0x0000000800000000)
  region size 2048K, 22 young (45056K), 1 survivors (2048K)
 Metaspace       used 55081K, committed 55616K, reserved 1114112K
  class space    used 7364K, committed 7616K, reserved 1048576K
}
Event: 5.803 GC heap after
{Heap after GC invocations=13 (full 0):
 garbage-first heap   total 96256K, used 30700K [0x0000000701200000, 0x0000000800000000)
  region size 2048K, 2 young (4096K), 2 survivors (4096K)
 Metaspace       used 55081K, committed 55616K, reserved 1114112K
  class space    used 7364K, committed 7616K, reserved 1048576K
}
Event: 6.546 GC heap before
{Heap before GC invocations=13 (full 0):
 garbage-first heap   total 96256K, used 51180K [0x0000000701200000, 0x0000000800000000)
  region size 2048K, 13 young (26624K), 2 survivors (4096K)
 Metaspace       used 60118K, committed 60608K, reserved 1114112K
  class space    used 8136K, committed 8384K, reserved 1048576K
}
Event: 6.549 GC heap after
{Heap after GC invocations=14 (full 0):
 garbage-first heap   total 96256K, used 31722K [0x0000000701200000, 0x0000000800000000)
  region size 2048K, 1 young (2048K), 1 survivors (2048K)
 Metaspace       used 60118K, committed 60608K, reserved 1114112K
  class space    used 8136K, committed 8384K, reserved 1048576K
}
Event: 7.144 GC heap before
{Heap before GC invocations=15 (full 0):
 garbage-first heap   total 96256K, used 74730K [0x0000000701200000, 0x0000000800000000)
  region size 2048K, 22 young (45056K), 1 survivors (2048K)
 Metaspace       used 70804K, committed 71360K, reserved 1114112K
  class space    used 9722K, committed 9984K, reserved 1048576K
}
Event: 7.147 GC heap after
{Heap after GC invocations=16 (full 0):
 garbage-first heap   total 176128K, used 33395K [0x0000000701200000, 0x0000000800000000)
  region size 2048K, 2 young (4096K), 2 survivors (4096K)
 Metaspace       used 70804K, committed 71360K, reserved 1114112K
  class space    used 9722K, committed 9984K, reserved 1048576K
}
Event: 8.421 GC heap before
{Heap before GC invocations=16 (full 0):
 garbage-first heap   total 176128K, used 133747K [0x0000000701200000, 0x0000000800000000)
  region size 2048K, 51 young (104448K), 2 survivors (4096K)
 Metaspace       used 82601K, committed 83136K, reserved 1179648K
  class space    used 11443K, committed 11712K, reserved 1048576K
}
Event: 8.426 GC heap after
{Heap after GC invocations=17 (full 0):
 garbage-first heap   total 176128K, used 38975K [0x0000000701200000, 0x0000000800000000)
  region size 2048K, 5 young (10240K), 5 survivors (10240K)
 Metaspace       used 82601K, committed 83136K, reserved 1179648K
  class space    used 11443K, committed 11712K, reserved 1048576K
}

Dll operation events (12 events):
Event: 0.006 Loaded shared library C:\Users\jorge\.jdks\ms-17.0.18\bin\java.dll
Event: 0.022 Loaded shared library C:\Users\jorge\.jdks\ms-17.0.18\bin\jsvml.dll
Event: 0.148 Loaded shared library C:\Users\jorge\.jdks\ms-17.0.18\bin\zip.dll
Event: 0.150 Loaded shared library C:\Users\jorge\.jdks\ms-17.0.18\bin\instrument.dll
Event: 0.154 Loaded shared library C:\Users\jorge\.jdks\ms-17.0.18\bin\net.dll
Event: 0.155 Loaded shared library C:\Users\jorge\.jdks\ms-17.0.18\bin\nio.dll
Event: 0.157 Loaded shared library C:\Users\jorge\.jdks\ms-17.0.18\bin\zip.dll
Event: 0.270 Loaded shared library C:\Users\jorge\.jdks\ms-17.0.18\bin\extnet.dll
Event: 0.290 Loaded shared library C:\Users\jorge\.jdks\ms-17.0.18\bin\jimage.dll
Event: 1.968 Loaded shared library C:\Users\jorge\.jdks\ms-17.0.18\bin\sunmscapi.dll
Event: 3.765 Loaded shared library C:\Users\jorge\.jdks\ms-17.0.18\bin\management.dll
Event: 3.767 Loaded shared library C:\Users\jorge\.jdks\ms-17.0.18\bin\management_ext.dll

Deoptimization events (20 events):
Event: 8.579 Thread 0x0000016cf5846280 DEOPT PACKING pc=0x0000016c87fb0ebc sp=0x0000001533cfce30
Event: 8.579 Thread 0x0000016cf5846280 DEOPT UNPACKING pc=0x0000016c875869a3 sp=0x0000001533cfcdb8 mode 2
Event: 8.603 Thread 0x0000016cf5846280 Uncommon trap: trap_request=0xfffffff4 fr.pc=0x0000016c87ccb1c0 relative=0x00000000000000a0
Event: 8.603 Thread 0x0000016cf5846280 Uncommon trap: reason=null_check action=make_not_entrant pc=0x0000016c87ccb1c0 method=org.springframework.util.ClassUtils.isAssignable(Ljava/lang/Class;Ljava/lang/Class;)Z @ 14 c2
Event: 8.603 Thread 0x0000016cf5846280 DEOPT PACKING pc=0x0000016c87ccb1c0 sp=0x0000001533cfe150
Event: 8.603 Thread 0x0000016cf5846280 DEOPT UNPACKING pc=0x0000016c875869a3 sp=0x0000001533cfe0e0 mode 2
Event: 8.609 Thread 0x0000016cf5846280 Uncommon trap: trap_request=0xffffff45 fr.pc=0x0000016c87ec3e80 relative=0x0000000000001a20
Event: 8.609 Thread 0x0000016cf5846280 Uncommon trap: reason=unstable_if action=reinterpret pc=0x0000016c87ec3e80 method=org.springframework.core.annotation.AnnotationsScanner.processMethodAnnotations(Ljava/lang/Object;ILjava/lang/reflect/Method;Lorg/springframework/core/annotation/Annotations
Event: 8.610 Thread 0x0000016cf5846280 DEOPT PACKING pc=0x0000016c87ec3e80 sp=0x0000001533cfdbe0
Event: 8.610 Thread 0x0000016cf5846280 DEOPT UNPACKING pc=0x0000016c875869a3 sp=0x0000001533cfdb00 mode 2
Event: 8.610 Thread 0x0000016cf5846280 Uncommon trap: trap_request=0xffffff45 fr.pc=0x0000016c87c93f90 relative=0x0000000000000d10
Event: 8.610 Thread 0x0000016cf5846280 Uncommon trap: reason=unstable_if action=reinterpret pc=0x0000016c87c93f90 method=sun.reflect.annotation.AnnotationInvocationHandler.invoke(Ljava/lang/Object;Ljava/lang/reflect/Method;[Ljava/lang/Object;)Ljava/lang/Object; @ 15 c2
Event: 8.610 Thread 0x0000016cf5846280 DEOPT PACKING pc=0x0000016c87c93f90 sp=0x0000001533cfd960
Event: 8.610 Thread 0x0000016cf5846280 DEOPT UNPACKING pc=0x0000016c875869a3 sp=0x0000001533cfd930 mode 2
Event: 8.628 Thread 0x0000016cf5846280 DEOPT PACKING pc=0x0000016c80834959 sp=0x0000001533cfdc50
Event: 8.628 Thread 0x0000016cf5846280 DEOPT UNPACKING pc=0x0000016c87587143 sp=0x0000001533cfd1f0 mode 0
Event: 8.667 Thread 0x0000016cf5846280 Uncommon trap: trap_request=0xffffff45 fr.pc=0x0000016c87e53920 relative=0x0000000000001c40
Event: 8.667 Thread 0x0000016cf5846280 Uncommon trap: reason=unstable_if action=reinterpret pc=0x0000016c87e53920 method=org.springframework.boot.context.properties.source.ConfigurationPropertyName.elementDiffers(Lorg/springframework/boot/context/properties/source/ConfigurationPropertyName$Ele
Event: 8.667 Thread 0x0000016cf5846280 DEOPT PACKING pc=0x0000016c87e53920 sp=0x0000001533cfd2a0
Event: 8.667 Thread 0x0000016cf5846280 DEOPT UNPACKING pc=0x0000016c875869a3 sp=0x0000001533cfd020 mode 2

Classes loaded (20 events):
Event: 7.762 Loading class jdk/internal/reflect/SerializationConstructorAccessorImpl
Event: 7.762 Loading class jdk/internal/reflect/SerializationConstructorAccessorImpl done
Event: 7.774 Loading class java/util/regex/Pattern$Behind
Event: 7.774 Loading class java/util/regex/Pattern$Behind done
Event: 7.958 Loading class java/util/EnumMap$EntrySet
Event: 7.958 Loading class java/util/EnumMap$EntrySet done
Event: 7.958 Loading class java/util/EnumMap$EntryIterator
Event: 7.958 Loading class java/util/EnumMap$EnumMapIterator
Event: 7.958 Loading class java/util/EnumMap$EnumMapIterator done
Event: 7.958 Loading class java/util/EnumMap$EntryIterator done
Event: 8.063 Loading class java/util/Comparators$NullComparator
Event: 8.063 Loading class java/util/Comparators$NullComparator done
Event: 8.171 Loading class java/time/Duration$1
Event: 8.171 Loading class java/time/Duration$1 done
Event: 8.345 Loading class sun/reflect/annotation/TypeAnnotation$TypeAnnotationTargetInfo
Event: 8.346 Loading class sun/reflect/annotation/TypeAnnotation$TypeAnnotationTargetInfo done
Event: 8.459 Loading class java/util/ArrayList$ListItr
Event: 8.459 Loading class java/util/ArrayList$ListItr done
Event: 8.610 Loading class sun/reflect/annotation/AnnotationInvocationHandler$1
Event: 8.610 Loading class sun/reflect/annotation/AnnotationInvocationHandler$1 done

Classes unloaded (0 events):
No events

Classes redefined (0 events):
No events

Internal exceptions (20 events):
Event: 7.382 Thread 0x0000016cf5846280 Exception <a 'java/lang/IncompatibleClassChangeError'{0x000000070ac98578}: Found class java.lang.Object, but interface was expected> (0x000000070ac98578) 
thrown [s\src\hotspot\share\interpreter\linkResolver.cpp, line 826]
Event: 7.496 Thread 0x0000016cf5846280 Exception <a 'java/lang/IncompatibleClassChangeError'{0x000000070a2d68c0}: Found class java.lang.Object, but interface was expected> (0x000000070a2d68c0) 
thrown [s\src\hotspot\share\interpreter\linkResolver.cpp, line 826]
Event: 7.526 Thread 0x0000016cf5846280 Exception <a 'java/lang/IncompatibleClassChangeError'{0x000000070a0fd8f8}: Found class java.lang.Object, but interface was expected> (0x000000070a0fd8f8) 
thrown [s\src\hotspot\share\interpreter\linkResolver.cpp, line 826]
Event: 7.683 Thread 0x0000016cf5846280 Exception <a 'java/lang/reflect/InvocationTargetException'{0x000000070963c978}> (0x000000070963c978) 
thrown [s\src\hotspot\share\runtime\reflection.cpp, line 1128]
Event: 7.695 Thread 0x0000016cf5846280 Exception <a 'java/lang/IncompatibleClassChangeError'{0x00000007096e92d8}: Found class java.lang.Object, but interface was expected> (0x00000007096e92d8) 
thrown [s\src\hotspot\share\interpreter\linkResolver.cpp, line 826]
Event: 7.726 Thread 0x0000016cf5846280 Exception <a 'java/lang/reflect/InvocationTargetException'{0x00000007095dbb68}> (0x00000007095dbb68) 
thrown [s\src\hotspot\share\runtime\reflection.cpp, line 1128]
Event: 7.740 Thread 0x0000016cf5846280 Exception <a 'java/lang/NoSuchMethodError'{0x000000070938aa50}: 'int java.lang.invoke.DirectMethodHandle$Holder.invokeStaticInit(java.lang.Object, int, java.lang.Object, java.lang.Object, java.lang.Object, java.lang.Object)'> (0x000000070938aa50) 
thrown [s\src\hotspot\share\interpreter\linkResolver.cpp, line 759]
Event: 7.774 Thread 0x0000016cf5846280 Exception <a 'java/lang/reflect/InvocationTargetException'{0x0000000709110240}> (0x0000000709110240) 
thrown [s\src\hotspot\share\runtime\reflection.cpp, line 1128]
Event: 7.800 Thread 0x0000016cf5846280 Exception <a 'java/lang/reflect/InvocationTargetException'{0x0000000708fc92f8}> (0x0000000708fc92f8) 
thrown [s\src\hotspot\share\runtime\reflection.cpp, line 1128]
Event: 7.800 Thread 0x0000016cf5846280 Exception <a 'java/lang/reflect/InvocationTargetException'{0x0000000708fd16f8}> (0x0000000708fd16f8) 
thrown [s\src\hotspot\share\runtime\reflection.cpp, line 1128]
Event: 7.813 Thread 0x0000016ce0b85760 Exception <a 'sun/nio/fs/WindowsException'{0x0000000708a1ea38}> (0x0000000708a1ea38) 
thrown [s\src\hotspot\share\prims\jni.cpp, line 516]
Event: 7.813 Thread 0x0000016ce0b85760 Exception <a 'sun/nio/fs/WindowsException'{0x0000000708a1ef20}> (0x0000000708a1ef20) 
thrown [s\src\hotspot\share\prims\jni.cpp, line 516]
Event: 7.958 Thread 0x0000016cf5846280 Exception <a 'java/lang/NoSuchMethodError'{0x000000070816a788}: 'java.lang.Object java.lang.invoke.DirectMethodHandle$Holder.invokeVirtual(java.lang.Object, java.lang.Object, java.lang.Object, int)'> (0x000000070816a788) 
thrown [s\src\hotspot\share\interpreter\linkResolver.cpp, line 759]
Event: 8.293 Thread 0x0000016cf5846280 Exception <a 'java/lang/NoSuchMethodError'{0x000000070623c380}: 'java.lang.Object java.lang.invoke.DirectMethodHandle$Holder.invokeInterface(java.lang.Object, java.lang.Object, java.lang.Object, java.lang.Object)'> (0x000000070623c380) 
thrown [s\src\hotspot\share\interpreter\linkResolver.cpp, line 759]
Event: 8.311 Thread 0x0000016ce0b85760 Exception <a 'sun/nio/fs/WindowsException'{0x0000000706833538}> (0x0000000706833538) 
thrown [s\src\hotspot\share\prims\jni.cpp, line 516]
Event: 8.311 Thread 0x0000016ce0b85760 Exception <a 'sun/nio/fs/WindowsException'{0x0000000706833a20}> (0x0000000706833a20) 
thrown [s\src\hotspot\share\prims\jni.cpp, line 516]
Event: 8.338 Thread 0x0000016cf5846280 Exception <a 'java/lang/NoSuchMethodError'{0x0000000705e56570}: 'java.lang.Object java.lang.invoke.DirectMethodHandle$Holder.invokeVirtual(java.lang.Object, java.lang.Object, int)'> (0x0000000705e56570) 
thrown [s\src\hotspot\share\interpreter\linkResolver.cpp, line 759]
Event: 8.441 Thread 0x0000016cf5846280 Exception <a 'java/lang/IncompatibleClassChangeError'{0x00000007110e11d0}: Found class java.lang.Object, but interface was expected> (0x00000007110e11d0) 
thrown [s\src\hotspot\share\interpreter\linkResolver.cpp, line 826]
Event: 8.591 Thread 0x0000016cf5846280 Exception <a 'java/lang/IncompatibleClassChangeError'{0x000000070b2039f0}: Found class java.lang.Object, but interface was expected> (0x000000070b2039f0) 
thrown [s\src\hotspot\share\interpreter\linkResolver.cpp, line 826]
Event: 8.603 Thread 0x0000016cf5846280 Implicit null exception at 0x0000016c87ccb134 to 0x0000016c87ccb1ac

VM Operations (20 events):
Event: 8.121 Executing VM operation: ICBufferFull
Event: 8.121 Executing VM operation: ICBufferFull done
Event: 8.373 Executing VM operation: HandshakeAllThreads
Event: 8.373 Executing VM operation: HandshakeAllThreads done
Event: 8.374 Executing VM operation: HandshakeAllThreads
Event: 8.374 Executing VM operation: HandshakeAllThreads done
Event: 8.379 Executing VM operation: HandshakeAllThreads
Event: 8.379 Executing VM operation: HandshakeAllThreads done
Event: 8.395 Executing VM operation: HandshakeAllThreads
Event: 8.395 Executing VM operation: HandshakeAllThreads done
Event: 8.421 Executing VM operation: G1CollectForAllocation
Event: 8.426 Executing VM operation: G1CollectForAllocation done
Event: 8.457 Executing VM operation: HandshakeAllThreads
Event: 8.457 Executing VM operation: HandshakeAllThreads done
Event: 8.457 Executing VM operation: HandshakeAllThreads
Event: 8.457 Executing VM operation: HandshakeAllThreads done
Event: 8.460 Executing VM operation: HandshakeAllThreads
Event: 8.460 Executing VM operation: HandshakeAllThreads done
Event: 8.502 Executing VM operation: HandshakeAllThreads
Event: 8.502 Executing VM operation: HandshakeAllThreads done

Memory protections (0 events):
No events

Nmethod flushes (20 events):
Event: 8.463 Thread 0x0000016cda025ab0 flushing  nmethod 0x0000016c80a45b90
Event: 8.463 Thread 0x0000016cda025ab0 flushing  nmethod 0x0000016c80a4e790
Event: 8.463 Thread 0x0000016cda025ab0 flushing  nmethod 0x0000016c80a54810
Event: 8.463 Thread 0x0000016cda025ab0 flushing  nmethod 0x0000016c80a54f10
Event: 8.463 Thread 0x0000016cda025ab0 flushing  nmethod 0x0000016c80a55390
Event: 8.463 Thread 0x0000016cda025ab0 flushing  nmethod 0x0000016c80a56290
Event: 8.463 Thread 0x0000016cda025ab0 flushing  nmethod 0x0000016c80a5a510
Event: 8.463 Thread 0x0000016cda025ab0 flushing  nmethod 0x0000016c80a72b90
Event: 8.463 Thread 0x0000016cda025ab0 flushing  nmethod 0x0000016c80aa7910
Event: 8.463 Thread 0x0000016cda025ab0 flushing  nmethod 0x0000016c80aa8b10
Event: 8.463 Thread 0x0000016cda025ab0 flushing  nmethod 0x0000016c80aab410
Event: 8.463 Thread 0x0000016cda025ab0 flushing  nmethod 0x0000016c80ac3510
Event: 8.463 Thread 0x0000016cda025ab0 flushing  nmethod 0x0000016c80ace190
Event: 8.463 Thread 0x0000016cda025ab0 flushing  nmethod 0x0000016c80ae3710
Event: 8.463 Thread 0x0000016cda025ab0 flushing  nmethod 0x0000016c80ae3d10
Event: 8.463 Thread 0x0000016cda025ab0 flushing  nmethod 0x0000016c80ae4f90
Event: 8.464 Thread 0x0000016cda025ab0 flushing  nmethod 0x0000016c80b59f90
Event: 8.464 Thread 0x0000016cda025ab0 flushing  nmethod 0x0000016c80b5a710
Event: 8.464 Thread 0x0000016cda025ab0 flushing  nmethod 0x0000016c80b5bd90
Event: 8.464 Thread 0x0000016cda025ab0 flushing  nmethod 0x0000016c80b69e10

Events (20 events):
Event: 2.036 Thread 0x0000016cda023190 Thread added: 0x0000016cdf591700
Event: 2.085 Thread 0x0000016cf5846280 Thread added: 0x0000016cdf708680
Event: 2.133 Thread 0x0000016ce0bc6690 Thread exited: 0x0000016ce0bc6690
Event: 2.137 Thread 0x0000016cdf708680 Thread exited: 0x0000016cdf708680
Event: 3.931 Thread 0x0000016cf5846280 Thread added: 0x0000016ce173af80
Event: 3.932 Thread 0x0000016ce173af80 Thread added: 0x0000016cdf65a4c0
Event: 3.935 Thread 0x0000016cf5846280 Thread added: 0x0000016ce16b3a70
Event: 4.654 Thread 0x0000016cdf591700 Thread exited: 0x0000016cdf591700
Event: 4.743 Thread 0x0000016ce06c93b0 Thread added: 0x0000016cdf591700
Event: 4.751 Thread 0x0000016cf5846280 Thread added: 0x0000016ce0b85c70
Event: 5.000 Thread 0x0000016cf5846280 Thread added: 0x0000016ce0b82ee0
Event: 5.004 Thread 0x0000016cdf591700 Thread exited: 0x0000016cdf591700
Event: 5.004 Thread 0x0000016ce06c93b0 Thread exited: 0x0000016ce06c93b0
Event: 5.102 Thread 0x0000016ce0b82ee0 Thread added: 0x0000016ce0b85760
Event: 5.233 Thread 0x0000016cda023190 Thread added: 0x0000016cdf591700
Event: 5.233 Thread 0x0000016cda023190 Thread added: 0x0000016ce06c93b0
Event: 6.188 Thread 0x0000016ce06c93b0 Thread exited: 0x0000016ce06c93b0
Event: 6.237 Thread 0x0000016cdf591700 Thread exited: 0x0000016cdf591700
Event: 6.576 Thread 0x0000016cda023190 Thread added: 0x0000016ce290d9d0
Event: 7.471 Thread 0x0000016cda023190 Thread added: 0x0000016ce00d9830


Dynamic libraries:
0x00007ff7c1170000 - 0x00007ff7c117e000 	C:\Users\jorge\.jdks\ms-17.0.18\bin\java.exe
0x00007ffa8dfd0000 - 0x00007ffa8e1c8000 	C:\WINDOWS\SYSTEM32\ntdll.dll
0x00007ffa8bff0000 - 0x00007ffa8c0b2000 	C:\WINDOWS\System32\KERNEL32.DLL
0x00007ffa8b7e0000 - 0x00007ffa8bad6000 	C:\WINDOWS\System32\KERNELBASE.dll
0x00007ffa8b660000 - 0x00007ffa8b760000 	C:\WINDOWS\System32\ucrtbase.dll
0x00007ffa6df60000 - 0x00007ffa6df78000 	C:\Users\jorge\.jdks\ms-17.0.18\bin\jli.dll
0x00007ffa72740000 - 0x00007ffa7275e000 	C:\Users\jorge\.jdks\ms-17.0.18\bin\VCRUNTIME140.dll
0x00007ffa8cd30000 - 0x00007ffa8ced1000 	C:\WINDOWS\System32\USER32.dll
0x00007ffa8bb70000 - 0x00007ffa8bb92000 	C:\WINDOWS\System32\win32u.dll
0x00007ffa8aa00000 - 0x00007ffa8ac9b000 	C:\WINDOWS\WinSxS\amd64_microsoft.windows.common-controls_6595b64144ccf1df_6.0.19041.6456_none_60b8a6cb71f64256\COMCTL32.dll
0x00007ffa8c4e0000 - 0x00007ffa8c50b000 	C:\WINDOWS\System32\GDI32.dll
0x00007ffa8d1e0000 - 0x00007ffa8d27e000 	C:\WINDOWS\System32\msvcrt.dll
0x00007ffa8be30000 - 0x00007ffa8bf49000 	C:\WINDOWS\System32\gdi32full.dll
0x00007ffa8bf50000 - 0x00007ffa8bfed000 	C:\WINDOWS\System32\msvcp_win.dll
0x00007ffa8cbd0000 - 0x00007ffa8cbff000 	C:\WINDOWS\System32\IMM32.DLL
0x00007ffa6df50000 - 0x00007ffa6df5c000 	C:\Users\jorge\.jdks\ms-17.0.18\bin\vcruntime140_1.dll
0x00007ffa431d0000 - 0x00007ffa43259000 	C:\Users\jorge\.jdks\ms-17.0.18\bin\msvcp140.dll
0x00007ff9cfb80000 - 0x00007ff9d07fa000 	C:\Users\jorge\.jdks\ms-17.0.18\bin\server\jvm.dll
0x00007ffa8c380000 - 0x00007ffa8c431000 	C:\WINDOWS\System32\ADVAPI32.dll
0x00007ffa8c440000 - 0x00007ffa8c4df000 	C:\WINDOWS\System32\sechost.dll
0x00007ffa8c120000 - 0x00007ffa8c240000 	C:\WINDOWS\System32\RPCRT4.dll
0x00007ffa8bbf0000 - 0x00007ffa8bc17000 	C:\WINDOWS\System32\bcrypt.dll
0x00007ffa8cfb0000 - 0x00007ffa8d01b000 	C:\WINDOWS\System32\WS2_32.dll
0x00007ffa8b1d0000 - 0x00007ffa8b21b000 	C:\WINDOWS\SYSTEM32\POWRPROF.dll
0x00007ffa886f0000 - 0x00007ffa886fa000 	C:\WINDOWS\SYSTEM32\VERSION.dll
0x00007ffa7f0a0000 - 0x00007ffa7f0c7000 	C:\WINDOWS\SYSTEM32\WINMM.dll
0x00007ffa8ad90000 - 0x00007ffa8ada2000 	C:\WINDOWS\SYSTEM32\UMPDC.dll
0x00007ffa89660000 - 0x00007ffa89672000 	C:\WINDOWS\SYSTEM32\kernel.appcore.dll
0x00007ffa6df40000 - 0x00007ffa6df4a000 	C:\Users\jorge\.jdks\ms-17.0.18\bin\jimage.dll
0x00007ffa8afc0000 - 0x00007ffa8b1c1000 	C:\WINDOWS\SYSTEM32\DBGHELP.DLL
0x00007ffa8af80000 - 0x00007ffa8afb4000 	C:\WINDOWS\SYSTEM32\dbgcore.DLL
0x00007ffa8bae0000 - 0x00007ffa8bb62000 	C:\WINDOWS\System32\bcryptPrimitives.dll
0x00007ffa68f40000 - 0x00007ffa68f4f000 	C:\Users\jorge\.jdks\ms-17.0.18\bin\instrument.dll
0x00007ffa68f10000 - 0x00007ffa68f36000 	C:\Users\jorge\.jdks\ms-17.0.18\bin\java.dll
0x00007ffa42110000 - 0x00007ffa421e6000 	C:\Users\jorge\.jdks\ms-17.0.18\bin\jsvml.dll
0x00007ffa8d2b0000 - 0x00007ffa8da20000 	C:\WINDOWS\System32\SHELL32.dll
0x00007ffa888c0000 - 0x00007ffa89065000 	C:\WINDOWS\SYSTEM32\windows.storage.dll
0x00007ffa8dc30000 - 0x00007ffa8df84000 	C:\WINDOWS\System32\combase.dll
0x00007ffa8a880000 - 0x00007ffa8a8ab000 	C:\WINDOWS\SYSTEM32\Wldp.dll
0x00007ffa8cee0000 - 0x00007ffa8cfad000 	C:\WINDOWS\System32\OLEAUT32.dll
0x00007ffa8c580000 - 0x00007ffa8c62d000 	C:\WINDOWS\System32\SHCORE.dll
0x00007ffa8da20000 - 0x00007ffa8da7b000 	C:\WINDOWS\System32\shlwapi.dll
0x00007ffa8b590000 - 0x00007ffa8b5b4000 	C:\WINDOWS\SYSTEM32\profapi.dll
0x00007ffa68ef0000 - 0x00007ffa68f08000 	C:\Users\jorge\.jdks\ms-17.0.18\bin\zip.dll
0x00007ffa5dd10000 - 0x00007ffa5dd2b000 	C:\Users\jorge\.jdks\ms-17.0.18\bin\net.dll
0x00007ffa84190000 - 0x00007ffa8429a000 	C:\WINDOWS\SYSTEM32\WINHTTP.dll
0x00007ffa8a660000 - 0x00007ffa8a6ca000 	C:\WINDOWS\system32\mswsock.dll
0x00007ffa5db30000 - 0x00007ffa5db46000 	C:\Users\jorge\.jdks\ms-17.0.18\bin\nio.dll
0x00007ffa68e00000 - 0x00007ffa68e09000 	C:\Users\jorge\.jdks\ms-17.0.18\bin\extnet.dll
0x00007ffa8a3a0000 - 0x00007ffa8a46a000 	C:\WINDOWS\SYSTEM32\DNSAPI.dll
0x00007ffa8a360000 - 0x00007ffa8a39b000 	C:\WINDOWS\SYSTEM32\IPHLPAPI.DLL
0x00007ffa8c570000 - 0x00007ffa8c578000 	C:\WINDOWS\System32\NSI.dll
0x00000000521b0000 - 0x00000000521d6000 	C:\Program Files\Bonjour\mdnsNSP.dll
0x00007ffa84ee0000 - 0x00007ffa84eea000 	C:\Windows\System32\rasadhlp.dll
0x00007ffa7fc50000 - 0x00007ffa7fcd0000 	C:\WINDOWS\System32\fwpuclnt.dll
0x00007ffa84f10000 - 0x00007ffa84f27000 	C:\WINDOWS\SYSTEM32\dhcpcsvc6.DLL
0x00007ffa84ef0000 - 0x00007ffa84f0d000 	C:\WINDOWS\SYSTEM32\dhcpcsvc.DLL
0x00007ffa663b0000 - 0x00007ffa663be000 	C:\Users\jorge\.jdks\ms-17.0.18\bin\sunmscapi.dll
0x00007ffa8bcd0000 - 0x00007ffa8be2d000 	C:\WINDOWS\System32\CRYPT32.dll
0x00007ffa8a9d0000 - 0x00007ffa8a9f7000 	C:\WINDOWS\SYSTEM32\ncrypt.dll
0x00007ffa8a990000 - 0x00007ffa8a9cb000 	C:\WINDOWS\SYSTEM32\NTASN1.dll
0x00007ffa8b3d0000 - 0x00007ffa8b3e8000 	C:\WINDOWS\SYSTEM32\CRYPTSP.dll
0x00007ffa8a000000 - 0x00007ffa8a038000 	C:\WINDOWS\system32\rsaenh.dll
0x00007ffa8b550000 - 0x00007ffa8b57e000 	C:\WINDOWS\SYSTEM32\USERENV.dll
0x00007ffa8a7f0000 - 0x00007ffa8a7fc000 	C:\WINDOWS\SYSTEM32\CRYPTBASE.dll
0x00007ffa65e50000 - 0x00007ffa65e5a000 	C:\Users\jorge\.jdks\ms-17.0.18\bin\management.dll
0x00007ffa5f280000 - 0x00007ffa5f28c000 	C:\Users\jorge\.jdks\ms-17.0.18\bin\management_ext.dll
0x00007ffa8d280000 - 0x00007ffa8d288000 	C:\WINDOWS\System32\PSAPI.DLL

dbghelp: loaded successfully - version: 4.0.5 - missing functions: none
symbol engine: initialized successfully - sym options: 0x614 - pdb path: .;C:\Users\jorge\.jdks\ms-17.0.18\bin;C:\WINDOWS\SYSTEM32;C:\WINDOWS\WinSxS\amd64_microsoft.windows.common-controls_6595b64144ccf1df_6.0.19041.6456_none_60b8a6cb71f64256;C:\Users\jorge\.jdks\ms-17.0.18\bin\server;C:\Program Files\Bonjour

VM Arguments:
jvm_args: -javaagent:C:\Program Files\JetBrains\IntelliJ IDEA Community Edition 2025.1.1.1\lib\idea_rt.jar=49948 -Dfile.encoding=UTF-8 
java_command: com.duoc.banco_central_xyz.BancoCentralXyzApplication
java_class_path (initial): C:\Users\jorge\OneDrive\Desktop\Backend III\Semana 6\Banco-central\banco-central-xyz\target\classes;C:\Users\jorge\.m2\repository\org\springframework\boot\spring-boot-starter-data-jpa\4.1.1\spring-boot-starter-data-jpa-4.1.1.jar;C:\Users\jorge\.m2\repository\org\springframework\boot\spring-boot-starter\4.1.1\spring-boot-starter-4.1.1.jar;C:\Users\jorge\.m2\repository\org\springframework\boot\spring-boot-starter-logging\4.1.1\spring-boot-starter-logging-4.1.1.jar;C:\Users\jorge\.m2\repository\ch\qos\logback\logback-classic\1.5.38\logback-classic-1.5.38.jar;C:\Users\jorge\.m2\repository\ch\qos\logback\logback-core\1.5.38\logback-core-1.5.38.jar;C:\Users\jorge\.m2\repository\org\apache\logging\log4j\log4j-to-slf4j\2.25.5\log4j-to-slf4j-2.25.5.jar;C:\Users\jorge\.m2\repository\org\apache\logging\log4j\log4j-api\2.25.5\log4j-api-2.25.5.jar;C:\Users\jorge\.m2\repository\org\slf4j\jul-to-slf4j\2.0.18\jul-to-slf4j-2.0.18.jar;C:\Users\jorge\.m2\repository\org\springframework\boot\spring-boot-autoconfigure\4.1.1\spring-boot-autoconfigure-4.1.1.jar;C:\Users\jorge\.m2\repository\jakarta\annotation\jakarta.annotation-api\3.0.0\jakarta.annotation-api-3.0.0.jar;C:\Users\jorge\.m2\repository\org\yaml\snakeyaml\2.6\snakeyaml-2.6.jar;C:\Users\jorge\.m2\repository\org\springframework\boot\spring-boot-starter-jdbc\4.1.1\spring-boot-starter-jdbc-4.1.1.jar;C:\Users\jorge\.m2\repository\com\zaxxer\HikariCP\7.0.2\HikariCP-7.0.2.jar;C:\Users\jorge\.m2\repository\org\springframework\boot\spring-boot-data-jpa\4.1.1\spring-boot-data-jpa-4.1.1.jar;C:\Users\jorge\.m2\repository\org\springframework\boot\spring-boot-data-commons\4.1.1\spring-boot-data-commons-4.1.1.jar;C:\Users\jorge\.m2\repository\org\springframework\boot\spring-boot-persistence\4.1.1\spring-boot-persistence-4.1.1.jar;C:\Users\jorge\.m2\repository\org\springframework\data\spring-data-commons\4.1.1\spring-data-commons-4.1.1.jar;C:\Users\jorge\.m2\repository\org\springframework\boot\spring-boot-hibernat
Launcher Type: SUN_STANDARD

[Global flags]
     intx CICompilerCount                          = 4                                         {product} {ergonomic}
     uint ConcGCThreads                            = 3                                         {product} {ergonomic}
     uint G1ConcRefinementThreads                  = 10                                        {product} {ergonomic}
   size_t G1HeapRegionSize                         = 2097152                                   {product} {ergonomic}
    uintx GCDrainStackTargetSize                   = 64                                        {product} {ergonomic}
   size_t InitialHeapSize                          = 268435456                                 {product} {ergonomic}
   size_t MarkStackSize                            = 4194304                                   {product} {ergonomic}
   size_t MaxHeapSize                              = 4276092928                                {product} {ergonomic}
   size_t MaxNewSize                               = 2564816896                                {product} {ergonomic}
   size_t MinHeapDeltaBytes                        = 2097152                                   {product} {ergonomic}
   size_t MinHeapSize                              = 8388608                                   {product} {ergonomic}
    uintx NonNMethodCodeHeapSize                   = 5839372                                {pd product} {ergonomic}
    uintx NonProfiledCodeHeapSize                  = 122909434                              {pd product} {ergonomic}
    uintx ProfiledCodeHeapSize                     = 122909434                              {pd product} {ergonomic}
    uintx ReservedCodeCacheSize                    = 251658240                              {pd product} {ergonomic}
     bool SegmentedCodeCache                       = true                                      {product} {ergonomic}
   size_t SoftMaxHeapSize                          = 4276092928                             {manageable} {ergonomic}
     bool UseCompressedClassPointers               = true                           {product lp64_product} {ergonomic}
     bool UseCompressedOops                        = true                           {product lp64_product} {ergonomic}
     bool UseG1GC                                  = true                                      {product} {ergonomic}
     bool UseLargePagesIndividualAllocation        = false                                  {pd product} {ergonomic}

Logging:
Log output configuration:
 #0: stdout all=warning uptime,level,tags
 #1: stderr all=off uptime,level,tags

Environment Variables:
JAVA_HOME=C:\Program Files\Microsoft\jdk-21.0.10.7-hotspot\
PATH=C:\Program Files\Microsoft\jdk-21.0.10.7-hotspot\bin;C:\Program Files\Common Files\Oracle\Java\javapath;C:\app\jorge\product\21c\dbhomeXE\bin;C:\WINDOWS\system32;C:\WINDOWS;C:\WINDOWS\System32\Wbem;C:\WINDOWS\System32\WindowsPowerShell\v1.0\;C:\WINDOWS\System32\OpenSSH\;C:\Program Files\NVIDIA Corporation\NVIDIA App\NvDLISR;C:\Program Files (x86)\NVIDIA Corporation\PhysX\Common;C:\Program Files\nodejs\;C:\Program Files\Docker\Docker\resources\bin;C:\Program Files\Git\cmd;C:\Program Files\dotnet\;C:\Program Files\Amazon\AWSCLIV2\;C:\Program Files\Amazon\AWSSAMCLI\bin\;C:\Users\jorge\scoop\apps\maven\current\bin;C:\Users\jorge\scoop\shims;C:\Program Files\MySQL\MySQL Shell 8.0\bin\;C:\Users\jorge\AppData\Local\Programs\Python\Launcher\;C:\Users\jorge\AppData\Local\Microsoft\WindowsApps;C:\Users\jorge\AppData\Local\Programs\Microsoft VS Code\bin;C:\Program Files\JetBrains\PyCharm Community Edition 2025.1.1.1\bin;;C:\Users\jorge\AppData\Roaming\npm;C:\Users\jorge\.dotnet\tools;C:\Program Files\PostgreSQL\17\bin;C:\terraform;
USERNAME=jorge
OS=Windows_NT
PROCESSOR_IDENTIFIER=Intel64 Family 6 Model 165 Stepping 5, GenuineIntel
TMP=C:\Users\jorge\AppData\Local\Temp
TEMP=C:\Users\jorge\AppData\Local\Temp



Periodic native trim disabled


---------------  S Y S T E M  ---------------

OS:
 Windows 10 , 64 bit Build 19041 (10.0.19041.5915)
OS uptime: 0 days 22:02 hours
Hyper-V role detected

CPU: total 12 (initial active 12) (6 cores per cpu, 2 threads per core) family 6 model 165 stepping 5 microcode 0xca, cx8, cmov, fxsr, ht, mmx, 3dnowpref, sse, sse2, sse3, ssse3, sse4.1, sse4.2, popcnt, lzcnt, tsc, tscinvbit, avx, avx2, aes, erms, clmul, bmi1, bmi2, adx, fma, vzeroupper, clflush, clflushopt, hv
Processor Information for the first 12 processors :
  Max Mhz: 4104, Current Mhz: 3803, Mhz Limit: 4104

Memory: 4k page, system-wide physical 16310M (3150M free)
TotalPageFile size 29110M (AvailPageFile size 5141M)
current process WorkingSet (physical memory assigned to process): 410M, peak: 413M
current process commit charge ("private bytes"): 454M, peak: 458M

vm_info: OpenJDK 64-Bit Server VM (17.0.18+8-LTS) for windows-amd64 JRE (17.0.18+8-LTS), built on Jan 15 2026 18:50:45 by "MicrosoftCorporation" with MS VC++ 17.14 (VS2022)

END.
