#
# A fatal error has been detected by the Java Runtime Environment:
#
#  EXCEPTION_ACCESS_VIOLATION (0xc0000005) at pc=0x00007ffa3f9370a3, pid=13100, tid=5292
#
# JRE version: Java(TM) SE Runtime Environment (25.0.2+10) (build 25.0.2+10-LTS-69)
# Java VM: Java HotSpot(TM) 64-Bit Server VM (25.0.2+10-LTS-69, mixed mode, sharing, tiered, compressed oops, compressed class ptrs, g1 gc, windows-amd64)
# Problematic frame:
# V  [jvm.dll+0x2570a3]
#
# No core dump will be written. Minidumps are not enabled by default on client versions of Windows
#
# If you would like to submit a bug report, please visit:
#   https://bugreport.java.com/bugreport/crash.jsp
#

---------------  S U M M A R Y ------------

Command Line: -javaagent:C:\Program Files\JetBrains\IntelliJ IDEA Community Edition 2025.1.1.1\lib\idea_rt.jar=50372 -Dfile.encoding=UTF-8 -Dsun.stdout.encoding=UTF-8 -Dsun.stderr.encoding=UTF-8 com.duoc.config_server.ConfigServerApplication

Host: Intel(R) Core(TM) i5-10600K CPU @ 4.10GHz, 12 cores, 15G,  Windows 10 , 64 bit Build 19041 (10.0.19041.5915)
Time: Sun Sep 20 11:25:21 2026 Hora verano Sudamérica Pacífico elapsed time: 15.360562 seconds (0d 0h 0m 15s)

---------------  T H R E A D  ---------------

Current thread (0x00000239ab924b80):  JavaThread "C2 CompilerThread0" daemon [_thread_in_native, id=5292, stack(0x0000008438e00000,0x0000008438f00000) (1024K)]


Current CompileTask:
C2:15360 5435   !   4       jdk.internal.loader.BuiltinClassLoader::findClassOnClassPathOrNull (38 bytes)

Stack: [0x0000008438e00000,0x0000008438f00000],  sp=0x0000008438efca10,  free space=1010k
Native frames: (J=compiled Java code, j=interpreted, Vv=VM code, C=native code)
V  [jvm.dll+0x2570a3]  (no source info available)
V  [jvm.dll+0x2547c4]  (no source info available)
V  [jvm.dll+0x2c0a0c]  (no source info available)
V  [jvm.dll+0x2bfb5f]  (no source info available)
V  [jvm.dll+0x2379a0]  (no source info available)
V  [jvm.dll+0x2cfc86]  (no source info available)
V  [jvm.dll+0x2cdf05]  (no source info available)
V  [jvm.dll+0x48e9d1]  (no source info available)
V  [jvm.dll+0x906fcd]  (no source info available)
V  [jvm.dll+0x7a56d5]  (no source info available)
C  [ucrtbase.dll+0x21bb2]  (no source info available)
C  [KERNEL32.DLL+0x17374]  (no source info available)
C  [ntdll.dll+0x4cc91]  (no source info available)


siginfo: EXCEPTION_ACCESS_VIOLATION (0xc0000005), reading address 0x0000023ab28e9488


Registers:
RAX=0x00000239b2286c88, RBX=0x0000000000000002, RCX=0x00000239b15e4f70, RDX=0x0000000040198a00
RSP=0x0000008438efca10, RBP=0x00000239b0732d48, RSI=0x00000239b38b4ca0, RDI=0x00007ffa3f6e0000
R8 =0x00000000ffffffff, R9 =0x0000000000000001, R10=0x000000000000000b, R11=0x3333333333333333
R12=0x0000000000000001, R13=0x0000000000000008, R14=0x00000239b15e4e18, R15=0x0000008438efcf20
RIP=0x00007ffa3f9370a3, EFLAGS=0x0000000000010297

XMM[0]=0x0000000000000000 0x3f388b3089d9ef5b
XMM[1]=0x0000000000000000 0x0000000000000000
XMM[2]=0x0000000000000000 0x0000000000000000
XMM[3]=0x0000000000000000 0x0000000000000000
XMM[4]=0x0000000000000000 0x0000000000000000
XMM[5]=0x0000000000000000 0x0000000000000000
XMM[6]=0x0000000000000000 0x408f400000000000
XMM[7]=0x0000000000000000 0x0000000000000000
XMM[8]=0x0000000000000000 0x0000000000000000
XMM[9]=0x0000000000000000 0x0000000000000000
XMM[10]=0x0000000000000000 0x0000000000000000
XMM[11]=0x0000000000000000 0x0000000000000000
XMM[12]=0x0000000000000000 0x0000000000000000
XMM[13]=0x0000000000000000 0x0000000000000000
XMM[14]=0x0000000000000000 0x0000000000000000
XMM[15]=0x0000000000000000 0x0000000000000000
  MXCSR=0x00001fb2


Register to memory mapping:

RAX=0x00000239b2286c88 points into unknown readable memory: 0x0000000000000000 | 00 00 00 00 00 00 00 00
RBX=0x0000000000000002 is an unknown value
RCX=0x00000239b15e4f70 points into unknown readable memory: 0x00000239b386df28 | 28 df 86 b3 39 02 00 00
RDX=0x0000000040198a00 is pointing into metadata
RSP=0x0000008438efca10 is pointing into the stack for thread: 0x00000239ab924b80
RBP=0x00000239b0732d48 points into unknown readable memory: 0x00007ffa401837b8 | b8 37 18 40 fa 7f 00 00
RSI=0x00000239b38b4ca0 points into unknown readable memory: 0x000000000ffffcff | ff fc ff 0f 00 00 00 00
RDI=0x00007ffa3f6e0000 jvm.dll
R8 =0x00000000ffffffff is an unknown value
R9 =0x0000000000000001 is an unknown value
R10=0x000000000000000b is an unknown value
R11=0x3333333333333333 is an unknown value
R12=0x0000000000000001 is an unknown value
R13=0x0000000000000008 is an unknown value
R14=0x00000239b15e4e18 points into unknown readable memory: 0x00007ffa40198a00 | 00 8a 19 40 fa 7f 00 00
R15=0x0000008438efcf20 is pointing into the stack for thread: 0x00000239ab924b80

Top of Stack: (sp=0x0000008438efca10)
0x0000008438efca10:   00000239b3f97208 00000239b31b6658   .r..9...Xf..9...
0x0000008438efca20:   00000000000008b8 00000239b0732d48   ........H-s.9...
0x0000008438efca30:   000005410000000f 0000000000000002   ....A...........
0x0000008438efca40:   00000239b0732d48 0000000000000000   H-s.9...........
0x0000008438efca50:   0000000000000000 0000000000000000   ................
0x0000008438efca60:   0000000000193888 00000239b26a5d68   .8......h]j.9...
0x0000008438efca70:   0000000000000000 00000239b26a5d50   ........P]j.9...
0x0000008438efca80:   00000239b26a6140 00000000000003d8   @aj.9...........
0x0000008438efca90:   0000008438efcf88 0000008438efcbb0   ...8.......8....
0x0000008438efcaa0:   0000008438efcf20 00007ffa3f9347c4    ..8.....G.?....
0x0000008438efcab0:   0000008438efcf20 0000008438efcf01    ..8.......8....
0x0000008438efcac0:   0000008438efcb01 00000000ffffffff   ...8............
0x0000008438efcad0:   0000000000000000 000000000000000e   ................
0x0000008438efcae0:   0000000000000507 00000000003044d8   .........D0.....
0x0000008438efcaf0:   00000239b26a5d50 00000239b3e19040   P]j.9...@...9...
0x0000008438efcb00:   00000239b3fac998 00000239b3fac998   ....9.......9...
0x0000008438efcb10:   00000239b26a5d68 00007ffa8b66fde6   h]j.9.....f.....
0x0000008438efcb20:   0000000000000000 0000000000000000   ................
0x0000008438efcb30:   00000239b35ccec0 00000239ab900000   ..\.9.......9...
0x0000008438efcb40:   0000000000000000 00007ffa40229108   .........."@....
0x0000008438efcb50:   0000000000000000 0000008438efe3e0   ...........8....
0x0000008438efcb60:   0000000000000000 0000000000000000   ................
0x0000008438efcb70:   000000000000000c 0000008438efe3e0   ...........8....
0x0000008438efcb80:   00000239b3c90058 00000239b35e4e00   X...9....N^.9...
0x0000008438efcb90:   00000239b3e19058 0000400000002318   X...9....#...@..
0x0000008438efcba0:   0000008438efcae0 00000239b26a5d68   ...8....h]j.9...
0x0000008438efcbb0:   00007ffa40198ba0 000002390000000d   ...@........9...
0x0000008438efcbc0:   0000008438efe3e0 0000008438efcf20   ...8.... ..8....
0x0000008438efcbd0:   0000000000002941 00000239ab90f330   A)......0...9...
0x0000008438efcbe0:   000000000000000a 0000008438efe3e0   ...........8....
0x0000008438efcbf0:   00000239b2ecd4c8 0000000000000000   ....9...........
0x0000008438efcc00:   00000239b2246c68 00000239abc633b8   hl$.9....3..9...

Instructions: (pc=0x00007ffa3f9370a3)
  0x00007ffa3f936fa3:   a4 00 00 00 02 00 66 44 89 ab ac 00 00 00 eb 6d
  0x00007ffa3f936fb3:   48 8b 6c 24 30 66 c7 83 a4 00 00 00 04 00 66 44
  0x00007ffa3f936fc3:   89 ab ac 00 00 00 eb 55 48 8b 6c 24 30 66 c7 83
  0x00007ffa3f936fd3:   a4 00 00 00 08 00 66 44 89 ab ac 00 00 00 eb 3d
  0x00007ffa3f936fe3:   48 8b 6c 24 30 66 c7 83 a4 00 00 00 10 00 66 44
  0x00007ffa3f936ff3:   89 ab ac 00 00 00 eb 25 48 8b ce e8 3d 27 5a 00
  0x00007ffa3f937003:   48 8b 6c 24 30 66 89 83 a4 00 00 00 66 89 83 ac
  0x00007ffa3f937013:   00 00 00 81 8b b0 00 00 00 80 04 00 00 44 0f b6
  0x00007ffa3f937023:   8c 24 a8 00 00 00 41 b8 ff ff ff ff 41 8b 5e 18
  0x00007ffa3f937033:   89 5c 24 28 44 89 84 24 b8 00 00 00 45 84 c9 74
  0x00007ffa3f937043:   38 49 8b 06 49 8b ce ff 90 b8 00 00 00 89 84 24
  0x00007ffa3f937053:   b8 00 00 00 44 8b c0 83 f8 ff 74 14 8b d0 49 8b
  0x00007ffa3f937063:   ce e8 c7 e0 47 00 44 8b c0 89 84 24 b8 00 00 00
  0x00007ffa3f937073:   44 0f b6 8c 24 a8 00 00 00 44 3b e3 0f 83 10 02
  0x00007ffa3f937083:   00 00 41 8b c4 4c 8d 2c c5 00 00 00 00 49 8b 46
  0x00007ffa3f937093:   08 4a 8b 0c 28 49 8b 87 08 01 00 00 48 63 51 28
=>0x00007ffa3f9370a3:   8b 1c 90 85 db 0f 84 be 01 00 00 45 84 c9 74 11
  0x00007ffa3f9370b3:   45 3b c4 75 0c 49 8b 06 49 8b ce ff 90 e0 00 00
  0x00007ffa3f9370c3:   00 80 bc 24 b0 00 00 00 00 74 18 41 80 bf 18 01
  0x00007ffa3f9370d3:   00 00 00 74 0e 41 0f b7 46 3a 44 3b e0 0f 83 86
  0x00007ffa3f9370e3:   01 00 00 49 8b 47 70 41 8b d4 48 69 fb b8 00 00
  0x00007ffa3f9370f3:   00 49 8b ce 48 03 78 20 49 8b 06 ff 90 88 00 00
  0x00007ffa3f937103:   00 80 bc 24 a8 00 00 00 00 48 8b f0 75 2f 49 8b
  0x00007ffa3f937113:   4e 08 f2 0f 10 4d 08 f2 0f 59 ce 4a 8b 14 29 49
  0x00007ffa3f937123:   8b 4f 48 44 8b 42 28 48 8b 91 88 00 00 00 4a 8b
  0x00007ffa3f937133:   0c c2 f2 0f 10 41 08 66 0f 2f c1 77 45 8b 97 98
  0x00007ffa3f937143:   00 00 00 8b 87 9c 00 00 00 3b d0 77 17 8b ca ff
  0x00007ffa3f937153:   c2 48 8b 04 ce 48 21 44 cf 38 8b 87 9c 00 00 00
  0x00007ffa3f937163:   3b d0 76 e9 8b 4e 60 39 8f 98 00 00 00 73 06 89
  0x00007ffa3f937173:   8f 98 00 00 00 8b 4e 64 3b c1 76 06 89 8f 9c 00
  0x00007ffa3f937183:   00 00 49 8b 46 08 4a 8b 0c 28 48 8b 01 ff 50 70
  0x00007ffa3f937193:   8b c8 8b d8 e8 14 2b 5a 00 8b d3 48 8d 4f 38 0f


Stack slot to memory mapping:

stack at sp + 0 slots: 0x00000239b3f97208 points into unknown readable memory: 0x0000000000000000 | 00 00 00 00 00 00 00 00
stack at sp + 1 slots: 0x00000239b31b6658 points into unknown readable memory: 0x00007ffa401024b0 | b0 24 10 40 fa 7f 00 00
stack at sp + 2 slots: 0x00000000000008b8 is an unknown value
stack at sp + 3 slots: 0x00000239b0732d48 points into unknown readable memory: 0x00007ffa401837b8 | b8 37 18 40 fa 7f 00 00
stack at sp + 4 slots: 0x000005410000000f is an unknown value
stack at sp + 5 slots: 0x0000000000000002 is an unknown value
stack at sp + 6 slots: 0x00000239b0732d48 points into unknown readable memory: 0x00007ffa401837b8 | b8 37 18 40 fa 7f 00 00
stack at sp + 7 slots: 0x0 is null

Lock stack of current Java thread (top to bottom):


---------------  P R O C E S S  ---------------

Threads class SMR info:
_java_thread_list=0x00000239b086d970, length=29, elements={
0x00000239ab9137c0, 0x00000239ab914220, 0x00000239ab915080, 0x00000239ab916c50,
0x00000239ab91faa0, 0x00000239ab920660, 0x00000239ab924b80, 0x00000239ab928230,
0x00000239abbf82c0, 0x00000239b00ab950, 0x00000239b00ac320, 0x00000239b34ca0c0,
0x00000239b1155d60, 0x00000239b09f7c50, 0x00000239b09f2e30, 0x00000239b09f3600,
0x00000239b09f93c0, 0x00000239b33b8960, 0x00000239b33b9130, 0x00000239b33b9900,
0x00000239b33b6a20, 0x00000239b33ba0d0, 0x00000239b33ba8a0, 0x00000239b33bb070,
0x00000239b33bc7e0, 0x00000239b1613330, 0x00000239b16142d0, 0x00000239b16171b0,
0x00000239b2be51f0
}

Java Threads: ( => current thread )
  0x00000239ab9137c0 JavaThread "Reference Handler"          daemon [_thread_blocked, id=18260, stack(0x0000008438800000,0x0000008438900000) (1024K)]
  0x00000239ab914220 JavaThread "Finalizer"                  daemon [_thread_blocked, id=19792, stack(0x0000008438900000,0x0000008438a00000) (1024K)]
  0x00000239ab915080 JavaThread "Signal Dispatcher"          daemon [_thread_blocked, id=17084, stack(0x0000008438a00000,0x0000008438b00000) (1024K)]
  0x00000239ab916c50 JavaThread "Attach Listener"            daemon [_thread_blocked, id=19992, stack(0x0000008438b00000,0x0000008438c00000) (1024K)]
  0x00000239ab91faa0 JavaThread "Service Thread"             daemon [_thread_blocked, id=15904, stack(0x0000008438c00000,0x0000008438d00000) (1024K)]
  0x00000239ab920660 JavaThread "Monitor Deflation Thread"   daemon [_thread_blocked, id=15984, stack(0x0000008438d00000,0x0000008438e00000) (1024K)]
=>0x00000239ab924b80 JavaThread "C2 CompilerThread0"         daemon [_thread_in_native, id=5292, stack(0x0000008438e00000,0x0000008438f00000) (1024K)]
  0x00000239ab928230 JavaThread "C1 CompilerThread0"         daemon [_thread_blocked, id=7208, stack(0x0000008438f00000,0x0000008439000000) (1024K)]
  0x00000239abbf82c0 JavaThread "Common-Cleaner"             daemon [_thread_blocked, id=17416, stack(0x0000008439000000,0x0000008439100000) (1024K)]
  0x00000239b00ab950 JavaThread "Monitor Ctrl-Break"         daemon [_thread_in_native, id=11624, stack(0x0000008439200000,0x0000008439300000) (1024K)]
  0x00000239b00ac320 JavaThread "Notification Thread"        daemon [_thread_blocked, id=19636, stack(0x0000008439300000,0x0000008439400000) (1024K)]
  0x00000239b34ca0c0 JavaThread "Catalina-utility-1"                [_thread_blocked, id=7348, stack(0x0000008439a00000,0x0000008439b00000) (1024K)]
  0x00000239b1155d60 JavaThread "Catalina-utility-2"                [_thread_blocked, id=2620, stack(0x000000843a100000,0x000000843a200000) (1024K)]
  0x00000239b09f7c50 JavaThread "container-0"                       [_thread_blocked, id=15180, stack(0x000000843a200000,0x000000843a300000) (1024K)]
  0x00000239b09f2e30 JavaThread "spring.cloud.inetutils"     daemon [_thread_blocked, id=8124, stack(0x000000843a300000,0x000000843a400000) (1024K)]
  0x00000239b09f3600 JavaThread "http-nio-8888-exec-1"       daemon [_thread_blocked, id=20900, stack(0x000000843a400000,0x000000843a500000) (1024K)]
  0x00000239b09f93c0 JavaThread "http-nio-8888-exec-2"       daemon [_thread_blocked, id=820, stack(0x000000843a500000,0x000000843a600000) (1024K)]
  0x00000239b33b8960 JavaThread "http-nio-8888-exec-3"       daemon [_thread_blocked, id=16016, stack(0x000000843a600000,0x000000843a700000) (1024K)]
  0x00000239b33b9130 JavaThread "http-nio-8888-exec-4"       daemon [_thread_blocked, id=1484, stack(0x000000843a700000,0x000000843a800000) (1024K)]
  0x00000239b33b9900 JavaThread "http-nio-8888-exec-5"       daemon [_thread_blocked, id=20916, stack(0x000000843a800000,0x000000843a900000) (1024K)]
  0x00000239b33b6a20 JavaThread "http-nio-8888-exec-6"       daemon [_thread_blocked, id=18760, stack(0x000000843a900000,0x000000843aa00000) (1024K)]
  0x00000239b33ba0d0 JavaThread "http-nio-8888-exec-7"       daemon [_thread_blocked, id=20780, stack(0x000000843aa00000,0x000000843ab00000) (1024K)]
  0x00000239b33ba8a0 JavaThread "http-nio-8888-exec-8"       daemon [_thread_blocked, id=6028, stack(0x000000843ab00000,0x000000843ac00000) (1024K)]
  0x00000239b33bb070 JavaThread "http-nio-8888-exec-9"       daemon [_thread_blocked, id=1700, stack(0x000000843ac00000,0x000000843ad00000) (1024K)]
  0x00000239b33bc7e0 JavaThread "http-nio-8888-exec-10"      daemon [_thread_blocked, id=18516, stack(0x000000843ad00000,0x000000843ae00000) (1024K)]
  0x00000239b1613330 JavaThread "http-nio-8888-Poller"       daemon [_thread_in_native, id=17704, stack(0x000000843ae00000,0x000000843af00000) (1024K)]
  0x00000239b16142d0 JavaThread "http-nio-8888-Acceptor"     daemon [_thread_in_native, id=21920, stack(0x000000843af00000,0x000000843b000000) (1024K)]
  0x00000239b16171b0 JavaThread "DestroyJavaVM"                     [_thread_blocked, id=18092, stack(0x0000008438000000,0x0000008438100000) (1024K)]
  0x00000239b2be51f0 JavaThread "C2 CompilerThread1"         daemon [_thread_blocked, id=17500, stack(0x0000008439100000,0x0000008439200000) (1024K)]
Total: 29

Other Threads:
  0x00000239ab901ce0 VMThread "VM Thread"                           [id=11032, stack(0x0000008438700000,0x0000008438800000) (1024K)]
  0x00000239ab8f2ad0 WatcherThread "VM Periodic Task Thread"        [id=16860, stack(0x0000008438600000,0x0000008438700000) (1024K)]
  0x000002398bf1a110 WorkerThread "GC Thread#0"                     [id=20540, stack(0x0000008438100000,0x0000008438200000) (1024K)]
  0x00000239b09dd5e0 WorkerThread "GC Thread#1"                     [id=12108, stack(0x0000008439500000,0x0000008439600000) (1024K)]
  0x00000239b09e5e00 WorkerThread "GC Thread#2"                     [id=3916, stack(0x0000008439600000,0x0000008439700000) (1024K)]
  0x00000239b09e6640 WorkerThread "GC Thread#3"                     [id=20804, stack(0x0000008439700000,0x0000008439800000) (1024K)]
  0x00000239b09e6a70 WorkerThread "GC Thread#4"                     [id=16120, stack(0x0000008439800000,0x0000008439900000) (1024K)]
  0x00000239b09e6ea0 WorkerThread "GC Thread#5"                     [id=14984, stack(0x0000008439900000,0x0000008439a00000) (1024K)]
  0x00000239b06df820 WorkerThread "GC Thread#6"                     [id=18940, stack(0x0000008439b00000,0x0000008439c00000) (1024K)]
  0x00000239b06e0510 WorkerThread "GC Thread#7"                     [id=9792, stack(0x0000008439c00000,0x0000008439d00000) (1024K)]
  0x00000239b06e0db0 WorkerThread "GC Thread#8"                     [id=13748, stack(0x0000008439d00000,0x0000008439e00000) (1024K)]
  0x00000239b16d06e0 WorkerThread "GC Thread#9"                     [id=7056, stack(0x0000008439e00000,0x0000008439f00000) (1024K)]
  0x000002398bf331a0 ConcurrentGCThread "G1 Main Marker"            [id=16316, stack(0x0000008438200000,0x0000008438300000) (1024K)]
  0x000002398bf34350 WorkerThread "G1 Conc#0"                       [id=8048, stack(0x0000008438300000,0x0000008438400000) (1024K)]
  0x00000239b16ced00 WorkerThread "G1 Conc#1"                       [id=16184, stack(0x0000008439f00000,0x000000843a000000) (1024K)]
  0x00000239b16cb940 WorkerThread "G1 Conc#2"                       [id=7908, stack(0x000000843a000000,0x000000843a100000) (1024K)]
  0x00000239ab7c1da0 ConcurrentGCThread "G1 Refine#0"               [id=10024, stack(0x0000008438400000,0x0000008438500000) (1024K)]
  0x00000239ab7c39c0 ConcurrentGCThread "G1 Service"                [id=4660, stack(0x0000008438500000,0x0000008438600000) (1024K)]
Total: 18

Threads with active compile tasks:
C2 CompilerThread0  15427 5435   !   4       jdk.internal.loader.BuiltinClassLoader::findClassOnClassPathOrNull (38 bytes)
Total: 1

VM state: not at safepoint (normal execution)

VM Mutex/Monitor currently owned by a thread: None

Heap address: 0x0000000701200000, size: 4078 MB, Compressed Oops mode: Zero based, Oop shift amount: 3

CDS archive(s) mapped at: [0x0000000021000000-0x0000000021dd0000-0x0000000021dd0000), size 14483456, SharedBaseAddress: 0x0000000021000000, ArchiveRelocationMode: 1.
Compressed class space mapped at: 0x0000000022000000-0x0000000062000000, reserved size: 1073741824
UseCompressedClassPointers 1, UseCompactObjectHeaders 0
Narrow klass pointer bits 32, Max shift 3
Narrow klass base: 0x0000000021000000, Narrow klass shift: 0
Encoding Range: [0x0000000021000000 - 0x0000000121000000), (4294967296 bytes)
Klass Range:    [0x0000000021010000 - 0x0000000062000000), (1090453504 bytes)
Klass ID Range:  [65536 - 1090519033) (1090453497)
Protection zone: [0x0000000021000000 - 0x0000000021010000), (65536 bytes)

GC Precious Log:
 CardTable entry size: 512
 Card Set container configuration: InlinePtr #cards 4 size 8 Array Of Cards #cards 16 size 48 Howl #buckets 8 coarsen threshold 3686 Howl Bitmap #cards 512 size 80 coarsen threshold 460 Card regions per heap region 1 cards per card region 4096
 CPUs: 12 total, 12 available
 Memory: 16310M
 Large Page Support: Disabled
 NUMA Support: Disabled
 Compressed Oops: Enabled (Zero based)
 Heap Region Size: 2M
 Heap Min Capacity: 8M
 Heap Initial Capacity: 256M
 Heap Max Capacity: 4078M
 Pre-touch: Disabled
 Parallel Workers: 10
 Concurrent Workers: 3
 Concurrent Refinement Workers: 10
 Periodic GC: Disabled

Heap:
 garbage-first heap   total reserved 4175872K, committed 77824K, used 46670K [0x0000000701200000, 0x0000000800000000)
  region size 2048K, 14 young (28672K), 3 survivors (6144K)

Heap Regions: E=young(eden), S=young(survivor), O=old, HS=humongous(starts), HC=humongous(continues), CS=collection set, F=free, TAMS=top-at-mark-start, PB=parsable bottom
|   0|0x0000000701200000, 0x0000000701400000, 0x0000000701400000|100%| O|  |TAMS 0x0000000701200000| PB 0x0000000701200000| Untracked |  0
|   1|0x0000000701400000, 0x0000000701600000, 0x0000000701600000|100%| O|  |TAMS 0x0000000701400000| PB 0x0000000701400000| Untracked |  0
|   2|0x0000000701600000, 0x000000070169ff00, 0x0000000701800000| 31%| O|Cm|TAMS 0x0000000701600000| PB 0x0000000701600000| Complete |  0
|   3|0x0000000701800000, 0x0000000701a00000, 0x0000000701a00000|100%| O|  |TAMS 0x0000000701800000| PB 0x0000000701800000| Untracked |  0
|   4|0x0000000701a00000, 0x0000000701c00000, 0x0000000701c00000|100%| O|  |TAMS 0x0000000701a00000| PB 0x0000000701a00000| Untracked |  0
|   5|0x0000000701c00000, 0x0000000701e00000, 0x0000000701e00000|100%| O|  |TAMS 0x0000000701c00000| PB 0x0000000701c00000| Untracked |  0
|   6|0x0000000701e00000, 0x0000000702000000, 0x0000000702000000|100%| O|  |TAMS 0x0000000701e00000| PB 0x0000000701e00000| Untracked |  0
|   7|0x0000000702000000, 0x0000000702200000, 0x0000000702200000|100%| O|  |TAMS 0x0000000702000000| PB 0x0000000702000000| Untracked |  0
|   8|0x0000000702200000, 0x0000000702400000, 0x0000000702400000|100%| O|  |TAMS 0x0000000702200000| PB 0x0000000702200000| Untracked |  0
|   9|0x0000000702400000, 0x0000000702600000, 0x0000000702600000|100%| O|  |TAMS 0x0000000702400000| PB 0x0000000702400000| Untracked |  0
|  10|0x0000000702600000, 0x0000000702767d80, 0x0000000702800000| 70%| O|  |TAMS 0x0000000702600000| PB 0x0000000702600000| Untracked |  0
|  11|0x0000000702800000, 0x0000000702800000, 0x0000000702a00000|  0%| F|  |TAMS 0x0000000702800000| PB 0x0000000702800000| Untracked |  0
|  12|0x0000000702a00000, 0x0000000702a00000, 0x0000000702c00000|  0%| F|  |TAMS 0x0000000702a00000| PB 0x0000000702a00000| Untracked |  0
|  13|0x0000000702c00000, 0x0000000702c00000, 0x0000000702e00000|  0%| F|  |TAMS 0x0000000702c00000| PB 0x0000000702c00000| Untracked |  0
|  14|0x0000000702e00000, 0x0000000702e00000, 0x0000000703000000|  0%| F|  |TAMS 0x0000000702e00000| PB 0x0000000702e00000| Untracked |  0
|  15|0x0000000703000000, 0x0000000703000000, 0x0000000703200000|  0%| F|  |TAMS 0x0000000703000000| PB 0x0000000703000000| Untracked |  0
|  16|0x0000000703200000, 0x0000000703200000, 0x0000000703400000|  0%| F|  |TAMS 0x0000000703200000| PB 0x0000000703200000| Untracked |  0
|  17|0x0000000703400000, 0x0000000703400000, 0x0000000703600000|  0%| F|  |TAMS 0x0000000703400000| PB 0x0000000703400000| Untracked |  0
|  18|0x0000000703600000, 0x0000000703600000, 0x0000000703800000|  0%| F|  |TAMS 0x0000000703600000| PB 0x0000000703600000| Untracked |  0
|  19|0x0000000703800000, 0x0000000703800000, 0x0000000703a00000|  0%| F|  |TAMS 0x0000000703800000| PB 0x0000000703800000| Untracked |  0
|  20|0x0000000703a00000, 0x0000000703b8bf28, 0x0000000703c00000| 77%| S|CS|TAMS 0x0000000703a00000| PB 0x0000000703a00000| Complete |  0
|  21|0x0000000703c00000, 0x0000000703e00000, 0x0000000703e00000|100%| S|CS|TAMS 0x0000000703c00000| PB 0x0000000703c00000| Complete |  0
|  22|0x0000000703e00000, 0x0000000704000000, 0x0000000704000000|100%| S|CS|TAMS 0x0000000703e00000| PB 0x0000000703e00000| Complete |  0
|  23|0x0000000704000000, 0x0000000704000000, 0x0000000704200000|  0%| F|  |TAMS 0x0000000704000000| PB 0x0000000704000000| Untracked |  0
|  24|0x0000000704200000, 0x0000000704200000, 0x0000000704400000|  0%| F|  |TAMS 0x0000000704200000| PB 0x0000000704200000| Untracked |  0
|  25|0x0000000704400000, 0x0000000704400000, 0x0000000704600000|  0%| F|  |TAMS 0x0000000704400000| PB 0x0000000704400000| Untracked |  0
|  26|0x0000000704600000, 0x0000000704600000, 0x0000000704800000|  0%| F|  |TAMS 0x0000000704600000| PB 0x0000000704600000| Untracked |  0
|  27|0x0000000704800000, 0x0000000704855ef0, 0x0000000704a00000| 16%| E|  |TAMS 0x0000000704800000| PB 0x0000000704800000| Complete |  0
|  28|0x0000000704a00000, 0x0000000704c00000, 0x0000000704c00000|100%| E|CS|TAMS 0x0000000704a00000| PB 0x0000000704a00000| Complete |  0
|  29|0x0000000704c00000, 0x0000000704e00000, 0x0000000704e00000|100%| E|CS|TAMS 0x0000000704c00000| PB 0x0000000704c00000| Complete |  0
|  30|0x0000000704e00000, 0x0000000705000000, 0x0000000705000000|100%| E|CS|TAMS 0x0000000704e00000| PB 0x0000000704e00000| Complete |  0
|  93|0x000000070cc00000, 0x000000070ce00000, 0x000000070ce00000|100%| E|CS|TAMS 0x000000070cc00000| PB 0x000000070cc00000| Complete |  0
|  94|0x000000070ce00000, 0x000000070d000000, 0x000000070d000000|100%| E|CS|TAMS 0x000000070ce00000| PB 0x000000070ce00000| Complete |  0
|  95|0x000000070d000000, 0x000000070d200000, 0x000000070d200000|100%| E|CS|TAMS 0x000000070d000000| PB 0x000000070d000000| Complete |  0
|  96|0x000000070d200000, 0x000000070d400000, 0x000000070d400000|100%| E|CS|TAMS 0x000000070d200000| PB 0x000000070d200000| Complete |  0
|  97|0x000000070d400000, 0x000000070d600000, 0x000000070d600000|100%| E|CS|TAMS 0x000000070d400000| PB 0x000000070d400000| Complete |  0
| 127|0x0000000711000000, 0x0000000711200000, 0x0000000711200000|100%| E|CS|TAMS 0x0000000711000000| PB 0x0000000711000000| Complete |  0
|2038|0x00000007ffe00000, 0x0000000800000000, 0x0000000800000000|100%| E|CS|TAMS 0x00000007ffe00000| PB 0x00000007ffe00000| Complete |  0

Card table byte_map: [0x00000239a45c0000,0x00000239a4dc0000] _byte_map_base: 0x00000239a0db7000

Marking Bits: (CMBitMap*) 0x000002398bf1a8a0
 Bits: [0x00000239a4dc0000, 0x00000239a8d78000)

Polling page: 0x000002398b680000

Metaspace:
Metaspace        used 39356K, committed 39808K, reserved 1114112K
 class space     used 5312K, committed 5504K, reserved 1048576K

Usage:
  Non-class:     33.25 MB used.
      Class:      5.19 MB used.
       Both:     38.43 MB used.

Virtual space:
  Non-class space:       64.00 MB reserved,      33.50 MB ( 52%) committed,  1 nodes.
      Class space:        1.00 GB reserved,       5.38 MB ( <1%) committed,  1 nodes.
             Both:        1.06 GB reserved,      38.88 MB (  4%) committed. 

Chunk freelists:
   Non-Class:  14.09 MB
       Class:  10.50 MB
        Both:  24.59 MB

MaxMetaspaceSize: unlimited
CompressedClassSpaceSize: 1.00 GB
Initial GC threshold: 21.00 MB
Current GC threshold: 58.88 MB
CDS: on
 - commit_granule_bytes: 65536.
 - commit_granule_words: 8192.
 - virtual_space_node_default_size: 8388608.
 - enlarge_chunks_in_place: 1.
UseCompressedClassPointers 1, UseCompactObjectHeaders 0
Narrow klass pointer bits 32, Max shift 3
Narrow klass base: 0x0000000021000000, Narrow klass shift: 0
Encoding Range: [0x0000000021000000 - 0x0000000121000000), (4294967296 bytes)
Klass Range:    [0x0000000021010000 - 0x0000000062000000), (1090453504 bytes)
Klass ID Range:  [65536 - 1090519033) (1090453497)
Protection zone: [0x0000000021000000 - 0x0000000021010000), (65536 bytes)


Internal statistics:

num_allocs_failed_limit: 6.
num_arena_births: 576.
num_arena_deaths: 0.
num_vsnodes_births: 2.
num_vsnodes_deaths: 0.
num_space_committed: 622.
num_space_uncommitted: 0.
num_chunks_returned_to_freelist: 6.
num_chunks_taken_from_freelist: 1970.
num_chunk_merges: 6.
num_chunk_splits: 1338.
num_chunks_enlarged: 1038.
num_inconsistent_stats: 0.

CodeHeap 'non-profiled nmethods': size=120064Kb used=2310Kb max_used=2310Kb free=117753Kb
 bounds [0x000002399c200000, 0x000002399c470000, 0x00000239a3740000]
CodeHeap 'profiled nmethods': size=120000Kb used=8164Kb max_used=8309Kb free=111835Kb
 bounds [0x0000023994740000, 0x0000023994f60000, 0x000002399bc70000]
CodeHeap 'non-nmethods': size=5696Kb used=1499Kb max_used=1552Kb free=4196Kb
 bounds [0x000002399bc70000, 0x000002399bee0000, 0x000002399c200000]
CodeCache: size=245760Kb, used=11973Kb, max_used=12171Kb, free=233784Kb
 total_blobs=5679, nmethods=5052, adapters=530, full_count=0
Compilation: enabled, stopped_count=0, restarted_count=0

Compilation events (20 events):
Event: 15.263 Thread 0x00000239ab928230 nmethod 5467 0x000002399c25f088 code [0x000002399c25f180, 0x000002399c25f248]
Event: 15.264 Thread 0x00000239ab928230 5468       3       org.springframework.context.event.GenericApplicationListenerAdapter::resolveDeclaredEventType (57 bytes)
Event: 15.264 Thread 0x00000239ab928230 nmethod 5468 0x0000023994743f08 code [0x0000023994744000, 0x0000023994744678]
Event: 15.264 Thread 0x00000239ab928230 5469       3       java.lang.ClassLoader::getDefinedPackage (36 bytes)
Event: 15.264 Thread 0x00000239ab928230 nmethod 5469 0x0000023994743808 code [0x0000023994743900, 0x0000023994743ec8]
Event: 15.265 Thread 0x00000239ab928230 5470       3       java.lang.Module::canRead (86 bytes)
Event: 15.265 Thread 0x00000239ab928230 nmethod 5470 0x00000239947af688 code [0x00000239947af780, 0x00000239947b1738]
Event: 15.265 Thread 0x00000239ab928230 5471       3       java.lang.ClassLoader::checkCerts (121 bytes)
Event: 15.266 Thread 0x00000239ab928230 nmethod 5471 0x0000023994742288 code [0x0000023994742380, 0x00000239947437e8]
Event: 15.266 Thread 0x00000239ab928230 5472       3       java.lang.ClassLoader::getNamedPackage (73 bytes)
Event: 15.266 Thread 0x00000239ab928230 nmethod 5472 0x00000239947aef08 code [0x00000239947af000, 0x00000239947af658]
Event: 15.266 Thread 0x00000239ab928230 5473       3       java.nio.HeapByteBuffer::put (16 bytes)
Event: 15.266 Thread 0x00000239ab928230 nmethod 5473 0x00000239947aea08 code [0x00000239947aeb00, 0x00000239947aeea8]
Event: 15.266 Thread 0x00000239ab928230 5474       3       java.nio.Buffer::nextPutIndex (30 bytes)
Event: 15.266 Thread 0x00000239ab928230 nmethod 5474 0x0000023994741e88 code [0x0000023994741f80, 0x0000023994742198]
Event: 15.266 Thread 0x00000239ab928230 5475       1       org.apache.tomcat.util.buf.AbstractChunk::getEnd (5 bytes)
Event: 15.266 Thread 0x00000239ab928230 nmethod 5475 0x000002399c25ed88 code [0x000002399c25ee80, 0x000002399c25ef48]
Event: 15.277 Thread 0x00000239b2be51f0 nmethod 5438 0x000002399c43dd88 code [0x000002399c43de80, 0x000002399c440848]
Event: 15.278 Thread 0x00000239b2be51f0 5436   !   4       java.util.zip.ZipFile$ZipFileInflaterInputStream::close (67 bytes)
Event: 15.296 Thread 0x00000239b2be51f0 nmethod 5436 0x000002399c440888 code [0x000002399c440980, 0x000002399c4430d8]

GC Heap Usage History (10 events):
Event: 0.747 {heap Before GC invocations=0 (full 0):
 garbage-first heap   total reserved 4175872K, committed 264192K, used 48277K [0x0000000701200000, 0x0000000800000000)
  region size 2048K, 24 young (49152K), 0 survivors (0K)
}
Event: 0.753 {heap After GC invocations=1 (full 0):
 garbage-first heap   total reserved 4175872K, committed 264192K, used 12053K [0x0000000701200000, 0x0000000800000000)
  region size 2048K, 3 young (6144K), 3 survivors (6144K)
}
Event: 1.330 {heap Before GC invocations=1 (full 0):
 garbage-first heap   total reserved 4175872K, committed 264192K, used 65301K [0x0000000701200000, 0x0000000800000000)
  region size 2048K, 30 young (61440K), 3 survivors (6144K)
}
Event: 1.335 {heap After GC invocations=2 (full 0):
 garbage-first heap   total reserved 4175872K, committed 264192K, used 16149K [0x0000000701200000, 0x0000000800000000)
  region size 2048K, 5 young (10240K), 5 survivors (10240K)
}
Event: 1.887 {heap Before GC invocations=3 (full 0):
 garbage-first heap   total reserved 4175872K, committed 61440K, used 59157K [0x0000000701200000, 0x0000000800000000)
  region size 2048K, 26 young (53248K), 5 survivors (10240K)
}
Event: 1.895 {heap After GC invocations=4 (full 0):
 garbage-first heap   total reserved 4175872K, committed 77824K, used 21130K [0x0000000701200000, 0x0000000800000000)
  region size 2048K, 8 young (16384K), 8 survivors (16384K)
}
Event: 2.242 {heap Before GC invocations=4 (full 0):
 garbage-first heap   total reserved 4175872K, committed 77824K, used 47754K [0x0000000701200000, 0x0000000800000000)
  region size 2048K, 22 young (45056K), 8 survivors (16384K)
}
Event: 2.255 {heap After GC invocations=5 (full 0):
 garbage-first heap   total reserved 4175872K, committed 77824K, used 23902K [0x0000000701200000, 0x0000000800000000)
  region size 2048K, 2 young (4096K), 2 survivors (4096K)
}
Event: 2.752 {heap Before GC invocations=5 (full 0):
 garbage-first heap   total reserved 4175872K, committed 77824K, used 52574K [0x0000000701200000, 0x0000000800000000)
  region size 2048K, 17 young (34816K), 2 survivors (4096K)
}
Event: 2.756 {heap After GC invocations=6 (full 0):
 garbage-first heap   total reserved 4175872K, committed 77824K, used 26190K [0x0000000701200000, 0x0000000800000000)
  region size 2048K, 3 young (6144K), 3 survivors (6144K)
}

Metaspace Usage History (10 events):
Event: 0.747 {metaspace Before GC invocations=0 (full 0):
 Metaspace       used 8002K, committed 8192K, reserved 1114112K
  class space    used 929K, committed 1024K, reserved 1048576K
}
Event: 0.753 {metaspace After GC invocations=1 (full 0):
 Metaspace       used 8002K, committed 8192K, reserved 1114112K
  class space    used 929K, committed 1024K, reserved 1048576K
}
Event: 1.330 {metaspace Before GC invocations=1 (full 0):
 Metaspace       used 21240K, committed 21504K, reserved 1114112K
  class space    used 2746K, committed 2816K, reserved 1048576K
}
Event: 1.335 {metaspace After GC invocations=2 (full 0):
 Metaspace       used 21240K, committed 21504K, reserved 1114112K
  class space    used 2746K, committed 2816K, reserved 1048576K
}
Event: 1.887 {metaspace Before GC invocations=3 (full 0):
 Metaspace       used 26690K, committed 27008K, reserved 1114112K
  class space    used 3572K, committed 3712K, reserved 1048576K
}
Event: 1.895 {metaspace After GC invocations=4 (full 0):
 Metaspace       used 26690K, committed 27008K, reserved 1114112K
  class space    used 3572K, committed 3712K, reserved 1048576K
}
Event: 2.242 {metaspace Before GC invocations=4 (full 0):
 Metaspace       used 30884K, committed 31232K, reserved 1114112K
  class space    used 4129K, committed 4288K, reserved 1048576K
}
Event: 2.255 {metaspace After GC invocations=5 (full 0):
 Metaspace       used 30884K, committed 31232K, reserved 1114112K
  class space    used 4129K, committed 4288K, reserved 1048576K
}
Event: 2.752 {metaspace Before GC invocations=5 (full 0):
 Metaspace       used 35581K, committed 35968K, reserved 1114112K
  class space    used 4777K, committed 4928K, reserved 1048576K
}
Event: 2.756 {metaspace After GC invocations=6 (full 0):
 Metaspace       used 35581K, committed 35968K, reserved 1114112K
  class space    used 4777K, committed 4928K, reserved 1048576K
}

Dll operation events (11 events):
Event: 0.008 Loaded shared library C:\Program Files\Java\jdk-25.0.2\bin\java.dll
Event: 0.116 Loaded shared library C:\Program Files\Java\jdk-25.0.2\bin\zip.dll
Event: 0.119 Loaded shared library C:\Program Files\Java\jdk-25.0.2\bin\instrument.dll
Event: 0.124 Loaded shared library C:\Program Files\Java\jdk-25.0.2\bin\net.dll
Event: 0.126 Loaded shared library C:\Program Files\Java\jdk-25.0.2\bin\nio.dll
Event: 0.129 Loaded shared library C:\Program Files\Java\jdk-25.0.2\bin\zip.dll
Event: 0.231 Loaded shared library C:\Program Files\Java\jdk-25.0.2\bin\extnet.dll
Event: 0.248 Loaded shared library C:\Program Files\Java\jdk-25.0.2\bin\jimage.dll
Event: 1.247 Loaded shared library C:\Program Files\Java\jdk-25.0.2\bin\sunmscapi.dll
Event: 2.152 Loaded shared library C:\Program Files\Java\jdk-25.0.2\bin\management.dll
Event: 2.154 Loaded shared library C:\Program Files\Java\jdk-25.0.2\bin\management_ext.dll

Deoptimization events (20 events):
Event: 2.838 Thread 0x000002398beaefd0 Uncommon trap: trap_request=0xffffffdc fr.pc=0x000002399c20fd64 relative=0x00000000000003e4
Event: 2.838 Thread 0x000002398beaefd0 Uncommon trap: reason=class_check action=make_not_entrant pc=0x000002399c20fd64 method=java.util.ArrayList.toArray([Ljava/lang/Object;)[Ljava/lang/Object; @ 21 c2
Event: 2.838 Thread 0x000002398beaefd0 DEOPT PACKING pc=0x000002399c20fd64 sp=0x00000084380fe810
Event: 2.838 Thread 0x000002398beaefd0 DEOPT UNPACKING pc=0x000002399bd91382 sp=0x00000084380fe7e0 mode 2
Event: 2.846 Thread 0x000002398beaefd0 Uncommon trap: trap_request=0xffffffc6 fr.pc=0x000002399c38ee50 relative=0x00000000000007d0
Event: 2.846 Thread 0x000002398beaefd0 Uncommon trap: reason=bimorphic_or_optimized_type_check action=maybe_recompile pc=0x000002399c38ee50 method=java.util.regex.Pattern$Start.match(Ljava/util/regex/Matcher;ILjava/lang/CharSequence;)Z @ 44 c2
Event: 2.846 Thread 0x000002398beaefd0 DEOPT PACKING pc=0x000002399c38ee50 sp=0x00000084380fd820
Event: 2.846 Thread 0x000002398beaefd0 DEOPT UNPACKING pc=0x000002399bd91382 sp=0x00000084380fd7d0 mode 2
Event: 2.877 Thread 0x000002398beaefd0 Uncommon trap: trap_request=0xffffff45 fr.pc=0x000002399c292ddc relative=0x000000000000005c
Event: 2.877 Thread 0x000002398beaefd0 Uncommon trap: reason=unstable_if action=reinterpret pc=0x000002399c292ddc method=org.springframework.util.ConcurrentReferenceHashMap$Segment.clear()V @ 7 c2
Event: 2.877 Thread 0x000002398beaefd0 DEOPT PACKING pc=0x000002399c292ddc sp=0x00000084380ff270
Event: 2.877 Thread 0x000002398beaefd0 DEOPT UNPACKING pc=0x000002399bd91382 sp=0x00000084380ff200 mode 2
Event: 2.891 Thread 0x000002398beaefd0 Uncommon trap: trap_request=0xffffff45 fr.pc=0x000002399c24d06c relative=0x000000000000116c
Event: 2.891 Thread 0x000002398beaefd0 Uncommon trap: reason=unstable_if action=reinterpret pc=0x000002399c24d06c method=java.lang.String.<init>(Ljava/nio/charset/Charset;[BII)V @ 6 c2
Event: 2.891 Thread 0x000002398beaefd0 DEOPT PACKING pc=0x000002399c24d06c sp=0x00000084380fe540
Event: 2.891 Thread 0x000002398beaefd0 DEOPT UNPACKING pc=0x000002399bd91382 sp=0x00000084380fe4e8 mode 2
Event: 2.896 Thread 0x000002398beaefd0 Uncommon trap: trap_request=0xffffff45 fr.pc=0x000002399c28f808 relative=0x0000000000000108
Event: 2.896 Thread 0x000002398beaefd0 Uncommon trap: reason=unstable_if action=reinterpret pc=0x000002399c28f808 method=java.util.ArrayList.indexOfRange(Ljava/lang/Object;II)I @ 7 c2
Event: 2.896 Thread 0x000002398beaefd0 DEOPT PACKING pc=0x000002399c28f808 sp=0x00000084380fec10
Event: 2.897 Thread 0x000002398beaefd0 DEOPT UNPACKING pc=0x000002399bd91382 sp=0x00000084380feb90 mode 2

Classes loaded (20 events):
Event: 15.119 Loading class java/lang/invoke/ConstantBootstraps
Event: 15.119 Loading class java/lang/invoke/ConstantBootstraps done
Event: 15.136 Loading class sun/nio/cs/ISO_8859_1$Decoder
Event: 15.136 Loading class sun/nio/cs/ISO_8859_1$Decoder done
Event: 15.136 Loading class java/io/Reader$2
Event: 15.136 Loading class java/io/Reader$2 done
Event: 15.205 Loading class java/time/format/DateTimeFormatterBuilder$ZoneTextPrinterParser
Event: 15.205 Loading class java/time/format/DateTimeFormatterBuilder$ZoneTextPrinterParser done
Event: 15.205 Loading class java/time/format/DateTimeFormatterBuilder$ReducedPrinterParser
Event: 15.205 Loading class java/time/format/DateTimeFormatterBuilder$ReducedPrinterParser done
Event: 15.223 Loading class java/util/stream/LongStream
Event: 15.223 Loading class java/util/stream/LongStream done
Event: 15.223 Loading class java/util/stream/DoubleStream
Event: 15.223 Loading class java/util/stream/DoubleStream done
Event: 15.224 Loading class org/w3c/dom/Node
Event: 15.225 Loading class org/w3c/dom/Node done
Event: 15.225 Loading class org/w3c/dom/Document
Event: 15.225 Loading class org/w3c/dom/Document done
Event: 15.265 Loading class sun/nio/cs/ISO_8859_1$Encoder
Event: 15.265 Loading class sun/nio/cs/ISO_8859_1$Encoder done

Classes unloaded (0 events):
No events

Classes redefined (0 events):
No events

Internal exceptions (20 events):
Event: 2.598 Thread 0x000002398beaefd0 Implicit null exception at 0x000002399c382f32 to 0x000002399c38300a
Event: 2.637 Thread 0x000002398beaefd0 Exception <a 'java/lang/NoSuchMethodError'{0x0000000704463c30}: 'int java.lang.invoke.DirectMethodHandle$Holder.invokeStaticInit(java.lang.Object, java.lang.Object, java.lang.Object, java.lang.Object)'> (0x0000000704463c30) 
thrown [s\open\src\hotspot\share\interpreter\linkResolver.cpp, line 804]
Event: 2.688 Thread 0x000002398beaefd0 Exception <a 'java/lang/NoSuchMethodError'{0x00000007042b2190}: 'void java.lang.invoke.Invokers$Holder.invokeExact_MT(java.lang.Object, java.lang.Object, int, java.lang.Object)'> (0x00000007042b2190) 
thrown [s\open\src\hotspot\share\interpreter\linkResolver.cpp, line 804]
Event: 2.699 Thread 0x000002398beaefd0 Implicit null exception at 0x000002399c2bc4da to 0x000002399c2bc6b0
Event: 2.702 Thread 0x000002398beaefd0 Exception <a 'java/lang/NoSuchMethodError'{0x000000070431ae00}: 'void java.lang.invoke.Invokers$Holder.invokeExact_MT(java.lang.Object, java.lang.Object, java.lang.Object, java.lang.Object)'> (0x000000070431ae00) 
thrown [s\open\src\hotspot\share\interpreter\linkResolver.cpp, line 804]
Event: 2.725 Thread 0x000002398beaefd0 Exception <a 'java/lang/NoSuchMethodError'{0x0000000704044328}: 'java.lang.Object java.lang.invoke.DirectMethodHandle$Holder.invokeVirtual(java.lang.Object, java.lang.Object, java.lang.Object, java.lang.Object, java.lang.Object, java.lang.Object, java.lang.Object, java.lang.Object, java.lang.Object)'> (0x0000000704044328) 
thrown [s\open\src\hotspot\share\interpreter\linkResolver.cpp, line 804]
Event: 2.728 Thread 0x000002398beaefd0 Exception <a 'java/lang/NoSuchMethodError'{0x000000070409c670}: 'java.lang.Object java.lang.invoke.DirectMethodHandle$Holder.invokeStatic(java.lang.Object, java.lang.Object, java.lang.Object, java.lang.Object, java.lang.Object, java.lang.Object, java.lang.Object, java.lang.Object, java.lang.Object, java.lang.Object)'> (0x000000070409c670) 
thrown [s\open\src\hotspot\share\interpreter\linkResolver.cpp, line 804]
Event: 2.817 Thread 0x000002398beaefd0 Exception <a 'java/lang/NoSuchMethodError'{0x000000071114ad38}: 'java.lang.Object java.lang.invoke.DirectMethodHandle$Holder.invokeStatic(java.lang.Object, java.lang.Object, int, java.lang.Object)'> (0x000000071114ad38) 
thrown [s\open\src\hotspot\share\interpreter\linkResolver.cpp, line 804]
Event: 2.817 Thread 0x000002398beaefd0 Exception <a 'java/lang/NoSuchMethodError'{0x000000071115b348}: 'java.lang.Object java.lang.invoke.DirectMethodHandle$Holder.newInvokeSpecial(java.lang.Object, java.lang.Object, int)'> (0x000000071115b348) 
thrown [s\open\src\hotspot\share\interpreter\linkResolver.cpp, line 804]
Event: 2.840 Thread 0x000002398beaefd0 Exception <a 'java/lang/NoSuchMethodError'{0x000000070d4fd838}: 'long java.lang.invoke.DelegatingMethodHandle$Holder.reinvoke_L(java.lang.Object, java.lang.Object)'> (0x000000070d4fd838) 
thrown [s\open\src\hotspot\share\interpreter\linkResolver.cpp, line 804]
Event: 2.844 Thread 0x000002398beaefd0 Exception <a 'java/lang/NoSuchMethodError'{0x000000070d552540}: 'int java.lang.invoke.Invokers$Holder.invokeExact_MT(java.lang.Object, java.lang.Object, java.lang.Object)'> (0x000000070d552540) 
thrown [s\open\src\hotspot\share\interpreter\linkResolver.cpp, line 804]
Event: 2.880 Thread 0x000002398beaefd0 Exception <a 'java/lang/NoSuchMethodError'{0x000000070d36a7a0}: 'java.lang.Object java.lang.invoke.DirectMethodHandle$Holder.newInvokeSpecial(java.lang.Object, java.lang.Object, int, java.lang.Object, java.lang.Object)'> (0x000000070d36a7a0) 
thrown [s\open\src\hotspot\share\interpreter\linkResolver.cpp, line 804]
Event: 2.880 Thread 0x000002398beaefd0 Exception <a 'java/lang/NoSuchMethodError'{0x000000070d3731e0}: 'java.lang.Object java.lang.invoke.DirectMethodHandle$Holder.invokeSpecial(java.lang.Object, java.lang.Object, java.lang.Object, int, java.lang.Object, java.lang.Object)'> (0x000000070d3731e0) 
thrown [s\open\src\hotspot\share\interpreter\linkResolver.cpp, line 804]
Event: 15.116 Thread 0x00000239b16142d0 Exception <a 'java/lang/NoSuchMethodError'{0x000000070d1dea88}: 'java.lang.Object java.lang.invoke.DirectMethodHandle$Holder.invokeStatic(java.lang.Object, java.lang.Object, java.lang.Object, int, int)'> (0x000000070d1dea88) 
thrown [s\open\src\hotspot\share\interpreter\linkResolver.cpp, line 804]
Event: 15.116 Thread 0x00000239b16142d0 Exception <a 'java/lang/NoSuchMethodError'{0x000000070d1e69e0}: 'java.lang.Object java.lang.invoke.DirectMethodHandle$Holder.invokeStaticInit(java.lang.Object, java.lang.Object, java.lang.Object, int, int)'> (0x000000070d1e69e0) 
thrown [s\open\src\hotspot\share\interpreter\linkResolver.cpp, line 804]
Event: 15.133 Thread 0x00000239b09f3600 Exception <a 'java/lang/NoSuchMethodError'{0x000000070cc85068}: 'java.lang.Object java.lang.invoke.DirectMethodHandle$Holder.invokeSpecial(java.lang.Object, java.lang.Object, java.lang.Object, java.lang.Object, java.lang.Object, long)'> (0x000000070cc85068) 
thrown [s\open\src\hotspot\share\interpreter\linkResolver.cpp, line 804]
Event: 15.133 Thread 0x00000239b09f3600 Exception <a 'java/lang/NoSuchMethodError'{0x000000070cc8d900}: 'java.lang.Object java.lang.invoke.DirectMethodHandle$Holder.invokeSpecial(java.lang.Object, java.lang.Object, java.lang.Object, java.lang.Object, java.lang.Object, java.lang.Object, long)'> (0x000000070cc8d900) 
thrown [s\open\src\hotspot\share\interpreter\linkResolver.cpp, line 804]
Event: 15.133 Thread 0x00000239b09f3600 Exception <a 'java/lang/NoSuchMethodError'{0x000000070cc95c70}: 'java.lang.Object java.lang.invoke.DelegatingMethodHandle$Holder.reinvoke_L(java.lang.Object, java.lang.Object, java.lang.Object, java.lang.Object, java.lang.Object, long)'> (0x000000070cc95c70) 
thrown [s\open\src\hotspot\share\interpreter\linkResolver.cpp, line 804]
Event: 15.134 Thread 0x00000239b09f3600 Exception <a 'java/lang/NoSuchMethodError'{0x000000070cca5f98}: 'java.lang.Object java.lang.invoke.Invokers$Holder.linkToTargetMethod(java.lang.Object, java.lang.Object, java.lang.Object, long, java.lang.Object)'> (0x000000070cca5f98) 
thrown [s\open\src\hotspot\share\interpreter\linkResolver.cpp, line 804]
Event: 15.180 Thread 0x00000239b09f3600 Exception <a 'java/lang/NoSuchMethodError'{0x0000000704f4ca60}: 'java.lang.Object java.lang.invoke.DirectMethodHandle$Holder.invokeSpecial(java.lang.Object, java.lang.Object, java.lang.Object, java.lang.Object, java.lang.Object, int)'> (0x0000000704f4ca60) 
thrown [s\open\src\hotspot\share\interpreter\linkResolver.cpp, line 804]

VM Operations (20 events):
Event: 2.595 Executing non-safepoint VM operation: HandshakeAllThreads (Deoptimize)
Event: 2.595 Executing non-safepoint VM operation: HandshakeAllThreads (Deoptimize) done
Event: 2.621 Executing non-safepoint VM operation: HandshakeAllThreads (Deoptimize)
Event: 2.621 Executing non-safepoint VM operation: HandshakeAllThreads (Deoptimize) done
Event: 2.752 Executing safepoint VM operation: CollectForMetadataAllocation (Metadata GC Threshold)
Event: 2.756 Executing safepoint VM operation: CollectForMetadataAllocation (Metadata GC Threshold) done
Event: 2.768 Executing safepoint VM operation: G1PauseRemark
Event: 2.770 Executing safepoint VM operation: G1PauseRemark done
Event: 2.775 Executing safepoint VM operation: G1PauseCleanup
Event: 2.775 Executing safepoint VM operation: G1PauseCleanup done
Event: 2.792 Executing non-safepoint VM operation: HandshakeAllThreads (Deoptimize)
Event: 2.792 Executing non-safepoint VM operation: HandshakeAllThreads (Deoptimize) done
Event: 15.143 Executing non-safepoint VM operation: HandshakeAllThreads (Deoptimize)
Event: 15.143 Executing non-safepoint VM operation: HandshakeAllThreads (Deoptimize) done
Event: 15.159 Executing non-safepoint VM operation: HandshakeAllThreads (Deoptimize)
Event: 15.159 Executing non-safepoint VM operation: HandshakeAllThreads (Deoptimize) done
Event: 15.202 Executing non-safepoint VM operation: HandshakeAllThreads (Deoptimize)
Event: 15.202 Executing non-safepoint VM operation: HandshakeAllThreads (Deoptimize) done
Event: 15.231 Executing non-safepoint VM operation: HandshakeAllThreads (Deoptimize)
Event: 15.231 Executing non-safepoint VM operation: HandshakeAllThreads (Deoptimize) done

Memory protections (0 events):
No events

Nmethod flushes (20 events):
Event: 2.770 Thread 0x00000239ab901ce0 flushing  nmethod 0x00000239947aeb08
Event: 2.770 Thread 0x00000239ab901ce0 flushing  nmethod 0x00000239947b1188
Event: 2.770 Thread 0x00000239ab901ce0 flushing  nmethod 0x00000239947b1b08
Event: 2.770 Thread 0x00000239ab901ce0 flushing  nmethod 0x00000239947b2788
Event: 2.770 Thread 0x00000239ab901ce0 flushing  nmethod 0x00000239947b3388
Event: 2.770 Thread 0x00000239ab901ce0 flushing  nmethod 0x00000239947b3c08
Event: 2.770 Thread 0x00000239ab901ce0 flushing  nmethod 0x00000239947f4488
Event: 2.770 Thread 0x00000239ab901ce0 flushing  nmethod 0x00000239947f4788
Event: 2.770 Thread 0x00000239ab901ce0 flushing  nmethod 0x00000239947f4a88
Event: 2.770 Thread 0x00000239ab901ce0 flushing  nmethod 0x00000239947f6108
Event: 2.770 Thread 0x00000239ab901ce0 flushing  nmethod 0x000002399481d708
Event: 2.770 Thread 0x00000239ab901ce0 flushing  nmethod 0x0000023994823488
Event: 2.770 Thread 0x00000239ab901ce0 flushing  nmethod 0x00000239948b4488
Event: 2.770 Thread 0x00000239ab901ce0 flushing  nmethod 0x00000239948b5008
Event: 2.770 Thread 0x00000239ab901ce0 flushing  nmethod 0x00000239948b6888
Event: 2.770 Thread 0x00000239ab901ce0 flushing  nmethod 0x0000023994953f88
Event: 2.770 Thread 0x00000239ab901ce0 flushing  nmethod 0x00000239949ac588
Event: 2.770 Thread 0x00000239ab901ce0 flushing  nmethod 0x00000239949ac888
Event: 2.770 Thread 0x00000239ab901ce0 flushing  nmethod 0x00000239949ace08
Event: 2.770 Thread 0x00000239ab901ce0 flushing osr nmethod 0x0000023994a9c488

Events (20 events):
Event: 2.264 Thread 0x00000239b34ca0c0 Thread added: 0x00000239b1155d60
Event: 2.267 Thread 0x000002398beaefd0 Thread added: 0x00000239b09f7c50
Event: 2.695 Thread 0x000002398beaefd0 Thread added: 0x00000239b09f2e30
Event: 2.885 Thread 0x000002398beaefd0 Thread added: 0x00000239b09f3600
Event: 2.885 Thread 0x000002398beaefd0 Thread added: 0x00000239b09f93c0
Event: 2.885 Thread 0x000002398beaefd0 Thread added: 0x00000239b33b8960
Event: 2.885 Thread 0x000002398beaefd0 Thread added: 0x00000239b33b9130
Event: 2.885 Thread 0x000002398beaefd0 Thread added: 0x00000239b33b9900
Event: 2.885 Thread 0x000002398beaefd0 Thread added: 0x00000239b33b6a20
Event: 2.885 Thread 0x000002398beaefd0 Thread added: 0x00000239b33ba0d0
Event: 2.885 Thread 0x000002398beaefd0 Thread added: 0x00000239b33ba8a0
Event: 2.885 Thread 0x000002398beaefd0 Thread added: 0x00000239b33bb070
Event: 2.885 Thread 0x000002398beaefd0 Thread added: 0x00000239b33bc7e0
Event: 2.893 Thread 0x000002398beaefd0 Thread added: 0x00000239b1613330
Event: 2.894 Thread 0x000002398beaefd0 Thread added: 0x00000239b16142d0
Event: 2.911 Thread 0x000002398beaefd0 Thread exited: 0x000002398beaefd0
Event: 2.911 Thread 0x00000239b16171b0 Thread added: 0x00000239b16171b0
Event: 7.911 Thread 0x00000239ab929250 Thread exited: 0x00000239ab929250
Event: 8.160 Thread 0x00000239ab92eb00 Thread exited: 0x00000239ab92eb00
Event: 15.197 Thread 0x00000239ab928230 Thread added: 0x00000239b2be51f0


Dynamic libraries:
0x00007ff697a50000 - 0x00007ff697a60000 	C:\Program Files\Java\jdk-25.0.2\bin\java.exe
0x00007ffa8dfd0000 - 0x00007ffa8e1c8000 	C:\WINDOWS\SYSTEM32\ntdll.dll
0x00007ffa8bff0000 - 0x00007ffa8c0b2000 	C:\WINDOWS\System32\KERNEL32.DLL
0x00007ffa8b7e0000 - 0x00007ffa8bad6000 	C:\WINDOWS\System32\KERNELBASE.dll
0x00007ffa8b660000 - 0x00007ffa8b760000 	C:\WINDOWS\System32\ucrtbase.dll
0x00007ffa864a0000 - 0x00007ffa864b7000 	C:\Program Files\Java\jdk-25.0.2\bin\jli.dll
0x00007ffa86480000 - 0x00007ffa8649e000 	C:\Program Files\Java\jdk-25.0.2\bin\VCRUNTIME140.dll
0x00007ffa8cd30000 - 0x00007ffa8ced1000 	C:\WINDOWS\System32\USER32.dll
0x00007ffa8bb70000 - 0x00007ffa8bb92000 	C:\WINDOWS\System32\win32u.dll
0x00007ffa8aa00000 - 0x00007ffa8ac9b000 	C:\WINDOWS\WinSxS\amd64_microsoft.windows.common-controls_6595b64144ccf1df_6.0.19041.6456_none_60b8a6cb71f64256\COMCTL32.dll
0x00007ffa8c4e0000 - 0x00007ffa8c50b000 	C:\WINDOWS\System32\GDI32.dll
0x00007ffa8d1e0000 - 0x00007ffa8d27e000 	C:\WINDOWS\System32\msvcrt.dll
0x00007ffa8be30000 - 0x00007ffa8bf49000 	C:\WINDOWS\System32\gdi32full.dll
0x00007ffa8bf50000 - 0x00007ffa8bfed000 	C:\WINDOWS\System32\msvcp_win.dll
0x00007ffa8cbd0000 - 0x00007ffa8cbff000 	C:\WINDOWS\System32\IMM32.DLL
0x00007ffa82730000 - 0x00007ffa8273c000 	C:\Program Files\Java\jdk-25.0.2\bin\vcruntime140_1.dll
0x00007ffa68e50000 - 0x00007ffa68edd000 	C:\Program Files\Java\jdk-25.0.2\bin\msvcp140.dll
0x00007ffa3f6e0000 - 0x00007ffa4053f000 	C:\Program Files\Java\jdk-25.0.2\bin\server\jvm.dll
0x00007ffa8c380000 - 0x00007ffa8c431000 	C:\WINDOWS\System32\ADVAPI32.dll
0x00007ffa8c440000 - 0x00007ffa8c4df000 	C:\WINDOWS\System32\sechost.dll
0x00007ffa8c120000 - 0x00007ffa8c240000 	C:\WINDOWS\System32\RPCRT4.dll
0x00007ffa8bbf0000 - 0x00007ffa8bc17000 	C:\WINDOWS\System32\bcrypt.dll
0x00007ffa8cfb0000 - 0x00007ffa8d01b000 	C:\WINDOWS\System32\WS2_32.dll
0x00007ffa8b1d0000 - 0x00007ffa8b21b000 	C:\WINDOWS\SYSTEM32\POWRPROF.dll
0x00007ffa7f0a0000 - 0x00007ffa7f0c7000 	C:\WINDOWS\SYSTEM32\WINMM.dll
0x00007ffa886f0000 - 0x00007ffa886fa000 	C:\WINDOWS\SYSTEM32\VERSION.dll
0x00007ffa8ad90000 - 0x00007ffa8ada2000 	C:\WINDOWS\SYSTEM32\UMPDC.dll
0x00007ffa89660000 - 0x00007ffa89672000 	C:\WINDOWS\SYSTEM32\kernel.appcore.dll
0x00007ffa739c0000 - 0x00007ffa739ca000 	C:\Program Files\Java\jdk-25.0.2\bin\jimage.dll
0x00007ffa8afc0000 - 0x00007ffa8b1c1000 	C:\WINDOWS\SYSTEM32\DBGHELP.DLL
0x00007ffa8af80000 - 0x00007ffa8afb4000 	C:\WINDOWS\SYSTEM32\dbgcore.DLL
0x00007ffa8bae0000 - 0x00007ffa8bb62000 	C:\WINDOWS\System32\bcryptPrimitives.dll
0x00007ffa739b0000 - 0x00007ffa739c0000 	C:\Program Files\Java\jdk-25.0.2\bin\instrument.dll
0x00007ffa72720000 - 0x00007ffa7273f000 	C:\Program Files\Java\jdk-25.0.2\bin\java.dll
0x00007ffa8c630000 - 0x00007ffa8c75b000 	C:\WINDOWS\System32\ole32.dll
0x00007ffa8dc30000 - 0x00007ffa8df84000 	C:\WINDOWS\System32\combase.dll
0x00007ffa8d2b0000 - 0x00007ffa8da20000 	C:\WINDOWS\System32\SHELL32.dll
0x00007ffa888c0000 - 0x00007ffa89065000 	C:\WINDOWS\SYSTEM32\windows.storage.dll
0x00007ffa8a880000 - 0x00007ffa8a8ab000 	C:\WINDOWS\SYSTEM32\Wldp.dll
0x00007ffa8cee0000 - 0x00007ffa8cfad000 	C:\WINDOWS\System32\OLEAUT32.dll
0x00007ffa8c580000 - 0x00007ffa8c62d000 	C:\WINDOWS\System32\SHCORE.dll
0x00007ffa8da20000 - 0x00007ffa8da7b000 	C:\WINDOWS\System32\shlwapi.dll
0x00007ffa8b590000 - 0x00007ffa8b5b4000 	C:\WINDOWS\SYSTEM32\profapi.dll
0x00007ffa704b0000 - 0x00007ffa704c7000 	C:\Program Files\Java\jdk-25.0.2\bin\zip.dll
0x00007ffa70650000 - 0x00007ffa70662000 	C:\Program Files\Java\jdk-25.0.2\bin\net.dll
0x00007ffa8a660000 - 0x00007ffa8a6ca000 	C:\WINDOWS\system32\mswsock.dll
0x00007ffa704d0000 - 0x00007ffa704e6000 	C:\Program Files\Java\jdk-25.0.2\bin\nio.dll
0x00007ffa72680000 - 0x00007ffa72689000 	C:\Program Files\Java\jdk-25.0.2\bin\extnet.dll
0x00007ffa8a360000 - 0x00007ffa8a39b000 	C:\WINDOWS\SYSTEM32\IPHLPAPI.DLL
0x00007ffa8c570000 - 0x00007ffa8c578000 	C:\WINDOWS\System32\NSI.dll
0x00007ffa8a3a0000 - 0x00007ffa8a46a000 	C:\WINDOWS\SYSTEM32\DNSAPI.dll
0x0000000000a30000 - 0x0000000000a56000 	C:\Program Files\Bonjour\mdnsNSP.dll
0x00007ffa84ee0000 - 0x00007ffa84eea000 	C:\Windows\System32\rasadhlp.dll
0x00007ffa7fc50000 - 0x00007ffa7fcd0000 	C:\WINDOWS\System32\fwpuclnt.dll
0x00007ffa72140000 - 0x00007ffa7214e000 	C:\Program Files\Java\jdk-25.0.2\bin\sunmscapi.dll
0x00007ffa8bcd0000 - 0x00007ffa8be2d000 	C:\WINDOWS\System32\CRYPT32.dll
0x00007ffa8a9d0000 - 0x00007ffa8a9f7000 	C:\WINDOWS\SYSTEM32\ncrypt.dll
0x00007ffa8a990000 - 0x00007ffa8a9cb000 	C:\WINDOWS\SYSTEM32\NTASN1.dll
0x00007ffa8b3d0000 - 0x00007ffa8b3e8000 	C:\WINDOWS\SYSTEM32\CRYPTSP.dll
0x00007ffa8a000000 - 0x00007ffa8a038000 	C:\WINDOWS\system32\rsaenh.dll
0x00007ffa8b550000 - 0x00007ffa8b57e000 	C:\WINDOWS\SYSTEM32\USERENV.dll
0x00007ffa8a7f0000 - 0x00007ffa8a7fc000 	C:\WINDOWS\SYSTEM32\CRYPTBASE.dll
0x00007ffa71c30000 - 0x00007ffa71c3a000 	C:\Program Files\Java\jdk-25.0.2\bin\management.dll
0x00007ffa70620000 - 0x00007ffa7062c000 	C:\Program Files\Java\jdk-25.0.2\bin\management_ext.dll
0x00007ffa8d280000 - 0x00007ffa8d288000 	C:\WINDOWS\System32\PSAPI.DLL
0x00007ffa82720000 - 0x00007ffa82727000 	C:\WINDOWS\system32\wshunix.dll

JVMTI agents:
C:\Program Files\JetBrains\IntelliJ IDEA Community Edition 2025.1.1.1\lib\idea_rt.jar path:C:\Program Files\Java\jdk-25.0.2\bin\instrument.dll, loaded, initialized, instrumentlib options:50372

dbghelp: loaded successfully - version: 4.0.5 - missing functions: none
symbol engine: initialized successfully - sym options: 0x614 - pdb path: .;C:\Program Files\Java\jdk-25.0.2\bin;C:\WINDOWS\SYSTEM32;C:\WINDOWS\WinSxS\amd64_microsoft.windows.common-controls_6595b64144ccf1df_6.0.19041.6456_none_60b8a6cb71f64256;C:\Program Files\Java\jdk-25.0.2\bin\server;C:\Program Files\Bonjour

VM Arguments:
jvm_args: -javaagent:C:\Program Files\JetBrains\IntelliJ IDEA Community Edition 2025.1.1.1\lib\idea_rt.jar=50372 -Dfile.encoding=UTF-8 -Dsun.stdout.encoding=UTF-8 -Dsun.stderr.encoding=UTF-8 
java_command: com.duoc.config_server.ConfigServerApplication
java_class_path (initial): C:\Users\jorge\OneDrive\Desktop\Backend III\config-server\target\classes;C:\Users\jorge\.m2\repository\org\springframework\boot\spring-boot-starter-webmvc\4.1.1\spring-boot-starter-webmvc-4.1.1.jar;C:\Users\jorge\.m2\repository\org\springframework\boot\spring-boot-starter\4.1.1\spring-boot-starter-4.1.1.jar;C:\Users\jorge\.m2\repository\org\springframework\boot\spring-boot-starter-logging\4.1.1\spring-boot-starter-logging-4.1.1.jar;C:\Users\jorge\.m2\repository\ch\qos\logback\logback-classic\1.5.38\logback-classic-1.5.38.jar;C:\Users\jorge\.m2\repository\ch\qos\logback\logback-core\1.5.38\logback-core-1.5.38.jar;C:\Users\jorge\.m2\repository\org\apache\logging\log4j\log4j-to-slf4j\2.25.5\log4j-to-slf4j-2.25.5.jar;C:\Users\jorge\.m2\repository\org\apache\logging\log4j\log4j-api\2.25.5\log4j-api-2.25.5.jar;C:\Users\jorge\.m2\repository\org\slf4j\jul-to-slf4j\2.0.18\jul-to-slf4j-2.0.18.jar;C:\Users\jorge\.m2\repository\org\springframework\boot\spring-boot-autoconfigure\4.1.1\spring-boot-autoconfigure-4.1.1.jar;C:\Users\jorge\.m2\repository\jakarta\annotation\jakarta.annotation-api\3.0.0\jakarta.annotation-api-3.0.0.jar;C:\Users\jorge\.m2\repository\org\springframework\boot\spring-boot-starter-jackson\4.1.1\spring-boot-starter-jackson-4.1.1.jar;C:\Users\jorge\.m2\repository\org\springframework\boot\spring-boot-jackson\4.1.1\spring-boot-jackson-4.1.1.jar;C:\Users\jorge\.m2\repository\org\springframework\boot\spring-boot-starter-tomcat\4.1.1\spring-boot-starter-tomcat-4.1.1.jar;C:\Users\jorge\.m2\repository\org\springframework\boot\spring-boot-starter-tomcat-runtime\4.1.1\spring-boot-starter-tomcat-runtime-4.1.1.jar;C:\Users\jorge\.m2\repository\org\apache\tomcat\embed\tomcat-embed-core\11.0.24\tomcat-embed-core-11.0.24.jar;C:\Users\jorge\.m2\repository\org\apache\tomcat\embed\tomcat-embed-el\11.0.24\tomcat-embed-el-11.0.24.jar;C:\Users\jorge\.m2\repository\org\apache\tomcat\embed\tomcat-embed-websocket\11.0.24\tomcat-embed-websocket-11.0.24.jar;C:\Users\jorge\.m2\repository\org\springframework\boot\spring-boot-tomcat\4.1.1\spring-boot-tomcat-4.1.1.jar;C:\Users\jorge\.m2\repository\org\springframework\boot\spring-boot-http-converter\4.1.1\spring-boot-http-converter-4.1.1.jar;C:\Users\jorge\.m2\repository\org\springframework\boot\spring-boot\4.1.1\spring-boot-4.1.1.jar;C:\Users\jorge\.m2\repository\org\springframework\spring-context\7.0.9\spring-context-7.0.9.jar;C:\Users\jorge\.m2\repository\org\springframework\spring-web\7.0.9\spring-web-7.0.9.jar;C:\Users\jorge\.m2\repository\org\springframework\spring-beans\7.0.9\spring-beans-7.0.9.jar;C:\Users\jorge\.m2\repository\org\springframework\boot\spring-boot-webmvc\4.1.1\spring-boot-webmvc-4.1.1.jar;C:\Users\jorge\.m2\repository\org\springframework\boot\spring-boot-servlet\4.1.1\spring-boot-servlet-4.1.1.jar;C:\Users\jorge\.m2\repository\org\springframework\spring-webmvc\7.0.9\spring-webmvc-7.0.9.jar;C:\Users\jorge\.m2\repository\org\springframework\spring-aop\7.0.9\spring-aop-7.0.9.jar;C:\Users\jorge\.m2\repository\org\springframework\spring-expression\7.0.9\spring-expression-7.0.9.jar;C:\Users\jorge\.m2\repository\org\springframework\cloud\spring-cloud-config-server\5.0.5\spring-cloud-config-server-5.0.5.jar;C:\Users\jorge\.m2\repository\org\springframework\cloud\spring-cloud-config-client\5.0.5\spring-cloud-config-client-5.0.5.jar;C:\Users\jorge\.m2\repository\org\springframework\cloud\spring-cloud-starter\5.0.3\spring-cloud-starter-5.0.3.jar;C:\Users\jorge\.m2\repository\org\springframework\cloud\spring-cloud-context\5.0.3\spring-cloud-context-5.0.3.jar;C:\Users\jorge\.m2\repository\org\springframework\cloud\spring-cloud-commons\5.0.3\spring-cloud-commons-5.0.3.jar;C:\Users\jorge\.m2\repository\org\bouncycastle\bcprov-jdk18on\1.85.2\bcprov-jdk18on-1.85.2.jar;C:\Users\jorge\.m2\repository\com\fasterxml\jackson\core\jackson-annotations\2.21\jackson-annotations-2.21.jar;C:\Users\jorge\.m2\repository\tools\jackson\core\jackson-databind\3.1.5\jackson-databind-3.1.5.jar;C:\Users\jorge\.m2\repository\io\micrometer\micrometer-observation\1.17.1\micrometer-observation-1.17.1.jar;C:\Users\jorge\.m2\repository\org\jspecify\jspecify\1.0.1\jspecify-1.0.1.jar;C:\Users\jorge\.m2\repository\io\micrometer\micrometer-commons\1.17.1\micrometer-commons-1.17.1.jar;C:\Users\jorge\.m2\repository\org\springframework\boot\spring-boot-starter-web\4.1.1\spring-boot-starter-web-4.1.1.jar;C:\Users\jorge\.m2\repository\org\springframework\boot\spring-boot-starter-validation\4.1.1\spring-boot-starter-validation-4.1.1.jar;C:\Users\jorge\.m2\repository\org\springframework\boot\spring-boot-validation\4.1.1\spring-boot-validation-4.1.1.jar;C:\Users\jorge\.m2\repository\org\hibernate\validator\hibernate-validator\9.1.3.Final\hibernate-validator-9.1.3.Final.jar;C:\Users\jorge\.m2\repository\jakarta\validation\jakarta.validation-api\3.1.1\jakarta.validation-api-3.1.1.jar;C:\Users\jorge\.m2\repository\org\jboss\logging\jboss-logging\3.6.3.Final\jboss-logging-3.6.3.Final.jar;C:\Users\jorge\.m2\repository\com\fasterxml\classmate\1.7.3\classmate-1.7.3.jar;C:\Users\jorge\.m2\repository\org\springframework\security\spring-security-crypto\7.1.1\spring-security-crypto-7.1.1.jar;C:\Users\jorge\.m2\repository\org\apache\httpcomponents\client5\httpclient5\5.6.4\httpclient5-5.6.4.jar;C:\Users\jorge\.m2\repository\org\apache\httpcomponents\core5\httpcore5\5.4.3\httpcore5-5.4.3.jar;C:\Users\jorge\.m2\repository\org\apache\httpcomponents\core5\httpcore5-h2\5.4.3\httpcore5-h2-5.4.3.jar;C:\Users\jorge\.m2\repository\org\slf4j\slf4j-api\2.0.18\slf4j-api-2.0.18.jar;C:\Users\jorge\.m2\repository\org\eclipse\jgit\org.eclipse.jgit\7.4.0.202509020913-r\org.eclipse.jgit-7.4.0.202509020913-r.jar;C:\Users\jorge\.m2\repository\com\googlecode\javaewah\JavaEWAH\1.2.3\JavaEWAH-1.2.3.jar;C:\Users\jorge\.m2\repository\commons-codec\commons-codec\1.21.0\commons-codec-1.21.0.jar;C:\Users\jorge\.m2\repository\org\eclipse\jgit\org.eclipse.jgit.http.apache\7.4.0.202509020913-r\org.eclipse.jgit.http.apache-7.4.0.202509020913-r.jar;C:\Users\jorge\.m2\repository\org\apache\httpcomponents\httpclient\4.5.14\httpclient-4.5.14.jar;C:\Users\jorge\.m2\repository\commons-logging\commons-logging\1.3.6\commons-logging-1.3.6.jar;C:\Users\jorge\.m2\repository\org\apache\httpcomponents\httpcore\4.4.16\httpcore-4.4.16.jar;C:\Users\jorge\.m2\repository\org\eclipse\jgit\org.eclipse.jgit.ssh.apache\7.4.0.202509020913-r\org.eclipse.jgit.ssh.apache-7.4.0.202509020913-r.jar;C:\Users\jorge\.m2\repository\org\apache\sshd\sshd-osgi\2.16.0\sshd-osgi-2.16.0.jar;C:\Users\jorge\.m2\repository\org\slf4j\jcl-over-slf4j\2.0.18\jcl-over-slf4j-2.0.18.jar;C:\Users\jorge\.m2\repository\org\apache\sshd\sshd-sftp\2.16.0\sshd-sftp-2.16.0.jar;C:\Users\jorge\.m2\repository\org\yaml\snakeyaml\2.6\snakeyaml-2.6.jar;C:\Users\jorge\.m2\repository\tools\jackson\dataformat\jackson-dataformat-yaml\3.1.5\jackson-dataformat-yaml-3.1.5.jar;C:\Users\jorge\.m2\repository\tools\jackson\core\jackson-core\3.1.5\jackson-core-3.1.5.jar;C:\Users\jorge\.m2\repository\org\snakeyaml\snakeyaml-engine\3.0.1\snakeyaml-engine-3.0.1.jar;C:\Users\jorge\.m2\repository\org\springframework\spring-core\7.0.9\spring-core-7.0.9.jar;C:\Users\jorge\.m2\repository\org\springframework\boot\spring-boot-web-server\4.1.1\spring-boot-web-server-4.1.1.jar
Launcher Type: SUN_STANDARD

[Global flags]
     intx CICompilerCount                          = 4                                         {product} {ergonomic}
     uint ConcGCThreads                            = 3                                         {product} {ergonomic}
     uint G1ConcRefinementThreads                  = 10                                        {product} {ergonomic}
   size_t G1HeapRegionSize                         = 2097152                                   {product} {ergonomic}
   size_t InitialHeapSize                          = 268435456                                 {product} {ergonomic}
   size_t MarkStackSize                            = 4194304                                   {product} {ergonomic}
   size_t MarkStackSizeMax                         = 536870912                                 {product} {ergonomic}
   size_t MaxHeapSize                              = 4276092928                                {product} {ergonomic}
   size_t MaxNewSize                               = 2564816896                                {product} {ergonomic}
   size_t MinHeapDeltaBytes                        = 2097152                                   {product} {ergonomic}
   size_t MinHeapSize                              = 8388608                                   {product} {ergonomic}
    uintx NonNMethodCodeHeapSize                   = 5832704                                {pd product} {ergonomic}
    uintx NonProfiledCodeHeapSize                  = 122945536                              {pd product} {ergonomic}
    uintx ProfiledCodeHeapSize                     = 122880000                              {pd product} {ergonomic}
    uintx ReservedCodeCacheSize                    = 251658240                              {pd product} {ergonomic}
     bool SegmentedCodeCache                       = true                                      {product} {ergonomic}
   size_t SoftMaxHeapSize                          = 4276092928                             {manageable} {ergonomic}
     bool UseCompressedOops                        = true                           {product lp64_product} {ergonomic}
     bool UseG1GC                                  = true                                      {product} {ergonomic}
     bool UseLargePagesIndividualAllocation        = false                                  {pd product} {ergonomic}

Logging:
Log output configuration:
 #0: stdout all=warning uptime,level,tags foldmultilines=false
 #1: stderr all=off uptime,level,tags foldmultilines=false

Release file:
IMPLEMENTOR="Oracle Corporation" 
JAVA_RUNTIME_VERSION="25.0.2+10-LTS-69" 
JAVA_VERSION="25.0.2" 
JAVA_VERSION_DATE="2026-01-20" 
LIBC="default" 
MODULES="java.base java.compiler java.datatransfer java.xml java.prefs java.desktop java.instrument java.logging java.management java.security.sasl java.naming java.rmi java.management.rmi java.net.http java.scripting java.security.jgss java.transaction.xa java.sql java.sql.rowset java.xml.crypto java.se java.smartcardio jdk.accessibility jdk.internal.jvmstat jdk.attach jdk.charsets jdk.internal.opt jdk.zipfs jdk.compiler jdk.crypto.cryptoki jdk.crypto.ec jdk.crypto.mscapi jdk.dynalink jdk.internal.ed jdk.editpad jdk.internal.vm.ci jdk.graal.compiler jdk.graal.compiler.management jdk.hotspot.agent jdk.httpserver jdk.incubator.vector jdk.internal.le jdk.internal.md jdk.jartool jdk.javadoc jdk.jcmd jdk.management jdk.management.agent jdk.jconsole jdk.jdeps jdk.jdwp.agent jdk.jdi jdk.jfr jdk.jlink jdk.jpackage jdk.jshell jdk.jsobject jdk.jstatd jdk.localedata jdk.management.jfr jdk.naming.dns jdk.naming.rmi jdk.net jdk.nio.mapmode jdk.sctp jdk.security.auth jdk.security.jgss jdk.unsupported jdk.unsupported.desktop jdk.xml.dom" 
OS_ARCH="x86_64" 
OS_NAME="Windows" 
SOURCE=".:git:b75efb40c93a open:git:405a5699ebd0" 

Environment Variables:
JAVA_HOME=C:\Program Files\Microsoft\jdk-21.0.10.7-hotspot\
PATH=C:\Program Files\Microsoft\jdk-21.0.10.7-hotspot\bin;C:\Program Files\Common Files\Oracle\Java\javapath;C:\app\jorge\product\21c\dbhomeXE\bin;C:\WINDOWS\system32;C:\WINDOWS;C:\WINDOWS\System32\Wbem;C:\WINDOWS\System32\WindowsPowerShell\v1.0\;C:\WINDOWS\System32\OpenSSH\;C:\Program Files\NVIDIA Corporation\NVIDIA App\NvDLISR;C:\Program Files (x86)\NVIDIA Corporation\PhysX\Common;C:\Program Files\nodejs\;C:\Program Files\Docker\Docker\resources\bin;C:\Program Files\Git\cmd;C:\Program Files\dotnet\;C:\Program Files\Amazon\AWSCLIV2\;C:\Program Files\Amazon\AWSSAMCLI\bin\;C:\Users\jorge\scoop\apps\maven\current\bin;C:\Users\jorge\scoop\shims;C:\Program Files\MySQL\MySQL Shell 8.0\bin\;C:\Users\jorge\AppData\Local\Programs\Python\Launcher\;C:\Users\jorge\AppData\Local\Microsoft\WindowsApps;C:\Users\jorge\AppData\Local\Programs\Microsoft VS Code\bin;C:\Program Files\JetBrains\PyCharm Community Edition 2025.1.1.1\bin;;C:\Users\jorge\AppData\Roaming\npm;C:\Users\jorge\.dotnet\tools;C:\Program Files\PostgreSQL\17\bin;C:\terraform;
USERNAME=jorge
OS=Windows_NT
PROCESSOR_IDENTIFIER=Intel64 Family 6 Model 165 Stepping 5, GenuineIntel
TMP=C:\Users\jorge\AppData\Local\Temp
TEMP=C:\Users\jorge\AppData\Local\Temp




Compilation memory statistics disabled.

Periodic native trim disabled

---------------  S Y S T E M  ---------------

OS:
 Windows 10 , 64 bit Build 19041 (10.0.19041.5915)
OS uptime: 0 days 22:14 hours
Hyper-V role detected

CPU: total 12 (initial active 12) (6 cores per cpu, 2 threads per core) family 6 model 165 stepping 5 microcode 0xca, cx8, cmov, fxsr, ht, mmx, 3dnowpref, sse, sse2, sse3, ssse3, sse4.1, sse4.2, popcnt, lzcnt, tsc, tscinvbit, avx, avx2, aes, erms, clmul, bmi1, bmi2, adx, fma, vzeroupper, clflush, clflushopt, hv, rdtscp, f16c
Processor Information for the first 12 processors :
  Max Mhz: 4104, Current Mhz: 3803, Mhz Limit: 4104

Memory: 4k page, system-wide physical 16310M (4337M free)
TotalPageFile size 29110M (AvailPageFile size 8057M)
current process WorkingSet (physical memory assigned to process): 214M, peak: 225M
current process commit charge ("private bytes"): 256M, peak: 420M

vm_info: Java HotSpot(TM) 64-Bit Server VM (25.0.2+10-LTS-69) for windows-amd64 JRE (25.0.2+10-LTS-69), built on 2025-12-18T11:36:35Z with MS VC++ 17.13 (VS2022)

END.
