#
# A fatal error has been detected by the Java Runtime Environment:
#
#  Internal Error (opto/loopnode.hpp:1115), pid=2080, tid=11728
#  Error: guarantee(d->_idx < _idom_size) failed
#
# JRE version: OpenJDK Runtime Environment Microsoft-13106358 (17.0.18+8) (build 17.0.18+8-LTS)
# Java VM: OpenJDK 64-Bit Server VM Microsoft-13106358 (17.0.18+8-LTS, mixed mode, sharing, tiered, compressed oops, compressed class ptrs, g1 gc, windows-amd64)
# No core dump will be written. Minidumps are not enabled by default on client versions of Windows
#
# If you would like to submit a bug report, please visit:
#   https://github.com/microsoft/openjdk/issues
#

---------------  S U M M A R Y ------------

Command Line: -javaagent:C:\Program Files\JetBrains\IntelliJ IDEA Community Edition 2025.1.1.1\lib\idea_rt.jar=62674 -Dfile.encoding=UTF-8 com.duoc.banco_central_xyz.BancoCentralXyzApplication

Host: Intel(R) Core(TM) i5-10600K CPU @ 4.10GHz, 12 cores, 15G,  Windows 10 , 64 bit Build 19041 (10.0.19041.5915)
Time: Sat Sep 19 18:24:28 2026 Hora verano Sudamérica Pacífico elapsed time: 3.816119 seconds (0d 0h 0m 3s)

---------------  T H R E A D  ---------------

Current thread (0x000002f497f702c0):  JavaThread "C2 CompilerThread2" daemon [_thread_in_native, id=11728, stack(0x000000fbdad00000,0x000000fbdae00000)]


Current CompileTask:
C2:3816 4827       4       org.springframework.beans.factory.support.AbstractBeanFactory::isTypeMatch (776 bytes)

Stack: [0x000000fbdad00000,0x000000fbdae00000]
Native frames: (J=compiled Java code, j=interpreted, Vv=VM code, C=native code)
V  [jvm.dll+0x68c879]  (no source info available)
V  [jvm.dll+0x845979]  (no source info available)
V  [jvm.dll+0x8476e8]  (no source info available)
V  [jvm.dll+0x847d27]  (no source info available)
V  [jvm.dll+0x24ce9a]  (no source info available)
V  [jvm.dll+0x59bf03]  (no source info available)
V  [jvm.dll+0x59a065]  (no source info available)
V  [jvm.dll+0x595cd1]  (no source info available)
V  [jvm.dll+0x595a65]  (no source info available)
V  [jvm.dll+0x594cb8]  (no source info available)
V  [jvm.dll+0x226d84]  (no source info available)
V  [jvm.dll+0x22718d]  (no source info available)
V  [jvm.dll+0x220193]  (no source info available)
V  [jvm.dll+0x21d260]  (no source info available)
V  [jvm.dll+0x1a8ce6]  (no source info available)
V  [jvm.dll+0x22db1b]  (no source info available)
V  [jvm.dll+0x22bca6]  (no source info available)
V  [jvm.dll+0x7fbabb]  (no source info available)
V  [jvm.dll+0x7f5ebc]  (no source info available)
V  [jvm.dll+0x68de17]  (no source info available)
C  [ucrtbase.dll+0x21bb2]  (no source info available)
C  [KERNEL32.DLL+0x17374]  (no source info available)
C  [ntdll.dll+0x4cc91]  (no source info available)


---------------  P R O C E S S  ---------------

Threads class SMR info:
_java_thread_list=0x000002f4986098c0, length=19, elements={
0x000002f42c986dc0, 0x000002f491009b80, 0x000002f49100a6b0, 0x000002f49101ce40,
0x000002f49101e920, 0x000002f491021200, 0x000002f491021ad0, 0x000002f49102dc90,
0x000002f491030270, 0x000002f4910327a0, 0x000002f44fc40e10, 0x000002f4918977d0,
0x000002f4916a75b0, 0x000002f4969d2350, 0x000002f49686b050, 0x000002f497f702c0,
0x000002f4978351a0, 0x000002f49617b2a0, 0x000002f44fc3d7e0
}

Java Threads: ( => current thread )
  0x000002f42c986dc0 JavaThread "main" [_thread_in_native, id=6712, stack(0x000000fbd8a00000,0x000000fbd8b00000)]
  0x000002f491009b80 JavaThread "Reference Handler" daemon [_thread_blocked, id=10280, stack(0x000000fbd9100000,0x000000fbd9200000)]
  0x000002f49100a6b0 JavaThread "Finalizer" daemon [_thread_blocked, id=1356, stack(0x000000fbd9200000,0x000000fbd9300000)]
  0x000002f49101ce40 JavaThread "Signal Dispatcher" daemon [_thread_blocked, id=10204, stack(0x000000fbd9300000,0x000000fbd9400000)]
  0x000002f49101e920 JavaThread "Attach Listener" daemon [_thread_blocked, id=4228, stack(0x000000fbd9400000,0x000000fbd9500000)]
  0x000002f491021200 JavaThread "Service Thread" daemon [_thread_blocked, id=14288, stack(0x000000fbd9500000,0x000000fbd9600000)]
  0x000002f491021ad0 JavaThread "Monitor Deflation Thread" daemon [_thread_blocked, id=18024, stack(0x000000fbd9600000,0x000000fbd9700000)]
  0x000002f49102dc90 JavaThread "C2 CompilerThread0" daemon [_thread_in_native, id=3932, stack(0x000000fbd9700000,0x000000fbd9800000)]
  0x000002f491030270 JavaThread "C1 CompilerThread0" daemon [_thread_blocked, id=17060, stack(0x000000fbd9800000,0x000000fbd9900000)]
  0x000002f4910327a0 JavaThread "Sweeper thread" daemon [_thread_blocked, id=9428, stack(0x000000fbd9900000,0x000000fbd9a00000)]
  0x000002f44fc40e10 JavaThread "Common-Cleaner" daemon [_thread_blocked, id=17636, stack(0x000000fbd9a00000,0x000000fbd9b00000)]
  0x000002f4918977d0 JavaThread "Monitor Ctrl-Break" daemon [_thread_in_native, id=18152, stack(0x000000fbd9c00000,0x000000fbd9d00000)]
  0x000002f4916a75b0 JavaThread "Notification Thread" daemon [_thread_blocked, id=6424, stack(0x000000fbd9d00000,0x000000fbd9e00000)]
  0x000002f4969d2350 JavaThread "Keep-Alive-Timer" daemon [_thread_blocked, id=18180, stack(0x000000fbda800000,0x000000fbda900000)]
  0x000002f49686b050 JavaThread "C2 CompilerThread1" daemon [_thread_in_native, id=6920, stack(0x000000fbdac00000,0x000000fbdad00000)]
=>0x000002f497f702c0 JavaThread "C2 CompilerThread2" daemon [_thread_in_native, id=11728, stack(0x000000fbdad00000,0x000000fbdae00000)]
  0x000002f4978351a0 JavaThread "Catalina-utility-1" [_thread_blocked, id=3968, stack(0x000000fbda900000,0x000000fbdaa00000)]
  0x000002f49617b2a0 JavaThread "Catalina-utility-2" [_thread_blocked, id=1580, stack(0x000000fbdae00000,0x000000fbdaf00000)]
  0x000002f44fc3d7e0 JavaThread "container-0" [_thread_blocked, id=2604, stack(0x000000fbdaf00000,0x000000fbdb000000)]

Other Threads:
  0x000002f44fc4e1c0 VMThread "VM Thread" [stack: 0x000000fbd9000000,0x000000fbd9100000] [id=18936]
  0x000002f4918600e0 WatcherThread [stack: 0x000000fbd9e00000,0x000000fbd9f00000] [id=5140]
  0x000002f42c9f34f0 GCTaskThread "GC Thread#0" [stack: 0x000000fbd8b00000,0x000000fbd8c00000] [id=2120]
  0x000002f496bc8a60 GCTaskThread "GC Thread#1" [stack: 0x000000fbda000000,0x000000fbda100000] [id=17132]
  0x000002f4964ef270 GCTaskThread "GC Thread#2" [stack: 0x000000fbda100000,0x000000fbda200000] [id=5876]
  0x000002f4966ef3e0 GCTaskThread "GC Thread#3" [stack: 0x000000fbda200000,0x000000fbda300000] [id=2284]
  0x000002f4966ef6b0 GCTaskThread "GC Thread#4" [stack: 0x000000fbda300000,0x000000fbda400000] [id=19092]
  0x000002f49665ee90 GCTaskThread "GC Thread#5" [stack: 0x000000fbda400000,0x000000fbda500000] [id=18892]
  0x000002f4961678c0 GCTaskThread "GC Thread#6" [stack: 0x000000fbda500000,0x000000fbda600000] [id=18960]
  0x000002f496167b90 GCTaskThread "GC Thread#7" [stack: 0x000000fbda600000,0x000000fbda700000] [id=18768]
  0x000002f496167320 GCTaskThread "GC Thread#8" [stack: 0x000000fbd9b00000,0x000000fbd9c00000] [id=12572]
  0x000002f496168130 GCTaskThread "GC Thread#9" [stack: 0x000000fbd9f00000,0x000000fbda000000] [id=5548]
  0x000002f42ca04320 ConcurrentGCThread "G1 Main Marker" [stack: 0x000000fbd8c00000,0x000000fbd8d00000] [id=7552]
  0x000002f42ca04d40 ConcurrentGCThread "G1 Conc#0" [stack: 0x000000fbd8d00000,0x000000fbd8e00000] [id=17000]
  0x000002f496166d80 ConcurrentGCThread "G1 Conc#1" [stack: 0x000000fbdaa00000,0x000000fbdab00000] [id=12320]
  0x000002f496166510 ConcurrentGCThread "G1 Conc#2" [stack: 0x000000fbdab00000,0x000000fbdac00000] [id=18088]
  0x000002f42ca2e420 ConcurrentGCThread "G1 Refine#0" [stack: 0x000000fbd8e00000,0x000000fbd8f00000] [id=2720]
  0x000002f44fb0e5a0 ConcurrentGCThread "G1 Service" [stack: 0x000000fbd8f00000,0x000000fbd9000000] [id=18600]

Threads with active compile tasks:
C2 CompilerThread0  3830 4788       4       org.springframework.core.annotation.AnnotationsScanner::scan (21 bytes)
C2 CompilerThread1  3830 4784       4       org.springframework.core.annotation.TypeMappedAnnotations::scan (66 bytes)
C2 CompilerThread2  3830 4827       4       org.springframework.beans.factory.support.AbstractBeanFactory::isTypeMatch (776 bytes)

VM state: not at safepoint (normal execution)

VM Mutex/Monitor currently owned by a thread: None

Heap address: 0x0000000701200000, size: 4078 MB, Compressed Oops mode: Zero based, Oop shift amount: 3

CDS archive(s) mapped at: [0x000002f450000000-0x000002f450bb0000-0x000002f450bb0000), size 12255232, SharedBaseAddress: 0x000002f450000000, ArchiveRelocationMode: 1.
Compressed class space mapped at: 0x000002f451000000-0x000002f491000000, reserved size: 1073741824
Narrow klass base: 0x000002f450000000, Narrow klass shift: 0, Narrow klass range: 0x100000000

GC Precious Log:
 CPUs: 12 total, 12 available
 Memory: 16310M
 Large Page Support: Disabled
 NUMA Support: Disabled
 Compressed Oops: Enabled (Zero based)
 Heap Region Size: 2M
 Heap Min Capacity: 8M
 Heap Initial Capacity: 256M
 Heap Max Capacity: 4078M
 Pre-touch: Disabled
 Parallel Workers: 10
 Concurrent Workers: 3
 Concurrent Refinement Workers: 10
 Periodic GC: Disabled

Heap:
 garbage-first heap   total 94208K, used 46977K [0x0000000701200000, 0x0000000800000000)
  region size 2048K, 13 young (26624K), 3 survivors (6144K)
 Metaspace       used 44102K, committed 44608K, reserved 1114112K
  class space    used 5780K, committed 6016K, reserved 1048576K

Heap Regions: E=young(eden), S=young(survivor), O=old, HS=humongous(starts), HC=humongous(continues), CS=collection set, F=free, OA=open archive, CA=closed archive, TAMS=top-at-mark-start (previous, next)
|   0|0x0000000701200000, 0x0000000701400000, 0x0000000701400000|100%| O|  |TAMS 0x0000000701400000, 0x0000000701200000| Untracked 
|   1|0x0000000701400000, 0x0000000701600000, 0x0000000701600000|100%| O|  |TAMS 0x0000000701600000, 0x0000000701400000| Untracked 
|   2|0x0000000701600000, 0x0000000701800000, 0x0000000701800000|100%| O|  |TAMS 0x0000000701800000, 0x0000000701600000| Untracked 
|   3|0x0000000701800000, 0x0000000701a00000, 0x0000000701a00000|100%| O|  |TAMS 0x0000000701a00000, 0x0000000701800000| Untracked 
|   4|0x0000000701a00000, 0x0000000701b1bc00, 0x0000000701c00000| 55%| O|  |TAMS 0x0000000701b1bc00, 0x0000000701a00000| Untracked 
|   5|0x0000000701c00000, 0x0000000701e00000, 0x0000000701e00000|100%| O|  |TAMS 0x0000000701e00000, 0x0000000701c00000| Untracked 
|   6|0x0000000701e00000, 0x0000000702000000, 0x0000000702000000|100%| O|  |TAMS 0x0000000702000000, 0x0000000701e00000| Untracked 
|   7|0x0000000702000000, 0x0000000702200000, 0x0000000702200000|100%| O|  |TAMS 0x0000000702000000, 0x0000000702000000| Untracked 
|   8|0x0000000702200000, 0x0000000702400000, 0x0000000702400000|100%| O|  |TAMS 0x0000000702200000, 0x0000000702200000| Untracked 
|   9|0x0000000702400000, 0x0000000702600000, 0x0000000702600000|100%| O|  |TAMS 0x0000000702600000, 0x0000000702400000| Untracked 
|  10|0x0000000702600000, 0x0000000702800000, 0x0000000702800000|100%| O|  |TAMS 0x000000070279d000, 0x0000000702600000| Untracked 
|  11|0x0000000702800000, 0x0000000702928400, 0x0000000702a00000| 57%| O|  |TAMS 0x0000000702800000, 0x0000000702800000| Untracked 
|  12|0x0000000702a00000, 0x0000000702a00000, 0x0000000702c00000|  0%| F|  |TAMS 0x0000000702a00000, 0x0000000702a00000| Untracked 
|  13|0x0000000702c00000, 0x0000000702c00000, 0x0000000702e00000|  0%| F|  |TAMS 0x0000000702c00000, 0x0000000702c00000| Untracked 
|  14|0x0000000702e00000, 0x0000000702e00000, 0x0000000703000000|  0%| F|  |TAMS 0x0000000702e00000, 0x0000000702e00000| Untracked 
|  15|0x0000000703000000, 0x0000000703000000, 0x0000000703200000|  0%| F|  |TAMS 0x0000000703000000, 0x0000000703000000| Untracked 
|  16|0x0000000703200000, 0x0000000703200000, 0x0000000703400000|  0%| F|  |TAMS 0x0000000703200000, 0x0000000703200000| Untracked 
|  17|0x0000000703400000, 0x0000000703400000, 0x0000000703600000|  0%| F|  |TAMS 0x0000000703400000, 0x0000000703400000| Untracked 
|  18|0x0000000703600000, 0x0000000703600000, 0x0000000703800000|  0%| F|  |TAMS 0x0000000703600000, 0x0000000703600000| Untracked 
|  19|0x0000000703800000, 0x0000000703800000, 0x0000000703a00000|  0%| F|  |TAMS 0x0000000703800000, 0x0000000703800000| Untracked 
|  20|0x0000000703a00000, 0x0000000703b9c5a0, 0x0000000703c00000| 80%| S|CS|TAMS 0x0000000703a00000, 0x0000000703a00000| Complete 
|  21|0x0000000703c00000, 0x0000000703c00000, 0x0000000703e00000|  0%| F|  |TAMS 0x0000000703c00000, 0x0000000703c00000| Untracked 
|  22|0x0000000703e00000, 0x0000000703e00000, 0x0000000704000000|  0%| F|  |TAMS 0x0000000703e00000, 0x0000000703e00000| Untracked 
|  23|0x0000000704000000, 0x0000000704200000, 0x0000000704200000|100%| S|CS|TAMS 0x0000000704000000, 0x0000000704000000| Complete 
|  24|0x0000000704200000, 0x0000000704400000, 0x0000000704400000|100%| S|CS|TAMS 0x0000000704200000, 0x0000000704200000| Complete 
|  25|0x0000000704400000, 0x0000000704400000, 0x0000000704600000|  0%| F|  |TAMS 0x0000000704400000, 0x0000000704400000| Untracked 
|  26|0x0000000704600000, 0x0000000704600000, 0x0000000704800000|  0%| F|  |TAMS 0x0000000704600000, 0x0000000704600000| Untracked 
|  27|0x0000000704800000, 0x0000000704800000, 0x0000000704a00000|  0%| F|  |TAMS 0x0000000704800000, 0x0000000704800000| Untracked 
|  28|0x0000000704a00000, 0x0000000704a00000, 0x0000000704c00000|  0%| F|  |TAMS 0x0000000704a00000, 0x0000000704a00000| Untracked 
|  29|0x0000000704c00000, 0x0000000704c00000, 0x0000000704e00000|  0%| F|  |TAMS 0x0000000704c00000, 0x0000000704c00000| Untracked 
|  30|0x0000000704e00000, 0x0000000704e00000, 0x0000000705000000|  0%| F|  |TAMS 0x0000000704e00000, 0x0000000704e00000| Untracked 
|  31|0x0000000705000000, 0x0000000705000000, 0x0000000705200000|  0%| F|  |TAMS 0x0000000705000000, 0x0000000705000000| Untracked 
|  32|0x0000000705200000, 0x0000000705200000, 0x0000000705400000|  0%| F|  |TAMS 0x0000000705200000, 0x0000000705200000| Untracked 
|  33|0x0000000705400000, 0x0000000705400000, 0x0000000705600000|  0%| F|  |TAMS 0x0000000705400000, 0x0000000705400000| Untracked 
|  34|0x0000000705600000, 0x0000000705600000, 0x0000000705800000|  0%| F|  |TAMS 0x0000000705600000, 0x0000000705600000| Untracked 
|  35|0x0000000705800000, 0x0000000705800000, 0x0000000705a00000|  0%| F|  |TAMS 0x0000000705800000, 0x0000000705800000| Untracked 
|  36|0x0000000705a00000, 0x0000000705abc9e0, 0x0000000705c00000| 36%| E|  |TAMS 0x0000000705a00000, 0x0000000705a00000| Complete 
|  37|0x0000000705c00000, 0x0000000705e00000, 0x0000000705e00000|100%| E|CS|TAMS 0x0000000705c00000, 0x0000000705c00000| Complete 
|  38|0x0000000705e00000, 0x0000000706000000, 0x0000000706000000|100%| E|CS|TAMS 0x0000000705e00000, 0x0000000705e00000| Complete 
|  39|0x0000000706000000, 0x0000000706200000, 0x0000000706200000|100%| E|CS|TAMS 0x0000000706000000, 0x0000000706000000| Complete 
|  40|0x0000000706200000, 0x0000000706400000, 0x0000000706400000|100%| E|CS|TAMS 0x0000000706200000, 0x0000000706200000| Complete 
| 118|0x000000070fe00000, 0x0000000710000000, 0x0000000710000000|100%| E|CS|TAMS 0x000000070fe00000, 0x000000070fe00000| Complete 
| 119|0x0000000710000000, 0x0000000710200000, 0x0000000710200000|100%| E|CS|TAMS 0x0000000710000000, 0x0000000710000000| Complete 
| 120|0x0000000710200000, 0x0000000710400000, 0x0000000710400000|100%| E|CS|TAMS 0x0000000710200000, 0x0000000710200000| Complete 
| 121|0x0000000710400000, 0x0000000710600000, 0x0000000710600000|100%| E|CS|TAMS 0x0000000710400000, 0x0000000710400000| Complete 
| 127|0x0000000711000000, 0x0000000711200000, 0x0000000711200000|100%| E|CS|TAMS 0x0000000711000000, 0x0000000711000000| Complete 

Card table byte_map: [0x000002f444240000,0x000002f444a40000] _byte_map_base: 0x000002f440a37000

Marking Bits (Prev, Next): (CMBitMap*) 0x000002f42c9f3b20, (CMBitMap*) 0x000002f42c9f3b60
 Prev Bits: [0x000002f445240000, 0x000002f4491f8000)
 Next Bits: [0x000002f449200000, 0x000002f44d1b8000)

Polling page: 0x000002f42a7e0000

Metaspace:

Usage:
  Non-class:     37.42 MB used.
      Class:      5.65 MB used.
       Both:     43.07 MB used.

Virtual space:
  Non-class space:       64.00 MB reserved,      37.69 MB ( 59%) committed,  1 nodes.
      Class space:        1.00 GB reserved,       5.88 MB ( <1%) committed,  1 nodes.
             Both:        1.06 GB reserved,      43.56 MB (  4%) committed. 

Chunk freelists:
   Non-Class:  10.33 MB
       Class:  10.16 MB
        Both:  20.49 MB

MaxMetaspaceSize: unlimited
CompressedClassSpaceSize: 1.00 GB
Initial GC threshold: 21.00 MB
Current GC threshold: 59.00 MB
CDS: on
MetaspaceReclaimPolicy: balanced
 - commit_granule_bytes: 65536.
 - commit_granule_words: 8192.
 - virtual_space_node_default_size: 8388608.
 - enlarge_chunks_in_place: 1.
 - new_chunks_are_fully_committed: 0.
 - uncommit_free_chunks: 1.
 - use_allocation_guard: 0.
 - handle_deallocations: 1.


Internal statistics:

num_allocs_failed_limit: 8.
num_arena_births: 666.
num_arena_deaths: 0.
num_vsnodes_births: 2.
num_vsnodes_deaths: 0.
num_space_committed: 697.
num_space_uncommitted: 0.
num_chunks_returned_to_freelist: 8.
num_chunks_taken_from_freelist: 2194.
num_chunk_merges: 8.
num_chunk_splits: 1564.
num_chunks_enlarged: 1227.
num_inconsistent_stats: 0.

CodeHeap 'non-profiled nmethods': size=120000Kb used=2600Kb max_used=2953Kb free=117399Kb
 bounds [0x000002f43bfc0000, 0x000002f43c2c0000, 0x000002f4434f0000]
CodeHeap 'profiled nmethods': size=120000Kb used=8119Kb max_used=9866Kb free=111880Kb
 bounds [0x000002f4344f0000, 0x000002f434ea0000, 0x000002f43ba20000]
CodeHeap 'non-nmethods': size=5760Kb used=1249Kb max_used=1344Kb free=4510Kb
 bounds [0x000002f43ba20000, 0x000002f43bc90000, 0x000002f43bfc0000]
 total_blobs=4715 nmethods=4148 adapters=478
 compilation: enabled
              stopped_count=0, restarted_count=0
 full_count=0

Compilation events (20 events):
Event: 3.762 Thread 0x000002f491030270 4884       2       java.lang.Exception::<init> (6 bytes)
Event: 3.762 Thread 0x000002f491030270 nmethod 4884 0x000002f434a0f410 code [0x000002f434a0f5c0, 0x000002f434a0f8c8]
Event: 3.768 Thread 0x000002f49102dc90 nmethod 4875 0x000002f43c086e10 code [0x000002f43c087040, 0x000002f43c087800]
Event: 3.769 Thread 0x000002f49102dc90 4828       4       org.springframework.core.SimpleAliasRegistry::canonicalName (28 bytes)
Event: 3.773 Thread 0x000002f491030270 4885       2       java.lang.SecurityManager$$Lambda$1093/0x000002f451577978::test (8 bytes)
Event: 3.773 Thread 0x000002f491030270 nmethod 4885 0x000002f4346cfb90 code [0x000002f4346cfd40, 0x000002f4346cfea8]
Event: 3.773 Thread 0x000002f491030270 4887       2       java.lang.SecurityManager$$Lambda$1092/0x000002f451577750::accept (8 bytes)
Event: 3.773 Thread 0x000002f491030270 nmethod 4887 0x000002f434ae4390 code [0x000002f434ae4540, 0x000002f434ae46a8]
Event: 3.773 Thread 0x000002f491030270 4886       2       java.lang.SecurityManager::lambda$nonExportedPkgs$2 (13 bytes)
Event: 3.773 Thread 0x000002f491030270 nmethod 4886 0x000002f434ae3f90 code [0x000002f434ae4140, 0x000002f434ae42a8]
Event: 3.773 Thread 0x000002f491030270 4888       2       java.util.HashMap::afterNodeRemoval (1 bytes)
Event: 3.773 Thread 0x000002f491030270 nmethod 4888 0x000002f43498b090 code [0x000002f43498b220, 0x000002f43498b318]
Event: 3.773 Thread 0x000002f491030270 4889       2       java.lang.SecurityManager::lambda$addNonExportedPackages$1 (14 bytes)
Event: 3.773 Thread 0x000002f491030270 nmethod 4889 0x000002f434ca1110 code [0x000002f434ca12c0, 0x000002f434ca1488]
Event: 3.773 Thread 0x000002f491030270 4890       1       java.util.ImmutableCollections$SetN::size (5 bytes)
Event: 3.773 Thread 0x000002f491030270 nmethod 4890 0x000002f43c1d8710 code [0x000002f43c1d88a0, 0x000002f43c1d8978]
Event: 3.776 Thread 0x000002f49102dc90 nmethod 4828 0x000002f43bfe6f90 code [0x000002f43bfe7160, 0x000002f43bfe7908]
Event: 3.776 Thread 0x000002f49102dc90 4839       4       java.lang.PublicMethods$Key::matches (31 bytes)
Event: 3.779 Thread 0x000002f49102dc90 nmethod 4839 0x000002f43c145c10 code [0x000002f43c145da0, 0x000002f43c146198]
Event: 3.779 Thread 0x000002f49102dc90 4788       4       org.springframework.core.annotation.AnnotationsScanner::scan (21 bytes)

GC Heap History (16 events):
Event: 0.474 GC heap before
{Heap before GC invocations=0 (full 0):
 garbage-first heap   total 262144K, used 22528K [0x0000000701200000, 0x0000000800000000)
  region size 2048K, 11 young (22528K), 0 survivors (0K)
 Metaspace       used 3872K, committed 4032K, reserved 1114112K
  class space    used 416K, committed 512K, reserved 1048576K
}
Event: 0.477 GC heap after
{Heap after GC invocations=1 (full 0):
 garbage-first heap   total 262144K, used 9254K [0x0000000701200000, 0x0000000800000000)
  region size 2048K, 2 young (4096K), 2 survivors (4096K)
 Metaspace       used 3872K, committed 4032K, reserved 1114112K
  class space    used 416K, committed 512K, reserved 1048576K
}
Event: 0.658 GC heap before
{Heap before GC invocations=1 (full 0):
 garbage-first heap   total 262144K, used 27686K [0x0000000701200000, 0x0000000800000000)
  region size 2048K, 12 young (24576K), 2 survivors (4096K)
 Metaspace       used 6729K, committed 6912K, reserved 1114112K
  class space    used 736K, committed 832K, reserved 1048576K
}
Event: 0.662 GC heap after
{Heap after GC invocations=2 (full 0):
 garbage-first heap   total 262144K, used 13364K [0x0000000701200000, 0x0000000800000000)
  region size 2048K, 2 young (4096K), 2 survivors (4096K)
 Metaspace       used 6729K, committed 6912K, reserved 1114112K
  class space    used 736K, committed 832K, reserved 1048576K
}
Event: 1.556 GC heap before
{Heap before GC invocations=2 (full 0):
 garbage-first heap   total 262144K, used 60468K [0x0000000701200000, 0x0000000800000000)
  region size 2048K, 25 young (51200K), 2 survivors (4096K)
 Metaspace       used 18706K, committed 19072K, reserved 1114112K
  class space    used 2250K, committed 2432K, reserved 1048576K
}
Event: 1.559 GC heap after
{Heap after GC invocations=3 (full 0):
 garbage-first heap   total 262144K, used 16745K [0x0000000701200000, 0x0000000800000000)
  region size 2048K, 4 young (8192K), 4 survivors (8192K)
 Metaspace       used 18706K, committed 19072K, reserved 1114112K
  class space    used 2250K, committed 2432K, reserved 1048576K
}
Event: 1.671 GC heap before
{Heap before GC invocations=3 (full 0):
 garbage-first heap   total 262144K, used 26985K [0x0000000701200000, 0x0000000800000000)
  region size 2048K, 10 young (20480K), 4 survivors (8192K)
 Metaspace       used 21210K, committed 21504K, reserved 1114112K
  class space    used 2624K, committed 2752K, reserved 1048576K
}
Event: 1.675 GC heap after
{Heap after GC invocations=4 (full 0):
 garbage-first heap   total 262144K, used 17519K [0x0000000701200000, 0x0000000800000000)
  region size 2048K, 4 young (8192K), 4 survivors (8192K)
 Metaspace       used 21210K, committed 21504K, reserved 1114112K
  class space    used 2624K, committed 2752K, reserved 1048576K
}
Event: 1.994 GC heap before
{Heap before GC invocations=5 (full 0):
 garbage-first heap   total 69632K, used 60527K [0x0000000701200000, 0x0000000800000000)
  region size 2048K, 25 young (51200K), 4 survivors (8192K)
 Metaspace       used 29809K, committed 30272K, reserved 1114112K
  class space    used 3740K, committed 3968K, reserved 1048576K
}
Event: 2.001 GC heap after
{Heap after GC invocations=6 (full 0):
 garbage-first heap   total 73728K, used 20787K [0x0000000701200000, 0x0000000800000000)
  region size 2048K, 4 young (8192K), 4 survivors (8192K)
 Metaspace       used 29809K, committed 30272K, reserved 1114112K
  class space    used 3740K, committed 3968K, reserved 1048576K
}
Event: 2.379 GC heap before
{Heap before GC invocations=6 (full 0):
 garbage-first heap   total 73728K, used 49459K [0x0000000701200000, 0x0000000800000000)
  region size 2048K, 18 young (36864K), 4 survivors (8192K)
 Metaspace       used 31933K, committed 32320K, reserved 1114112K
  class space    used 4022K, committed 4224K, reserved 1048576K
}
Event: 2.385 GC heap after
{Heap after GC invocations=7 (full 0):
 garbage-first heap   total 73728K, used 22575K [0x0000000701200000, 0x0000000800000000)
  region size 2048K, 3 young (6144K), 3 survivors (6144K)
 Metaspace       used 31933K, committed 32320K, reserved 1114112K
  class space    used 4022K, committed 4224K, reserved 1048576K
}
Event: 2.811 GC heap before
{Heap before GC invocations=7 (full 0):
 garbage-first heap   total 73728K, used 45103K [0x0000000701200000, 0x0000000800000000)
  region size 2048K, 16 young (32768K), 3 survivors (6144K)
 Metaspace       used 35710K, committed 36160K, reserved 1114112K
  class space    used 4637K, committed 4864K, reserved 1048576K
}
Event: 2.819 GC heap after
{Heap after GC invocations=8 (full 0):
 garbage-first heap   total 94208K, used 24338K [0x0000000701200000, 0x0000000800000000)
  region size 2048K, 2 young (4096K), 2 survivors (4096K)
 Metaspace       used 35710K, committed 36160K, reserved 1114112K
  class space    used 4637K, committed 4864K, reserved 1048576K
}
Event: 3.504 GC heap before
{Heap before GC invocations=9 (full 0):
 garbage-first heap   total 94208K, used 67346K [0x0000000701200000, 0x0000000800000000)
  region size 2048K, 23 young (47104K), 2 survivors (4096K)
 Metaspace       used 41497K, committed 41984K, reserved 1114112K
  class space    used 5450K, committed 5696K, reserved 1048576K
}
Event: 3.515 GC heap after
{Heap after GC invocations=10 (full 0):
 garbage-first heap   total 94208K, used 28545K [0x0000000701200000, 0x0000000800000000)
  region size 2048K, 3 young (6144K), 3 survivors (6144K)
 Metaspace       used 41497K, committed 41984K, reserved 1114112K
  class space    used 5450K, committed 5696K, reserved 1048576K
}

Dll operation events (12 events):
Event: 0.007 Loaded shared library C:\Users\jorge\.jdks\ms-17.0.18\bin\java.dll
Event: 0.025 Loaded shared library C:\Users\jorge\.jdks\ms-17.0.18\bin\jsvml.dll
Event: 0.122 Loaded shared library C:\Users\jorge\.jdks\ms-17.0.18\bin\zip.dll
Event: 0.124 Loaded shared library C:\Users\jorge\.jdks\ms-17.0.18\bin\instrument.dll
Event: 0.128 Loaded shared library C:\Users\jorge\.jdks\ms-17.0.18\bin\net.dll
Event: 0.130 Loaded shared library C:\Users\jorge\.jdks\ms-17.0.18\bin\nio.dll
Event: 0.131 Loaded shared library C:\Users\jorge\.jdks\ms-17.0.18\bin\zip.dll
Event: 0.224 Loaded shared library C:\Users\jorge\.jdks\ms-17.0.18\bin\extnet.dll
Event: 0.237 Loaded shared library C:\Users\jorge\.jdks\ms-17.0.18\bin\jimage.dll
Event: 1.825 Loaded shared library C:\Users\jorge\.jdks\ms-17.0.18\bin\sunmscapi.dll
Event: 3.548 Loaded shared library C:\Users\jorge\.jdks\ms-17.0.18\bin\management.dll
Event: 3.549 Loaded shared library C:\Users\jorge\.jdks\ms-17.0.18\bin\management_ext.dll

Deoptimization events (20 events):
Event: 3.684 Thread 0x000002f42c986dc0 DEOPT PACKING pc=0x000002f43c1ec4cc sp=0x000000fbd8aff330
Event: 3.684 Thread 0x000002f42c986dc0 DEOPT UNPACKING pc=0x000002f43ba769a3 sp=0x000000fbd8aff208 mode 2
Event: 3.690 Thread 0x000002f42c986dc0 Uncommon trap: trap_request=0xffffffde fr.pc=0x000002f43c0df030 relative=0x0000000000000250
Event: 3.690 Thread 0x000002f42c986dc0 Uncommon trap: reason=class_check action=maybe_recompile pc=0x000002f43c0df030 method=java.util.Spliterators$IteratorSpliterator.tryAdvance(Ljava/util/function/Consumer;)Z @ 50 c2
Event: 3.690 Thread 0x000002f42c986dc0 DEOPT PACKING pc=0x000002f43c0df030 sp=0x000000fbd8afd070
Event: 3.690 Thread 0x000002f42c986dc0 DEOPT UNPACKING pc=0x000002f43ba769a3 sp=0x000000fbd8afcf70 mode 2
Event: 3.696 Thread 0x000002f42c986dc0 Uncommon trap: trap_request=0xffffff45 fr.pc=0x000002f43c099a4c relative=0x000000000000020c
Event: 3.696 Thread 0x000002f42c986dc0 Uncommon trap: reason=unstable_if action=reinterpret pc=0x000002f43c099a4c method=java.lang.PublicMethods$MethodList.filter([Ljava/lang/reflect/Method;Ljava/lang/String;[Ljava/lang/Class;Z)Ljava/lang/PublicMethods$MethodList; @ 43 c2
Event: 3.696 Thread 0x000002f42c986dc0 DEOPT PACKING pc=0x000002f43c099a4c sp=0x000000fbd8afe250
Event: 3.696 Thread 0x000002f42c986dc0 DEOPT UNPACKING pc=0x000002f43ba769a3 sp=0x000000fbd8afe210 mode 2
Event: 3.709 Thread 0x000002f42c986dc0 DEOPT PACKING pc=0x000002f434e77e95 sp=0x000000fbd8afcb00
Event: 3.709 Thread 0x000002f42c986dc0 DEOPT UNPACKING pc=0x000002f43ba77143 sp=0x000000fbd8afbfc0 mode 0
Event: 3.724 Thread 0x000002f42c986dc0 Uncommon trap: trap_request=0xfffffff4 fr.pc=0x000002f43c0c79a0 relative=0x00000000000006e0
Event: 3.724 Thread 0x000002f42c986dc0 Uncommon trap: reason=null_check action=make_not_entrant pc=0x000002f43c0c79a0 method=java.lang.Class.createAnnotationData(I)Ljava/lang/Class$AnnotationData; @ 14 c2
Event: 3.724 Thread 0x000002f42c986dc0 DEOPT PACKING pc=0x000002f43c0c79a0 sp=0x000000fbd8afce80
Event: 3.724 Thread 0x000002f42c986dc0 DEOPT UNPACKING pc=0x000002f43ba769a3 sp=0x000000fbd8afcd50 mode 2
Event: 3.752 Thread 0x000002f42c986dc0 Uncommon trap: trap_request=0xffffff45 fr.pc=0x000002f43c205dcc relative=0x000000000000066c
Event: 3.752 Thread 0x000002f42c986dc0 Uncommon trap: reason=unstable_if action=reinterpret pc=0x000002f43c205dcc method=java.lang.StringConcatHelper.stringOf(Ljava/lang/Object;)Ljava/lang/String; @ 1 c2
Event: 3.752 Thread 0x000002f42c986dc0 DEOPT PACKING pc=0x000002f43c205dcc sp=0x000000fbd8afe110
Event: 3.752 Thread 0x000002f42c986dc0 DEOPT UNPACKING pc=0x000002f43ba769a3 sp=0x000000fbd8afe050 mode 2

Classes loaded (20 events):
Event: 3.759 Loading class java/util/concurrent/ThreadPoolExecutor$DiscardPolicy
Event: 3.759 Loading class java/util/concurrent/ThreadPoolExecutor$DiscardPolicy done
Event: 3.760 Loading class java/util/concurrent/atomic/AtomicIntegerFieldUpdater
Event: 3.760 Loading class java/util/concurrent/atomic/AtomicIntegerFieldUpdater done
Event: 3.760 Loading class java/util/concurrent/atomic/AtomicIntegerFieldUpdater$AtomicIntegerFieldUpdaterImpl
Event: 3.760 Loading class java/util/concurrent/atomic/AtomicIntegerFieldUpdater$AtomicIntegerFieldUpdaterImpl done
Event: 3.760 Loading class java/util/concurrent/atomic/AtomicIntegerFieldUpdater$AtomicIntegerFieldUpdaterImpl$1
Event: 3.760 Loading class java/util/concurrent/atomic/AtomicIntegerFieldUpdater$AtomicIntegerFieldUpdaterImpl$1 done
Event: 3.761 Loading class java/util/UUID$Holder
Event: 3.761 Loading class java/util/UUID$Holder done
Event: 3.762 Loading class java/security/DomainCombiner
Event: 3.762 Loading class java/security/DomainCombiner done
Event: 3.776 Loading class java/net/ConnectException
Event: 3.776 Loading class java/net/ConnectException done
Event: 3.779 Loading class javax/net/ssl/SSLSocketFactory
Event: 3.779 Loading class javax/net/SocketFactory
Event: 3.779 Loading class javax/net/SocketFactory done
Event: 3.779 Loading class javax/net/ssl/SSLSocketFactory done
Event: 3.780 Loading class javax/net/DefaultSocketFactory
Event: 3.780 Loading class javax/net/DefaultSocketFactory done

Classes unloaded (0 events):
No events

Classes redefined (0 events):
No events

Internal exceptions (20 events):
Event: 3.319 Thread 0x000002f42c986dc0 Exception <a 'java/lang/IncompatibleClassChangeError'{0x0000000704f0d8e0}: Found class java.lang.Object, but interface was expected> (0x0000000704f0d8e0) 
thrown [s\src\hotspot\share\interpreter\linkResolver.cpp, line 826]
Event: 3.319 Thread 0x000002f42c986dc0 Exception <a 'java/lang/IncompatibleClassChangeError'{0x0000000704f138b8}: Found class java.lang.Object, but interface was expected> (0x0000000704f138b8) 
thrown [s\src\hotspot\share\interpreter\linkResolver.cpp, line 826]
Event: 3.320 Thread 0x000002f42c986dc0 Exception <a 'java/lang/IncompatibleClassChangeError'{0x0000000704f24290}: Found class java.lang.Object, but interface was expected> (0x0000000704f24290) 
thrown [s\src\hotspot\share\interpreter\linkResolver.cpp, line 826]
Event: 3.320 Thread 0x000002f42c986dc0 Exception <a 'java/lang/IncompatibleClassChangeError'{0x0000000704f2b1f0}: Found class java.lang.Object, but interface was expected> (0x0000000704f2b1f0) 
thrown [s\src\hotspot\share\interpreter\linkResolver.cpp, line 826]
Event: 3.320 Thread 0x000002f42c986dc0 Exception <a 'java/lang/IncompatibleClassChangeError'{0x0000000704f36188}: Found class java.lang.Object, but interface was expected> (0x0000000704f36188) 
thrown [s\src\hotspot\share\interpreter\linkResolver.cpp, line 826]
Event: 3.324 Thread 0x000002f42c986dc0 Exception <a 'java/lang/NoSuchMethodError'{0x0000000704f71e18}: 'void java.lang.invoke.DirectMethodHandle$Holder.invokeVirtual(java.lang.Object, java.lang.Object, int)'> (0x0000000704f71e18) 
thrown [s\src\hotspot\share\interpreter\linkResolver.cpp, line 759]
Event: 3.325 Thread 0x000002f42c986dc0 Exception <a 'java/lang/NoSuchMethodError'{0x0000000704f77ff0}: 'void java.lang.invoke.DirectMethodHandle$Holder.invokeStatic(java.lang.Object, java.lang.Object, java.lang.Object, int, java.lang.Object)'> (0x0000000704f77ff0) 
thrown [s\src\hotspot\share\interpreter\linkResolver.cpp, line 759]
Event: 3.325 Thread 0x000002f42c986dc0 Exception <a 'java/lang/NoSuchMethodError'{0x0000000704f7f730}: 'java.lang.Object java.lang.invoke.DirectMethodHandle$Holder.newInvokeSpecial(java.lang.Object, java.lang.Object, java.lang.Object, int)'> (0x0000000704f7f730) 
thrown [s\src\hotspot\share\interpreter\linkResolver.cpp, line 759]
Event: 3.325 Thread 0x000002f42c986dc0 Exception <a 'java/lang/NoSuchMethodError'{0x0000000704f83a18}: 'java.lang.Object java.lang.invoke.DirectMethodHandle$Holder.invokeSpecial(java.lang.Object, java.lang.Object, java.lang.Object, java.lang.Object, int)'> (0x0000000704f83a18) 
thrown [s\src\hotspot\share\interpreter\linkResolver.cpp, line 759]
Event: 3.325 Thread 0x000002f42c986dc0 Exception <a 'java/lang/NoSuchMethodError'{0x0000000704f873f0}: 'java.lang.Object java.lang.invoke.Invokers$Holder.linkToTargetMethod(java.lang.Object, java.lang.Object, int, java.lang.Object)'> (0x0000000704f873f0) 
thrown [s\src\hotspot\share\interpreter\linkResolver.cpp, line 759]
Event: 3.334 Thread 0x000002f42c986dc0 Exception <a 'java/lang/NoSuchMethodError'{0x0000000704fed940}: 'void java.lang.invoke.DirectMethodHandle$Holder.invokeStatic(java.lang.Object, int, java.lang.Object)'> (0x0000000704fed940) 
thrown [s\src\hotspot\share\interpreter\linkResolver.cpp, line 759]
Event: 3.430 Thread 0x000002f42c986dc0 Exception <a 'java/lang/NoSuchMethodError'{0x00000007049b5e48}: 'java.lang.Object java.lang.invoke.DirectMethodHandle$Holder.invokeStaticInit(java.lang.Object, java.lang.Object, int, int, int, int)'> (0x00000007049b5e48) 
thrown [s\src\hotspot\share\interpreter\linkResolver.cpp, line 759]
Event: 3.561 Thread 0x000002f42c986dc0 Exception <a 'java/io/FileNotFoundException'{0x00000007111acd50}> (0x00000007111acd50) 
thrown [s\src\hotspot\share\prims\jni.cpp, line 516]
Event: 3.613 Thread 0x000002f42c986dc0 Exception <a 'java/lang/NoSuchMethodError'{0x000000071009d770}: 'int java.lang.invoke.DirectMethodHandle$Holder.invokeInterface(java.lang.Object, java.lang.Object, java.lang.Object, java.lang.Object)'> (0x000000071009d770) 
thrown [s\src\hotspot\share\interpreter\linkResolver.cpp, line 759]
Event: 3.668 Thread 0x000002f42c986dc0 Exception <a 'java/lang/NoSuchMethodError'{0x00000007062a70c8}: 'long java.lang.invoke.DirectMethodHandle$Holder.invokeVirtual(java.lang.Object, java.lang.Object)'> (0x00000007062a70c8) 
thrown [s\src\hotspot\share\interpreter\linkResolver.cpp, line 759]
Event: 3.694 Thread 0x000002f42c986dc0 Exception <a 'java/lang/NoSuchMethodError'{0x00000007060ad240}: 'void java.lang.invoke.DirectMethodHandle$Holder.invokeVirtual(java.lang.Object, java.lang.Object, long)'> (0x00000007060ad240) 
thrown [s\src\hotspot\share\interpreter\linkResolver.cpp, line 759]
Event: 3.724 Thread 0x000002f42c986dc0 Implicit null exception at 0x000002f43c0c73d4 to 0x000002f43c0c798c
Event: 3.735 Thread 0x000002f42c986dc0 Exception <a 'java/lang/NoSuchMethodError'{0x0000000705ffbf60}: 'void java.lang.invoke.DirectMethodHandle$Holder.invokeStatic(java.lang.Object, java.lang.Object, int)'> (0x0000000705ffbf60) 
thrown [s\src\hotspot\share\interpreter\linkResolver.cpp, line 759]
Event: 3.752 Thread 0x000002f42c986dc0 Implicit null exception at 0x000002f43c205792 to 0x000002f43c205db4
Event: 3.771 Thread 0x000002f42c986dc0 Exception <a 'java/lang/NoSuchMethodError'{0x0000000705d7c4e8}: 'int java.lang.invoke.DirectMethodHandle$Holder.invokeStaticInit(java.lang.Object, java.lang.Object, java.lang.Object, java.lang.Object)'> (0x0000000705d7c4e8) 
thrown [s\src\hotspot\share\interpreter\linkResolver.cpp, line 759]

VM Operations (20 events):
Event: 3.102 Executing VM operation: HandshakeAllThreads
Event: 3.102 Executing VM operation: HandshakeAllThreads done
Event: 3.159 Executing VM operation: ICBufferFull
Event: 3.160 Executing VM operation: ICBufferFull done
Event: 3.342 Executing VM operation: HandshakeAllThreads
Event: 3.342 Executing VM operation: HandshakeAllThreads done
Event: 3.354 Executing VM operation: HandshakeAllThreads
Event: 3.354 Executing VM operation: HandshakeAllThreads done
Event: 3.366 Executing VM operation: HandshakeAllThreads
Event: 3.366 Executing VM operation: HandshakeAllThreads done
Event: 3.504 Executing VM operation: G1CollectForAllocation
Event: 3.515 Executing VM operation: G1CollectForAllocation done
Event: 3.517 Executing VM operation: HandshakeAllThreads
Event: 3.517 Executing VM operation: HandshakeAllThreads done
Event: 3.518 Executing VM operation: HandshakeAllThreads
Event: 3.518 Executing VM operation: HandshakeAllThreads done
Event: 3.647 Executing VM operation: HandshakeAllThreads
Event: 3.647 Executing VM operation: HandshakeAllThreads done
Event: 3.674 Executing VM operation: HandshakeAllThreads
Event: 3.674 Executing VM operation: HandshakeAllThreads done

Memory protections (0 events):
No events

Nmethod flushes (20 events):
Event: 3.369 Thread 0x000002f4910327a0 flushing  nmethod 0x000002f434ca0a10
Event: 3.369 Thread 0x000002f4910327a0 flushing  nmethod 0x000002f434cc3a10
Event: 3.370 Thread 0x000002f4910327a0 flushing  nmethod 0x000002f434d31910
Event: 3.370 Thread 0x000002f4910327a0 flushing  nmethod 0x000002f434d32d10
Event: 3.370 Thread 0x000002f4910327a0 flushing  nmethod 0x000002f434d33b10
Event: 3.370 Thread 0x000002f4910327a0 flushing  nmethod 0x000002f434d38f90
Event: 3.370 Thread 0x000002f4910327a0 flushing  nmethod 0x000002f434d52c90
Event: 3.370 Thread 0x000002f4910327a0 flushing  nmethod 0x000002f434d98790
Event: 3.370 Thread 0x000002f4910327a0 flushing  nmethod 0x000002f434db9990
Event: 3.370 Thread 0x000002f4910327a0 flushing  nmethod 0x000002f434de1290
Event: 3.370 Thread 0x000002f4910327a0 flushing  nmethod 0x000002f434de1610
Event: 3.370 Thread 0x000002f4910327a0 flushing  nmethod 0x000002f434de1990
Event: 3.370 Thread 0x000002f4910327a0 flushing  nmethod 0x000002f434de1d10
Event: 3.370 Thread 0x000002f4910327a0 flushing  nmethod 0x000002f434de2e10
Event: 3.370 Thread 0x000002f4910327a0 flushing  nmethod 0x000002f434de4210
Event: 3.370 Thread 0x000002f4910327a0 flushing  nmethod 0x000002f434de9a10
Event: 3.370 Thread 0x000002f4910327a0 flushing  nmethod 0x000002f434e03490
Event: 3.370 Thread 0x000002f4910327a0 flushing  nmethod 0x000002f434e07890
Event: 3.370 Thread 0x000002f4910327a0 flushing  nmethod 0x000002f434e09510
Event: 3.370 Thread 0x000002f4910327a0 flushing  nmethod 0x000002f434e5ef10

Events (20 events):
Event: 0.034 Thread 0x000002f42c986dc0 Thread added: 0x000002f4910327a0
Event: 0.110 Thread 0x000002f42c986dc0 Thread added: 0x000002f44fc40e10
Event: 0.148 Thread 0x000002f49102dc90 Thread added: 0x000002f4912643f0
Event: 0.216 Thread 0x000002f42c986dc0 Thread added: 0x000002f4918977d0
Event: 0.216 Thread 0x000002f42c986dc0 Thread added: 0x000002f4916a75b0
Event: 0.398 Thread 0x000002f491030270 Thread added: 0x000002f491bf8090
Event: 1.364 Thread 0x000002f42c986dc0 Thread added: 0x000002f4969d2350
Event: 1.543 Thread 0x000002f42c986dc0 Thread added: 0x000002f4968e5cf0
Event: 1.546 Thread 0x000002f4968e5cf0 Thread exited: 0x000002f4968e5cf0
Event: 1.546 Thread 0x000002f491bf8090 Thread exited: 0x000002f491bf8090
Event: 1.546 Thread 0x000002f4912643f0 Thread exited: 0x000002f4912643f0
Event: 1.624 Thread 0x000002f42c986dc0 Thread added: 0x000002f497fea020
Event: 1.733 Thread 0x000002f491030270 Thread added: 0x000002f49686b050
Event: 1.825 Thread 0x000002f491030270 Thread added: 0x000002f497f702c0
Event: 1.953 Thread 0x000002f42c986dc0 Thread added: 0x000002f498680900
Event: 1.980 Thread 0x000002f497fea020 Thread exited: 0x000002f497fea020
Event: 1.990 Thread 0x000002f498680900 Thread exited: 0x000002f498680900
Event: 3.679 Thread 0x000002f42c986dc0 Thread added: 0x000002f4978351a0
Event: 3.680 Thread 0x000002f4978351a0 Thread added: 0x000002f49617b2a0
Event: 3.683 Thread 0x000002f42c986dc0 Thread added: 0x000002f44fc3d7e0


Dynamic libraries:
0x00007ff7c1170000 - 0x00007ff7c117e000 	C:\Users\jorge\.jdks\ms-17.0.18\bin\java.exe
0x00007ffa8dfd0000 - 0x00007ffa8e1c8000 	C:\WINDOWS\SYSTEM32\ntdll.dll
0x00007ffa8bff0000 - 0x00007ffa8c0b2000 	C:\WINDOWS\System32\KERNEL32.DLL
0x00007ffa8b7e0000 - 0x00007ffa8bad6000 	C:\WINDOWS\System32\KERNELBASE.dll
0x00007ffa8b660000 - 0x00007ffa8b760000 	C:\WINDOWS\System32\ucrtbase.dll
0x00007ffa82750000 - 0x00007ffa82768000 	C:\Users\jorge\.jdks\ms-17.0.18\bin\jli.dll
0x00007ffa70690000 - 0x00007ffa706ae000 	C:\Users\jorge\.jdks\ms-17.0.18\bin\VCRUNTIME140.dll
0x00007ffa8cd30000 - 0x00007ffa8ced1000 	C:\WINDOWS\System32\USER32.dll
0x00007ffa8bb70000 - 0x00007ffa8bb92000 	C:\WINDOWS\System32\win32u.dll
0x00007ffa8aa00000 - 0x00007ffa8ac9b000 	C:\WINDOWS\WinSxS\amd64_microsoft.windows.common-controls_6595b64144ccf1df_6.0.19041.6456_none_60b8a6cb71f64256\COMCTL32.dll
0x00007ffa8c4e0000 - 0x00007ffa8c50b000 	C:\WINDOWS\System32\GDI32.dll
0x00007ffa8d1e0000 - 0x00007ffa8d27e000 	C:\WINDOWS\System32\msvcrt.dll
0x00007ffa8be30000 - 0x00007ffa8bf49000 	C:\WINDOWS\System32\gdi32full.dll
0x00007ffa8bf50000 - 0x00007ffa8bfed000 	C:\WINDOWS\System32\msvcp_win.dll
0x00007ffa8cbd0000 - 0x00007ffa8cbff000 	C:\WINDOWS\System32\IMM32.DLL
0x00007ffa82740000 - 0x00007ffa8274c000 	C:\Users\jorge\.jdks\ms-17.0.18\bin\vcruntime140_1.dll
0x00007ffa6edf0000 - 0x00007ffa6ee79000 	C:\Users\jorge\.jdks\ms-17.0.18\bin\msvcp140.dll
0x00007ffa3ca30000 - 0x00007ffa3d6aa000 	C:\Users\jorge\.jdks\ms-17.0.18\bin\server\jvm.dll
0x00007ffa8c380000 - 0x00007ffa8c431000 	C:\WINDOWS\System32\ADVAPI32.dll
0x00007ffa8c440000 - 0x00007ffa8c4df000 	C:\WINDOWS\System32\sechost.dll
0x00007ffa8c120000 - 0x00007ffa8c240000 	C:\WINDOWS\System32\RPCRT4.dll
0x00007ffa8bbf0000 - 0x00007ffa8bc17000 	C:\WINDOWS\System32\bcrypt.dll
0x00007ffa8cfb0000 - 0x00007ffa8d01b000 	C:\WINDOWS\System32\WS2_32.dll
0x00007ffa8b1d0000 - 0x00007ffa8b21b000 	C:\WINDOWS\SYSTEM32\POWRPROF.dll
0x00007ffa7f0a0000 - 0x00007ffa7f0c7000 	C:\WINDOWS\SYSTEM32\WINMM.dll
0x00007ffa886f0000 - 0x00007ffa886fa000 	C:\WINDOWS\SYSTEM32\VERSION.dll
0x00007ffa8ad90000 - 0x00007ffa8ada2000 	C:\WINDOWS\SYSTEM32\UMPDC.dll
0x00007ffa89660000 - 0x00007ffa89672000 	C:\WINDOWS\SYSTEM32\kernel.appcore.dll
0x00007ffa72700000 - 0x00007ffa7270a000 	C:\Users\jorge\.jdks\ms-17.0.18\bin\jimage.dll
0x00007ffa8afc0000 - 0x00007ffa8b1c1000 	C:\WINDOWS\SYSTEM32\DBGHELP.DLL
0x00007ffa8af80000 - 0x00007ffa8afb4000 	C:\WINDOWS\SYSTEM32\dbgcore.DLL
0x00007ffa8bae0000 - 0x00007ffa8bb62000 	C:\WINDOWS\System32\bcryptPrimitives.dll
0x00007ffa70680000 - 0x00007ffa7068f000 	C:\Users\jorge\.jdks\ms-17.0.18\bin\instrument.dll
0x00007ffa70020000 - 0x00007ffa70046000 	C:\Users\jorge\.jdks\ms-17.0.18\bin\java.dll
0x00007ffa6dd50000 - 0x00007ffa6de26000 	C:\Users\jorge\.jdks\ms-17.0.18\bin\jsvml.dll
0x00007ffa8d2b0000 - 0x00007ffa8da20000 	C:\WINDOWS\System32\SHELL32.dll
0x00007ffa888c0000 - 0x00007ffa89065000 	C:\WINDOWS\SYSTEM32\windows.storage.dll
0x00007ffa8dc30000 - 0x00007ffa8df84000 	C:\WINDOWS\System32\combase.dll
0x00007ffa8a880000 - 0x00007ffa8a8ab000 	C:\WINDOWS\SYSTEM32\Wldp.dll
0x00007ffa8cee0000 - 0x00007ffa8cfad000 	C:\WINDOWS\System32\OLEAUT32.dll
0x00007ffa8c580000 - 0x00007ffa8c62d000 	C:\WINDOWS\System32\SHCORE.dll
0x00007ffa8da20000 - 0x00007ffa8da7b000 	C:\WINDOWS\System32\shlwapi.dll
0x00007ffa8b590000 - 0x00007ffa8b5b4000 	C:\WINDOWS\SYSTEM32\profapi.dll
0x00007ffa70270000 - 0x00007ffa70288000 	C:\Users\jorge\.jdks\ms-17.0.18\bin\zip.dll
0x00007ffa6f6b0000 - 0x00007ffa6f6cb000 	C:\Users\jorge\.jdks\ms-17.0.18\bin\net.dll
0x00007ffa84190000 - 0x00007ffa8429a000 	C:\WINDOWS\SYSTEM32\WINHTTP.dll
0x00007ffa8a660000 - 0x00007ffa8a6ca000 	C:\WINDOWS\system32\mswsock.dll
0x00007ffa607c0000 - 0x00007ffa607d6000 	C:\Users\jorge\.jdks\ms-17.0.18\bin\nio.dll
0x00007ffa70670000 - 0x00007ffa70679000 	C:\Users\jorge\.jdks\ms-17.0.18\bin\extnet.dll
0x00007ffa8a3a0000 - 0x00007ffa8a46a000 	C:\WINDOWS\SYSTEM32\DNSAPI.dll
0x00007ffa8a360000 - 0x00007ffa8a39b000 	C:\WINDOWS\SYSTEM32\IPHLPAPI.DLL
0x00007ffa8c570000 - 0x00007ffa8c578000 	C:\WINDOWS\System32\NSI.dll
0x00000000521b0000 - 0x00000000521d6000 	C:\Program Files\Bonjour\mdnsNSP.dll
0x00007ffa84ee0000 - 0x00007ffa84eea000 	C:\Windows\System32\rasadhlp.dll
0x00007ffa7fc50000 - 0x00007ffa7fcd0000 	C:\WINDOWS\System32\fwpuclnt.dll
0x00007ffa84f10000 - 0x00007ffa84f27000 	C:\WINDOWS\SYSTEM32\dhcpcsvc6.DLL
0x00007ffa84ef0000 - 0x00007ffa84f0d000 	C:\WINDOWS\SYSTEM32\dhcpcsvc.DLL
0x00007ffa6f5a0000 - 0x00007ffa6f5ae000 	C:\Users\jorge\.jdks\ms-17.0.18\bin\sunmscapi.dll
0x00007ffa8bcd0000 - 0x00007ffa8be2d000 	C:\WINDOWS\System32\CRYPT32.dll
0x00007ffa8a9d0000 - 0x00007ffa8a9f7000 	C:\WINDOWS\SYSTEM32\ncrypt.dll
0x00007ffa8a990000 - 0x00007ffa8a9cb000 	C:\WINDOWS\SYSTEM32\NTASN1.dll
0x00007ffa8b3d0000 - 0x00007ffa8b3e8000 	C:\WINDOWS\SYSTEM32\CRYPTSP.dll
0x00007ffa8a000000 - 0x00007ffa8a038000 	C:\WINDOWS\system32\rsaenh.dll
0x00007ffa8b550000 - 0x00007ffa8b57e000 	C:\WINDOWS\SYSTEM32\USERENV.dll
0x00007ffa8a7f0000 - 0x00007ffa8a7fc000 	C:\WINDOWS\SYSTEM32\CRYPTBASE.dll
0x00007ffa6ede0000 - 0x00007ffa6edea000 	C:\Users\jorge\.jdks\ms-17.0.18\bin\management.dll
0x00007ffa65e50000 - 0x00007ffa65e5c000 	C:\Users\jorge\.jdks\ms-17.0.18\bin\management_ext.dll
0x00007ffa8d280000 - 0x00007ffa8d288000 	C:\WINDOWS\System32\PSAPI.DLL

dbghelp: loaded successfully - version: 4.0.5 - missing functions: none
symbol engine: initialized successfully - sym options: 0x614 - pdb path: .;C:\Users\jorge\.jdks\ms-17.0.18\bin;C:\WINDOWS\SYSTEM32;C:\WINDOWS\WinSxS\amd64_microsoft.windows.common-controls_6595b64144ccf1df_6.0.19041.6456_none_60b8a6cb71f64256;C:\Users\jorge\.jdks\ms-17.0.18\bin\server;C:\Program Files\Bonjour

VM Arguments:
jvm_args: -javaagent:C:\Program Files\JetBrains\IntelliJ IDEA Community Edition 2025.1.1.1\lib\idea_rt.jar=62674 -Dfile.encoding=UTF-8 
java_command: com.duoc.banco_central_xyz.BancoCentralXyzApplication
java_class_path (initial): C:\Users\jorge\OneDrive\Desktop\Backend III\Semana 5\Banco-central\banco-central-xyz\target\classes;C:\Users\jorge\.m2\repository\org\springframework\boot\spring-boot-starter-data-jpa\4.1.1\spring-boot-starter-data-jpa-4.1.1.jar;C:\Users\jorge\.m2\repository\org\springframework\boot\spring-boot-starter\4.1.1\spring-boot-starter-4.1.1.jar;C:\Users\jorge\.m2\repository\org\springframework\boot\spring-boot-starter-logging\4.1.1\spring-boot-starter-logging-4.1.1.jar;C:\Users\jorge\.m2\repository\ch\qos\logback\logback-classic\1.5.38\logback-classic-1.5.38.jar;C:\Users\jorge\.m2\repository\ch\qos\logback\logback-core\1.5.38\logback-core-1.5.38.jar;C:\Users\jorge\.m2\repository\org\apache\logging\log4j\log4j-to-slf4j\2.25.5\log4j-to-slf4j-2.25.5.jar;C:\Users\jorge\.m2\repository\org\apache\logging\log4j\log4j-api\2.25.5\log4j-api-2.25.5.jar;C:\Users\jorge\.m2\repository\org\slf4j\jul-to-slf4j\2.0.18\jul-to-slf4j-2.0.18.jar;C:\Users\jorge\.m2\repository\org\springframework\boot\spring-boot-autoconfigure\4.1.1\spring-boot-autoconfigure-4.1.1.jar;C:\Users\jorge\.m2\repository\jakarta\annotation\jakarta.annotation-api\3.0.0\jakarta.annotation-api-3.0.0.jar;C:\Users\jorge\.m2\repository\org\yaml\snakeyaml\2.6\snakeyaml-2.6.jar;C:\Users\jorge\.m2\repository\org\springframework\boot\spring-boot-starter-jdbc\4.1.1\spring-boot-starter-jdbc-4.1.1.jar;C:\Users\jorge\.m2\repository\com\zaxxer\HikariCP\7.0.2\HikariCP-7.0.2.jar;C:\Users\jorge\.m2\repository\org\springframework\boot\spring-boot-data-jpa\4.1.1\spring-boot-data-jpa-4.1.1.jar;C:\Users\jorge\.m2\repository\org\springframework\boot\spring-boot-data-commons\4.1.1\spring-boot-data-commons-4.1.1.jar;C:\Users\jorge\.m2\repository\org\springframework\boot\spring-boot-persistence\4.1.1\spring-boot-persistence-4.1.1.jar;C:\Users\jorge\.m2\repository\org\springframework\data\spring-data-commons\4.1.1\spring-data-commons-4.1.1.jar;C:\Users\jorge\.m2\repository\org\springframework\boot\spring-boot-hibernat
Launcher Type: SUN_STANDARD

[Global flags]
     intx CICompilerCount                          = 4                                         {product} {ergonomic}
     uint ConcGCThreads                            = 3                                         {product} {ergonomic}
     uint G1ConcRefinementThreads                  = 10                                        {product} {ergonomic}
   size_t G1HeapRegionSize                         = 2097152                                   {product} {ergonomic}
    uintx GCDrainStackTargetSize                   = 64                                        {product} {ergonomic}
   size_t InitialHeapSize                          = 268435456                                 {product} {ergonomic}
   size_t MarkStackSize                            = 4194304                                   {product} {ergonomic}
   size_t MaxHeapSize                              = 4276092928                                {product} {ergonomic}
   size_t MaxNewSize                               = 2564816896                                {product} {ergonomic}
   size_t MinHeapDeltaBytes                        = 2097152                                   {product} {ergonomic}
   size_t MinHeapSize                              = 8388608                                   {product} {ergonomic}
    uintx NonNMethodCodeHeapSize                   = 5839372                                {pd product} {ergonomic}
    uintx NonProfiledCodeHeapSize                  = 122909434                              {pd product} {ergonomic}
    uintx ProfiledCodeHeapSize                     = 122909434                              {pd product} {ergonomic}
    uintx ReservedCodeCacheSize                    = 251658240                              {pd product} {ergonomic}
     bool SegmentedCodeCache                       = true                                      {product} {ergonomic}
   size_t SoftMaxHeapSize                          = 4276092928                             {manageable} {ergonomic}
     bool UseCompressedClassPointers               = true                           {product lp64_product} {ergonomic}
     bool UseCompressedOops                        = true                           {product lp64_product} {ergonomic}
     bool UseG1GC                                  = true                                      {product} {ergonomic}
     bool UseLargePagesIndividualAllocation        = false                                  {pd product} {ergonomic}

Logging:
Log output configuration:
 #0: stdout all=warning uptime,level,tags
 #1: stderr all=off uptime,level,tags

Environment Variables:
JAVA_HOME=C:\Program Files\Microsoft\jdk-21.0.10.7-hotspot\
PATH=C:\Program Files\Microsoft\jdk-21.0.10.7-hotspot\bin;C:\Program Files\Common Files\Oracle\Java\javapath;C:\app\jorge\product\21c\dbhomeXE\bin;C:\WINDOWS\system32;C:\WINDOWS;C:\WINDOWS\System32\Wbem;C:\WINDOWS\System32\WindowsPowerShell\v1.0\;C:\WINDOWS\System32\OpenSSH\;C:\Program Files\NVIDIA Corporation\NVIDIA App\NvDLISR;C:\Program Files (x86)\NVIDIA Corporation\PhysX\Common;C:\Program Files\nodejs\;C:\Program Files\Docker\Docker\resources\bin;C:\Program Files\Git\cmd;C:\Program Files\dotnet\;C:\Program Files\Amazon\AWSCLIV2\;C:\Program Files\Amazon\AWSSAMCLI\bin\;C:\Users\jorge\scoop\apps\maven\current\bin;C:\Users\jorge\scoop\shims;C:\Program Files\MySQL\MySQL Shell 8.0\bin\;C:\Users\jorge\AppData\Local\Programs\Python\Launcher\;C:\Users\jorge\AppData\Local\Microsoft\WindowsApps;C:\Users\jorge\AppData\Local\Programs\Microsoft VS Code\bin;C:\Program Files\JetBrains\PyCharm Community Edition 2025.1.1.1\bin;;C:\Users\jorge\AppData\Roaming\npm;C:\Users\jorge\.dotnet\tools;C:\Program Files\PostgreSQL\17\bin;C:\terraform;
USERNAME=jorge
OS=Windows_NT
PROCESSOR_IDENTIFIER=Intel64 Family 6 Model 165 Stepping 5, GenuineIntel
TMP=C:\Users\jorge\AppData\Local\Temp
TEMP=C:\Users\jorge\AppData\Local\Temp



Periodic native trim disabled


---------------  S Y S T E M  ---------------

OS:
 Windows 10 , 64 bit Build 19041 (10.0.19041.5915)
OS uptime: 0 days 5:13 hours
Hyper-V role detected

CPU: total 12 (initial active 12) (6 cores per cpu, 2 threads per core) family 6 model 165 stepping 5 microcode 0xca, cx8, cmov, fxsr, ht, mmx, 3dnowpref, sse, sse2, sse3, ssse3, sse4.1, sse4.2, popcnt, lzcnt, tsc, tscinvbit, avx, avx2, aes, erms, clmul, bmi1, bmi2, adx, fma, vzeroupper, clflush, clflushopt, hv
Processor Information for the first 12 processors :
  Max Mhz: 4104, Current Mhz: 3803, Mhz Limit: 4104

Memory: 4k page, system-wide physical 16310M (4507M free)
TotalPageFile size 29110M (AvailPageFile size 9364M)
current process WorkingSet (physical memory assigned to process): 260M, peak: 264M
current process commit charge ("private bytes"): 303M, peak: 417M

vm_info: OpenJDK 64-Bit Server VM (17.0.18+8-LTS) for windows-amd64 JRE (17.0.18+8-LTS), built on Jan 15 2026 18:50:45 by "MicrosoftCorporation" with MS VC++ 17.14 (VS2022)

END.
